[     159ms] [ERROR] Failed to load resource: the server responded with a status of 404 () @ https://www.eater.com/static-assets/headings/most-popular.svg:0
[     737ms] [WARNING] ConcertAds: (330ms) Optimera: no splitter value for slot id div-gpt-ad-small_prelude @ https://www.eater.com/_next/static/chunks/pages/_app-3476deff7a24d56c.js:172
[     737ms] [WARNING] ConcertAds: (330ms) Optimera: no splitter value for slot id div-gpt-ad-desktop_leaderboard_variable_boost @ https://www.eater.com/_next/static/chunks/pages/_app-3476deff7a24d56c.js:172
[     738ms] [WARNING] ConcertAds: (330ms) Optimera: no splitter value for slot id div-gpt-ad-desktop_feature_body_dynamic @ https://www.eater.com/_next/static/chunks/pages/_app-3476deff7a24d56c.js:172
[     738ms] [WARNING] ConcertAds: (330ms) Optimera: no splitter value for slot id div-gpt-ad-desktop_feature_body_dynamic_1 @ https://www.eater.com/_next/static/chunks/pages/_app-3476deff7a24d56c.js:172
[     738ms] [WARNING] ConcertAds: (330ms) Optimera: no splitter value for slot id div-gpt-ad-desktop_feature_body_dynamic_2 @ https://www.eater.com/_next/static/chunks/pages/_app-3476deff7a24d56c.js:172
[     738ms] [WARNING] ConcertAds: (330ms) Optimera: no splitter value for slot id div-gpt-ad-article_sponsorship_desktop @ https://www.eater.com/_next/static/chunks/pages/_app-3476deff7a24d56c.js:172
[     738ms] [WARNING] ConcertAds: (330ms) Optimera: no splitter value for slot id div-gpt-ad-native_ad_linkset_link_boost @ https://www.eater.com/_next/static/chunks/pages/_app-3476deff7a24d56c.js:172
[     738ms] [WARNING] ConcertAds: (330ms) Optimera: no splitter value for slot id div-gpt-ad-wunderkind_oop @ https://www.eater.com/_next/static/chunks/pages/_app-3476deff7a24d56c.js:172
[     738ms] [WARNING] ConcertAds: (330ms) Optimera: no splitter value for slot id div-gpt-ad-desktop_feature_body_1 @ https://www.eater.com/_next/static/chunks/pages/_app-3476deff7a24d56c.js:172
[     738ms] [WARNING] ConcertAds: (330ms) Optimera: no splitter value for slot id div-gpt-ad-small_prelude @ https://www.eater.com/_next/static/chunks/pages/_app-3476deff7a24d56c.js:172
[     738ms] [WARNING] ConcertAds: (331ms) Optimera: no splitter value for slot id div-gpt-ad-desktop_leaderboard_variable_boost @ https://www.eater.com/_next/static/chunks/pages/_app-3476deff7a24d56c.js:172
[     738ms] [WARNING] ConcertAds: (331ms) Optimera: no splitter value for slot id div-gpt-ad-desktop_feature_body_dynamic @ https://www.eater.com/_next/static/chunks/pages/_app-3476deff7a24d56c.js:172
[     738ms] [WARNING] ConcertAds: (331ms) Optimera: no splitter value for slot id div-gpt-ad-desktop_feature_body_dynamic_1 @ https://www.eater.com/_next/static/chunks/pages/_app-3476deff7a24d56c.js:172
[     738ms] [WARNING] ConcertAds: (331ms) Optimera: no splitter value for slot id div-gpt-ad-desktop_feature_body_dynamic_2 @ https://www.eater.com/_next/static/chunks/pages/_app-3476deff7a24d56c.js:172
[     738ms] [WARNING] ConcertAds: (331ms) Optimera: no splitter value for slot id div-gpt-ad-article_sponsorship_desktop @ https://www.eater.com/_next/static/chunks/pages/_app-3476deff7a24d56c.js:172
[     738ms] [WARNING] ConcertAds: (331ms) Optimera: no splitter value for slot id div-gpt-ad-native_ad_linkset_link_boost @ https://www.eater.com/_next/static/chunks/pages/_app-3476deff7a24d56c.js:172
[     738ms] [WARNING] ConcertAds: (331ms) Optimera: no splitter value for slot id div-gpt-ad-wunderkind_oop @ https://www.eater.com/_next/static/chunks/pages/_app-3476deff7a24d56c.js:172
[     738ms] [WARNING] ConcertAds: (331ms) Optimera: no splitter value for slot id div-gpt-ad-desktop_feature_body_1 @ https://www.eater.com/_next/static/chunks/pages/_app-3476deff7a24d56c.js:172
[    1112ms] [LOG] trackPageView success @ https://www.eater.com/_next/static/chunks/pages/_app-3476deff7a24d56c.js:172
[    1493ms] [ERROR] Attestation check for Attribution Reporting on https://www.facebook.com failed. @ https://www.eater.com/21152749/barcelona-spain-travel-guide-best-food-restaurants:0
[    1797ms] [ERROR] Attestation check for Attribution Reporting on https://www.facebook.com failed. @ https://www.eater.com/21152749/barcelona-spain-travel-guide-best-food-restaurants:0
[    1797ms] [ERROR] Attestation check for Attribution Reporting on https://www.facebook.com failed. @ https://www.eater.com/21152749/barcelona-spain-travel-guide-best-food-restaurants:0
[    1797ms] [ERROR] Attestation check for Attribution Reporting on https://www.facebook.com failed. @ https://www.eater.com/21152749/barcelona-spain-travel-guide-best-food-restaurants:0
[    1806ms] [ERROR] Attestation check for Attribution Reporting on https://www.facebook.com failed. @ https://www.eater.com/21152749/barcelona-spain-travel-guide-best-food-restaurants:0
[    1806ms] [ERROR] Attestation check for Attribution Reporting on https://www.facebook.com failed. @ https://www.eater.com/21152749/barcelona-spain-travel-guide-best-food-restaurants:0
[    1807ms] [ERROR] Attestation check for Attribution Reporting on https://www.facebook.com failed. @ https://www.eater.com/21152749/barcelona-spain-travel-guide-best-food-restaurants:0
[    1858ms] [LOG] DEBUG - (ATS-ENVELOPE-MODULE) ats-set-additional-data event set up. @ https://www.eater.com/_next/static/chunks/pages/_app-3476deff7a24d56c.js:172
[    1858ms] [LOG] DEBUG - (ATS-ENVELOPE-MODULE) There is no google_ssp envelope in storage. @ https://www.eater.com/_next/static/chunks/pages/_app-3476deff7a24d56c.js:172
[    1858ms] [LOG] DEBUG - (ATS-ENVELOPE-MODULE) There is no liveramp envelope in storage. @ https://www.eater.com/_next/static/chunks/pages/_app-3476deff7a24d56c.js:172
[    1871ms] [INFO] INFO - (ATS-ENVELOPE-MODULE) (Geo location) consent check not passed @ https://www.eater.com/_next/static/chunks/pages/_app-3476deff7a24d56c.js:172
[    1871ms] [INFO] INFO - (ATS-ENVELOPE-MODULE) (Geo location) persisted cached location data @ https://www.eater.com/_next/static/chunks/pages/_app-3476deff7a24d56c.js:172
[    1871ms] [LOG] DEBUG - (ATS-ENVELOPE-MODULE) Consent is given, module will start! @ https://www.eater.com/_next/static/chunks/pages/_app-3476deff7a24d56c.js:172
[    1872ms] [INFO] INFO - (ATS-ENVELOPE-MODULE) (Geo location) persisted cached location data @ https://www.eater.com/_next/static/chunks/pages/_app-3476deff7a24d56c.js:172
[    1872ms] [LOG] DEBUG - (ATS-ENVELOPE-MODULE) LIVERAMP envelope not found in storage! New envelope will be acquired. @ https://www.eater.com/_next/static/chunks/pages/_app-3476deff7a24d56c.js:172
[    1872ms] [INFO] INFO - (ATS-ENVELOPE-MODULE) Catching identifier configured. @ https://www.eater.com/_next/static/chunks/pages/_app-3476deff7a24d56c.js:172
[    1872ms] [INFO] INFO - (ATS-ENVELOPE-MODULE) Envelope-module is configured. @ https://www.eater.com/_next/static/chunks/pages/_app-3476deff7a24d56c.js:172
[    2064ms] [ERROR] Attestation check for Attribution Reporting on https://www.facebook.com failed. @ https://www.eater.com/21152749/barcelona-spain-travel-guide-best-food-restaurants:0
[    2125ms] [ERROR] Access to fetch at 'https://api.rlcdn.com/api/identity/envelope?pid=1258' from origin 'https://www.eater.com' has been blocked by CORS policy: No 'Access-Control-Allow-Origin' header is present on the requested resource. @ about:srcdoc:0
[    2125ms] [ERROR] Failed to load resource: net::ERR_FAILED @ https://api.rlcdn.com/api/identity/envelope?pid=1258:0
[    2249ms] [INFO] INFO - (ATS-DETECTION-MODULE) (Geo location) persisted cached location data @ https://www.eater.com/_next/static/chunks/pages/_app-3476deff7a24d56c.js:172
[    2249ms] [LOG] DEBUG - (ATS-DETECTION-MODULE) Consent is given, module will start! @ https://www.eater.com/_next/static/chunks/pages/_app-3476deff7a24d56c.js:172
[    2249ms] [INFO] INFO - (ATS-DETECTION-MODULE) (Geo location) persisted cached location data @ https://www.eater.com/_next/static/chunks/pages/_app-3476deff7a24d56c.js:172
[    2410ms] [ERROR] Attestation check for Shared Storage on https://www.googleadservices.com failed. @ https://www.googleadservices.com/pagead/managed/js/activeview/current/reach_worklet.html:0
[    2413ms] [ERROR] Attestation check for Shared Storage on https://www.googleadservices.com failed. @ https://www.googleadservices.com/pagead/managed/js/activeview/current/reach_worklet.html:0
[    2455ms] [LOG] DEBUG - (ATS-DETECTION-MODULE) Started urlAndScrape detection! @ https://www.eater.com/_next/static/chunks/pages/_app-3476deff7a24d56c.js:172
[    2455ms] [LOG] DEBUG - (ATS-DETECTION-MODULE) There is no such url parameter. 
 Tried to fetch: email @ https://www.eater.com/_next/static/chunks/pages/_app-3476deff7a24d56c.js:172
[    2455ms] [LOG] DEBUG - (ATS-DETECTION-MODULE) There is no such url parameter. 
 Tried to fetch: hashedPid @ https://www.eater.com/_next/static/chunks/pages/_app-3476deff7a24d56c.js:172
[    2455ms] [INFO] INFO - (ATS-DETECTION-MODULE) Detection started! Library is configured to detect:  [email, pidHashes] @ https://www.eater.com/_next/static/chunks/pages/_app-3476deff7a24d56c.js:172
[    2455ms] [INFO] INFO - (ATS-DETECTION-MODULE) Detection event type is  onsubmit @ https://www.eater.com/_next/static/chunks/pages/_app-3476deff7a24d56c.js:172
[    2561ms] [LOG] DEBUG - (ATS-ENVELOPE-MODULE) There is no liveramp envelope in storage. @ https://www.eater.com/_next/static/chunks/pages/_app-3476deff7a24d56c.js:172
[    2576ms] [LOG] DEBUG - (ATS-DETECTION-MODULE) Detected dynamically added nodes. @ https://www.eater.com/_next/static/chunks/pages/_app-3476deff7a24d56c.js:172
[    2662ms] [LOG] player_name=EATER_DESK_HIGH_InFP_GAM @ https://assets.connatix.com/Elements/aeecb17d-4c7f-4ee1-b0d9-019ffc308fc9/cnx-vox-macros.js:140
[    2663ms] [ERROR] Refused to execute script from 'https://eb2.3lift.com/getuid?gpp=undefined&gpp_sid=undefined&gdpr=0&gdpr_consent=null&us_privacy=null&redir=https%3a%2f%2fcks.connatix.com%2fcks%3fpid%3d25%26ev%3d1-602621d51d9e48d99b6f2d9445cb1b72%26pname%3dTripleLift%26api-tier%3d1%26uid%3d%24UID' because its MIME type ('image/gif') is not executable. @ https://www.eater.com/21152749/barcelona-spain-travel-guide-best-food-restaurants:0
[    2768ms] [ERROR] Syncing cannot be made with  https://eb2.3lift.com/getuid?gpp=undefined&gpp_sid=undefined&gdpr=0&gdpr_consent=null&us_privacy=null&redir=https%3a%2f%2fcks.connatix.com%2fcks%3fpid%3d25%26ev%3d1-602621d51d9e48d99b6f2d9445cb1b72%26pname%3dTripleLift%26api-tier%3d1%26uid%3d%24UID @ https://cds.connatix.com/p/292568453/cSyncRemote.js:0
[    2874ms] [INFO] INFO - (ATS-ENVELOPE-MODULE) We have dispatched envelopeModuleReady event again! @ https://www.eater.com/_next/static/chunks/pages/_app-3476deff7a24d56c.js:172
[    2874ms] [INFO] INFO - (ATS-ENVELOPE-MODULE) How many times we have dispatched event envelopeModuleReady:  2 @ https://www.eater.com/_next/static/chunks/pages/_app-3476deff7a24d56c.js:172
[    2960ms] [LOG] DEBUG - (ATS-DETECTION-MODULE) Detected dynamically added nodes. @ https://www.eater.com/_next/static/chunks/pages/_app-3476deff7a24d56c.js:172
[    3050ms] [LOG] DEBUG - (ATS-DETECTION-MODULE) Detected dynamically added nodes. @ https://www.eater.com/_next/static/chunks/pages/_app-3476deff7a24d56c.js:172
[    3073ms] [LOG] DEBUG - (ATS-ENVELOPE-MODULE) There is no liveramp envelope in storage. @ https://www.eater.com/_next/static/chunks/pages/_app-3476deff7a24d56c.js:172
[    3140ms] [LOG] DEBUG - (ATS-DETECTION-MODULE) Detected dynamically added nodes. @ https://www.eater.com/_next/static/chunks/pages/_app-3476deff7a24d56c.js:172
[    3167ms] [WARNING] [Audigent] script has already been initialised. Skip further execution @ https://www.eater.com/_next/static/chunks/pages/_app-3476deff7a24d56c.js:172
[    3194ms] [LOG] DEBUG - (ATS-DETECTION-MODULE) Detected dynamically added nodes. @ https://www.eater.com/_next/static/chunks/pages/_app-3476deff7a24d56c.js:172
[    3578ms] [LOG] DEBUG - (ATS-ENVELOPE-MODULE) There is no liveramp envelope in storage. @ https://www.eater.com/_next/static/chunks/pages/_app-3476deff7a24d56c.js:172
[    3611ms] [LOG] DEBUG - (ATS-DETECTION-MODULE) Detected dynamically added nodes. @ https://www.eater.com/_next/static/chunks/pages/_app-3476deff7a24d56c.js:172
[    3879ms] [INFO] INFO - (ATS-ENVELOPE-MODULE) We have dispatched envelopeModuleReady event again! @ https://www.eater.com/_next/static/chunks/pages/_app-3476deff7a24d56c.js:172
[    3879ms] [INFO] INFO - (ATS-ENVELOPE-MODULE) How many times we have dispatched event envelopeModuleReady:  3 @ https://www.eater.com/_next/static/chunks/pages/_app-3476deff7a24d56c.js:172
[    4082ms] [LOG] DEBUG - (ATS-ENVELOPE-MODULE) There is no liveramp envelope in storage. @ https://www.eater.com/_next/static/chunks/pages/_app-3476deff7a24d56c.js:172
[    4139ms] [LOG] DEBUG - (ATS-DETECTION-MODULE) Detected dynamically added nodes. @ https://www.eater.com/_next/static/chunks/pages/_app-3476deff7a24d56c.js:172
[    4144ms] [LOG] DEBUG - (ATS-DETECTION-MODULE) Detected dynamically added nodes. @ https://www.eater.com/_next/static/chunks/pages/_app-3476deff7a24d56c.js:172
[    4145ms] [LOG] DEBUG - (ATS-DETECTION-MODULE) Detected dynamically added nodes. @ https://www.eater.com/_next/static/chunks/pages/_app-3476deff7a24d56c.js:172
[    4147ms] [LOG] DEBUG - (ATS-DETECTION-MODULE) Detected dynamically added nodes. @ https://www.eater.com/_next/static/chunks/pages/_app-3476deff7a24d56c.js:172
[    4148ms] [LOG] DEBUG - (ATS-DETECTION-MODULE) Detected dynamically added nodes. @ https://www.eater.com/_next/static/chunks/pages/_app-3476deff7a24d56c.js:172
[    4152ms] [LOG] DEBUG - (ATS-DETECTION-MODULE) Detected dynamically added nodes. @ https://www.eater.com/_next/static/chunks/pages/_app-3476deff7a24d56c.js:172
[    4154ms] [LOG] DEBUG - (ATS-DETECTION-MODULE) Detected dynamically added nodes. @ https://www.eater.com/_next/static/chunks/pages/_app-3476deff7a24d56c.js:172
[    4584ms] [LOG] DEBUG - (ATS-ENVELOPE-MODULE) There is no liveramp envelope in storage. @ https://www.eater.com/_next/static/chunks/pages/_app-3476deff7a24d56c.js:172
[    4602ms] [LOG] DEBUG - (ATS-DETECTION-MODULE) Detected dynamically added nodes. @ https://www.eater.com/_next/static/chunks/pages/_app-3476deff7a24d56c.js:172
[    7830ms] [LOG] DEBUG - (ATS-DETECTION-MODULE) Detected dynamically added nodes. @ https://www.eater.com/_next/static/chunks/pages/_app-3476deff7a24d56c.js:172
[    8614ms] [LOG] DEBUG - (ATS-DETECTION-MODULE) Detected dynamically added nodes. @ https://www.eater.com/_next/static/chunks/pages/_app-3476deff7a24d56c.js:172
[   15111ms] [WARNING] The resource https://securepubads.g.doubleclick.net/tag/js/gpt.js was preloaded using link preload but not used within a few seconds from the window's load event. Please make sure it has an appropriate `as` value and it is preloaded intentionally. @ https://www.eater.com/21152749/barcelona-spain-travel-guide-best-food-restaurants:0
[   20679ms] [WARNING] The resource https://securepubads.g.doubleclick.net/tag/js/gpt.js was preloaded using link preload but not used within a few seconds from the window's load event. Please make sure it has an appropriate `as` value and it is preloaded intentionally. @ https://www.eater.com/21152749/barcelona-spain-travel-guide-best-food-restaurants:0
