[    1369ms] [WARNING] document.domain mutation is ignored because the surrounding agent cluster is origin-keyed. @ https://www.nytimes.com/interactive/2026/01/01/travel/things-to-do-cortina.html:48
[    1419ms] [WARNING] limitedAds is not set, defaulting to false @ https://www.nytimes.com/interactive/2026/01/01/travel/things-to-do-cortina.html:134
[    1420ms] [WARNING] userinfo data unavailable @ https://www.nytimes.com/interactive/2026/01/01/travel/things-to-do-cortina.html:136
[    1556ms] [WARNING] et2 snippet should only load once per page @ :49
[    1588ms] [WARNING]   WARN  [Statsig] Creating multiple Statsig clients with the same SDK key can lead to unexpected behavior. Multi-instance support requires different SDK keys. @ https://static01.nytimes.com/newsgraphics/2024-01-30-36-hours-generator/e484a720-dede-407a-87fb-89a03dc7a42f/_assets/_app/immutable/entry/start.sDvZ0te1.js:6
[    1615ms] [WARNING] <Image> was created without expected prop 'credit' @ https://static01.nytimes.com/newsgraphics/2024-01-30-36-hours-generator/e484a720-dede-407a-87fb-89a03dc7a42f/_assets/_app/immutable/entry/start.sDvZ0te1.js:6
[    1615ms] [WARNING] <Image> was created without expected prop 'className' @ https://static01.nytimes.com/newsgraphics/2024-01-30-36-hours-generator/e484a720-dede-407a-87fb-89a03dc7a42f/_assets/_app/immutable/entry/start.sDvZ0te1.js:6
[    1615ms] [WARNING] <Image> was created without expected prop 'maxWidth' @ https://static01.nytimes.com/newsgraphics/2024-01-30-36-hours-generator/e484a720-dede-407a-87fb-89a03dc7a42f/_assets/_app/immutable/entry/start.sDvZ0te1.js:6
[    1615ms] [WARNING] <ExtendedByline> was created without expected prop 'theme' @ https://static01.nytimes.com/newsgraphics/2024-01-30-36-hours-generator/e484a720-dede-407a-87fb-89a03dc7a42f/_assets/_app/immutable/entry/start.sDvZ0te1.js:6
[    1615ms] [WARNING] <Image> was created without expected prop 'className' @ https://static01.nytimes.com/newsgraphics/2024-01-30-36-hours-generator/e484a720-dede-407a-87fb-89a03dc7a42f/_assets/_app/immutable/entry/start.sDvZ0te1.js:6
[    1615ms] [WARNING] <Image> was created without expected prop 'maxWidth' @ https://static01.nytimes.com/newsgraphics/2024-01-30-36-hours-generator/e484a720-dede-407a-87fb-89a03dc7a42f/_assets/_app/immutable/entry/start.sDvZ0te1.js:6
[    1615ms] [WARNING] <Image> was created without expected prop 'className' @ https://static01.nytimes.com/newsgraphics/2024-01-30-36-hours-generator/e484a720-dede-407a-87fb-89a03dc7a42f/_assets/_app/immutable/entry/start.sDvZ0te1.js:6
[    1615ms] [WARNING] <Image> was created without expected prop 'maxWidth' @ https://static01.nytimes.com/newsgraphics/2024-01-30-36-hours-generator/e484a720-dede-407a-87fb-89a03dc7a42f/_assets/_app/immutable/entry/start.sDvZ0te1.js:6
[    1615ms] [WARNING] <Image> was created without expected prop 'className' @ https://static01.nytimes.com/newsgraphics/2024-01-30-36-hours-generator/e484a720-dede-407a-87fb-89a03dc7a42f/_assets/_app/immutable/entry/start.sDvZ0te1.js:6
[    1615ms] [WARNING] <Image> was created without expected prop 'maxWidth' @ https://static01.nytimes.com/newsgraphics/2024-01-30-36-hours-generator/e484a720-dede-407a-87fb-89a03dc7a42f/_assets/_app/immutable/entry/start.sDvZ0te1.js:6
[    1615ms] [WARNING] <Image> was created without expected prop 'className' @ https://static01.nytimes.com/newsgraphics/2024-01-30-36-hours-generator/e484a720-dede-407a-87fb-89a03dc7a42f/_assets/_app/immutable/entry/start.sDvZ0te1.js:6
[    1615ms] [WARNING] <Image> was created without expected prop 'maxWidth' @ https://static01.nytimes.com/newsgraphics/2024-01-30-36-hours-generator/e484a720-dede-407a-87fb-89a03dc7a42f/_assets/_app/immutable/entry/start.sDvZ0te1.js:6
[    1615ms] [WARNING] <Image> was created without expected prop 'className' @ https://static01.nytimes.com/newsgraphics/2024-01-30-36-hours-generator/e484a720-dede-407a-87fb-89a03dc7a42f/_assets/_app/immutable/entry/start.sDvZ0te1.js:6
[    1615ms] [WARNING] <Image> was created without expected prop 'maxWidth' @ https://static01.nytimes.com/newsgraphics/2024-01-30-36-hours-generator/e484a720-dede-407a-87fb-89a03dc7a42f/_assets/_app/immutable/entry/start.sDvZ0te1.js:6
[    1615ms] [WARNING] <Image> was created without expected prop 'className' @ https://static01.nytimes.com/newsgraphics/2024-01-30-36-hours-generator/e484a720-dede-407a-87fb-89a03dc7a42f/_assets/_app/immutable/entry/start.sDvZ0te1.js:6
[    1615ms] [WARNING] <Image> was created without expected prop 'maxWidth' @ https://static01.nytimes.com/newsgraphics/2024-01-30-36-hours-generator/e484a720-dede-407a-87fb-89a03dc7a42f/_assets/_app/immutable/entry/start.sDvZ0te1.js:6
[    1615ms] [WARNING] <Image> was created without expected prop 'credit' @ https://static01.nytimes.com/newsgraphics/2024-01-30-36-hours-generator/e484a720-dede-407a-87fb-89a03dc7a42f/_assets/_app/immutable/entry/start.sDvZ0te1.js:6
[    1615ms] [WARNING] <Image> was created without expected prop 'className' @ https://static01.nytimes.com/newsgraphics/2024-01-30-36-hours-generator/e484a720-dede-407a-87fb-89a03dc7a42f/_assets/_app/immutable/entry/start.sDvZ0te1.js:6
[    1615ms] [WARNING] <Image> was created without expected prop 'maxWidth' @ https://static01.nytimes.com/newsgraphics/2024-01-30-36-hours-generator/e484a720-dede-407a-87fb-89a03dc7a42f/_assets/_app/immutable/entry/start.sDvZ0te1.js:6
[    1615ms] [WARNING] <Image> was created without expected prop 'className' @ https://static01.nytimes.com/newsgraphics/2024-01-30-36-hours-generator/e484a720-dede-407a-87fb-89a03dc7a42f/_assets/_app/immutable/entry/start.sDvZ0te1.js:6
[    1615ms] [WARNING] <Image> was created without expected prop 'maxWidth' @ https://static01.nytimes.com/newsgraphics/2024-01-30-36-hours-generator/e484a720-dede-407a-87fb-89a03dc7a42f/_assets/_app/immutable/entry/start.sDvZ0te1.js:6
[    1615ms] [WARNING] <Image> was created without expected prop 'className' @ https://static01.nytimes.com/newsgraphics/2024-01-30-36-hours-generator/e484a720-dede-407a-87fb-89a03dc7a42f/_assets/_app/immutable/entry/start.sDvZ0te1.js:6
[    1615ms] [WARNING] <Image> was created without expected prop 'maxWidth' @ https://static01.nytimes.com/newsgraphics/2024-01-30-36-hours-generator/e484a720-dede-407a-87fb-89a03dc7a42f/_assets/_app/immutable/entry/start.sDvZ0te1.js:6
[    1615ms] [WARNING] <Image> was created without expected prop 'className' @ https://static01.nytimes.com/newsgraphics/2024-01-30-36-hours-generator/e484a720-dede-407a-87fb-89a03dc7a42f/_assets/_app/immutable/entry/start.sDvZ0te1.js:6
[    1615ms] [WARNING] <Image> was created without expected prop 'maxWidth' @ https://static01.nytimes.com/newsgraphics/2024-01-30-36-hours-generator/e484a720-dede-407a-87fb-89a03dc7a42f/_assets/_app/immutable/entry/start.sDvZ0te1.js:6
[    1615ms] [WARNING] <Image> was created without expected prop 'className' @ https://static01.nytimes.com/newsgraphics/2024-01-30-36-hours-generator/e484a720-dede-407a-87fb-89a03dc7a42f/_assets/_app/immutable/entry/start.sDvZ0te1.js:6
[    1615ms] [WARNING] <Image> was created without expected prop 'maxWidth' @ https://static01.nytimes.com/newsgraphics/2024-01-30-36-hours-generator/e484a720-dede-407a-87fb-89a03dc7a42f/_assets/_app/immutable/entry/start.sDvZ0te1.js:6
[    1615ms] [WARNING] <Image> was created without expected prop 'className' @ https://static01.nytimes.com/newsgraphics/2024-01-30-36-hours-generator/e484a720-dede-407a-87fb-89a03dc7a42f/_assets/_app/immutable/entry/start.sDvZ0te1.js:6
[    1615ms] [WARNING] <Image> was created without expected prop 'maxWidth' @ https://static01.nytimes.com/newsgraphics/2024-01-30-36-hours-generator/e484a720-dede-407a-87fb-89a03dc7a42f/_assets/_app/immutable/entry/start.sDvZ0te1.js:6
[    1615ms] [WARNING] <Image> was created without expected prop 'className' @ https://static01.nytimes.com/newsgraphics/2024-01-30-36-hours-generator/e484a720-dede-407a-87fb-89a03dc7a42f/_assets/_app/immutable/entry/start.sDvZ0te1.js:6
[    1615ms] [WARNING] <Image> was created without expected prop 'maxWidth' @ https://static01.nytimes.com/newsgraphics/2024-01-30-36-hours-generator/e484a720-dede-407a-87fb-89a03dc7a42f/_assets/_app/immutable/entry/start.sDvZ0te1.js:6
[    1616ms] [WARNING] <Image> was created without expected prop 'className' @ https://static01.nytimes.com/newsgraphics/2024-01-30-36-hours-generator/e484a720-dede-407a-87fb-89a03dc7a42f/_assets/_app/immutable/entry/start.sDvZ0te1.js:6
[    1616ms] [WARNING] <Image> was created without expected prop 'maxWidth' @ https://static01.nytimes.com/newsgraphics/2024-01-30-36-hours-generator/e484a720-dede-407a-87fb-89a03dc7a42f/_assets/_app/immutable/entry/start.sDvZ0te1.js:6
[    1616ms] [WARNING] <Image> was created without expected prop 'className' @ https://static01.nytimes.com/newsgraphics/2024-01-30-36-hours-generator/e484a720-dede-407a-87fb-89a03dc7a42f/_assets/_app/immutable/entry/start.sDvZ0te1.js:6
[    1616ms] [WARNING] <Image> was created without expected prop 'maxWidth' @ https://static01.nytimes.com/newsgraphics/2024-01-30-36-hours-generator/e484a720-dede-407a-87fb-89a03dc7a42f/_assets/_app/immutable/entry/start.sDvZ0te1.js:6
[    1616ms] [WARNING] <Image> was created without expected prop 'className' @ https://static01.nytimes.com/newsgraphics/2024-01-30-36-hours-generator/e484a720-dede-407a-87fb-89a03dc7a42f/_assets/_app/immutable/entry/start.sDvZ0te1.js:6
[    1616ms] [WARNING] <Image> was created without expected prop 'maxWidth' @ https://static01.nytimes.com/newsgraphics/2024-01-30-36-hours-generator/e484a720-dede-407a-87fb-89a03dc7a42f/_assets/_app/immutable/entry/start.sDvZ0te1.js:6
[    1616ms] [WARNING] <Image> was created without expected prop 'className' @ https://static01.nytimes.com/newsgraphics/2024-01-30-36-hours-generator/e484a720-dede-407a-87fb-89a03dc7a42f/_assets/_app/immutable/entry/start.sDvZ0te1.js:6
[    1616ms] [WARNING] <Image> was created without expected prop 'maxWidth' @ https://static01.nytimes.com/newsgraphics/2024-01-30-36-hours-generator/e484a720-dede-407a-87fb-89a03dc7a42f/_assets/_app/immutable/entry/start.sDvZ0te1.js:6
[    1616ms] [WARNING] <Image> was created without expected prop 'className' @ https://static01.nytimes.com/newsgraphics/2024-01-30-36-hours-generator/e484a720-dede-407a-87fb-89a03dc7a42f/_assets/_app/immutable/entry/start.sDvZ0te1.js:6
[    1616ms] [WARNING] <Image> was created without expected prop 'maxWidth' @ https://static01.nytimes.com/newsgraphics/2024-01-30-36-hours-generator/e484a720-dede-407a-87fb-89a03dc7a42f/_assets/_app/immutable/entry/start.sDvZ0te1.js:6
[    1616ms] [WARNING] <Image> was created without expected prop 'className' @ https://static01.nytimes.com/newsgraphics/2024-01-30-36-hours-generator/e484a720-dede-407a-87fb-89a03dc7a42f/_assets/_app/immutable/entry/start.sDvZ0te1.js:6
[    1616ms] [WARNING] <Image> was created without expected prop 'maxWidth' @ https://static01.nytimes.com/newsgraphics/2024-01-30-36-hours-generator/e484a720-dede-407a-87fb-89a03dc7a42f/_assets/_app/immutable/entry/start.sDvZ0te1.js:6
[    1616ms] [WARNING] <Image> was created without expected prop 'className' @ https://static01.nytimes.com/newsgraphics/2024-01-30-36-hours-generator/e484a720-dede-407a-87fb-89a03dc7a42f/_assets/_app/immutable/entry/start.sDvZ0te1.js:6
[    1616ms] [WARNING] <Image> was created without expected prop 'maxWidth' @ https://static01.nytimes.com/newsgraphics/2024-01-30-36-hours-generator/e484a720-dede-407a-87fb-89a03dc7a42f/_assets/_app/immutable/entry/start.sDvZ0te1.js:6
[    1616ms] [WARNING] <Image> was created without expected prop 'credit' @ https://static01.nytimes.com/newsgraphics/2024-01-30-36-hours-generator/e484a720-dede-407a-87fb-89a03dc7a42f/_assets/_app/immutable/entry/start.sDvZ0te1.js:6
[    1616ms] [WARNING] <Image> was created without expected prop 'className' @ https://static01.nytimes.com/newsgraphics/2024-01-30-36-hours-generator/e484a720-dede-407a-87fb-89a03dc7a42f/_assets/_app/immutable/entry/start.sDvZ0te1.js:6
[    1616ms] [WARNING] <Image> was created without expected prop 'maxWidth' @ https://static01.nytimes.com/newsgraphics/2024-01-30-36-hours-generator/e484a720-dede-407a-87fb-89a03dc7a42f/_assets/_app/immutable/entry/start.sDvZ0te1.js:6
[    1616ms] [WARNING] <Image> was created without expected prop 'className' @ https://static01.nytimes.com/newsgraphics/2024-01-30-36-hours-generator/e484a720-dede-407a-87fb-89a03dc7a42f/_assets/_app/immutable/entry/start.sDvZ0te1.js:6
[    1616ms] [WARNING] <Image> was created without expected prop 'maxWidth' @ https://static01.nytimes.com/newsgraphics/2024-01-30-36-hours-generator/e484a720-dede-407a-87fb-89a03dc7a42f/_assets/_app/immutable/entry/start.sDvZ0te1.js:6
[    1696ms] [WARNING] [GPT] PubAdsService.getTargetingKeys is deprecated, use googletag.getConfig('targeting') instead.
https://goo.gle/gpt-message#200 @ https://static01.nytimes.com/newsgraphics/2024-01-30-36-hours-generator/e484a720-dede-407a-87fb-89a03dc7a42f/_assets/_app/immutable/entry/start.sDvZ0te1.js:6
[    1698ms] [WARNING] [GPT] Slot.setTargeting is deprecated, use Slot.setConfig({targeting: ...}) instead.
https://goo.gle/gpt-message#171 @ https://static01.nytimes.com/newsgraphics/2024-01-30-36-hours-generator/e484a720-dede-407a-87fb-89a03dc7a42f/_assets/_app/immutable/entry/start.sDvZ0te1.js:6
[    2630ms] [WARNING]   WARN  [Statsig] Creating multiple Statsig clients with the same SDK key can lead to unexpected behavior. Multi-instance support requires different SDK keys. @ https://static01.nytimes.com/newsgraphics/2024-01-30-36-hours-generator/e484a720-dede-407a-87fb-89a03dc7a42f/_assets/_app/immutable/entry/start.sDvZ0te1.js:6
[    9536ms] [WARNING] event data {} must include a subject @ https://nyt-dti-prd-staticjs.storage.googleapis.com/analytics/et2/eventtracker-snippet.js:0
[    9562ms] [ERROR] Attestation check for Shared Storage on https://www.googleadservices.com failed. @ https://www.googleadservices.com/pagead/managed/js/activeview/current/reach_worklet.html:0
[    9666ms] [LOG] poster vid-1 https://tpc.googlesyndication.com/simgad/14432453283225226533? @ https://static01.nytimes.com/ads/tbrandcreativetech/libs/baymax/Baymax-121.r.js:1066
[    9781ms] [TIMEEND] a: 0.001220703125 ms @ https://static.adsafeprotected.com/sca.17.6.4.js:31
