[     720ms] [WARNING] [GPT] PubAdsService.getTargeting is deprecated, use googletag.getConfig('targeting') instead.
https://goo.gle/gpt-message#200 @ https://securepubads.g.doubleclick.net/pagead/managed/js/gpt/m202604220101/pubads_impl.js:18
[     738ms] [WARNING] [GPT] Slot.updateTargetingFromMap is deprecated, use Slot.setConfig({targeting: ...}) instead.
https://goo.gle/gpt-message#171 @ https://securepubads.g.doubleclick.net/pagead/managed/js/gpt/m202604220101/pubads_impl.js:18
[    1226ms] [ERROR] Failed to load resource: net::ERR_NAME_NOT_RESOLVED @ https://ssc.cntraveler.com/get_cookie_id?cookie_domain=cntraveler.com&r=1777317748616&callback=TreasureJSONPCallback0:0
[    1602ms] [WARNING] Allow attribute will take precedence over 'allowfullscreen'. @ https://player.cnevids.com/script/video/685d23c6f4856c3a7a842d8d.js?autoplay=1&muted=1&continuousPlay=1&hasCompanion=false&hideHoverTitle=1&hidePosterTitle=1&onReady=setupInterlude1&playerType=interlude&recAlgorithm=_cne-interlude-cntraveler_da317db6-ce06-4468-8886-865be4ab20cc_text2vec1&recStrategy=text2vec1&showPlaylistBar=false&isFullBleed=false&isRightRail=false&onIframeReady=onIframeReady17773177484931&videoEmbedPosition=inlineInjected:0
[    1996ms] [WARNING] An iframe which has both allow-scripts and allow-same-origin for its sandbox attribute can escape its sandboxing. @ https://static.teads.tv/static/master/media/flavors/image.js:0
[    2240ms] ReferenceError: market is not defined
    at https://8c019b5c493172a3f7e355ed481f6795.safeframe.googlesyndication.com/safeframe/1-0-45/html/container.html:89:3
[    2403ms] [ERROR] Attestation check for Shared Storage on https://www.googleadservices.com failed. @ https://www.googleadservices.com/pagead/managed/js/activeview/current/reach_worklet.html:0
[    2620ms] [TIMEEND] a: 0.0009765625 ms @ https://static.adsafeprotected.com/sca.17.6.4.js:31
[    2403ms] [ERROR] Attestation check for Shared Storage on https://www.googleadservices.com failed. @ https://www.googleadservices.com/pagead/managed/js/activeview/current/reach_worklet.html:0
[    2958ms] [ERROR] Attestation check for Shared Storage on https://www.googleadservices.com failed. @ https://www.googleadservices.com/pagead/managed/js/activeview/current/reach_worklet.html:0
[    2403ms] [ERROR] Attestation check for Shared Storage on https://www.googleadservices.com failed. @ https://www.googleadservices.com/pagead/managed/js/activeview/current/reach_worklet.html:0
[    2958ms] [ERROR] Attestation check for Shared Storage on https://www.googleadservices.com failed. @ https://www.googleadservices.com/pagead/managed/js/activeview/current/reach_worklet.html:0
[    3131ms] [ERROR] Attestation check for Shared Storage on https://www.googleadservices.com failed. @ https://www.googleadservices.com/pagead/managed/js/activeview/current/reach_worklet.html:0
[    3239ms] [LOG] Metrics: `ad-content-load` took 238ms @ https://publish.responsiveads.com/libs/radical.r7.min.js:113
[    3380ms] [LOG] Metrics: `flowline-load` took 136ms @ https://publish.responsiveads.com/libs/radical.r7.min.js:113
[    3489ms] [LOG] Metrics: `asset-load-1200x325` took 108ms @ https://publish.responsiveads.com/libs/radical.r7.min.js:113
[    3494ms] [LOG] Metrics: `ad-render-1200x325` took 6ms @ https://publish.responsiveads.com/libs/radical.r7.min.js:113
[    5711ms] [ERROR] Failed to load resource: net::ERR_CONNECTION_REFUSED @ https://cookies.nextmillmedia.com/setuid?bidder=rubicon&uid=MNMBPMMV-Z-GTB1&nmuid=:0
[    5814ms] [ERROR] Refused to execute script from 'https://eb2.3lift.com/getuid?gpp=null&gpp_sid=null&gdpr=0&gdpr_consent=null&us_privacy=null&redir=https%3a%2f%2fcks.connatix.com%2fcks%3fpid%3d25%26ev%3d1-028569eec77348448a0e950b360cebd7%26pname%3dTripleLift%26api-tier%3d2%26uid%3d%24UID' because its MIME type ('image/gif') is not executable. @ https://cds.connatix.com/p/335477026/cnx_usync.html?et=1&pageUrl=https%3a%2f%2fwww.cntraveler.com%2fstory%2fthe-best-places-to-go-in-europe-in-2026&cid=3dedaf43-333a-47db-bf83-57833112e6f9&publisherExclusionLevel=0:0
[    5815ms] [ERROR] Syncing cannot be made with  https://eb2.3lift.com/getuid?gpp=null&gpp_sid=null&gdpr=0&gdpr_consent=null&us_privacy=null&redir=https%3a%2f%2fcks.connatix.com%2fcks%3fpid%3d25%26ev%3d1-028569eec77348448a0e950b360cebd7%26pname%3dTripleLift%26api-tier%3d2%26uid%3d%24UID @ https://cds.connatix.com/p/335477026/cnx_usync.js:0
[    5711ms] [ERROR] Failed to load resource: net::ERR_CONNECTION_REFUSED @ https://cookies.nextmillmedia.com/setuid?bidder=rubicon&uid=MNMBPMMV-Z-GTB1&nmuid=:0
[    5874ms] [ERROR] SYNC.JS: There was a problem while setting up the TCF IFRAME LOCATOR API: SecurityError: Failed to read a named property '__tcfapiLocator' from 'Window': Blocked a frame with origin "https://cds.connatix.com" from accessing a cross-origin frame. @ https://tags.crwdcntrl.net/lt/c/17331/sync.min.js:0
[    5920ms] [WARNING] [Audigent] cannot access to window.top: skip check and continue SecurityError: Failed to read a named property 'document' from 'Window': Blocked a frame with origin "https://cds.connatix.com" from accessing a cross-origin frame.
    at https://cdn.hadronid.net/hadron.js?url=https%3A%2F%2Fcds.connatix.com%2Fp%2F335477026%2Fcnx_usync.html%3Fet%3D1%26pageUrl%3Dhttps%253a%252f%252fwww.cntraveler.com%252fstory%252fthe-best-places-to-go-in-europe-in-2026%26cid%3D3dedaf43-333a-47db-bf83-57833112e6f9%26publisherExclusionLevel%3D0&ref=https%3A%2F%2Fwww.cntraveler.com%2F&_it=tag&partner_id=800&ha=ha:1:57991
    at Module.<anonymous> (https://cdn.hadronid.net/hadron.js?url=https%3A%2F%2Fcds.connatix.com%2Fp%2F335477026%2Fcnx_usync.html%3Fet%3D1%26pageUrl%3Dhttps%253a%252f%252fwww.cntraveler.com%252fstory%252fthe-best-places-to-go-in-europe-in-2026%26cid%3D3dedaf43-333a-47db-bf83-57833112e6f9%26publisherExclusionLevel%3D0&ref=https%3A%2F%2Fwww.cntraveler.com%2F&_it=tag&partner_id=800&ha=ha:1:59275)
    at n (https://cdn.hadronid.net/hadron.js?url=https%3A%2F%2Fcds.connatix.com%2Fp%2F335477026%2Fcnx_usync.html%3Fet%3D1%26pageUrl%3Dhttps%253a%252f%252fwww.cntraveler.com%252fstory%252fthe-best-places-to-go-in-europe-in-2026%26cid%3D3dedaf43-333a-47db-bf83-57833112e6f9%26publisherExclusionLevel%3D0&ref=https%3A%2F%2Fwww.cntraveler.com%2F&_it=tag&partner_id=800&ha=ha:1:110)
    at https://cdn.hadronid.net/hadron.js?url=https%3A%2F%2Fcds.connatix.com%2Fp%2F335477026%2Fcnx_usync.html%3Fet%3D1%26pageUrl%3Dhttps%253a%252f%252fwww.cntraveler.com%252fstory%252fthe-best-places-to-go-in-europe-in-2026%26cid%3D3dedaf43-333a-47db-bf83-57833112e6f9%26publisherExclusionLevel%3D0&ref=https%3A%2F%2Fwww.cntraveler.com%2F&_it=tag&partner_id=800&ha=ha:1:902
    at https://cdn.hadronid.net/hadron.js?url=https%3A%2F%2Fcds.connatix.com%2Fp%2F335477026%2Fcnx_usync.html%3Fet%3D1%26pageUrl%3Dhttps%253a%252f%252fwww.cntraveler.com%252fstory%252fthe-best-places-to-go-in-europe-in-2026%26cid%3D3dedaf43-333a-47db-bf83-57833112e6f9%26publisherExclusionLevel%3D0&ref=https%3A%2F%2Fwww.cntraveler.com%2F&_it=tag&partner_id=800&ha=ha:1:911 @ https://cdn.hadronid.net/hadron.js?url=https%3A%2F%2Fcds.connatix.com%2Fp%2F335477026%2Fcnx_usync.html%3Fet%3D1%26pageUrl%3Dhttps%253a%252f%252fwww.cntraveler.com%252fstory%252fthe-best-places-to-go-in-europe-in-2026%26cid%3D3dedaf43-333a-47db-bf83-57833112e6f9%26publisherExclusionLevel%3D0&ref=https%3A%2F%2Fwww.cntraveler.com%2F&_it=tag&partner_id=800&ha=ha:0
[    5814ms] [ERROR] Refused to execute script from 'https://eb2.3lift.com/getuid?gpp=null&gpp_sid=null&gdpr=0&gdpr_consent=null&us_privacy=null&redir=https%3a%2f%2fcks.connatix.com%2fcks%3fpid%3d25%26ev%3d1-028569eec77348448a0e950b360cebd7%26pname%3dTripleLift%26api-tier%3d2%26uid%3d%24UID' because its MIME type ('image/gif') is not executable. @ https://cds.connatix.com/p/335477026/cnx_usync.html?et=1&pageUrl=https%3a%2f%2fwww.cntraveler.com%2fstory%2fthe-best-places-to-go-in-europe-in-2026&cid=3dedaf43-333a-47db-bf83-57833112e6f9&publisherExclusionLevel=0:0
[    5814ms] [ERROR] Refused to execute script from 'https://eb2.3lift.com/getuid?gpp=null&gpp_sid=null&gdpr=0&gdpr_consent=null&us_privacy=null&redir=https%3a%2f%2fcks.connatix.com%2fcks%3fpid%3d25%26ev%3d1-028569eec77348448a0e950b360cebd7%26pname%3dTripleLift%26api-tier%3d2%26uid%3d%24UID' because its MIME type ('image/gif') is not executable. @ https://cds.connatix.com/p/335477026/cnx_usync.html?et=1&pageUrl=https%3a%2f%2fwww.cntraveler.com%2fstory%2fthe-best-places-to-go-in-europe-in-2026&cid=3dedaf43-333a-47db-bf83-57833112e6f9&publisherExclusionLevel=0:0
[    6009ms] [ERROR] Refused to execute script from 'https://capi.connatix.com/us/pixel?puid=1639930286684764676&pId=40&gdpr=0&gdpr_consent=' because its MIME type ('image/gif') is not executable. @ https://cds.connatix.com/p/335477026/cnx_usync.html?et=1&pageUrl=https%3a%2f%2fwww.cntraveler.com%2fstory%2fthe-best-places-to-go-in-europe-in-2026&cid=3dedaf43-333a-47db-bf83-57833112e6f9&publisherExclusionLevel=0:0
[    6009ms] [ERROR] Syncing cannot be made with  https://ssbsync.smartadserver.com/api/sync?callerId=6&nwid=3630&gdpr=0&gdpr_consent=null&url=https%3a%2f%2fcks.connatix.com%2fcks%3fpid%3d40%26ev%3d1-028569eec77348448a0e950b360cebd7%26pname%3dSmartAdServer%26api-tier%3d2%26uid%3D%5Bsas_uid%5D @ https://cds.connatix.com/p/335477026/cnx_usync.js:0
[    5814ms] [ERROR] Refused to execute script from 'https://eb2.3lift.com/getuid?gpp=null&gpp_sid=null&gdpr=0&gdpr_consent=null&us_privacy=null&redir=https%3a%2f%2fcks.connatix.com%2fcks%3fpid%3d25%26ev%3d1-028569eec77348448a0e950b360cebd7%26pname%3dTripleLift%26api-tier%3d2%26uid%3d%24UID' because its MIME type ('image/gif') is not executable. @ https://cds.connatix.com/p/335477026/cnx_usync.html?et=1&pageUrl=https%3a%2f%2fwww.cntraveler.com%2fstory%2fthe-best-places-to-go-in-europe-in-2026&cid=3dedaf43-333a-47db-bf83-57833112e6f9&publisherExclusionLevel=0:0
[    6009ms] [ERROR] Refused to execute script from 'https://capi.connatix.com/us/pixel?puid=1639930286684764676&pId=40&gdpr=0&gdpr_consent=' because its MIME type ('image/gif') is not executable. @ https://cds.connatix.com/p/335477026/cnx_usync.html?et=1&pageUrl=https%3a%2f%2fwww.cntraveler.com%2fstory%2fthe-best-places-to-go-in-europe-in-2026&cid=3dedaf43-333a-47db-bf83-57833112e6f9&publisherExclusionLevel=0:0
[    6196ms] Uncaught SecurityError: Failed to read a named property 'atob' from 'Window': Blocked a frame with origin "https://cds.connatix.com" from accessing a frame with origin "https://www.cntraveler.com". Protocols, domains, and ports must match.
    at <anonymous> (https://a.ad.gt/api/v1/u/matches/800?_it=tag:0:9501)
    at <anonymous> (https://a.ad.gt/api/v1/u/matches/800?_it=tag:0:9505)
    at <anonymous> (https://a.ad.gt/api/v1/u/matches/800?_it=tag:0:9510)
[    5711ms] [ERROR] Failed to load resource: net::ERR_CONNECTION_REFUSED @ https://cookies.nextmillmedia.com/setuid?bidder=rubicon&uid=MNMBPMMV-Z-GTB1&nmuid=:0
[    6446ms] [ERROR] Failed to load resource: the server responded with a status of 404 () @ https://openrtb-us-east-1.axonix.com/syn?supply=6b5e0640-0286-4e78-b490-a820e3a18a08&gdpr=0&gdpr_consent=&uid=na&redirect=https%3A%2F%2Fid5-sync.com%2Fc%2F369%2F1201%2F8%2F2.gif%3Fpuid%3DxxEMODO_IDxx%26gdpr%3D0%26gdpr_consent%3D:0
[    8018ms] [ERROR] Failed to load resource: the server responded with a status of 400 () @ https://cs.ingage.tech/v1/sync/equative/540fd51f-e5a6-496b-a8ae-fc9ee3874deb?uid=:0
[   15025ms] [WARNING] [GPT] Slot footer_0 rendered inside of the viewport.
https://goo.gle/gpt-message#169 @ https://securepubads.g.doubleclick.net/pagead/managed/js/gpt/m202604220101/pubads_impl.js:18
[    2403ms] [ERROR] Attestation check for Shared Storage on https://www.googleadservices.com failed. @ https://www.googleadservices.com/pagead/managed/js/activeview/current/reach_worklet.html:0
[    2958ms] [ERROR] Attestation check for Shared Storage on https://www.googleadservices.com failed. @ https://www.googleadservices.com/pagead/managed/js/activeview/current/reach_worklet.html:0
[    3131ms] [ERROR] Attestation check for Shared Storage on https://www.googleadservices.com failed. @ https://www.googleadservices.com/pagead/managed/js/activeview/current/reach_worklet.html:0
[   15211ms] [ERROR] Attestation check for Shared Storage on https://www.googleadservices.com failed. @ https://www.googleadservices.com/pagead/managed/js/activeview/current/reach_worklet.html:0
[    2403ms] [ERROR] Attestation check for Shared Storage on https://www.googleadservices.com failed. @ https://www.googleadservices.com/pagead/managed/js/activeview/current/reach_worklet.html:0
[    2958ms] [ERROR] Attestation check for Shared Storage on https://www.googleadservices.com failed. @ https://www.googleadservices.com/pagead/managed/js/activeview/current/reach_worklet.html:0
[    3131ms] [ERROR] Attestation check for Shared Storage on https://www.googleadservices.com failed. @ https://www.googleadservices.com/pagead/managed/js/activeview/current/reach_worklet.html:0
[   15211ms] [ERROR] Attestation check for Shared Storage on https://www.googleadservices.com failed. @ https://www.googleadservices.com/pagead/managed/js/activeview/current/reach_worklet.html:0
[   15354ms] [ERROR] Attestation check for Shared Storage on https://www.googleadservices.com failed. @ https://www.googleadservices.com/pagead/managed/js/activeview/current/reach_worklet.html:0
[   15402ms] TypeError: Cannot read properties of undefined (reading 'setRushSimulatedLocalEvents')
    at https://s0.2mdn.net/sadbundle/10103512734816107536/index.html?ev=01_262:220:455
[   15402ms] TypeError: Cannot read properties of undefined (reading 'setRushSimulatedLocalEvents')
    at https://s0.2mdn.net/sadbundle/10103512734816107536/index.html?ev=01_262:220:560
