[     280ms] [ERROR] Failed to load resource: the server responded with a status of 404 () @ https://www.nationalgeographic.com/travel/article/best-of-the-world-2025:0
[     412ms] [LOG] DOM isReady:  385 @ https://assets-cdn.nationalgeographic.com/natgeo/8a01f2e3d96e-release-04-22-2026.0/client/natgeo/9117-47d6a187.js:0
[     443ms] [LOG] 19:21:45.452 [Playback Service: Device Detection:] Library Detection and User Agent Detection Do Not Match @ https://hiveplayer-static.bamgrid.com/artifacts/hive/playback-service/26.2.0-bagheera/all_browser_es5/playback-service.js:1
[     443ms] [LOG] 19:21:45.453 [Playback Service: Device Detection:] Library Detected: undefined, UA Detected: chrome @ https://hiveplayer-static.bamgrid.com/artifacts/hive/playback-service/26.2.0-bagheera/all_browser_es5/playback-service.js:1
[     554ms] [ERROR] Access to XMLHttpRequest at 'https://disney.demdex.net/id?d_visid_ver=5.5.0&d_fieldgroup=AAM&d_rtbd=json&d_ver=2&d_orgid=5BFD123F5245AECB0A490D45%40AdobeOrg&d_nsid=0&d_mid=32038638508403817592917456480869137741&d_coppa=true&ts=1777317705543' from origin 'https://www.nationalgeographic.com' has been blocked by CORS policy: No 'Access-Control-Allow-Origin' header is present on the requested resource. @ https://www.nationalgeographic.com/travel/article/best-of-the-world-2025:0
[     555ms] [ERROR] Failed to load resource: net::ERR_FAILED @ https://disney.demdex.net/id?d_visid_ver=5.5.0&d_fieldgroup=AAM&d_rtbd=json&d_ver=2&d_orgid=5BFD123F5245AECB0A490D45%40AdobeOrg&d_nsid=0&d_mid=32038638508403817592917456480869137741&d_coppa=true&ts=1777317705543:0
[     565ms] [ERROR] Scope is not present @ https://login.disney.com/en-US/us/DTCI-NATGEO.CONSUMER.WEB/v5/bridge/web:0
[     565ms] [LOG] No bridge detected @ https://login.disney.com/en-US/us/DTCI-NATGEO.CONSUMER.WEB/v5/bridge/web:0
[     651ms] [ERROR] Access to XMLHttpRequest at 'https://disney.demdex.net/id?d_visid_ver=5.5.0&d_fieldgroup=AAM&d_rtbd=json&d_ver=2&d_orgid=5BFD123F5245AECB0A490D45%40AdobeOrg&d_nsid=0&d_mid=32038638508403817592917456480869137741&d_coppa=true&ts=1777317705646' from origin 'https://www.nationalgeographic.com' has been blocked by CORS policy: No 'Access-Control-Allow-Origin' header is present on the requested resource. @ https://www.nationalgeographic.com/travel/article/best-of-the-world-2025:0
[     658ms] [ERROR] Failed to load resource: net::ERR_FAILED @ https://disney.demdex.net/id?d_visid_ver=5.5.0&d_fieldgroup=AAM&d_rtbd=json&d_ver=2&d_orgid=5BFD123F5245AECB0A490D45%40AdobeOrg&d_nsid=0&d_mid=32038638508403817592917456480869137741&d_coppa=true&ts=1777317705646:0
[     762ms] [WARNING] [GPT] PubAdsService.setTargeting is deprecated, use googletag.setConfig({targeting: ...}) instead.
https://goo.gle/gpt-message#170 @ https://securepubads.g.doubleclick.net/pagead/managed/js/gpt/m202604220101/pubads_impl.js:18
[     762ms] [WARNING] [GPT] Invalid value encountered when calling: googletag.setConfig.targeting: {"isDnt":false}
https://goo.gle/gpt-message#159 @ https://securepubads.g.doubleclick.net/pagead/managed/js/gpt/m202604220101/pubads_impl.js:18
[     777ms] Error: Minified React error #418; visit https://react.dev/errors/418 for the full message or use the non-minified dev environment for full errors and additional helpful warnings.
    at t5 (https://login.disney.com/_next/static/chunks/fd9d1056-1b638d2c16aebce5.js?dpl=114cb3a39009dd355650917526638e571aaefc19:1:24673)
    at t9 (https://login.disney.com/_next/static/chunks/fd9d1056-1b638d2c16aebce5.js?dpl=114cb3a39009dd355650917526638e571aaefc19:1:25045)
    at https://login.disney.com/_next/static/chunks/fd9d1056-1b638d2c16aebce5.js?dpl=114cb3a39009dd355650917526638e571aaefc19:1:99413
    at iu (https://login.disney.com/_next/static/chunks/fd9d1056-1b638d2c16aebce5.js?dpl=114cb3a39009dd355650917526638e571aaefc19:1:103870)
    at ia (https://login.disney.com/_next/static/chunks/fd9d1056-1b638d2c16aebce5.js?dpl=114cb3a39009dd355650917526638e571aaefc19:1:95226)
    at https://login.disney.com/_next/static/chunks/fd9d1056-1b638d2c16aebce5.js?dpl=114cb3a39009dd355650917526638e571aaefc19:1:91091
    at https://login.disney.com/_next/static/chunks/fd9d1056-1b638d2c16aebce5.js?dpl=114cb3a39009dd355650917526638e571aaefc19:1:91098
    at oZ (https://login.disney.com/_next/static/chunks/fd9d1056-1b638d2c16aebce5.js?dpl=114cb3a39009dd355650917526638e571aaefc19:1:91203)
    at MessagePort.M (https://login.disney.com/_next/static/chunks/2117-ac9bc2e24ae48f96.js?dpl=114cb3a39009dd355650917526638e571aaefc19:1:85517)
[     777ms] Error: Minified React error #418; visit https://react.dev/errors/418 for the full message or use the non-minified dev environment for full errors and additional helpful warnings.
    at t5 (https://login.disney.com/_next/static/chunks/fd9d1056-1b638d2c16aebce5.js?dpl=114cb3a39009dd355650917526638e571aaefc19:1:24673)
    at t9 (https://login.disney.com/_next/static/chunks/fd9d1056-1b638d2c16aebce5.js?dpl=114cb3a39009dd355650917526638e571aaefc19:1:25045)
    at https://login.disney.com/_next/static/chunks/fd9d1056-1b638d2c16aebce5.js?dpl=114cb3a39009dd355650917526638e571aaefc19:1:99413
    at iu (https://login.disney.com/_next/static/chunks/fd9d1056-1b638d2c16aebce5.js?dpl=114cb3a39009dd355650917526638e571aaefc19:1:103870)
    at ia (https://login.disney.com/_next/static/chunks/fd9d1056-1b638d2c16aebce5.js?dpl=114cb3a39009dd355650917526638e571aaefc19:1:95226)
    at https://login.disney.com/_next/static/chunks/fd9d1056-1b638d2c16aebce5.js?dpl=114cb3a39009dd355650917526638e571aaefc19:1:91091
    at https://login.disney.com/_next/static/chunks/fd9d1056-1b638d2c16aebce5.js?dpl=114cb3a39009dd355650917526638e571aaefc19:1:91098
    at oZ (https://login.disney.com/_next/static/chunks/fd9d1056-1b638d2c16aebce5.js?dpl=114cb3a39009dd355650917526638e571aaefc19:1:91203)
    at MessagePort.M (https://login.disney.com/_next/static/chunks/2117-ac9bc2e24ae48f96.js?dpl=114cb3a39009dd355650917526638e571aaefc19:1:85517)
[     778ms] Error: Minified React error #418; visit https://react.dev/errors/418 for the full message or use the non-minified dev environment for full errors and additional helpful warnings.
    at t5 (https://login.disney.com/_next/static/chunks/fd9d1056-1b638d2c16aebce5.js?dpl=114cb3a39009dd355650917526638e571aaefc19:1:24673)
    at t9 (https://login.disney.com/_next/static/chunks/fd9d1056-1b638d2c16aebce5.js?dpl=114cb3a39009dd355650917526638e571aaefc19:1:25045)
    at https://login.disney.com/_next/static/chunks/fd9d1056-1b638d2c16aebce5.js?dpl=114cb3a39009dd355650917526638e571aaefc19:1:99413
    at iu (https://login.disney.com/_next/static/chunks/fd9d1056-1b638d2c16aebce5.js?dpl=114cb3a39009dd355650917526638e571aaefc19:1:103870)
    at ia (https://login.disney.com/_next/static/chunks/fd9d1056-1b638d2c16aebce5.js?dpl=114cb3a39009dd355650917526638e571aaefc19:1:95226)
    at https://login.disney.com/_next/static/chunks/fd9d1056-1b638d2c16aebce5.js?dpl=114cb3a39009dd355650917526638e571aaefc19:1:91091
    at https://login.disney.com/_next/static/chunks/fd9d1056-1b638d2c16aebce5.js?dpl=114cb3a39009dd355650917526638e571aaefc19:1:91098
    at oZ (https://login.disney.com/_next/static/chunks/fd9d1056-1b638d2c16aebce5.js?dpl=114cb3a39009dd355650917526638e571aaefc19:1:91203)
    at MessagePort.M (https://login.disney.com/_next/static/chunks/2117-ac9bc2e24ae48f96.js?dpl=114cb3a39009dd355650917526638e571aaefc19:1:85517)
[     778ms] Error: Minified React error #418; visit https://react.dev/errors/418 for the full message or use the non-minified dev environment for full errors and additional helpful warnings.
    at t5 (https://login.disney.com/_next/static/chunks/fd9d1056-1b638d2c16aebce5.js?dpl=114cb3a39009dd355650917526638e571aaefc19:1:24673)
    at t9 (https://login.disney.com/_next/static/chunks/fd9d1056-1b638d2c16aebce5.js?dpl=114cb3a39009dd355650917526638e571aaefc19:1:25045)
    at https://login.disney.com/_next/static/chunks/fd9d1056-1b638d2c16aebce5.js?dpl=114cb3a39009dd355650917526638e571aaefc19:1:99413
    at iu (https://login.disney.com/_next/static/chunks/fd9d1056-1b638d2c16aebce5.js?dpl=114cb3a39009dd355650917526638e571aaefc19:1:103870)
    at ia (https://login.disney.com/_next/static/chunks/fd9d1056-1b638d2c16aebce5.js?dpl=114cb3a39009dd355650917526638e571aaefc19:1:95226)
    at https://login.disney.com/_next/static/chunks/fd9d1056-1b638d2c16aebce5.js?dpl=114cb3a39009dd355650917526638e571aaefc19:1:91091
    at https://login.disney.com/_next/static/chunks/fd9d1056-1b638d2c16aebce5.js?dpl=114cb3a39009dd355650917526638e571aaefc19:1:91098
    at oZ (https://login.disney.com/_next/static/chunks/fd9d1056-1b638d2c16aebce5.js?dpl=114cb3a39009dd355650917526638e571aaefc19:1:91203)
    at MessagePort.M (https://login.disney.com/_next/static/chunks/2117-ac9bc2e24ae48f96.js?dpl=114cb3a39009dd355650917526638e571aaefc19:1:85517)
[     778ms] Error: Minified React error #418; visit https://react.dev/errors/418 for the full message or use the non-minified dev environment for full errors and additional helpful warnings.
    at t5 (https://login.disney.com/_next/static/chunks/fd9d1056-1b638d2c16aebce5.js?dpl=114cb3a39009dd355650917526638e571aaefc19:1:24673)
    at t9 (https://login.disney.com/_next/static/chunks/fd9d1056-1b638d2c16aebce5.js?dpl=114cb3a39009dd355650917526638e571aaefc19:1:25045)
    at https://login.disney.com/_next/static/chunks/fd9d1056-1b638d2c16aebce5.js?dpl=114cb3a39009dd355650917526638e571aaefc19:1:99413
    at iu (https://login.disney.com/_next/static/chunks/fd9d1056-1b638d2c16aebce5.js?dpl=114cb3a39009dd355650917526638e571aaefc19:1:103870)
    at ia (https://login.disney.com/_next/static/chunks/fd9d1056-1b638d2c16aebce5.js?dpl=114cb3a39009dd355650917526638e571aaefc19:1:95226)
    at https://login.disney.com/_next/static/chunks/fd9d1056-1b638d2c16aebce5.js?dpl=114cb3a39009dd355650917526638e571aaefc19:1:91091
    at https://login.disney.com/_next/static/chunks/fd9d1056-1b638d2c16aebce5.js?dpl=114cb3a39009dd355650917526638e571aaefc19:1:91098
    at oZ (https://login.disney.com/_next/static/chunks/fd9d1056-1b638d2c16aebce5.js?dpl=114cb3a39009dd355650917526638e571aaefc19:1:91203)
    at MessagePort.M (https://login.disney.com/_next/static/chunks/2117-ac9bc2e24ae48f96.js?dpl=114cb3a39009dd355650917526638e571aaefc19:1:85517)
[     778ms] Error: Minified React error #418; visit https://react.dev/errors/418 for the full message or use the non-minified dev environment for full errors and additional helpful warnings.
    at t5 (https://login.disney.com/_next/static/chunks/fd9d1056-1b638d2c16aebce5.js?dpl=114cb3a39009dd355650917526638e571aaefc19:1:24673)
    at t9 (https://login.disney.com/_next/static/chunks/fd9d1056-1b638d2c16aebce5.js?dpl=114cb3a39009dd355650917526638e571aaefc19:1:25045)
    at https://login.disney.com/_next/static/chunks/fd9d1056-1b638d2c16aebce5.js?dpl=114cb3a39009dd355650917526638e571aaefc19:1:99413
    at iu (https://login.disney.com/_next/static/chunks/fd9d1056-1b638d2c16aebce5.js?dpl=114cb3a39009dd355650917526638e571aaefc19:1:103870)
    at ia (https://login.disney.com/_next/static/chunks/fd9d1056-1b638d2c16aebce5.js?dpl=114cb3a39009dd355650917526638e571aaefc19:1:95226)
    at https://login.disney.com/_next/static/chunks/fd9d1056-1b638d2c16aebce5.js?dpl=114cb3a39009dd355650917526638e571aaefc19:1:91091
    at https://login.disney.com/_next/static/chunks/fd9d1056-1b638d2c16aebce5.js?dpl=114cb3a39009dd355650917526638e571aaefc19:1:91098
    at oZ (https://login.disney.com/_next/static/chunks/fd9d1056-1b638d2c16aebce5.js?dpl=114cb3a39009dd355650917526638e571aaefc19:1:91203)
    at MessagePort.M (https://login.disney.com/_next/static/chunks/2117-ac9bc2e24ae48f96.js?dpl=114cb3a39009dd355650917526638e571aaefc19:1:85517)
[     778ms] Error: Minified React error #418; visit https://react.dev/errors/418 for the full message or use the non-minified dev environment for full errors and additional helpful warnings.
    at t5 (https://login.disney.com/_next/static/chunks/fd9d1056-1b638d2c16aebce5.js?dpl=114cb3a39009dd355650917526638e571aaefc19:1:24673)
    at iZ (https://login.disney.com/_next/static/chunks/fd9d1056-1b638d2c16aebce5.js?dpl=114cb3a39009dd355650917526638e571aaefc19:1:120538)
    at ia (https://login.disney.com/_next/static/chunks/fd9d1056-1b638d2c16aebce5.js?dpl=114cb3a39009dd355650917526638e571aaefc19:1:95165)
    at https://login.disney.com/_next/static/chunks/fd9d1056-1b638d2c16aebce5.js?dpl=114cb3a39009dd355650917526638e571aaefc19:1:91091
    at https://login.disney.com/_next/static/chunks/fd9d1056-1b638d2c16aebce5.js?dpl=114cb3a39009dd355650917526638e571aaefc19:1:91098
    at oZ (https://login.disney.com/_next/static/chunks/fd9d1056-1b638d2c16aebce5.js?dpl=114cb3a39009dd355650917526638e571aaefc19:1:91203)
    at MessagePort.M (https://login.disney.com/_next/static/chunks/2117-ac9bc2e24ae48f96.js?dpl=114cb3a39009dd355650917526638e571aaefc19:1:85517)
[     778ms] Error: Minified React error #418; visit https://react.dev/errors/418 for the full message or use the non-minified dev environment for full errors and additional helpful warnings.
    at t5 (https://login.disney.com/_next/static/chunks/fd9d1056-1b638d2c16aebce5.js?dpl=114cb3a39009dd355650917526638e571aaefc19:1:24673)
    at iZ (https://login.disney.com/_next/static/chunks/fd9d1056-1b638d2c16aebce5.js?dpl=114cb3a39009dd355650917526638e571aaefc19:1:120538)
    at ia (https://login.disney.com/_next/static/chunks/fd9d1056-1b638d2c16aebce5.js?dpl=114cb3a39009dd355650917526638e571aaefc19:1:95165)
    at https://login.disney.com/_next/static/chunks/fd9d1056-1b638d2c16aebce5.js?dpl=114cb3a39009dd355650917526638e571aaefc19:1:91091
    at https://login.disney.com/_next/static/chunks/fd9d1056-1b638d2c16aebce5.js?dpl=114cb3a39009dd355650917526638e571aaefc19:1:91098
    at oZ (https://login.disney.com/_next/static/chunks/fd9d1056-1b638d2c16aebce5.js?dpl=114cb3a39009dd355650917526638e571aaefc19:1:91203)
    at MessagePort.M (https://login.disney.com/_next/static/chunks/2117-ac9bc2e24ae48f96.js?dpl=114cb3a39009dd355650917526638e571aaefc19:1:85517)
[     778ms] Error: Minified React error #418; visit https://react.dev/errors/418 for the full message or use the non-minified dev environment for full errors and additional helpful warnings.
    at t5 (https://login.disney.com/_next/static/chunks/fd9d1056-1b638d2c16aebce5.js?dpl=114cb3a39009dd355650917526638e571aaefc19:1:24673)
    at iZ (https://login.disney.com/_next/static/chunks/fd9d1056-1b638d2c16aebce5.js?dpl=114cb3a39009dd355650917526638e571aaefc19:1:120538)
    at ia (https://login.disney.com/_next/static/chunks/fd9d1056-1b638d2c16aebce5.js?dpl=114cb3a39009dd355650917526638e571aaefc19:1:95165)
    at https://login.disney.com/_next/static/chunks/fd9d1056-1b638d2c16aebce5.js?dpl=114cb3a39009dd355650917526638e571aaefc19:1:91091
    at https://login.disney.com/_next/static/chunks/fd9d1056-1b638d2c16aebce5.js?dpl=114cb3a39009dd355650917526638e571aaefc19:1:91098
    at oZ (https://login.disney.com/_next/static/chunks/fd9d1056-1b638d2c16aebce5.js?dpl=114cb3a39009dd355650917526638e571aaefc19:1:91203)
    at MessagePort.M (https://login.disney.com/_next/static/chunks/2117-ac9bc2e24ae48f96.js?dpl=114cb3a39009dd355650917526638e571aaefc19:1:85517)
[     778ms] Error: Minified React error #418; visit https://react.dev/errors/418 for the full message or use the non-minified dev environment for full errors and additional helpful warnings.
    at t5 (https://login.disney.com/_next/static/chunks/fd9d1056-1b638d2c16aebce5.js?dpl=114cb3a39009dd355650917526638e571aaefc19:1:24673)
    at iZ (https://login.disney.com/_next/static/chunks/fd9d1056-1b638d2c16aebce5.js?dpl=114cb3a39009dd355650917526638e571aaefc19:1:120538)
    at ia (https://login.disney.com/_next/static/chunks/fd9d1056-1b638d2c16aebce5.js?dpl=114cb3a39009dd355650917526638e571aaefc19:1:95165)
    at https://login.disney.com/_next/static/chunks/fd9d1056-1b638d2c16aebce5.js?dpl=114cb3a39009dd355650917526638e571aaefc19:1:91091
    at https://login.disney.com/_next/static/chunks/fd9d1056-1b638d2c16aebce5.js?dpl=114cb3a39009dd355650917526638e571aaefc19:1:91098
    at oZ (https://login.disney.com/_next/static/chunks/fd9d1056-1b638d2c16aebce5.js?dpl=114cb3a39009dd355650917526638e571aaefc19:1:91203)
    at MessagePort.M (https://login.disney.com/_next/static/chunks/2117-ac9bc2e24ae48f96.js?dpl=114cb3a39009dd355650917526638e571aaefc19:1:85517)
[     778ms] Error: Minified React error #418; visit https://react.dev/errors/418 for the full message or use the non-minified dev environment for full errors and additional helpful warnings.
    at t5 (https://login.disney.com/_next/static/chunks/fd9d1056-1b638d2c16aebce5.js?dpl=114cb3a39009dd355650917526638e571aaefc19:1:24673)
    at iZ (https://login.disney.com/_next/static/chunks/fd9d1056-1b638d2c16aebce5.js?dpl=114cb3a39009dd355650917526638e571aaefc19:1:120538)
    at ia (https://login.disney.com/_next/static/chunks/fd9d1056-1b638d2c16aebce5.js?dpl=114cb3a39009dd355650917526638e571aaefc19:1:95165)
    at https://login.disney.com/_next/static/chunks/fd9d1056-1b638d2c16aebce5.js?dpl=114cb3a39009dd355650917526638e571aaefc19:1:91091
    at https://login.disney.com/_next/static/chunks/fd9d1056-1b638d2c16aebce5.js?dpl=114cb3a39009dd355650917526638e571aaefc19:1:91098
    at oZ (https://login.disney.com/_next/static/chunks/fd9d1056-1b638d2c16aebce5.js?dpl=114cb3a39009dd355650917526638e571aaefc19:1:91203)
    at MessagePort.M (https://login.disney.com/_next/static/chunks/2117-ac9bc2e24ae48f96.js?dpl=114cb3a39009dd355650917526638e571aaefc19:1:85517)
[     778ms] Error: Minified React error #418; visit https://react.dev/errors/418 for the full message or use the non-minified dev environment for full errors and additional helpful warnings.
    at t5 (https://login.disney.com/_next/static/chunks/fd9d1056-1b638d2c16aebce5.js?dpl=114cb3a39009dd355650917526638e571aaefc19:1:24673)
    at iZ (https://login.disney.com/_next/static/chunks/fd9d1056-1b638d2c16aebce5.js?dpl=114cb3a39009dd355650917526638e571aaefc19:1:120538)
    at ia (https://login.disney.com/_next/static/chunks/fd9d1056-1b638d2c16aebce5.js?dpl=114cb3a39009dd355650917526638e571aaefc19:1:95165)
    at https://login.disney.com/_next/static/chunks/fd9d1056-1b638d2c16aebce5.js?dpl=114cb3a39009dd355650917526638e571aaefc19:1:91091
    at https://login.disney.com/_next/static/chunks/fd9d1056-1b638d2c16aebce5.js?dpl=114cb3a39009dd355650917526638e571aaefc19:1:91098
    at oZ (https://login.disney.com/_next/static/chunks/fd9d1056-1b638d2c16aebce5.js?dpl=114cb3a39009dd355650917526638e571aaefc19:1:91203)
    at MessagePort.M (https://login.disney.com/_next/static/chunks/2117-ac9bc2e24ae48f96.js?dpl=114cb3a39009dd355650917526638e571aaefc19:1:85517)
[     778ms] Error: Minified React error #418; visit https://react.dev/errors/418 for the full message or use the non-minified dev environment for full errors and additional helpful warnings.
    at t5 (https://login.disney.com/_next/static/chunks/fd9d1056-1b638d2c16aebce5.js?dpl=114cb3a39009dd355650917526638e571aaefc19:1:24673)
    at t9 (https://login.disney.com/_next/static/chunks/fd9d1056-1b638d2c16aebce5.js?dpl=114cb3a39009dd355650917526638e571aaefc19:1:25045)
    at https://login.disney.com/_next/static/chunks/fd9d1056-1b638d2c16aebce5.js?dpl=114cb3a39009dd355650917526638e571aaefc19:1:99413
    at iu (https://login.disney.com/_next/static/chunks/fd9d1056-1b638d2c16aebce5.js?dpl=114cb3a39009dd355650917526638e571aaefc19:1:103870)
    at ia (https://login.disney.com/_next/static/chunks/fd9d1056-1b638d2c16aebce5.js?dpl=114cb3a39009dd355650917526638e571aaefc19:1:95226)
    at https://login.disney.com/_next/static/chunks/fd9d1056-1b638d2c16aebce5.js?dpl=114cb3a39009dd355650917526638e571aaefc19:1:91091
    at https://login.disney.com/_next/static/chunks/fd9d1056-1b638d2c16aebce5.js?dpl=114cb3a39009dd355650917526638e571aaefc19:1:91098
    at oZ (https://login.disney.com/_next/static/chunks/fd9d1056-1b638d2c16aebce5.js?dpl=114cb3a39009dd355650917526638e571aaefc19:1:91203)
    at MessagePort.M (https://login.disney.com/_next/static/chunks/2117-ac9bc2e24ae48f96.js?dpl=114cb3a39009dd355650917526638e571aaefc19:1:85517)
[     778ms] Error: Minified React error #423; visit https://react.dev/errors/423 for the full message or use the non-minified dev environment for full errors and additional helpful warnings.
    at iZ (https://login.disney.com/_next/static/chunks/fd9d1056-1b638d2c16aebce5.js?dpl=114cb3a39009dd355650917526638e571aaefc19:1:118352)
    at ia (https://login.disney.com/_next/static/chunks/fd9d1056-1b638d2c16aebce5.js?dpl=114cb3a39009dd355650917526638e571aaefc19:1:95165)
    at https://login.disney.com/_next/static/chunks/fd9d1056-1b638d2c16aebce5.js?dpl=114cb3a39009dd355650917526638e571aaefc19:1:94987
    at il (https://login.disney.com/_next/static/chunks/fd9d1056-1b638d2c16aebce5.js?dpl=114cb3a39009dd355650917526638e571aaefc19:1:94994)
    at oJ (https://login.disney.com/_next/static/chunks/fd9d1056-1b638d2c16aebce5.js?dpl=114cb3a39009dd355650917526638e571aaefc19:1:92350)
    at oZ (https://login.disney.com/_next/static/chunks/fd9d1056-1b638d2c16aebce5.js?dpl=114cb3a39009dd355650917526638e571aaefc19:1:91769)
    at MessagePort.M (https://login.disney.com/_next/static/chunks/2117-ac9bc2e24ae48f96.js?dpl=114cb3a39009dd355650917526638e571aaefc19:1:85517)
[     782ms] [WARNING] Datadog Browser SDK: No storage available for session. We will not send any data. @ https://login.disney.com/_next/static/chunks/7738-d90cd4784ea0ab97.js?dpl=114cb3a39009dd355650917526638e571aaefc19:0
[     789ms] [ERROR] [ERROR] Error during tokenRefresh:  fe: User not logged in
    at https://cdn.disneyaccount.com/v5/sdk.js:2:99545
    at https://cdn.disneyaccount.com/v5/sdk.js:2:99612
    at Generator.next (<anonymous>)
    at o (https://cdn.disneyaccount.com/v5/sdk.js:2:98824)
    at nrWrapper (https://www.nationalgeographic.com/travel/article/best-of-the-world-2025:38:30158) @ https://cdn.disneyaccount.com/v5/sdk.js:1
[     790ms] [ERROR] [ERROR] Failed to return token fe: User not logged in
    at https://cdn.disneyaccount.com/v5/sdk.js:2:99545
    at https://cdn.disneyaccount.com/v5/sdk.js:2:99612
    at Generator.next (<anonymous>)
    at o (https://cdn.disneyaccount.com/v5/sdk.js:2:98824)
    at nrWrapper (https://www.nationalgeographic.com/travel/article/best-of-the-world-2025:38:30158) @ https://cdn.disneyaccount.com/v5/sdk.js:1
[     790ms] [ERROR] [ERROR] Error fetching guest data:  fe: User not logged in
    at https://cdn.disneyaccount.com/v5/sdk.js:2:99545
    at https://cdn.disneyaccount.com/v5/sdk.js:2:99612
    at Generator.next (<anonymous>)
    at o (https://cdn.disneyaccount.com/v5/sdk.js:2:98824)
    at nrWrapper (https://www.nationalgeographic.com/travel/article/best-of-the-world-2025:38:30158) @ https://cdn.disneyaccount.com/v5/sdk.js:1
[     883ms] [LOG] [19:21:45.892Z] [32mINFO[39m {appid: IDENTITY-SDK-V5, lightbox_version: 1.0.830, sdk_version: web v5 1.0.830, platform: web, git_sha: 114cb3a39009dd355650917526638e571aaefc19} @ https://login.disney.com/_next/static/chunks/958-4eb4d446ab212851.js?dpl=114cb3a39009dd355650917526638e571aaefc19:0
