[     613ms] [WARNING] document.domain mutation is ignored because the surrounding agent cluster is origin-keyed. @ https://www.nytimes.com/interactive/2024/09/19/travel/things-to-do-malmo-sweden.html:48
[     709ms] [WARNING] limitedAds is not set, defaulting to false @ https://www.nytimes.com/interactive/2024/09/19/travel/things-to-do-malmo-sweden.html:133
[     777ms] [WARNING] et2 snippet should only load once per page @ :49
[     848ms] [WARNING]   WARN  [Statsig] Creating multiple Statsig clients with the same SDK key can lead to unexpected behavior. Multi-instance support requires different SDK keys. @ https://static01.nytimes.com/newsgraphics/2024-01-30-36-hours-generator/9df39d37-fb7b-498c-bcb4-8b4c977f6424/_assets/_app/immutable/entry/start.JUlsI8u8.js:6
[     865ms] [WARNING] <Image> was created without expected prop 'credit' @ https://static01.nytimes.com/newsgraphics/2024-01-30-36-hours-generator/9df39d37-fb7b-498c-bcb4-8b4c977f6424/_assets/_app/immutable/entry/start.JUlsI8u8.js:6
[     865ms] [WARNING] <Image> was created without expected prop 'className' @ https://static01.nytimes.com/newsgraphics/2024-01-30-36-hours-generator/9df39d37-fb7b-498c-bcb4-8b4c977f6424/_assets/_app/immutable/entry/start.JUlsI8u8.js:6
[     865ms] [WARNING] <Image> was created without expected prop 'maxWidth' @ https://static01.nytimes.com/newsgraphics/2024-01-30-36-hours-generator/9df39d37-fb7b-498c-bcb4-8b4c977f6424/_assets/_app/immutable/entry/start.JUlsI8u8.js:6
[     865ms] [WARNING] <ExtendedByline> was created without expected prop 'theme' @ https://static01.nytimes.com/newsgraphics/2024-01-30-36-hours-generator/9df39d37-fb7b-498c-bcb4-8b4c977f6424/_assets/_app/immutable/entry/start.JUlsI8u8.js:6
[     865ms] [WARNING] <Image> was created without expected prop 'className' @ https://static01.nytimes.com/newsgraphics/2024-01-30-36-hours-generator/9df39d37-fb7b-498c-bcb4-8b4c977f6424/_assets/_app/immutable/entry/start.JUlsI8u8.js:6
[     865ms] [WARNING] <Image> was created without expected prop 'maxWidth' @ https://static01.nytimes.com/newsgraphics/2024-01-30-36-hours-generator/9df39d37-fb7b-498c-bcb4-8b4c977f6424/_assets/_app/immutable/entry/start.JUlsI8u8.js:6
[     865ms] [WARNING] <Image> was created without expected prop 'className' @ https://static01.nytimes.com/newsgraphics/2024-01-30-36-hours-generator/9df39d37-fb7b-498c-bcb4-8b4c977f6424/_assets/_app/immutable/entry/start.JUlsI8u8.js:6
[     865ms] [WARNING] <Image> was created without expected prop 'maxWidth' @ https://static01.nytimes.com/newsgraphics/2024-01-30-36-hours-generator/9df39d37-fb7b-498c-bcb4-8b4c977f6424/_assets/_app/immutable/entry/start.JUlsI8u8.js:6
[     865ms] [WARNING] <Image> was created without expected prop 'className' @ https://static01.nytimes.com/newsgraphics/2024-01-30-36-hours-generator/9df39d37-fb7b-498c-bcb4-8b4c977f6424/_assets/_app/immutable/entry/start.JUlsI8u8.js:6
[     865ms] [WARNING] <Image> was created without expected prop 'maxWidth' @ https://static01.nytimes.com/newsgraphics/2024-01-30-36-hours-generator/9df39d37-fb7b-498c-bcb4-8b4c977f6424/_assets/_app/immutable/entry/start.JUlsI8u8.js:6
[     865ms] [WARNING] <Image> was created without expected prop 'className' @ https://static01.nytimes.com/newsgraphics/2024-01-30-36-hours-generator/9df39d37-fb7b-498c-bcb4-8b4c977f6424/_assets/_app/immutable/entry/start.JUlsI8u8.js:6
[     865ms] [WARNING] <Image> was created without expected prop 'maxWidth' @ https://static01.nytimes.com/newsgraphics/2024-01-30-36-hours-generator/9df39d37-fb7b-498c-bcb4-8b4c977f6424/_assets/_app/immutable/entry/start.JUlsI8u8.js:6
[     865ms] [WARNING] <Image> was created without expected prop 'className' @ https://static01.nytimes.com/newsgraphics/2024-01-30-36-hours-generator/9df39d37-fb7b-498c-bcb4-8b4c977f6424/_assets/_app/immutable/entry/start.JUlsI8u8.js:6
[     865ms] [WARNING] <Image> was created without expected prop 'maxWidth' @ https://static01.nytimes.com/newsgraphics/2024-01-30-36-hours-generator/9df39d37-fb7b-498c-bcb4-8b4c977f6424/_assets/_app/immutable/entry/start.JUlsI8u8.js:6
[     865ms] [WARNING] <Image> was created without expected prop 'className' @ https://static01.nytimes.com/newsgraphics/2024-01-30-36-hours-generator/9df39d37-fb7b-498c-bcb4-8b4c977f6424/_assets/_app/immutable/entry/start.JUlsI8u8.js:6
[     865ms] [WARNING] <Image> was created without expected prop 'maxWidth' @ https://static01.nytimes.com/newsgraphics/2024-01-30-36-hours-generator/9df39d37-fb7b-498c-bcb4-8b4c977f6424/_assets/_app/immutable/entry/start.JUlsI8u8.js:6
[     865ms] [WARNING] <Image> was created without expected prop 'credit' @ https://static01.nytimes.com/newsgraphics/2024-01-30-36-hours-generator/9df39d37-fb7b-498c-bcb4-8b4c977f6424/_assets/_app/immutable/entry/start.JUlsI8u8.js:6
[     865ms] [WARNING] <Image> was created without expected prop 'className' @ https://static01.nytimes.com/newsgraphics/2024-01-30-36-hours-generator/9df39d37-fb7b-498c-bcb4-8b4c977f6424/_assets/_app/immutable/entry/start.JUlsI8u8.js:6
[     865ms] [WARNING] <Image> was created without expected prop 'maxWidth' @ https://static01.nytimes.com/newsgraphics/2024-01-30-36-hours-generator/9df39d37-fb7b-498c-bcb4-8b4c977f6424/_assets/_app/immutable/entry/start.JUlsI8u8.js:6
[     865ms] [WARNING] <Image> was created without expected prop 'className' @ https://static01.nytimes.com/newsgraphics/2024-01-30-36-hours-generator/9df39d37-fb7b-498c-bcb4-8b4c977f6424/_assets/_app/immutable/entry/start.JUlsI8u8.js:6
[     865ms] [WARNING] <Image> was created without expected prop 'maxWidth' @ https://static01.nytimes.com/newsgraphics/2024-01-30-36-hours-generator/9df39d37-fb7b-498c-bcb4-8b4c977f6424/_assets/_app/immutable/entry/start.JUlsI8u8.js:6
[     865ms] [WARNING] <Image> was created without expected prop 'className' @ https://static01.nytimes.com/newsgraphics/2024-01-30-36-hours-generator/9df39d37-fb7b-498c-bcb4-8b4c977f6424/_assets/_app/immutable/entry/start.JUlsI8u8.js:6
[     865ms] [WARNING] <Image> was created without expected prop 'maxWidth' @ https://static01.nytimes.com/newsgraphics/2024-01-30-36-hours-generator/9df39d37-fb7b-498c-bcb4-8b4c977f6424/_assets/_app/immutable/entry/start.JUlsI8u8.js:6
[     865ms] [WARNING] <Image> was created without expected prop 'className' @ https://static01.nytimes.com/newsgraphics/2024-01-30-36-hours-generator/9df39d37-fb7b-498c-bcb4-8b4c977f6424/_assets/_app/immutable/entry/start.JUlsI8u8.js:6
[     865ms] [WARNING] <Image> was created without expected prop 'maxWidth' @ https://static01.nytimes.com/newsgraphics/2024-01-30-36-hours-generator/9df39d37-fb7b-498c-bcb4-8b4c977f6424/_assets/_app/immutable/entry/start.JUlsI8u8.js:6
[     865ms] [WARNING] <Image> was created without expected prop 'className' @ https://static01.nytimes.com/newsgraphics/2024-01-30-36-hours-generator/9df39d37-fb7b-498c-bcb4-8b4c977f6424/_assets/_app/immutable/entry/start.JUlsI8u8.js:6
[     865ms] [WARNING] <Image> was created without expected prop 'maxWidth' @ https://static01.nytimes.com/newsgraphics/2024-01-30-36-hours-generator/9df39d37-fb7b-498c-bcb4-8b4c977f6424/_assets/_app/immutable/entry/start.JUlsI8u8.js:6
[     865ms] [WARNING] <Image> was created without expected prop 'className' @ https://static01.nytimes.com/newsgraphics/2024-01-30-36-hours-generator/9df39d37-fb7b-498c-bcb4-8b4c977f6424/_assets/_app/immutable/entry/start.JUlsI8u8.js:6
[     865ms] [WARNING] <Image> was created without expected prop 'maxWidth' @ https://static01.nytimes.com/newsgraphics/2024-01-30-36-hours-generator/9df39d37-fb7b-498c-bcb4-8b4c977f6424/_assets/_app/immutable/entry/start.JUlsI8u8.js:6
[     865ms] [WARNING] <Image> was created without expected prop 'className' @ https://static01.nytimes.com/newsgraphics/2024-01-30-36-hours-generator/9df39d37-fb7b-498c-bcb4-8b4c977f6424/_assets/_app/immutable/entry/start.JUlsI8u8.js:6
[     865ms] [WARNING] <Image> was created without expected prop 'maxWidth' @ https://static01.nytimes.com/newsgraphics/2024-01-30-36-hours-generator/9df39d37-fb7b-498c-bcb4-8b4c977f6424/_assets/_app/immutable/entry/start.JUlsI8u8.js:6
[     866ms] [WARNING] <Image> was created without expected prop 'className' @ https://static01.nytimes.com/newsgraphics/2024-01-30-36-hours-generator/9df39d37-fb7b-498c-bcb4-8b4c977f6424/_assets/_app/immutable/entry/start.JUlsI8u8.js:6
[     866ms] [WARNING] <Image> was created without expected prop 'maxWidth' @ https://static01.nytimes.com/newsgraphics/2024-01-30-36-hours-generator/9df39d37-fb7b-498c-bcb4-8b4c977f6424/_assets/_app/immutable/entry/start.JUlsI8u8.js:6
[     866ms] [WARNING] <Image> was created without expected prop 'className' @ https://static01.nytimes.com/newsgraphics/2024-01-30-36-hours-generator/9df39d37-fb7b-498c-bcb4-8b4c977f6424/_assets/_app/immutable/entry/start.JUlsI8u8.js:6
[     866ms] [WARNING] <Image> was created without expected prop 'maxWidth' @ https://static01.nytimes.com/newsgraphics/2024-01-30-36-hours-generator/9df39d37-fb7b-498c-bcb4-8b4c977f6424/_assets/_app/immutable/entry/start.JUlsI8u8.js:6
[     866ms] [WARNING] <Image> was created without expected prop 'className' @ https://static01.nytimes.com/newsgraphics/2024-01-30-36-hours-generator/9df39d37-fb7b-498c-bcb4-8b4c977f6424/_assets/_app/immutable/entry/start.JUlsI8u8.js:6
[     866ms] [WARNING] <Image> was created without expected prop 'maxWidth' @ https://static01.nytimes.com/newsgraphics/2024-01-30-36-hours-generator/9df39d37-fb7b-498c-bcb4-8b4c977f6424/_assets/_app/immutable/entry/start.JUlsI8u8.js:6
[     866ms] [WARNING] <Image> was created without expected prop 'className' @ https://static01.nytimes.com/newsgraphics/2024-01-30-36-hours-generator/9df39d37-fb7b-498c-bcb4-8b4c977f6424/_assets/_app/immutable/entry/start.JUlsI8u8.js:6
[     866ms] [WARNING] <Image> was created without expected prop 'maxWidth' @ https://static01.nytimes.com/newsgraphics/2024-01-30-36-hours-generator/9df39d37-fb7b-498c-bcb4-8b4c977f6424/_assets/_app/immutable/entry/start.JUlsI8u8.js:6
[     866ms] [WARNING] <Image> was created without expected prop 'className' @ https://static01.nytimes.com/newsgraphics/2024-01-30-36-hours-generator/9df39d37-fb7b-498c-bcb4-8b4c977f6424/_assets/_app/immutable/entry/start.JUlsI8u8.js:6
[     866ms] [WARNING] <Image> was created without expected prop 'maxWidth' @ https://static01.nytimes.com/newsgraphics/2024-01-30-36-hours-generator/9df39d37-fb7b-498c-bcb4-8b4c977f6424/_assets/_app/immutable/entry/start.JUlsI8u8.js:6
[     866ms] [WARNING] <Image> was created without expected prop 'credit' @ https://static01.nytimes.com/newsgraphics/2024-01-30-36-hours-generator/9df39d37-fb7b-498c-bcb4-8b4c977f6424/_assets/_app/immutable/entry/start.JUlsI8u8.js:6
[     866ms] [WARNING] <Image> was created without expected prop 'className' @ https://static01.nytimes.com/newsgraphics/2024-01-30-36-hours-generator/9df39d37-fb7b-498c-bcb4-8b4c977f6424/_assets/_app/immutable/entry/start.JUlsI8u8.js:6
[     866ms] [WARNING] <Image> was created without expected prop 'maxWidth' @ https://static01.nytimes.com/newsgraphics/2024-01-30-36-hours-generator/9df39d37-fb7b-498c-bcb4-8b4c977f6424/_assets/_app/immutable/entry/start.JUlsI8u8.js:6
[     866ms] [WARNING] <Image> was created without expected prop 'className' @ https://static01.nytimes.com/newsgraphics/2024-01-30-36-hours-generator/9df39d37-fb7b-498c-bcb4-8b4c977f6424/_assets/_app/immutable/entry/start.JUlsI8u8.js:6
[     866ms] [WARNING] <Image> was created without expected prop 'maxWidth' @ https://static01.nytimes.com/newsgraphics/2024-01-30-36-hours-generator/9df39d37-fb7b-498c-bcb4-8b4c977f6424/_assets/_app/immutable/entry/start.JUlsI8u8.js:6
[     949ms] [WARNING] [GPT] PubAdsService.getTargetingKeys is deprecated, use googletag.getConfig('targeting') instead.
https://goo.gle/gpt-message#200 @ https://static01.nytimes.com/newsgraphics/2024-01-30-36-hours-generator/9df39d37-fb7b-498c-bcb4-8b4c977f6424/_assets/_app/immutable/entry/start.JUlsI8u8.js:6
[     951ms] [WARNING] [GPT] Slot.setTargeting is deprecated, use Slot.setConfig({targeting: ...}) instead.
https://goo.gle/gpt-message#171 @ https://static01.nytimes.com/newsgraphics/2024-01-30-36-hours-generator/9df39d37-fb7b-498c-bcb4-8b4c977f6424/_assets/_app/immutable/entry/start.JUlsI8u8.js:6
[    1275ms] [ERROR] Failed to load resource: the server responded with a status of 404 () @ https://s.go-mpulse.net/boomerang/ATH8A-MAMN8-XPXCH-N5KAX-8D239:0
[    1292ms] [ERROR] Failed to load resource: the server responded with a status of 404 () @ https://s.go-mpulse.net/boomerang/ATH8A-MAMN8-XPXCH-N5KAX-8D239:0
[    1298ms] [ERROR] Creating a worker from 'blob:https://myaccount.nytimes.com/6d2711be-09a7-4ce5-bec8-5368c84ee14f' violates the following Content Security Policy directive: "script-src 'self' 'unsafe-inline' 'unsafe-eval' *.nytimes.com *.nyt.com https://www.gstatic.com https://www.google.com https://www.googletagmanager.com https://www.google-analytics.com https://sc-static.net https://js.datadome.co https://*.go-mpulse.net". Note that 'worker-src' was not explicitly set, so 'script-src' is used as a fallback. The action has been blocked. @ https://dd.nytimes.com/tags.js:1
[    1886ms] [WARNING]   WARN  [Statsig] Creating multiple Statsig clients with the same SDK key can lead to unexpected behavior. Multi-instance support requires different SDK keys. @ https://static01.nytimes.com/newsgraphics/2024-01-30-36-hours-generator/9df39d37-fb7b-498c-bcb4-8b4c977f6424/_assets/_app/immutable/entry/start.JUlsI8u8.js:6
[    4829ms] [WARNING] The resource https://s.go-mpulse.net/boomerang/ATH8A-MAMN8-XPXCH-N5KAX-8D239 was preloaded using link preload but not used within a few seconds from the window's load event. Please make sure it has an appropriate `as` value and it is preloaded intentionally. @ https://myaccount.nytimes.com/auth/iframe/enter-email?response_type=cookie&client_id=oma&redirect_uri=https%3A%2F%2Fwww.nytimes.com%2Fsubscription%2Fonboarding-offer%3FcampaignId%3D7JFJX%26redirect_uri%3Dhttps%253A%252F%252Fwww.nytimes.com%252Finteractive%252F2024%252F09%252F19%252Ftravel%252Fthings-to-do-malmo-sweden.html%26EXIT_URI%3Dhttps%253A%252F%252Fwww.nytimes.com%252Finteractive%252F2024%252F09%252F19%252Ftravel%252Fthings-to-do-malmo-sweden.html&display=regiwall_lire&asset=RegiWall&application=OMA&preloaded=true#lire-ui-549680:0
[   13034ms] [ERROR] UserInfoAgentID unavailable. @ https://myaccount.nytimes.com/auth/iframe/enter-email?response_type=cookie&client_id=oma&redirect_uri=https%3A%2F%2Fwww.nytimes.com%2Fsubscription%2Fonboarding-offer%3FcampaignId%3D7JFJX%26redirect_uri%3Dhttps%253A%252F%252Fwww.nytimes.com%252Finteractive%252F2024%252F09%252F19%252Ftravel%252Fthings-to-do-malmo-sweden.html%26EXIT_URI%3Dhttps%253A%252F%252Fwww.nytimes.com%252Finteractive%252F2024%252F09%252F19%252Ftravel%252Fthings-to-do-malmo-sweden.html&display=regiwall_lire&asset=RegiWall&application=OMA&preloaded=true:262
