[     255ms] [WARNING] document.domain mutation is ignored because the surrounding agent cluster is origin-keyed. @ https://www.nytimes.com/interactive/2024/06/13/travel/things-to-do-ljubljana.html:48
[     396ms] [WARNING] limitedAds is not set, defaulting to false @ https://www.nytimes.com/interactive/2024/06/13/travel/things-to-do-ljubljana.html:134
[     640ms] [WARNING] et2 snippet should only load once per page @ https://static01.nytimes.com/newsgraphics/2024-01-30-36-hours-generator/16adf00d-9361-4054-b8e4-c5b959497381/_assets/_app/immutable/entry/start.ZlCdxGYW.js:6
[     698ms] [WARNING] <Image> was created without expected prop 'className' @ https://static01.nytimes.com/newsgraphics/2024-01-30-36-hours-generator/16adf00d-9361-4054-b8e4-c5b959497381/_assets/_app/immutable/entry/start.ZlCdxGYW.js:6
[     698ms] [WARNING] <Image> was created without expected prop 'maxWidth' @ https://static01.nytimes.com/newsgraphics/2024-01-30-36-hours-generator/16adf00d-9361-4054-b8e4-c5b959497381/_assets/_app/immutable/entry/start.ZlCdxGYW.js:6
[     698ms] [WARNING] <ExtendedByline> was created without expected prop 'theme' @ https://static01.nytimes.com/newsgraphics/2024-01-30-36-hours-generator/16adf00d-9361-4054-b8e4-c5b959497381/_assets/_app/immutable/entry/start.ZlCdxGYW.js:6
[     698ms] [WARNING] <Image> was created without expected prop 'className' @ https://static01.nytimes.com/newsgraphics/2024-01-30-36-hours-generator/16adf00d-9361-4054-b8e4-c5b959497381/_assets/_app/immutable/entry/start.ZlCdxGYW.js:6
[     698ms] [WARNING] <Image> was created without expected prop 'maxWidth' @ https://static01.nytimes.com/newsgraphics/2024-01-30-36-hours-generator/16adf00d-9361-4054-b8e4-c5b959497381/_assets/_app/immutable/entry/start.ZlCdxGYW.js:6
[     698ms] [WARNING] <Image> was created without expected prop 'className' @ https://static01.nytimes.com/newsgraphics/2024-01-30-36-hours-generator/16adf00d-9361-4054-b8e4-c5b959497381/_assets/_app/immutable/entry/start.ZlCdxGYW.js:6
[     698ms] [WARNING] <Image> was created without expected prop 'maxWidth' @ https://static01.nytimes.com/newsgraphics/2024-01-30-36-hours-generator/16adf00d-9361-4054-b8e4-c5b959497381/_assets/_app/immutable/entry/start.ZlCdxGYW.js:6
[     698ms] [WARNING] <Image> was created without expected prop 'className' @ https://static01.nytimes.com/newsgraphics/2024-01-30-36-hours-generator/16adf00d-9361-4054-b8e4-c5b959497381/_assets/_app/immutable/entry/start.ZlCdxGYW.js:6
[     698ms] [WARNING] <Image> was created without expected prop 'maxWidth' @ https://static01.nytimes.com/newsgraphics/2024-01-30-36-hours-generator/16adf00d-9361-4054-b8e4-c5b959497381/_assets/_app/immutable/entry/start.ZlCdxGYW.js:6
[     698ms] [WARNING] <Image> was created without expected prop 'className' @ https://static01.nytimes.com/newsgraphics/2024-01-30-36-hours-generator/16adf00d-9361-4054-b8e4-c5b959497381/_assets/_app/immutable/entry/start.ZlCdxGYW.js:6
[     698ms] [WARNING] <Image> was created without expected prop 'maxWidth' @ https://static01.nytimes.com/newsgraphics/2024-01-30-36-hours-generator/16adf00d-9361-4054-b8e4-c5b959497381/_assets/_app/immutable/entry/start.ZlCdxGYW.js:6
[     698ms] [WARNING] <Image> was created without expected prop 'className' @ https://static01.nytimes.com/newsgraphics/2024-01-30-36-hours-generator/16adf00d-9361-4054-b8e4-c5b959497381/_assets/_app/immutable/entry/start.ZlCdxGYW.js:6
[     698ms] [WARNING] <Image> was created without expected prop 'maxWidth' @ https://static01.nytimes.com/newsgraphics/2024-01-30-36-hours-generator/16adf00d-9361-4054-b8e4-c5b959497381/_assets/_app/immutable/entry/start.ZlCdxGYW.js:6
[     698ms] [WARNING] <Image> was created without expected prop 'className' @ https://static01.nytimes.com/newsgraphics/2024-01-30-36-hours-generator/16adf00d-9361-4054-b8e4-c5b959497381/_assets/_app/immutable/entry/start.ZlCdxGYW.js:6
[     698ms] [WARNING] <Image> was created without expected prop 'maxWidth' @ https://static01.nytimes.com/newsgraphics/2024-01-30-36-hours-generator/16adf00d-9361-4054-b8e4-c5b959497381/_assets/_app/immutable/entry/start.ZlCdxGYW.js:6
[     698ms] [WARNING] <Image> was created without expected prop 'className' @ https://static01.nytimes.com/newsgraphics/2024-01-30-36-hours-generator/16adf00d-9361-4054-b8e4-c5b959497381/_assets/_app/immutable/entry/start.ZlCdxGYW.js:6
[     698ms] [WARNING] <Image> was created without expected prop 'maxWidth' @ https://static01.nytimes.com/newsgraphics/2024-01-30-36-hours-generator/16adf00d-9361-4054-b8e4-c5b959497381/_assets/_app/immutable/entry/start.ZlCdxGYW.js:6
[     698ms] [WARNING] <Image> was created without expected prop 'className' @ https://static01.nytimes.com/newsgraphics/2024-01-30-36-hours-generator/16adf00d-9361-4054-b8e4-c5b959497381/_assets/_app/immutable/entry/start.ZlCdxGYW.js:6
[     698ms] [WARNING] <Image> was created without expected prop 'maxWidth' @ https://static01.nytimes.com/newsgraphics/2024-01-30-36-hours-generator/16adf00d-9361-4054-b8e4-c5b959497381/_assets/_app/immutable/entry/start.ZlCdxGYW.js:6
[     698ms] [WARNING] <Image> was created without expected prop 'className' @ https://static01.nytimes.com/newsgraphics/2024-01-30-36-hours-generator/16adf00d-9361-4054-b8e4-c5b959497381/_assets/_app/immutable/entry/start.ZlCdxGYW.js:6
[     698ms] [WARNING] <Image> was created without expected prop 'maxWidth' @ https://static01.nytimes.com/newsgraphics/2024-01-30-36-hours-generator/16adf00d-9361-4054-b8e4-c5b959497381/_assets/_app/immutable/entry/start.ZlCdxGYW.js:6
[     698ms] [WARNING] <Image> was created without expected prop 'className' @ https://static01.nytimes.com/newsgraphics/2024-01-30-36-hours-generator/16adf00d-9361-4054-b8e4-c5b959497381/_assets/_app/immutable/entry/start.ZlCdxGYW.js:6
[     699ms] [WARNING] <Image> was created without expected prop 'maxWidth' @ https://static01.nytimes.com/newsgraphics/2024-01-30-36-hours-generator/16adf00d-9361-4054-b8e4-c5b959497381/_assets/_app/immutable/entry/start.ZlCdxGYW.js:6
[     699ms] [WARNING] <Image> was created without expected prop 'className' @ https://static01.nytimes.com/newsgraphics/2024-01-30-36-hours-generator/16adf00d-9361-4054-b8e4-c5b959497381/_assets/_app/immutable/entry/start.ZlCdxGYW.js:6
[     699ms] [WARNING] <Image> was created without expected prop 'maxWidth' @ https://static01.nytimes.com/newsgraphics/2024-01-30-36-hours-generator/16adf00d-9361-4054-b8e4-c5b959497381/_assets/_app/immutable/entry/start.ZlCdxGYW.js:6
[     699ms] [WARNING] <Image> was created without expected prop 'className' @ https://static01.nytimes.com/newsgraphics/2024-01-30-36-hours-generator/16adf00d-9361-4054-b8e4-c5b959497381/_assets/_app/immutable/entry/start.ZlCdxGYW.js:6
[     699ms] [WARNING] <Image> was created without expected prop 'maxWidth' @ https://static01.nytimes.com/newsgraphics/2024-01-30-36-hours-generator/16adf00d-9361-4054-b8e4-c5b959497381/_assets/_app/immutable/entry/start.ZlCdxGYW.js:6
[     699ms] [WARNING] <Image> was created without expected prop 'className' @ https://static01.nytimes.com/newsgraphics/2024-01-30-36-hours-generator/16adf00d-9361-4054-b8e4-c5b959497381/_assets/_app/immutable/entry/start.ZlCdxGYW.js:6
[     699ms] [WARNING] <Image> was created without expected prop 'maxWidth' @ https://static01.nytimes.com/newsgraphics/2024-01-30-36-hours-generator/16adf00d-9361-4054-b8e4-c5b959497381/_assets/_app/immutable/entry/start.ZlCdxGYW.js:6
[     699ms] [WARNING] <Image> was created without expected prop 'className' @ https://static01.nytimes.com/newsgraphics/2024-01-30-36-hours-generator/16adf00d-9361-4054-b8e4-c5b959497381/_assets/_app/immutable/entry/start.ZlCdxGYW.js:6
[     699ms] [WARNING] <Image> was created without expected prop 'maxWidth' @ https://static01.nytimes.com/newsgraphics/2024-01-30-36-hours-generator/16adf00d-9361-4054-b8e4-c5b959497381/_assets/_app/immutable/entry/start.ZlCdxGYW.js:6
[     699ms] [WARNING] <Image> was created without expected prop 'className' @ https://static01.nytimes.com/newsgraphics/2024-01-30-36-hours-generator/16adf00d-9361-4054-b8e4-c5b959497381/_assets/_app/immutable/entry/start.ZlCdxGYW.js:6
[     699ms] [WARNING] <Image> was created without expected prop 'maxWidth' @ https://static01.nytimes.com/newsgraphics/2024-01-30-36-hours-generator/16adf00d-9361-4054-b8e4-c5b959497381/_assets/_app/immutable/entry/start.ZlCdxGYW.js:6
[     699ms] [WARNING] <Image> was created without expected prop 'className' @ https://static01.nytimes.com/newsgraphics/2024-01-30-36-hours-generator/16adf00d-9361-4054-b8e4-c5b959497381/_assets/_app/immutable/entry/start.ZlCdxGYW.js:6
[     699ms] [WARNING] <Image> was created without expected prop 'maxWidth' @ https://static01.nytimes.com/newsgraphics/2024-01-30-36-hours-generator/16adf00d-9361-4054-b8e4-c5b959497381/_assets/_app/immutable/entry/start.ZlCdxGYW.js:6
[     707ms] [WARNING]   WARN  [Statsig] Creating multiple Statsig clients with the same SDK key can lead to unexpected behavior. Multi-instance support requires different SDK keys. @ https://static01.nytimes.com/newsgraphics/2024-01-30-36-hours-generator/16adf00d-9361-4054-b8e4-c5b959497381/_assets/_app/immutable/entry/start.ZlCdxGYW.js:6
[     982ms] [WARNING] [GPT] PubAdsService.getTargetingKeys is deprecated, use googletag.getConfig('targeting') instead.
https://goo.gle/gpt-message#200 @ https://static01.nytimes.com/newsgraphics/2024-01-30-36-hours-generator/16adf00d-9361-4054-b8e4-c5b959497381/_assets/_app/immutable/entry/start.ZlCdxGYW.js:6
[     984ms] [WARNING] [GPT] Slot.setTargeting is deprecated, use Slot.setConfig({targeting: ...}) instead.
https://goo.gle/gpt-message#171 @ https://static01.nytimes.com/newsgraphics/2024-01-30-36-hours-generator/16adf00d-9361-4054-b8e4-c5b959497381/_assets/_app/immutable/entry/start.ZlCdxGYW.js:6
[    1191ms] [WARNING] [GSI_LOGGER]: Your client application uses one of the Google One Tap prompt UI status methods that may stop functioning when FedCM becomes mandatory. Refer to the migration guide to update your code accordingly and opt-in to FedCM to test your changes. Learn more: https://developers.google.com/identity/gsi/web/guides/fedcm-migration?s=dc#display_moment and https://developers.google.com/identity/gsi/web/guides/fedcm-migration?s=dc#skipped_moment @ https://static01.nytimes.com/newsgraphics/2024-01-30-36-hours-generator/16adf00d-9361-4054-b8e4-c5b959497381/_assets/_app/immutable/entry/start.ZlCdxGYW.js:6
[    1731ms] [WARNING]   WARN  [Statsig] Creating multiple Statsig clients with the same SDK key can lead to unexpected behavior. Multi-instance support requires different SDK keys. @ https://static01.nytimes.com/newsgraphics/2024-01-30-36-hours-generator/16adf00d-9361-4054-b8e4-c5b959497381/_assets/_app/immutable/entry/start.ZlCdxGYW.js:6
[   12874ms] [WARNING] event data {} must include a subject @ https://nyt-dti-prd-staticjs.storage.googleapis.com/analytics/et2/eventtracker-snippet.js:0
[   12915ms] [ERROR] Attestation check for Shared Storage on https://www.googleadservices.com failed. @ https://www.googleadservices.com/pagead/managed/js/activeview/current/reach_worklet.html:0
[   13003ms] [LOG] poster vid-1 https://tpc.googlesyndication.com/simgad/17809892494291519709? @ https://static01.nytimes.com/ads/tbrandcreativetech/libs/baymax/Baymax-121.r.js:1066
[   13069ms] [TIMEEND] a: 0.001953125 ms @ https://static.adsafeprotected.com/sca.17.6.4.js:31
