[     617ms] [ERROR] Error retrieving a token. @ https://www.nytimes.com/interactive/2025/09/04/travel/things-to-do-costa-brava.html:0
[     646ms] [WARNING] document.domain mutation is ignored because the surrounding agent cluster is origin-keyed. @ https://www.nytimes.com/interactive/2025/09/04/travel/things-to-do-costa-brava.html:48
[     693ms] [WARNING] limitedAds is not set, defaulting to false @ https://www.nytimes.com/interactive/2025/09/04/travel/things-to-do-costa-brava.html:134
[     694ms] [WARNING] userinfo data unavailable @ https://www.nytimes.com/interactive/2025/09/04/travel/things-to-do-costa-brava.html:136
[     719ms] [WARNING] <Image> was created without expected prop 'credit' @ https://static01.nytimes.com/newsgraphics/2024-01-30-36-hours-generator/c42f57bd-0794-4051-b5b5-258a64444f7a/_assets/_app/immutable/entry/start.MJUeXhEk.js:6
[     719ms] [WARNING] <Image> was created without expected prop 'className' @ https://static01.nytimes.com/newsgraphics/2024-01-30-36-hours-generator/c42f57bd-0794-4051-b5b5-258a64444f7a/_assets/_app/immutable/entry/start.MJUeXhEk.js:6
[     719ms] [WARNING] <Image> was created without expected prop 'maxWidth' @ https://static01.nytimes.com/newsgraphics/2024-01-30-36-hours-generator/c42f57bd-0794-4051-b5b5-258a64444f7a/_assets/_app/immutable/entry/start.MJUeXhEk.js:6
[     720ms] [WARNING] <ExtendedByline> was created without expected prop 'theme' @ https://static01.nytimes.com/newsgraphics/2024-01-30-36-hours-generator/c42f57bd-0794-4051-b5b5-258a64444f7a/_assets/_app/immutable/entry/start.MJUeXhEk.js:6
[     720ms] [WARNING] <Image> was created without expected prop 'className' @ https://static01.nytimes.com/newsgraphics/2024-01-30-36-hours-generator/c42f57bd-0794-4051-b5b5-258a64444f7a/_assets/_app/immutable/entry/start.MJUeXhEk.js:6
[     720ms] [WARNING] <Image> was created without expected prop 'maxWidth' @ https://static01.nytimes.com/newsgraphics/2024-01-30-36-hours-generator/c42f57bd-0794-4051-b5b5-258a64444f7a/_assets/_app/immutable/entry/start.MJUeXhEk.js:6
[     720ms] [WARNING] <Image> was created without expected prop 'className' @ https://static01.nytimes.com/newsgraphics/2024-01-30-36-hours-generator/c42f57bd-0794-4051-b5b5-258a64444f7a/_assets/_app/immutable/entry/start.MJUeXhEk.js:6
[     720ms] [WARNING] <Image> was created without expected prop 'maxWidth' @ https://static01.nytimes.com/newsgraphics/2024-01-30-36-hours-generator/c42f57bd-0794-4051-b5b5-258a64444f7a/_assets/_app/immutable/entry/start.MJUeXhEk.js:6
[     720ms] [WARNING] <Image> was created without expected prop 'className' @ https://static01.nytimes.com/newsgraphics/2024-01-30-36-hours-generator/c42f57bd-0794-4051-b5b5-258a64444f7a/_assets/_app/immutable/entry/start.MJUeXhEk.js:6
[     720ms] [WARNING] <Image> was created without expected prop 'maxWidth' @ https://static01.nytimes.com/newsgraphics/2024-01-30-36-hours-generator/c42f57bd-0794-4051-b5b5-258a64444f7a/_assets/_app/immutable/entry/start.MJUeXhEk.js:6
[     720ms] [WARNING] <Image> was created without expected prop 'className' @ https://static01.nytimes.com/newsgraphics/2024-01-30-36-hours-generator/c42f57bd-0794-4051-b5b5-258a64444f7a/_assets/_app/immutable/entry/start.MJUeXhEk.js:6
[     720ms] [WARNING] <Image> was created without expected prop 'maxWidth' @ https://static01.nytimes.com/newsgraphics/2024-01-30-36-hours-generator/c42f57bd-0794-4051-b5b5-258a64444f7a/_assets/_app/immutable/entry/start.MJUeXhEk.js:6
[     720ms] [WARNING] <Image> was created without expected prop 'className' @ https://static01.nytimes.com/newsgraphics/2024-01-30-36-hours-generator/c42f57bd-0794-4051-b5b5-258a64444f7a/_assets/_app/immutable/entry/start.MJUeXhEk.js:6
[     720ms] [WARNING] <Image> was created without expected prop 'maxWidth' @ https://static01.nytimes.com/newsgraphics/2024-01-30-36-hours-generator/c42f57bd-0794-4051-b5b5-258a64444f7a/_assets/_app/immutable/entry/start.MJUeXhEk.js:6
[     720ms] [WARNING] <Image> was created without expected prop 'className' @ https://static01.nytimes.com/newsgraphics/2024-01-30-36-hours-generator/c42f57bd-0794-4051-b5b5-258a64444f7a/_assets/_app/immutable/entry/start.MJUeXhEk.js:6
[     720ms] [WARNING] <Image> was created without expected prop 'maxWidth' @ https://static01.nytimes.com/newsgraphics/2024-01-30-36-hours-generator/c42f57bd-0794-4051-b5b5-258a64444f7a/_assets/_app/immutable/entry/start.MJUeXhEk.js:6
[     720ms] [WARNING] <Image> was created without expected prop 'credit' @ https://static01.nytimes.com/newsgraphics/2024-01-30-36-hours-generator/c42f57bd-0794-4051-b5b5-258a64444f7a/_assets/_app/immutable/entry/start.MJUeXhEk.js:6
[     720ms] [WARNING] <Image> was created without expected prop 'className' @ https://static01.nytimes.com/newsgraphics/2024-01-30-36-hours-generator/c42f57bd-0794-4051-b5b5-258a64444f7a/_assets/_app/immutable/entry/start.MJUeXhEk.js:6
[     720ms] [WARNING] <Image> was created without expected prop 'maxWidth' @ https://static01.nytimes.com/newsgraphics/2024-01-30-36-hours-generator/c42f57bd-0794-4051-b5b5-258a64444f7a/_assets/_app/immutable/entry/start.MJUeXhEk.js:6
[     720ms] [WARNING] <Image> was created without expected prop 'className' @ https://static01.nytimes.com/newsgraphics/2024-01-30-36-hours-generator/c42f57bd-0794-4051-b5b5-258a64444f7a/_assets/_app/immutable/entry/start.MJUeXhEk.js:6
[     720ms] [WARNING] <Image> was created without expected prop 'maxWidth' @ https://static01.nytimes.com/newsgraphics/2024-01-30-36-hours-generator/c42f57bd-0794-4051-b5b5-258a64444f7a/_assets/_app/immutable/entry/start.MJUeXhEk.js:6
[     720ms] [WARNING] <Image> was created without expected prop 'className' @ https://static01.nytimes.com/newsgraphics/2024-01-30-36-hours-generator/c42f57bd-0794-4051-b5b5-258a64444f7a/_assets/_app/immutable/entry/start.MJUeXhEk.js:6
[     720ms] [WARNING] <Image> was created without expected prop 'maxWidth' @ https://static01.nytimes.com/newsgraphics/2024-01-30-36-hours-generator/c42f57bd-0794-4051-b5b5-258a64444f7a/_assets/_app/immutable/entry/start.MJUeXhEk.js:6
[     720ms] [WARNING] <Image> was created without expected prop 'className' @ https://static01.nytimes.com/newsgraphics/2024-01-30-36-hours-generator/c42f57bd-0794-4051-b5b5-258a64444f7a/_assets/_app/immutable/entry/start.MJUeXhEk.js:6
[     720ms] [WARNING] <Image> was created without expected prop 'maxWidth' @ https://static01.nytimes.com/newsgraphics/2024-01-30-36-hours-generator/c42f57bd-0794-4051-b5b5-258a64444f7a/_assets/_app/immutable/entry/start.MJUeXhEk.js:6
[     720ms] [WARNING] <Image> was created without expected prop 'className' @ https://static01.nytimes.com/newsgraphics/2024-01-30-36-hours-generator/c42f57bd-0794-4051-b5b5-258a64444f7a/_assets/_app/immutable/entry/start.MJUeXhEk.js:6
[     720ms] [WARNING] <Image> was created without expected prop 'maxWidth' @ https://static01.nytimes.com/newsgraphics/2024-01-30-36-hours-generator/c42f57bd-0794-4051-b5b5-258a64444f7a/_assets/_app/immutable/entry/start.MJUeXhEk.js:6
[     720ms] [WARNING] <Image> was created without expected prop 'className' @ https://static01.nytimes.com/newsgraphics/2024-01-30-36-hours-generator/c42f57bd-0794-4051-b5b5-258a64444f7a/_assets/_app/immutable/entry/start.MJUeXhEk.js:6
[     720ms] [WARNING] <Image> was created without expected prop 'maxWidth' @ https://static01.nytimes.com/newsgraphics/2024-01-30-36-hours-generator/c42f57bd-0794-4051-b5b5-258a64444f7a/_assets/_app/immutable/entry/start.MJUeXhEk.js:6
[     720ms] [WARNING] <Image> was created without expected prop 'className' @ https://static01.nytimes.com/newsgraphics/2024-01-30-36-hours-generator/c42f57bd-0794-4051-b5b5-258a64444f7a/_assets/_app/immutable/entry/start.MJUeXhEk.js:6
[     720ms] [WARNING] <Image> was created without expected prop 'maxWidth' @ https://static01.nytimes.com/newsgraphics/2024-01-30-36-hours-generator/c42f57bd-0794-4051-b5b5-258a64444f7a/_assets/_app/immutable/entry/start.MJUeXhEk.js:6
[     720ms] [WARNING] <Image> was created without expected prop 'className' @ https://static01.nytimes.com/newsgraphics/2024-01-30-36-hours-generator/c42f57bd-0794-4051-b5b5-258a64444f7a/_assets/_app/immutable/entry/start.MJUeXhEk.js:6
[     720ms] [WARNING] <Image> was created without expected prop 'maxWidth' @ https://static01.nytimes.com/newsgraphics/2024-01-30-36-hours-generator/c42f57bd-0794-4051-b5b5-258a64444f7a/_assets/_app/immutable/entry/start.MJUeXhEk.js:6
[     720ms] [WARNING] <Image> was created without expected prop 'className' @ https://static01.nytimes.com/newsgraphics/2024-01-30-36-hours-generator/c42f57bd-0794-4051-b5b5-258a64444f7a/_assets/_app/immutable/entry/start.MJUeXhEk.js:6
[     720ms] [WARNING] <Image> was created without expected prop 'maxWidth' @ https://static01.nytimes.com/newsgraphics/2024-01-30-36-hours-generator/c42f57bd-0794-4051-b5b5-258a64444f7a/_assets/_app/immutable/entry/start.MJUeXhEk.js:6
[     720ms] [WARNING] <Image> was created without expected prop 'className' @ https://static01.nytimes.com/newsgraphics/2024-01-30-36-hours-generator/c42f57bd-0794-4051-b5b5-258a64444f7a/_assets/_app/immutable/entry/start.MJUeXhEk.js:6
[     720ms] [WARNING] <Image> was created without expected prop 'maxWidth' @ https://static01.nytimes.com/newsgraphics/2024-01-30-36-hours-generator/c42f57bd-0794-4051-b5b5-258a64444f7a/_assets/_app/immutable/entry/start.MJUeXhEk.js:6
[     720ms] [WARNING] <Image> was created without expected prop 'className' @ https://static01.nytimes.com/newsgraphics/2024-01-30-36-hours-generator/c42f57bd-0794-4051-b5b5-258a64444f7a/_assets/_app/immutable/entry/start.MJUeXhEk.js:6
[     720ms] [WARNING] <Image> was created without expected prop 'maxWidth' @ https://static01.nytimes.com/newsgraphics/2024-01-30-36-hours-generator/c42f57bd-0794-4051-b5b5-258a64444f7a/_assets/_app/immutable/entry/start.MJUeXhEk.js:6
[     720ms] [WARNING] <Image> was created without expected prop 'className' @ https://static01.nytimes.com/newsgraphics/2024-01-30-36-hours-generator/c42f57bd-0794-4051-b5b5-258a64444f7a/_assets/_app/immutable/entry/start.MJUeXhEk.js:6
[     720ms] [WARNING] <Image> was created without expected prop 'maxWidth' @ https://static01.nytimes.com/newsgraphics/2024-01-30-36-hours-generator/c42f57bd-0794-4051-b5b5-258a64444f7a/_assets/_app/immutable/entry/start.MJUeXhEk.js:6
[     720ms] [WARNING] <Image> was created without expected prop 'credit' @ https://static01.nytimes.com/newsgraphics/2024-01-30-36-hours-generator/c42f57bd-0794-4051-b5b5-258a64444f7a/_assets/_app/immutable/entry/start.MJUeXhEk.js:6
[     720ms] [WARNING] <Image> was created without expected prop 'className' @ https://static01.nytimes.com/newsgraphics/2024-01-30-36-hours-generator/c42f57bd-0794-4051-b5b5-258a64444f7a/_assets/_app/immutable/entry/start.MJUeXhEk.js:6
[     720ms] [WARNING] <Image> was created without expected prop 'maxWidth' @ https://static01.nytimes.com/newsgraphics/2024-01-30-36-hours-generator/c42f57bd-0794-4051-b5b5-258a64444f7a/_assets/_app/immutable/entry/start.MJUeXhEk.js:6
[     721ms] [WARNING] <Image> was created without expected prop 'className' @ https://static01.nytimes.com/newsgraphics/2024-01-30-36-hours-generator/c42f57bd-0794-4051-b5b5-258a64444f7a/_assets/_app/immutable/entry/start.MJUeXhEk.js:6
[     721ms] [WARNING] <Image> was created without expected prop 'maxWidth' @ https://static01.nytimes.com/newsgraphics/2024-01-30-36-hours-generator/c42f57bd-0794-4051-b5b5-258a64444f7a/_assets/_app/immutable/entry/start.MJUeXhEk.js:6
[     887ms] [WARNING] et2 snippet should only load once per page @ https://static01.nytimes.com/newsgraphics/2024-01-30-36-hours-generator/c42f57bd-0794-4051-b5b5-258a64444f7a/_assets/_app/immutable/entry/start.MJUeXhEk.js:6
[     943ms] [WARNING]   WARN  [Statsig] Creating multiple Statsig clients with the same SDK key can lead to unexpected behavior. Multi-instance support requires different SDK keys. @ https://static01.nytimes.com/newsgraphics/2024-01-30-36-hours-generator/c42f57bd-0794-4051-b5b5-258a64444f7a/_assets/_app/immutable/entry/start.MJUeXhEk.js:6
[    1046ms] [WARNING] [GPT] PubAdsService.getTargetingKeys is deprecated, use googletag.getConfig('targeting') instead.
https://goo.gle/gpt-message#200 @ https://static01.nytimes.com/newsgraphics/2024-01-30-36-hours-generator/c42f57bd-0794-4051-b5b5-258a64444f7a/_assets/_app/immutable/entry/start.MJUeXhEk.js:6
[    1047ms] [WARNING] [GPT] Slot.setTargeting is deprecated, use Slot.setConfig({targeting: ...}) instead.
https://goo.gle/gpt-message#171 @ https://static01.nytimes.com/newsgraphics/2024-01-30-36-hours-generator/c42f57bd-0794-4051-b5b5-258a64444f7a/_assets/_app/immutable/entry/start.MJUeXhEk.js:6
[    1876ms] [WARNING]   WARN  [Statsig] Creating multiple Statsig clients with the same SDK key can lead to unexpected behavior. Multi-instance support requires different SDK keys. @ https://static01.nytimes.com/newsgraphics/2024-01-30-36-hours-generator/c42f57bd-0794-4051-b5b5-258a64444f7a/_assets/_app/immutable/entry/start.MJUeXhEk.js:6
[    8956ms] [LOG] Service Worker: content is cached @ https://www.nytimes.com/vi-assets/static-assets/interactive-7cf52f0685d491435263.js:6
[   10255ms] [WARNING] event data {} must include a subject @ https://nyt-dti-prd-staticjs.storage.googleapis.com/analytics/et2/eventtracker-snippet.js:0
[   10280ms] [ERROR] Attestation check for Shared Storage on https://www.googleadservices.com failed. @ https://www.googleadservices.com/pagead/managed/js/activeview/current/reach_worklet.html:0
[   10362ms] [LOG] poster vid-1 https://tpc.googlesyndication.com/simgad/14432453283225226533? @ https://static01.nytimes.com/ads/tbrandcreativetech/libs/baymax/Baymax-121.r.js:1066
[   10485ms] [TIMEEND] a: 0.0009765625 ms @ https://static.adsafeprotected.com/sca.17.6.4.js:31
