[     781ms] [LOG] Chained sticky ads: URL validation failed - not an article page, exiting... @ https://www.atlasobscura.com/things-to-do/asheville-north-carolina:142
[     951ms] [ERROR] Access to fetch at 'https://api.rlcdn.com/api/identity/envelope?pid=1323' from origin 'https://www.atlasobscura.com' has been blocked by CORS policy: No 'Access-Control-Allow-Origin' header is present on the requested resource. @ https://www.atlasobscura.com/things-to-do/asheville-north-carolina:0
[     951ms] [ERROR] Failed to load resource: net::ERR_FAILED @ https://api.rlcdn.com/api/identity/envelope?pid=1323:0
[    2143ms] [LOG] Starting 3pc test @ https://static.anonm.io/light/check3pc.html:9
[    2145ms] [LOG] 3PC enabled: true @ https://static.anonm.io/light/check3pc.html:32
[    2145ms] [LOG] Storage API: cookie access granted @ https://static.anonm.io/light/check3pc.html:15
[    2320ms] [ERROR] Failed to load resource: the server responded with a status of 400 () @ https://eb2.3lift.com/getuid?redir=https%3A%2F%2Fmfx.mobilefuse.com%2Fsetuid%3Fpid%3Dtpl%26uid%3D$UID&gdpr=0&gpp=&gpp_sid=:0
[    2517ms] [WARNING] [Audigent] script has already been initialised. Skip further execution @ https://www.atlasobscura.com/things-to-do/asheville-north-carolina:142
[    2589ms] [WARNING] Google Deploy of the SharedId library has been deprecated. Please select another option in the GAM UI. If you use Prebid, we suggest the Prebid.js UserId option. If you do not, you may configure GAM to allow Google to share a first party user identifier with OB and AB participants, which is either the publisherProvidedId or the __gads value when that is missing. @ https://www.atlasobscura.com/things-to-do/asheville-north-carolina:142
[    2591ms] [WARNING] [GPT] Using deprecated googletag.encryptedSignalProviders. Please use googletag.secureSignalProviders instead.
https://goo.gle/gpt-message#155 @ https://www.atlasobscura.com/things-to-do/asheville-north-carolina:142
[    2592ms] [ERROR] Failed to load resource: the server responded with a status of 400 () @ https://mfx.mobilefuse.com/setuid?pid=brv&uid=:0
[    2597ms] [WARNING] [GPT] Using deprecated googletag.encryptedSignalProviders. Please use googletag.secureSignalProviders instead.
https://goo.gle/gpt-message#155 @ https://www.atlasobscura.com/things-to-do/asheville-north-carolina:142
[    2662ms] [WARNING] [GPT] Using deprecated googletag.encryptedSignalProviders. Please use googletag.secureSignalProviders instead.
https://goo.gle/gpt-message#155 @ https://www.atlasobscura.com/things-to-do/asheville-north-carolina:142
[    2811ms] [ERROR] Failed to load resource: the server responded with a status of 404 (Not Found) @ https://sync.colossusssp.com/ebfa23da174faa55634171c5e49d0152.gif?puid=AU1D-0100-001775962564-77OYSKY3-SJ4N&redir=http%3A%2F%2Fids.ad.gt%2Fapi%2Fv1%2Fcolossus%3Fcls_id%3D%5BUID%5D%26id%3DAU1D-0100-001775962564-77OYSKY3-SJ4N:0
[    3573ms] [LOG] Confiant: ad blocked [11, ukf5, 1, kUa2GL1Ktqj1Ni7LkCb4CCnEgaw, a1VhMkdMMUt0cWoxTmk3TGtDYjRDQ25FZ2F3LzM1NTkxMDkyMDk6OTcweDI1MA==, Object, false] @ https://www.atlasobscura.com/things-to-do/asheville-north-carolina:142
[    3705ms] [WARNING] [GPT] Using deprecated googletag.encryptedSignalProviders. Please use googletag.secureSignalProviders instead.
https://goo.gle/gpt-message#155 @ https://www.atlasobscura.com/things-to-do/asheville-north-carolina:142
[    3983ms] [LOG] AnonRetargeting: found 0 segment definitions for current page @ https://www.atlasobscura.com/things-to-do/asheville-north-carolina:142
[    8090ms] [ERROR] Mixed Content: The page at 'https://www.atlasobscura.com/things-to-do/asheville-north-carolina' was loaded over HTTPS, but requested an insecure frame 'http://sync.pmbmonetize.live/psync?t=s&e=247&gdpr=0&gdpr_consent=&us_privacy=&gpp=&gpp_sid=&cb=https%3A%2F%2Fcookies.nextmillmedia.com%2Fsetuid%3Fbidder%3Dadipolo%26nmuid%3Dda16fb16-eb94-4342-aa7e-5251858ea7f1%26gdpr%3D0%26gdpr_consent%3D%26us_privacy%3D%26uid%3D%25USER_ID%25'. This request has been blocked; the content must be served over HTTPS. @ https://cookies.nextmillmedia.com/sync?gdpr=0&gdpr_consent=&us_privacy=&gpp=&gpp_sid=&type=iframe:40
[    8314ms] [WARNING] Mixed Content: The page at 'https://us.shb-sync.com/iframe?pbjs=1&coppa=0&pid=420' was loaded over HTTPS, but requested an insecure element 'http://image8.pubmatic.com/AdServer/ImgSync?p=166572&gdpr=[GDPR]&gdpr_consent=[GDPR_CONSENT]&pu=https%3A%2F%2Fus.shb-sync.com%2F8b53bddb-c391-413b-bb0d-4212676cd4ae.gif%3Fpuid%3D%23PMUID'. This request was automatically upgraded to HTTPS, For more information see https://blog.chromium.org/2019/10/no-more-mixed-messages-about-https.html @ https://us.shb-sync.com/iframe?pbjs=1&coppa=0&pid=420:0
[    8314ms] [WARNING] Mixed Content: The page at 'https://us.shb-sync.com/iframe?pbjs=1&coppa=0&pid=420' was loaded over HTTPS, but requested an insecure element 'http://image8.pubmatic.com/AdServer/ImgSync?p=166681&gdpr=[GDPR]&gdpr_consent=[GDPR_CONSENT]&pu=https%3A%2F%2Fus.shb-sync.com%2F15530caa-4c98-47bb-af5c-f3147806f104.gif%3Fpuid%3D%23PMUID'. This request was automatically upgraded to HTTPS, For more information see https://blog.chromium.org/2019/10/no-more-mixed-messages-about-https.html @ https://us.shb-sync.com/iframe?pbjs=1&coppa=0&pid=420:0
[    8322ms] [WARNING] Mixed Content: The page at 'https://us.shb-sync.com/iframe?pbjs=1&coppa=0&pid=420' was loaded over HTTPS, but requested an insecure element 'http://image8.pubmatic.com/AdServer/ImgSync?p=166572&gdpr=[GDPR]&gdpr_consent=[GDPR_CONSENT]&pu=https%3A%2F%2Fus.shb-sync.com%2F8b53bddb-c391-413b-bb0d-4212676cd4ae.gif%3Fpuid%3D%23PMUID'. This request was automatically upgraded to HTTPS, For more information see https://blog.chromium.org/2019/10/no-more-mixed-messages-about-https.html @ https://us.shb-sync.com/iframe?pbjs=1&coppa=0&pid=420:84
[    8323ms] [WARNING] Mixed Content: The page at 'https://us.shb-sync.com/iframe?pbjs=1&coppa=0&pid=420' was loaded over HTTPS, but requested an insecure element 'http://image8.pubmatic.com/AdServer/ImgSync?p=166681&gdpr=[GDPR]&gdpr_consent=[GDPR_CONSENT]&pu=https%3A%2F%2Fus.shb-sync.com%2F15530caa-4c98-47bb-af5c-f3147806f104.gif%3Fpuid%3D%23PMUID'. This request was automatically upgraded to HTTPS, For more information see https://blog.chromium.org/2019/10/no-more-mixed-messages-about-https.html @ https://us.shb-sync.com/iframe?pbjs=1&coppa=0&pid=420:84
[    8440ms] [ERROR] Mixed Content: The page at 'https://www.atlasobscura.com/things-to-do/asheville-north-carolina' was loaded over HTTPS, but requested an insecure frame 'http://image8.pubmatic.com/AdServer/ImgSync?p=166572&gdpr=[GDPR]&gdpr_consent=[GDPR_CONSENT]&pu=https%3A%2F%2Fus.shb-sync.com%2F8b53bddb-c391-413b-bb0d-4212676cd4ae.gif%3Fpuid%3D%23PMUID'. This request has been blocked; the content must be served over HTTPS. @ https://us.shb-sync.com/iframe?pbjs=1&coppa=0&pid=420:72
[    8523ms] [ERROR] Failed to load resource: the server responded with a status of 424 (Failed Dependency) @ https://t.adx.opera.com/pub/sync?pubid=pub10101531197440&gdpr=1&gdpr_consent=:0
[    8729ms] [ERROR] Failed to load resource: the server responded with a status of 404 (Not Found) @ https://us4.shb-sync.com/a760a5a7-e35e-49b8-9f5e-723455346741.gif?puid=af959d7d-767a-f8fa-c349-0a3aeb467548&gdpr=0&gdpr_consent=0ccpa=:0
[    8924ms] [ERROR] Failed to load resource: net::ERR_NAME_NOT_RESOLVED @ https://visitor-safari.omnitagjs.com/visitor/bsync?uid=d18a3e2f66cd92d3dd8b543f28c4a5cb&name=beop&url=https%3A%2F%2Fsync.adtech.ink%2Fpsync%3Ft%3Dd%26e%3D204%26u%3DPARTNER_USER_ID%26clp%3DaHR0cHM6Ly9zeW5jLmNvb3Rsb2dpeC5jb20vYXBpL2Nvb2tpZT9wYXJ0bmVySWQ9YWRpc29udHYmdXNlcklkPSVVU0VSX0lEJSZnZHByPTAmZ2Rwcl9jb25zZW50PSZ1c19wcml2YWN5PQ:0
[    8090ms] [ERROR] Mixed Content: The page at 'https://www.atlasobscura.com/things-to-do/asheville-north-carolina' was loaded over HTTPS, but requested an insecure frame 'http://sync.pmbmonetize.live/psync?t=s&e=247&gdpr=0&gdpr_consent=&us_privacy=&gpp=&gpp_sid=&cb=https%3A%2F%2Fcookies.nextmillmedia.com%2Fsetuid%3Fbidder%3Dadipolo%26nmuid%3Dda16fb16-eb94-4342-aa7e-5251858ea7f1%26gdpr%3D0%26gdpr_consent%3D%26us_privacy%3D%26uid%3D%25USER_ID%25'. This request has been blocked; the content must be served over HTTPS. @ https://cookies.nextmillmedia.com/sync?gdpr=0&gdpr_consent=&us_privacy=&gpp=&gpp_sid=&type=iframe:40
[    9346ms] [ERROR] Mixed Content: The page at 'https://www.atlasobscura.com/things-to-do/asheville-north-carolina' was loaded over HTTPS, but requested an insecure frame 'http://image8.pubmatic.com/AdServer/ImgSync?p=166681&gdpr=[GDPR]&gdpr_consent=[GDPR_CONSENT]&pu=https%3A%2F%2Fus.shb-sync.com%2F15530caa-4c98-47bb-af5c-f3147806f104.gif%3Fpuid%3D%23PMUID'. This request has been blocked; the content must be served over HTTPS. @ https://cookies.nextmillmedia.com/sync?gdpr=&gdpr_consent=&us_privacy=&redirect=https%3A%2F%2Fus.shb-sync.com%2F7b20ca16-e71f-4a95-b7c4-7e2776ef102b.gif%3Fpuid%3D%5BNMUID%5D:4
[    9347ms] [ERROR] Mixed Content: The page at 'https://www.atlasobscura.com/things-to-do/asheville-north-carolina' was loaded over HTTPS, but requested an insecure frame 'http://image8.pubmatic.com/AdServer/ImgSync?p=166572&gdpr=[GDPR]&gdpr_consent=[GDPR_CONSENT]&pu=https%3A%2F%2Fus.shb-sync.com%2F8b53bddb-c391-413b-bb0d-4212676cd4ae.gif%3Fpuid%3D%23PMUID'. This request has been blocked; the content must be served over HTTPS. @ https://usync.ingage.tech/?gdpr=&gdpr_consent=&us_privacy=&r=https%3A%2F%2Fus.shb-sync.com%2Fd91b97e3-32bf-4069-bb4c-aba2f6423b9e.gif%3Fpuid%3D%24UID:0
[    9354ms] [ERROR] Mixed Content: The page at 'https://www.atlasobscura.com/things-to-do/asheville-north-carolina' was loaded over HTTPS, but requested an insecure frame 'http://sync.pmbmonetize.live/psync?t=s&e=247&gdpr=&gdpr_consent=&us_privacy=&gpp=&gpp_sid=&cb=https%3A%2F%2Fcookies.nextmillmedia.com%2Fsetuid%3Fbidder%3Dadipolo%26nmuid%3Dda16fb16-eb94-4342-aa7e-5251858ea7f1%26gdpr%3D%26gdpr_consent%3D%26us_privacy%3D%26uid%3D%25USER_ID%25'. This request has been blocked; the content must be served over HTTPS. @ https://cookies.nextmillmedia.com/sync?gdpr=&gdpr_consent=&us_privacy=&redirect=https%3A%2F%2Fus.shb-sync.com%2F7b20ca16-e71f-4a95-b7c4-7e2776ef102b.gif%3Fpuid%3D%5BNMUID%5D:42
[    9897ms] [ERROR] Failed to load resource: the server responded with a status of 404 () @ https://ittpx.eskimi.com/sync?sp_id=82&gdpr=${GDPR}&gdpr_consent=${GDPR_CONSENT}&us_privacy=${US_PRIVACY}&gpp=${GPP}&gpp_sid=${GPP_SID}:0
[    9897ms] [ERROR] Failed to load resource: the server responded with a status of 404 () @ https://ittpx.eskimi.com/sync?sp_id=82&gdpr=${GDPR}&gdpr_consent=${GDPR_CONSENT}&us_privacy=${US_PRIVACY}&gpp=${GPP}&gpp_sid=${GPP_SID}:0
[    9962ms] [WARNING] The resource https://fonts.atlasobscura.com/icons2/atlasobscura.woff2?3sjg72 was preloaded using link preload but not used within a few seconds from the window's load event. Please make sure it has an appropriate `as` value and it is preloaded intentionally. @ https://www.atlasobscura.com/things-to-do/asheville-north-carolina:0
[    8090ms] [ERROR] Mixed Content: The page at 'https://www.atlasobscura.com/things-to-do/asheville-north-carolina' was loaded over HTTPS, but requested an insecure frame 'http://sync.pmbmonetize.live/psync?t=s&e=247&gdpr=0&gdpr_consent=&us_privacy=&gpp=&gpp_sid=&cb=https%3A%2F%2Fcookies.nextmillmedia.com%2Fsetuid%3Fbidder%3Dadipolo%26nmuid%3Dda16fb16-eb94-4342-aa7e-5251858ea7f1%26gdpr%3D0%26gdpr_consent%3D%26us_privacy%3D%26uid%3D%25USER_ID%25'. This request has been blocked; the content must be served over HTTPS. @ https://cookies.nextmillmedia.com/sync?gdpr=0&gdpr_consent=&us_privacy=&gpp=&gpp_sid=&type=iframe:40
[    9346ms] [ERROR] Mixed Content: The page at 'https://www.atlasobscura.com/things-to-do/asheville-north-carolina' was loaded over HTTPS, but requested an insecure frame 'http://image8.pubmatic.com/AdServer/ImgSync?p=166681&gdpr=[GDPR]&gdpr_consent=[GDPR_CONSENT]&pu=https%3A%2F%2Fus.shb-sync.com%2F15530caa-4c98-47bb-af5c-f3147806f104.gif%3Fpuid%3D%23PMUID'. This request has been blocked; the content must be served over HTTPS. @ https://cookies.nextmillmedia.com/sync?gdpr=&gdpr_consent=&us_privacy=&redirect=https%3A%2F%2Fus.shb-sync.com%2F7b20ca16-e71f-4a95-b7c4-7e2776ef102b.gif%3Fpuid%3D%5BNMUID%5D:4
[    9354ms] [ERROR] Mixed Content: The page at 'https://www.atlasobscura.com/things-to-do/asheville-north-carolina' was loaded over HTTPS, but requested an insecure frame 'http://sync.pmbmonetize.live/psync?t=s&e=247&gdpr=&gdpr_consent=&us_privacy=&gpp=&gpp_sid=&cb=https%3A%2F%2Fcookies.nextmillmedia.com%2Fsetuid%3Fbidder%3Dadipolo%26nmuid%3Dda16fb16-eb94-4342-aa7e-5251858ea7f1%26gdpr%3D%26gdpr_consent%3D%26us_privacy%3D%26uid%3D%25USER_ID%25'. This request has been blocked; the content must be served over HTTPS. @ https://cookies.nextmillmedia.com/sync?gdpr=&gdpr_consent=&us_privacy=&redirect=https%3A%2F%2Fus.shb-sync.com%2F7b20ca16-e71f-4a95-b7c4-7e2776ef102b.gif%3Fpuid%3D%5BNMUID%5D:42
[    8523ms] [ERROR] Failed to load resource: the server responded with a status of 424 (Failed Dependency) @ https://t.adx.opera.com/pub/sync?pubid=pub10101531197440&gdpr=1&gdpr_consent=:0
[   10201ms] [ERROR] Failed to load resource: the server responded with a status of 424 (Failed Dependency) @ https://t.adx.opera.com/pub/sync?pubid=pub10101531197440&gdpr=1&gdpr_consent=:0
[   10248ms] [ERROR] Failed to load resource: the server responded with a status of 400 () @ https://eb2.3lift.com/getuid?gdpr=0&gdpr_consent=&redir=https%3A%2F%2Fvisitor.us-east4.gcp.omnitagjs.com%2Fvisitor%2Fsync%3Fgdpr%3D0%26gdpr_consent%3D%26is_cookie_sync_uid%3D1%26name%3DTRIPLELIFT_cookie_sync%26ttl%3D720%26uid%3D771bebe2d6221e9ca65e16ebf8d2f6f3%26visitor%3D%24UID:0
[    8729ms] [ERROR] Failed to load resource: the server responded with a status of 404 (Not Found) @ https://us4.shb-sync.com/a760a5a7-e35e-49b8-9f5e-723455346741.gif?puid=af959d7d-767a-f8fa-c349-0a3aeb467548&gdpr=0&gdpr_consent=0ccpa=:0
[    8924ms] [ERROR] Failed to load resource: net::ERR_NAME_NOT_RESOLVED @ https://visitor-safari.omnitagjs.com/visitor/bsync?uid=d18a3e2f66cd92d3dd8b543f28c4a5cb&name=beop&url=https%3A%2F%2Fsync.adtech.ink%2Fpsync%3Ft%3Dd%26e%3D204%26u%3DPARTNER_USER_ID%26clp%3DaHR0cHM6Ly9zeW5jLmNvb3Rsb2dpeC5jb20vYXBpL2Nvb2tpZT9wYXJ0bmVySWQ9YWRpc29udHYmdXNlcklkPSVVU0VSX0lEJSZnZHByPTAmZ2Rwcl9jb25zZW50PSZ1c19wcml2YWN5PQ:0
[   10535ms] [ERROR] Failed to load resource: the server responded with a status of 400 (Bad Request) @ https://cpm.vistarsagency.com/user-sync?zone=297502&t=image&r=https%3A%2F%2Fprebid.admatic.de%2Fsetuid%3Fbidder%3Dvistar%26gdpr%3D%26gdpr_consent%3D%26f%3Di%26uid%3D%7BUID%7D:0
[   10575ms] [ERROR] Failed to load resource: the server responded with a status of 404 (Not Found) @ https://us4.shb-sync.com/a760a5a7-e35e-49b8-9f5e-723455346741.gif?puid=af959d7d-767a-f8fa-c349-0a3aeb467548&gdpr=&gdpr_consent=ccpa=:0
[    9347ms] [ERROR] Mixed Content: The page at 'https://www.atlasobscura.com/things-to-do/asheville-north-carolina' was loaded over HTTPS, but requested an insecure frame 'http://image8.pubmatic.com/AdServer/ImgSync?p=166572&gdpr=[GDPR]&gdpr_consent=[GDPR_CONSENT]&pu=https%3A%2F%2Fus.shb-sync.com%2F8b53bddb-c391-413b-bb0d-4212676cd4ae.gif%3Fpuid%3D%23PMUID'. This request has been blocked; the content must be served over HTTPS. @ https://usync.ingage.tech/?gdpr=&gdpr_consent=&us_privacy=&r=https%3A%2F%2Fus.shb-sync.com%2Fd91b97e3-32bf-4069-bb4c-aba2f6423b9e.gif%3Fpuid%3D%24UID:0
[   10723ms] [LOG] Recent pixels found, Skipping... @ https://usync.ingage.tech/?gdpr=&gdpr_consent=&us_privacy=&redirect=https%3A%2F%2Fcookies.nextmillmedia.com%2Fsetuid%3Fbidder%3Dinsticator%26nmuid%3Dda16fb16-eb94-4342-aa7e-5251858ea7f1%26gdpr%3D%26gdpr_consent%3D%26us_privacy%3D%26uid%3D%24UID:0
[   10729ms] [ERROR] Failed to load resource: the server responded with a status of 404 () @ https://openrtb-us-east-1.axonix.com/syn?supply=6b5e0640-0286-4e78-b490-a820e3a18a08&gdpr=0&gdpr_consent=&uid=na&redirect=https%3A%2F%2Fid5-sync.com%2Fc%2F369%2F1201%2F8%2F2.gif%3Fpuid%3DxxEMODO_IDxx%26gdpr%3D0%26gdpr_consent%3D:0
[   10859ms] [ERROR] Failed to load resource: the server responded with a status of 400 () @ https://cs.ingage.tech/v1/sync/equative/540fd51f-e5a6-496b-a8ae-fc9ee3874deb?uid=:0
[    8729ms] [ERROR] Failed to load resource: the server responded with a status of 404 (Not Found) @ https://us4.shb-sync.com/a760a5a7-e35e-49b8-9f5e-723455346741.gif?puid=af959d7d-767a-f8fa-c349-0a3aeb467548&gdpr=0&gdpr_consent=0ccpa=:0
[    8924ms] [ERROR] Failed to load resource: net::ERR_NAME_NOT_RESOLVED @ https://visitor-safari.omnitagjs.com/visitor/bsync?uid=d18a3e2f66cd92d3dd8b543f28c4a5cb&name=beop&url=https%3A%2F%2Fsync.adtech.ink%2Fpsync%3Ft%3Dd%26e%3D204%26u%3DPARTNER_USER_ID%26clp%3DaHR0cHM6Ly9zeW5jLmNvb3Rsb2dpeC5jb20vYXBpL2Nvb2tpZT9wYXJ0bmVySWQ9YWRpc29udHYmdXNlcklkPSVVU0VSX0lEJSZnZHByPTAmZ2Rwcl9jb25zZW50PSZ1c19wcml2YWN5PQ:0
[   10575ms] [ERROR] Failed to load resource: the server responded with a status of 404 (Not Found) @ https://us4.shb-sync.com/a760a5a7-e35e-49b8-9f5e-723455346741.gif?puid=af959d7d-767a-f8fa-c349-0a3aeb467548&gdpr=&gdpr_consent=ccpa=:0
[   11073ms] [ERROR] Failed to load resource: the server responded with a status of 404 (Not Found) @ https://us4.shb-sync.com/a760a5a7-e35e-49b8-9f5e-723455346741.gif?puid=af959d7d-767a-f8fa-c349-0a3aeb467548&gdpr=&gdpr_consent=ccpa=:0
[    8729ms] [ERROR] Failed to load resource: the server responded with a status of 404 (Not Found) @ https://us4.shb-sync.com/a760a5a7-e35e-49b8-9f5e-723455346741.gif?puid=af959d7d-767a-f8fa-c349-0a3aeb467548&gdpr=0&gdpr_consent=0ccpa=:0
[    8924ms] [ERROR] Failed to load resource: net::ERR_NAME_NOT_RESOLVED @ https://visitor-safari.omnitagjs.com/visitor/bsync?uid=d18a3e2f66cd92d3dd8b543f28c4a5cb&name=beop&url=https%3A%2F%2Fsync.adtech.ink%2Fpsync%3Ft%3Dd%26e%3D204%26u%3DPARTNER_USER_ID%26clp%3DaHR0cHM6Ly9zeW5jLmNvb3Rsb2dpeC5jb20vYXBpL2Nvb2tpZT9wYXJ0bmVySWQ9YWRpc29udHYmdXNlcklkPSVVU0VSX0lEJSZnZHByPTAmZ2Rwcl9jb25zZW50PSZ1c19wcml2YWN5PQ:0
[   10575ms] [ERROR] Failed to load resource: the server responded with a status of 404 (Not Found) @ https://us4.shb-sync.com/a760a5a7-e35e-49b8-9f5e-723455346741.gif?puid=af959d7d-767a-f8fa-c349-0a3aeb467548&gdpr=&gdpr_consent=ccpa=:0
[   11073ms] [ERROR] Failed to load resource: the server responded with a status of 404 (Not Found) @ https://us4.shb-sync.com/a760a5a7-e35e-49b8-9f5e-723455346741.gif?puid=af959d7d-767a-f8fa-c349-0a3aeb467548&gdpr=&gdpr_consent=ccpa=:0
[   11116ms] [ERROR] Failed to load resource: the server responded with a status of 404 (Not Found) @ https://us4.shb-sync.com/a760a5a7-e35e-49b8-9f5e-723455346741.gif?puid=af959d7d-767a-f8fa-c349-0a3aeb467548&gdpr=&gdpr_consent=ccpa=:0
[    8729ms] [ERROR] Failed to load resource: the server responded with a status of 404 (Not Found) @ https://us4.shb-sync.com/a760a5a7-e35e-49b8-9f5e-723455346741.gif?puid=af959d7d-767a-f8fa-c349-0a3aeb467548&gdpr=0&gdpr_consent=0ccpa=:0
[    8924ms] [ERROR] Failed to load resource: net::ERR_NAME_NOT_RESOLVED @ https://visitor-safari.omnitagjs.com/visitor/bsync?uid=d18a3e2f66cd92d3dd8b543f28c4a5cb&name=beop&url=https%3A%2F%2Fsync.adtech.ink%2Fpsync%3Ft%3Dd%26e%3D204%26u%3DPARTNER_USER_ID%26clp%3DaHR0cHM6Ly9zeW5jLmNvb3Rsb2dpeC5jb20vYXBpL2Nvb2tpZT9wYXJ0bmVySWQ9YWRpc29udHYmdXNlcklkPSVVU0VSX0lEJSZnZHByPTAmZ2Rwcl9jb25zZW50PSZ1c19wcml2YWN5PQ:0
[   10575ms] [ERROR] Failed to load resource: the server responded with a status of 404 (Not Found) @ https://us4.shb-sync.com/a760a5a7-e35e-49b8-9f5e-723455346741.gif?puid=af959d7d-767a-f8fa-c349-0a3aeb467548&gdpr=&gdpr_consent=ccpa=:0
[   11073ms] [ERROR] Failed to load resource: the server responded with a status of 404 (Not Found) @ https://us4.shb-sync.com/a760a5a7-e35e-49b8-9f5e-723455346741.gif?puid=af959d7d-767a-f8fa-c349-0a3aeb467548&gdpr=&gdpr_consent=ccpa=:0
[   11116ms] [ERROR] Failed to load resource: the server responded with a status of 404 (Not Found) @ https://us4.shb-sync.com/a760a5a7-e35e-49b8-9f5e-723455346741.gif?puid=af959d7d-767a-f8fa-c349-0a3aeb467548&gdpr=&gdpr_consent=ccpa=:0
[   11147ms] [ERROR] Failed to load resource: the server responded with a status of 404 (Not Found) @ https://us4.shb-sync.com/a760a5a7-e35e-49b8-9f5e-723455346741.gif?puid=af959d7d-767a-f8fa-c349-0a3aeb467548&gdpr=&gdpr_consent=ccpa=:0
[   11199ms] [ERROR] Failed to load resource: the server responded with a status of 404 () @ https://ittpx.eskimi.com/sync?sp_id=181&gdpr=${GDPR}&gdpr_consent=${GDPR_CONSENT}&us_privacy=${US_PRIVACY}&dest=https%3A%2F%2Fsync.adtech.ink%2Fpsync%3Ft%3Dd%26e%3D350%26u%3D%24%7BUSER_ID%7D%26clp%3DaHR0cHM6Ly9zeW5jLmNvb3Rsb2dpeC5jb20vYXBpL2Nvb2tpZT9wYXJ0bmVySWQ9YWRpc29udHYmdXNlcklkPSVVU0VSX0lEJSZnZHByPSZnZHByX2NvbnNlbnQ9JnVzX3ByaXZhY3k9:0
[    8729ms] [ERROR] Failed to load resource: the server responded with a status of 404 (Not Found) @ https://us4.shb-sync.com/a760a5a7-e35e-49b8-9f5e-723455346741.gif?puid=af959d7d-767a-f8fa-c349-0a3aeb467548&gdpr=0&gdpr_consent=0ccpa=:0
[    8924ms] [ERROR] Failed to load resource: net::ERR_NAME_NOT_RESOLVED @ https://visitor-safari.omnitagjs.com/visitor/bsync?uid=d18a3e2f66cd92d3dd8b543f28c4a5cb&name=beop&url=https%3A%2F%2Fsync.adtech.ink%2Fpsync%3Ft%3Dd%26e%3D204%26u%3DPARTNER_USER_ID%26clp%3DaHR0cHM6Ly9zeW5jLmNvb3Rsb2dpeC5jb20vYXBpL2Nvb2tpZT9wYXJ0bmVySWQ9YWRpc29udHYmdXNlcklkPSVVU0VSX0lEJSZnZHByPTAmZ2Rwcl9jb25zZW50PSZ1c19wcml2YWN5PQ:0
[   10575ms] [ERROR] Failed to load resource: the server responded with a status of 404 (Not Found) @ https://us4.shb-sync.com/a760a5a7-e35e-49b8-9f5e-723455346741.gif?puid=af959d7d-767a-f8fa-c349-0a3aeb467548&gdpr=&gdpr_consent=ccpa=:0
[   11073ms] [ERROR] Failed to load resource: the server responded with a status of 404 (Not Found) @ https://us4.shb-sync.com/a760a5a7-e35e-49b8-9f5e-723455346741.gif?puid=af959d7d-767a-f8fa-c349-0a3aeb467548&gdpr=&gdpr_consent=ccpa=:0
[   11116ms] [ERROR] Failed to load resource: the server responded with a status of 404 (Not Found) @ https://us4.shb-sync.com/a760a5a7-e35e-49b8-9f5e-723455346741.gif?puid=af959d7d-767a-f8fa-c349-0a3aeb467548&gdpr=&gdpr_consent=ccpa=:0
[   11147ms] [ERROR] Failed to load resource: the server responded with a status of 404 (Not Found) @ https://us4.shb-sync.com/a760a5a7-e35e-49b8-9f5e-723455346741.gif?puid=af959d7d-767a-f8fa-c349-0a3aeb467548&gdpr=&gdpr_consent=ccpa=:0
[   11199ms] [ERROR] Failed to load resource: the server responded with a status of 404 () @ https://ittpx.eskimi.com/sync?sp_id=181&gdpr=${GDPR}&gdpr_consent=${GDPR_CONSENT}&us_privacy=${US_PRIVACY}&dest=https%3A%2F%2Fsync.adtech.ink%2Fpsync%3Ft%3Dd%26e%3D350%26u%3D%24%7BUSER_ID%7D%26clp%3DaHR0cHM6Ly9zeW5jLmNvb3Rsb2dpeC5jb20vYXBpL2Nvb2tpZT9wYXJ0bmVySWQ9YWRpc29udHYmdXNlcklkPSVVU0VSX0lEJSZnZHByPSZnZHByX2NvbnNlbnQ9JnVzX3ByaXZhY3k9:0
[    8729ms] [ERROR] Failed to load resource: the server responded with a status of 404 (Not Found) @ https://us4.shb-sync.com/a760a5a7-e35e-49b8-9f5e-723455346741.gif?puid=af959d7d-767a-f8fa-c349-0a3aeb467548&gdpr=0&gdpr_consent=0ccpa=:0
[    8924ms] [ERROR] Failed to load resource: net::ERR_NAME_NOT_RESOLVED @ https://visitor-safari.omnitagjs.com/visitor/bsync?uid=d18a3e2f66cd92d3dd8b543f28c4a5cb&name=beop&url=https%3A%2F%2Fsync.adtech.ink%2Fpsync%3Ft%3Dd%26e%3D204%26u%3DPARTNER_USER_ID%26clp%3DaHR0cHM6Ly9zeW5jLmNvb3Rsb2dpeC5jb20vYXBpL2Nvb2tpZT9wYXJ0bmVySWQ9YWRpc29udHYmdXNlcklkPSVVU0VSX0lEJSZnZHByPTAmZ2Rwcl9jb25zZW50PSZ1c19wcml2YWN5PQ:0
[   10575ms] [ERROR] Failed to load resource: the server responded with a status of 404 (Not Found) @ https://us4.shb-sync.com/a760a5a7-e35e-49b8-9f5e-723455346741.gif?puid=af959d7d-767a-f8fa-c349-0a3aeb467548&gdpr=&gdpr_consent=ccpa=:0
[   11073ms] [ERROR] Failed to load resource: the server responded with a status of 404 (Not Found) @ https://us4.shb-sync.com/a760a5a7-e35e-49b8-9f5e-723455346741.gif?puid=af959d7d-767a-f8fa-c349-0a3aeb467548&gdpr=&gdpr_consent=ccpa=:0
[   11116ms] [ERROR] Failed to load resource: the server responded with a status of 404 (Not Found) @ https://us4.shb-sync.com/a760a5a7-e35e-49b8-9f5e-723455346741.gif?puid=af959d7d-767a-f8fa-c349-0a3aeb467548&gdpr=&gdpr_consent=ccpa=:0
[   11147ms] [ERROR] Failed to load resource: the server responded with a status of 404 (Not Found) @ https://us4.shb-sync.com/a760a5a7-e35e-49b8-9f5e-723455346741.gif?puid=af959d7d-767a-f8fa-c349-0a3aeb467548&gdpr=&gdpr_consent=ccpa=:0
[   11199ms] [ERROR] Failed to load resource: the server responded with a status of 404 () @ https://ittpx.eskimi.com/sync?sp_id=181&gdpr=${GDPR}&gdpr_consent=${GDPR_CONSENT}&us_privacy=${US_PRIVACY}&dest=https%3A%2F%2Fsync.adtech.ink%2Fpsync%3Ft%3Dd%26e%3D350%26u%3D%24%7BUSER_ID%7D%26clp%3DaHR0cHM6Ly9zeW5jLmNvb3Rsb2dpeC5jb20vYXBpL2Nvb2tpZT9wYXJ0bmVySWQ9YWRpc29udHYmdXNlcklkPSVVU0VSX0lEJSZnZHByPSZnZHByX2NvbnNlbnQ9JnVzX3ByaXZhY3k9:0
[    8729ms] [ERROR] Failed to load resource: the server responded with a status of 404 (Not Found) @ https://us4.shb-sync.com/a760a5a7-e35e-49b8-9f5e-723455346741.gif?puid=af959d7d-767a-f8fa-c349-0a3aeb467548&gdpr=0&gdpr_consent=0ccpa=:0
[    8924ms] [ERROR] Failed to load resource: net::ERR_NAME_NOT_RESOLVED @ https://visitor-safari.omnitagjs.com/visitor/bsync?uid=d18a3e2f66cd92d3dd8b543f28c4a5cb&name=beop&url=https%3A%2F%2Fsync.adtech.ink%2Fpsync%3Ft%3Dd%26e%3D204%26u%3DPARTNER_USER_ID%26clp%3DaHR0cHM6Ly9zeW5jLmNvb3Rsb2dpeC5jb20vYXBpL2Nvb2tpZT9wYXJ0bmVySWQ9YWRpc29udHYmdXNlcklkPSVVU0VSX0lEJSZnZHByPTAmZ2Rwcl9jb25zZW50PSZ1c19wcml2YWN5PQ:0
[   10575ms] [ERROR] Failed to load resource: the server responded with a status of 404 (Not Found) @ https://us4.shb-sync.com/a760a5a7-e35e-49b8-9f5e-723455346741.gif?puid=af959d7d-767a-f8fa-c349-0a3aeb467548&gdpr=&gdpr_consent=ccpa=:0
[   11073ms] [ERROR] Failed to load resource: the server responded with a status of 404 (Not Found) @ https://us4.shb-sync.com/a760a5a7-e35e-49b8-9f5e-723455346741.gif?puid=af959d7d-767a-f8fa-c349-0a3aeb467548&gdpr=&gdpr_consent=ccpa=:0
[   11116ms] [ERROR] Failed to load resource: the server responded with a status of 404 (Not Found) @ https://us4.shb-sync.com/a760a5a7-e35e-49b8-9f5e-723455346741.gif?puid=af959d7d-767a-f8fa-c349-0a3aeb467548&gdpr=&gdpr_consent=ccpa=:0
[   11147ms] [ERROR] Failed to load resource: the server responded with a status of 404 (Not Found) @ https://us4.shb-sync.com/a760a5a7-e35e-49b8-9f5e-723455346741.gif?puid=af959d7d-767a-f8fa-c349-0a3aeb467548&gdpr=&gdpr_consent=ccpa=:0
[   11199ms] [ERROR] Failed to load resource: the server responded with a status of 404 () @ https://ittpx.eskimi.com/sync?sp_id=181&gdpr=${GDPR}&gdpr_consent=${GDPR_CONSENT}&us_privacy=${US_PRIVACY}&dest=https%3A%2F%2Fsync.adtech.ink%2Fpsync%3Ft%3Dd%26e%3D350%26u%3D%24%7BUSER_ID%7D%26clp%3DaHR0cHM6Ly9zeW5jLmNvb3Rsb2dpeC5jb20vYXBpL2Nvb2tpZT9wYXJ0bmVySWQ9YWRpc29udHYmdXNlcklkPSVVU0VSX0lEJSZnZHByPSZnZHByX2NvbnNlbnQ9JnVzX3ByaXZhY3k9:0
[    8523ms] [ERROR] Failed to load resource: the server responded with a status of 424 (Failed Dependency) @ https://t.adx.opera.com/pub/sync?pubid=pub10101531197440&gdpr=1&gdpr_consent=:0
[   10201ms] [ERROR] Failed to load resource: the server responded with a status of 424 (Failed Dependency) @ https://t.adx.opera.com/pub/sync?pubid=pub10101531197440&gdpr=1&gdpr_consent=:0
[    8523ms] [ERROR] Failed to load resource: the server responded with a status of 424 (Failed Dependency) @ https://t.adx.opera.com/pub/sync?pubid=pub10101531197440&gdpr=1&gdpr_consent=:0
[   10201ms] [ERROR] Failed to load resource: the server responded with a status of 424 (Failed Dependency) @ https://t.adx.opera.com/pub/sync?pubid=pub10101531197440&gdpr=1&gdpr_consent=:0
[    9897ms] [ERROR] Failed to load resource: the server responded with a status of 404 () @ https://ittpx.eskimi.com/sync?sp_id=82&gdpr=${GDPR}&gdpr_consent=${GDPR_CONSENT}&us_privacy=${US_PRIVACY}&gpp=${GPP}&gpp_sid=${GPP_SID}:0
[    8523ms] [ERROR] Failed to load resource: the server responded with a status of 424 (Failed Dependency) @ https://t.adx.opera.com/pub/sync?pubid=pub10101531197440&gdpr=1&gdpr_consent=:0
[   10201ms] [ERROR] Failed to load resource: the server responded with a status of 424 (Failed Dependency) @ https://t.adx.opera.com/pub/sync?pubid=pub10101531197440&gdpr=1&gdpr_consent=:0
[    8090ms] [ERROR] Mixed Content: The page at 'https://www.atlasobscura.com/things-to-do/asheville-north-carolina' was loaded over HTTPS, but requested an insecure frame 'http://sync.pmbmonetize.live/psync?t=s&e=247&gdpr=0&gdpr_consent=&us_privacy=&gpp=&gpp_sid=&cb=https%3A%2F%2Fcookies.nextmillmedia.com%2Fsetuid%3Fbidder%3Dadipolo%26nmuid%3Dda16fb16-eb94-4342-aa7e-5251858ea7f1%26gdpr%3D0%26gdpr_consent%3D%26us_privacy%3D%26uid%3D%25USER_ID%25'. This request has been blocked; the content must be served over HTTPS. @ https://cookies.nextmillmedia.com/sync?gdpr=0&gdpr_consent=&us_privacy=&gpp=&gpp_sid=&type=iframe:40
[    9346ms] [ERROR] Mixed Content: The page at 'https://www.atlasobscura.com/things-to-do/asheville-north-carolina' was loaded over HTTPS, but requested an insecure frame 'http://image8.pubmatic.com/AdServer/ImgSync?p=166681&gdpr=[GDPR]&gdpr_consent=[GDPR_CONSENT]&pu=https%3A%2F%2Fus.shb-sync.com%2F15530caa-4c98-47bb-af5c-f3147806f104.gif%3Fpuid%3D%23PMUID'. This request has been blocked; the content must be served over HTTPS. @ https://cookies.nextmillmedia.com/sync?gdpr=&gdpr_consent=&us_privacy=&redirect=https%3A%2F%2Fus.shb-sync.com%2F7b20ca16-e71f-4a95-b7c4-7e2776ef102b.gif%3Fpuid%3D%5BNMUID%5D:4
[    9354ms] [ERROR] Mixed Content: The page at 'https://www.atlasobscura.com/things-to-do/asheville-north-carolina' was loaded over HTTPS, but requested an insecure frame 'http://sync.pmbmonetize.live/psync?t=s&e=247&gdpr=&gdpr_consent=&us_privacy=&gpp=&gpp_sid=&cb=https%3A%2F%2Fcookies.nextmillmedia.com%2Fsetuid%3Fbidder%3Dadipolo%26nmuid%3Dda16fb16-eb94-4342-aa7e-5251858ea7f1%26gdpr%3D%26gdpr_consent%3D%26us_privacy%3D%26uid%3D%25USER_ID%25'. This request has been blocked; the content must be served over HTTPS. @ https://cookies.nextmillmedia.com/sync?gdpr=&gdpr_consent=&us_privacy=&redirect=https%3A%2F%2Fus.shb-sync.com%2F7b20ca16-e71f-4a95-b7c4-7e2776ef102b.gif%3Fpuid%3D%5BNMUID%5D:42
[   12409ms] [ERROR] Failed to load resource: the server responded with a status of 404 (Not Found) @ https://sync.colossusssp.com/83cc494f58882e299834b487aefedebe.gif?puid=669e9bb2aaf074dd9e077ec4&gdpr=0&gdpr_consent=&gpp=&gpp_sid=&us_privacy=&redir=https%3A%2F%2Fsync.aniview.com%2Fcookiesyncendpoint%3Fbiddername%3D99%26pid%3D647d094ab25f77b976032245%26auid%3D326cfea9-fbb2-4e43-aac2-1b48da786a0a%26gdpr%3D0%26gdpr_consent%3D%26key%3D%5BUID%5D:0
[   12462ms] [ERROR] Failed to load resource: the server responded with a status of 404 (Not Found) @ https://cs.pgammedia.com/4c24359a10e13aae23a00fcb8992a145.gif?puid=5f6b0e14-1d43-4373-afe3-2a952c12cf69&gdpr=0&gdpr_consent=&gpp=&gpp_sid=:0
[   10535ms] [ERROR] Failed to load resource: the server responded with a status of 400 (Bad Request) @ https://cpm.vistarsagency.com/user-sync?zone=297502&t=image&r=https%3A%2F%2Fprebid.admatic.de%2Fsetuid%3Fbidder%3Dvistar%26gdpr%3D%26gdpr_consent%3D%26f%3Di%26uid%3D%7BUID%7D:0
[    8523ms] [ERROR] Failed to load resource: the server responded with a status of 424 (Failed Dependency) @ https://t.adx.opera.com/pub/sync?pubid=pub10101531197440&gdpr=1&gdpr_consent=:0
[   10201ms] [ERROR] Failed to load resource: the server responded with a status of 424 (Failed Dependency) @ https://t.adx.opera.com/pub/sync?pubid=pub10101531197440&gdpr=1&gdpr_consent=:0
[    8523ms] [ERROR] Failed to load resource: the server responded with a status of 424 (Failed Dependency) @ https://t.adx.opera.com/pub/sync?pubid=pub10101531197440&gdpr=1&gdpr_consent=:0
[   10201ms] [ERROR] Failed to load resource: the server responded with a status of 424 (Failed Dependency) @ https://t.adx.opera.com/pub/sync?pubid=pub10101531197440&gdpr=1&gdpr_consent=:0
[   10248ms] [ERROR] Failed to load resource: the server responded with a status of 400 () @ https://eb2.3lift.com/getuid?gdpr=0&gdpr_consent=&redir=https%3A%2F%2Fvisitor.us-east4.gcp.omnitagjs.com%2Fvisitor%2Fsync%3Fgdpr%3D0%26gdpr_consent%3D%26is_cookie_sync_uid%3D1%26name%3DTRIPLELIFT_cookie_sync%26ttl%3D720%26uid%3D771bebe2d6221e9ca65e16ebf8d2f6f3%26visitor%3D%24UID:0
[   12777ms] [ERROR] Failed to load resource: the server responded with a status of 424 (Failed Dependency) @ https://t.adx.opera.com/pub/sync?pubid=pub10101531197440&gdpr=1&gdpr_consent=:0
[   10535ms] [ERROR] Failed to load resource: the server responded with a status of 400 (Bad Request) @ https://cpm.vistarsagency.com/user-sync?zone=297502&t=image&r=https%3A%2F%2Fprebid.admatic.de%2Fsetuid%3Fbidder%3Dvistar%26gdpr%3D%26gdpr_consent%3D%26f%3Di%26uid%3D%7BUID%7D:0
[   12875ms] [ERROR] Failed to load resource: the server responded with a status of 400 (Bad Request) @ https://cpm.vistarsagency.com/user-sync?zone=297502&t=image&r=https%3A%2F%2Fprebid.admatic.de%2Fsetuid%3Fbidder%3Dvistar%26gdpr%3D%26gdpr_consent%3D%26f%3Di%26uid%3D%7BUID%7D:0
[   10248ms] [ERROR] Failed to load resource: the server responded with a status of 400 () @ https://eb2.3lift.com/getuid?gdpr=0&gdpr_consent=&redir=https%3A%2F%2Fvisitor.us-east4.gcp.omnitagjs.com%2Fvisitor%2Fsync%3Fgdpr%3D0%26gdpr_consent%3D%26is_cookie_sync_uid%3D1%26name%3DTRIPLELIFT_cookie_sync%26ttl%3D720%26uid%3D771bebe2d6221e9ca65e16ebf8d2f6f3%26visitor%3D%24UID:0
[   12933ms] [ERROR] Failed to load resource: the server responded with a status of 404 () @ https://cs.krushmedia.com/4831fbf13dd518a56346a6e0ec8ba9d5.gif?puid=ID5-5-57fd1c0c-445b-400e-85b8-07de5abd6ed1&redir=https%3A%2F%2Fsync.inmobi.com%2Fsetuid%3FbidderID%3D1315%26dspUserId%3D%5BUID%5D&gdpr=0&gdpr_consent=:0
[   12958ms] [ERROR] Failed to load resource: the server responded with a status of 424 (Failed Dependency) @ https://t.adx.opera.com/pub/sync?pubid=pub10101531197440&gdpr=1&gdpr_consent=:0
[   12971ms] [ERROR] Failed to load resource: the server responded with a status of 400 (Bad Request) @ https://cpm.vistarsagency.com/user-sync?zone=297502&t=image&r=https%3A%2F%2Fprebid.admatic.de%2Fsetuid%3Fbidder%3Dvistar%26gdpr%3D%26gdpr_consent%3D%26f%3Di%26uid%3D%7BUID%7D:0
[    8523ms] [ERROR] Failed to load resource: the server responded with a status of 424 (Failed Dependency) @ https://t.adx.opera.com/pub/sync?pubid=pub10101531197440&gdpr=1&gdpr_consent=:0
[   10201ms] [ERROR] Failed to load resource: the server responded with a status of 424 (Failed Dependency) @ https://t.adx.opera.com/pub/sync?pubid=pub10101531197440&gdpr=1&gdpr_consent=:0
[   12777ms] [ERROR] Failed to load resource: the server responded with a status of 424 (Failed Dependency) @ https://t.adx.opera.com/pub/sync?pubid=pub10101531197440&gdpr=1&gdpr_consent=:0
[   12958ms] [ERROR] Failed to load resource: the server responded with a status of 424 (Failed Dependency) @ https://t.adx.opera.com/pub/sync?pubid=pub10101531197440&gdpr=1&gdpr_consent=:0
[   12933ms] [ERROR] Failed to load resource: the server responded with a status of 404 () @ https://cs.krushmedia.com/4831fbf13dd518a56346a6e0ec8ba9d5.gif?puid=ID5-5-57fd1c0c-445b-400e-85b8-07de5abd6ed1&redir=https%3A%2F%2Fsync.inmobi.com%2Fsetuid%3FbidderID%3D1315%26dspUserId%3D%5BUID%5D&gdpr=0&gdpr_consent=:0
[   10248ms] [ERROR] Failed to load resource: the server responded with a status of 400 () @ https://eb2.3lift.com/getuid?gdpr=0&gdpr_consent=&redir=https%3A%2F%2Fvisitor.us-east4.gcp.omnitagjs.com%2Fvisitor%2Fsync%3Fgdpr%3D0%26gdpr_consent%3D%26is_cookie_sync_uid%3D1%26name%3DTRIPLELIFT_cookie_sync%26ttl%3D720%26uid%3D771bebe2d6221e9ca65e16ebf8d2f6f3%26visitor%3D%24UID:0
[   10535ms] [ERROR] Failed to load resource: the server responded with a status of 400 (Bad Request) @ https://cpm.vistarsagency.com/user-sync?zone=297502&t=image&r=https%3A%2F%2Fprebid.admatic.de%2Fsetuid%3Fbidder%3Dvistar%26gdpr%3D%26gdpr_consent%3D%26f%3Di%26uid%3D%7BUID%7D:0
[   12875ms] [ERROR] Failed to load resource: the server responded with a status of 400 (Bad Request) @ https://cpm.vistarsagency.com/user-sync?zone=297502&t=image&r=https%3A%2F%2Fprebid.admatic.de%2Fsetuid%3Fbidder%3Dvistar%26gdpr%3D%26gdpr_consent%3D%26f%3Di%26uid%3D%7BUID%7D:0
[   12971ms] [ERROR] Failed to load resource: the server responded with a status of 400 (Bad Request) @ https://cpm.vistarsagency.com/user-sync?zone=297502&t=image&r=https%3A%2F%2Fprebid.admatic.de%2Fsetuid%3Fbidder%3Dvistar%26gdpr%3D%26gdpr_consent%3D%26f%3Di%26uid%3D%7BUID%7D:0
[   13159ms] [ERROR] Failed to load resource: the server responded with a status of 404 () @ https://cs.krushmedia.com/4831fbf13dd518a56346a6e0ec8ba9d5.gif?puid=ID5-5-57fd1c0c-445b-400e-85b8-07de5abd6ed1&redir=https%3A%2F%2Fsync.inmobi.com%2Fsetuid%3FbidderID%3D1315%26dspUserId%3D%5BUID%5D&gdpr=0&gdpr_consent=:0
[   13171ms] [ERROR] Failed to load resource: the server responded with a status of 424 (Failed Dependency) @ https://t.adx.opera.com/pub/sync?pubid=pub10101531197440&gdpr=1&gdpr_consent=:0
[   10535ms] [ERROR] Failed to load resource: the server responded with a status of 400 (Bad Request) @ https://cpm.vistarsagency.com/user-sync?zone=297502&t=image&r=https%3A%2F%2Fprebid.admatic.de%2Fsetuid%3Fbidder%3Dvistar%26gdpr%3D%26gdpr_consent%3D%26f%3Di%26uid%3D%7BUID%7D:0
[   12875ms] [ERROR] Failed to load resource: the server responded with a status of 400 (Bad Request) @ https://cpm.vistarsagency.com/user-sync?zone=297502&t=image&r=https%3A%2F%2Fprebid.admatic.de%2Fsetuid%3Fbidder%3Dvistar%26gdpr%3D%26gdpr_consent%3D%26f%3Di%26uid%3D%7BUID%7D:0
[   12971ms] [ERROR] Failed to load resource: the server responded with a status of 400 (Bad Request) @ https://cpm.vistarsagency.com/user-sync?zone=297502&t=image&r=https%3A%2F%2Fprebid.admatic.de%2Fsetuid%3Fbidder%3Dvistar%26gdpr%3D%26gdpr_consent%3D%26f%3Di%26uid%3D%7BUID%7D:0
[   13247ms] [ERROR] Failed to load resource: the server responded with a status of 400 (Bad Request) @ https://cpm.vistarsagency.com/user-sync?zone=297502&t=image&r=https%3A%2F%2Fprebid.admatic.de%2Fsetuid%3Fbidder%3Dvistar%26gdpr%3D%26gdpr_consent%3D%26f%3Di%26uid%3D%7BUID%7D:0
[    9897ms] [ERROR] Failed to load resource: the server responded with a status of 404 () @ https://ittpx.eskimi.com/sync?sp_id=82&gdpr=${GDPR}&gdpr_consent=${GDPR_CONSENT}&us_privacy=${US_PRIVACY}&gpp=${GPP}&gpp_sid=${GPP_SID}:0
[   12462ms] [ERROR] Failed to load resource: the server responded with a status of 404 (Not Found) @ https://cs.pgammedia.com/4c24359a10e13aae23a00fcb8992a145.gif?puid=5f6b0e14-1d43-4373-afe3-2a952c12cf69&gdpr=0&gdpr_consent=&gpp=&gpp_sid=:0
[   13347ms] [ERROR] Failed to load resource: the server responded with a status of 400 (Bad Request) @ https://cpm.vistarsagency.com/user-sync?zone=297502&t=image&r=https%3A%2F%2Fprebid.admatic.de%2Fsetuid%3Fbidder%3Dvistar%26gdpr%3D%26gdpr_consent%3D%26f%3Di%26uid%3D%7BUID%7D:0
[    9897ms] [ERROR] Failed to load resource: the server responded with a status of 404 () @ https://ittpx.eskimi.com/sync?sp_id=82&gdpr=${GDPR}&gdpr_consent=${GDPR_CONSENT}&us_privacy=${US_PRIVACY}&gpp=${GPP}&gpp_sid=${GPP_SID}:0
[   12462ms] [ERROR] Failed to load resource: the server responded with a status of 404 (Not Found) @ https://cs.pgammedia.com/4c24359a10e13aae23a00fcb8992a145.gif?puid=5f6b0e14-1d43-4373-afe3-2a952c12cf69&gdpr=0&gdpr_consent=&gpp=&gpp_sid=:0
[    8523ms] [ERROR] Failed to load resource: the server responded with a status of 424 (Failed Dependency) @ https://t.adx.opera.com/pub/sync?pubid=pub10101531197440&gdpr=1&gdpr_consent=:0
[   10201ms] [ERROR] Failed to load resource: the server responded with a status of 424 (Failed Dependency) @ https://t.adx.opera.com/pub/sync?pubid=pub10101531197440&gdpr=1&gdpr_consent=:0
[   12777ms] [ERROR] Failed to load resource: the server responded with a status of 424 (Failed Dependency) @ https://t.adx.opera.com/pub/sync?pubid=pub10101531197440&gdpr=1&gdpr_consent=:0
[   12958ms] [ERROR] Failed to load resource: the server responded with a status of 424 (Failed Dependency) @ https://t.adx.opera.com/pub/sync?pubid=pub10101531197440&gdpr=1&gdpr_consent=:0
[   13171ms] [ERROR] Failed to load resource: the server responded with a status of 424 (Failed Dependency) @ https://t.adx.opera.com/pub/sync?pubid=pub10101531197440&gdpr=1&gdpr_consent=:0
[   10535ms] [ERROR] Failed to load resource: the server responded with a status of 400 (Bad Request) @ https://cpm.vistarsagency.com/user-sync?zone=297502&t=image&r=https%3A%2F%2Fprebid.admatic.de%2Fsetuid%3Fbidder%3Dvistar%26gdpr%3D%26gdpr_consent%3D%26f%3Di%26uid%3D%7BUID%7D:0
[   12875ms] [ERROR] Failed to load resource: the server responded with a status of 400 (Bad Request) @ https://cpm.vistarsagency.com/user-sync?zone=297502&t=image&r=https%3A%2F%2Fprebid.admatic.de%2Fsetuid%3Fbidder%3Dvistar%26gdpr%3D%26gdpr_consent%3D%26f%3Di%26uid%3D%7BUID%7D:0
[   12971ms] [ERROR] Failed to load resource: the server responded with a status of 400 (Bad Request) @ https://cpm.vistarsagency.com/user-sync?zone=297502&t=image&r=https%3A%2F%2Fprebid.admatic.de%2Fsetuid%3Fbidder%3Dvistar%26gdpr%3D%26gdpr_consent%3D%26f%3Di%26uid%3D%7BUID%7D:0
[   13247ms] [ERROR] Failed to load resource: the server responded with a status of 400 (Bad Request) @ https://cpm.vistarsagency.com/user-sync?zone=297502&t=image&r=https%3A%2F%2Fprebid.admatic.de%2Fsetuid%3Fbidder%3Dvistar%26gdpr%3D%26gdpr_consent%3D%26f%3Di%26uid%3D%7BUID%7D:0
[   13347ms] [ERROR] Failed to load resource: the server responded with a status of 400 (Bad Request) @ https://cpm.vistarsagency.com/user-sync?zone=297502&t=image&r=https%3A%2F%2Fprebid.admatic.de%2Fsetuid%3Fbidder%3Dvistar%26gdpr%3D%26gdpr_consent%3D%26f%3Di%26uid%3D%7BUID%7D:0
[   13560ms] [ERROR] Failed to load resource: the server responded with a status of 400 (Bad Request) @ https://cpm.vistarsagency.com/user-sync?zone=297502&t=image&r=https%3A%2F%2Fprebid.admatic.de%2Fsetuid%3Fbidder%3Dvistar%26gdpr%3D%26gdpr_consent%3D%26f%3Di%26uid%3D%7BUID%7D:0
[   13565ms] [ERROR] Failed to load resource: net::ERR_TOO_MANY_REDIRECTS @ https://measureadv.com/userBack?uid=C-eAEVyjFuBDEIAMC_UB-SMdjg_Q0YkFJHaS7K36Oben7BCB5YNdnEC_fchaJ3Yaw9kN5vUl2Hh_GBF5xPHnwq6Lpx3GtjUV-p3EwjzI_G50144Of7KwnnPsnkjCQcKLQdbQ3FuJrlnTqr4QWkCx5gCx6DGtVtoaRdPDcamS6n9-FsgRdMMXjAbRPT0K4pFC0dVXybfWYPWQl__ydsOO8&p=1:0
[    8523ms] [ERROR] Failed to load resource: the server responded with a status of 424 (Failed Dependency) @ https://t.adx.opera.com/pub/sync?pubid=pub10101531197440&gdpr=1&gdpr_consent=:0
[   10201ms] [ERROR] Failed to load resource: the server responded with a status of 424 (Failed Dependency) @ https://t.adx.opera.com/pub/sync?pubid=pub10101531197440&gdpr=1&gdpr_consent=:0
[   12777ms] [ERROR] Failed to load resource: the server responded with a status of 424 (Failed Dependency) @ https://t.adx.opera.com/pub/sync?pubid=pub10101531197440&gdpr=1&gdpr_consent=:0
[   12958ms] [ERROR] Failed to load resource: the server responded with a status of 424 (Failed Dependency) @ https://t.adx.opera.com/pub/sync?pubid=pub10101531197440&gdpr=1&gdpr_consent=:0
[   13171ms] [ERROR] Failed to load resource: the server responded with a status of 424 (Failed Dependency) @ https://t.adx.opera.com/pub/sync?pubid=pub10101531197440&gdpr=1&gdpr_consent=:0
[   13668ms] [ERROR] Failed to load resource: the server responded with a status of 400 () @ https://ssum-sec.casalemedia.com/usermatch?cb=https%3A%2F%2Fu-ams.4dex.io%2Fsetuid%3Fbidder%3Dindexexchange%26it%3Dortb%26uid%3D&i=1&s=194558&i=1:0
[    9897ms] [ERROR] Failed to load resource: the server responded with a status of 404 () @ https://ittpx.eskimi.com/sync?sp_id=82&gdpr=${GDPR}&gdpr_consent=${GDPR_CONSENT}&us_privacy=${US_PRIVACY}&gpp=${GPP}&gpp_sid=${GPP_SID}:0
[   12462ms] [ERROR] Failed to load resource: the server responded with a status of 404 (Not Found) @ https://cs.pgammedia.com/4c24359a10e13aae23a00fcb8992a145.gif?puid=5f6b0e14-1d43-4373-afe3-2a952c12cf69&gdpr=0&gdpr_consent=&gpp=&gpp_sid=:0
[    9897ms] [ERROR] Failed to load resource: the server responded with a status of 404 () @ https://ittpx.eskimi.com/sync?sp_id=82&gdpr=${GDPR}&gdpr_consent=${GDPR_CONSENT}&us_privacy=${US_PRIVACY}&gpp=${GPP}&gpp_sid=${GPP_SID}:0
[   12462ms] [ERROR] Failed to load resource: the server responded with a status of 404 (Not Found) @ https://cs.pgammedia.com/4c24359a10e13aae23a00fcb8992a145.gif?puid=5f6b0e14-1d43-4373-afe3-2a952c12cf69&gdpr=0&gdpr_consent=&gpp=&gpp_sid=:0
[   14610ms] [ERROR] Failed to load resource: the server responded with a status of 502 () @ chrome-error://chromewebdata/:0
[   14612ms] [ERROR] Refused to display 'https://cs.ingage.tech/' in a frame because it set 'X-Frame-Options' to 'sameorigin'. @ chrome-error://chromewebdata/:0
[   12933ms] [ERROR] Failed to load resource: the server responded with a status of 404 () @ https://cs.krushmedia.com/4831fbf13dd518a56346a6e0ec8ba9d5.gif?puid=ID5-5-57fd1c0c-445b-400e-85b8-07de5abd6ed1&redir=https%3A%2F%2Fsync.inmobi.com%2Fsetuid%3FbidderID%3D1315%26dspUserId%3D%5BUID%5D&gdpr=0&gdpr_consent=:0
[   13159ms] [ERROR] Failed to load resource: the server responded with a status of 404 () @ https://cs.krushmedia.com/4831fbf13dd518a56346a6e0ec8ba9d5.gif?puid=ID5-5-57fd1c0c-445b-400e-85b8-07de5abd6ed1&redir=https%3A%2F%2Fsync.inmobi.com%2Fsetuid%3FbidderID%3D1315%26dspUserId%3D%5BUID%5D&gdpr=0&gdpr_consent=:0
[   13565ms] [ERROR] Failed to load resource: net::ERR_TOO_MANY_REDIRECTS @ https://measureadv.com/userBack?uid=C-eAEVyjFuBDEIAMC_UB-SMdjg_Q0YkFJHaS7K36Oben7BCB5YNdnEC_fchaJ3Yaw9kN5vUl2Hh_GBF5xPHnwq6Lpx3GtjUV-p3EwjzI_G50144Of7KwnnPsnkjCQcKLQdbQ3FuJrlnTqr4QWkCx5gCx6DGtVtoaRdPDcamS6n9-FsgRdMMXjAbRPT0K4pFC0dVXybfWYPWQl__ydsOO8&p=1:0
[   12933ms] [ERROR] Failed to load resource: the server responded with a status of 404 () @ https://cs.krushmedia.com/4831fbf13dd518a56346a6e0ec8ba9d5.gif?puid=ID5-5-57fd1c0c-445b-400e-85b8-07de5abd6ed1&redir=https%3A%2F%2Fsync.inmobi.com%2Fsetuid%3FbidderID%3D1315%26dspUserId%3D%5BUID%5D&gdpr=0&gdpr_consent=:0
[   13159ms] [ERROR] Failed to load resource: the server responded with a status of 404 () @ https://cs.krushmedia.com/4831fbf13dd518a56346a6e0ec8ba9d5.gif?puid=ID5-5-57fd1c0c-445b-400e-85b8-07de5abd6ed1&redir=https%3A%2F%2Fsync.inmobi.com%2Fsetuid%3FbidderID%3D1315%26dspUserId%3D%5BUID%5D&gdpr=0&gdpr_consent=:0
[   13565ms] [ERROR] Failed to load resource: net::ERR_TOO_MANY_REDIRECTS @ https://measureadv.com/userBack?uid=C-eAEVyjFuBDEIAMC_UB-SMdjg_Q0YkFJHaS7K36Oben7BCB5YNdnEC_fchaJ3Yaw9kN5vUl2Hh_GBF5xPHnwq6Lpx3GtjUV-p3EwjzI_G50144Of7KwnnPsnkjCQcKLQdbQ3FuJrlnTqr4QWkCx5gCx6DGtVtoaRdPDcamS6n9-FsgRdMMXjAbRPT0K4pFC0dVXybfWYPWQl__ydsOO8&p=1:0
[   12933ms] [ERROR] Failed to load resource: the server responded with a status of 404 () @ https://cs.krushmedia.com/4831fbf13dd518a56346a6e0ec8ba9d5.gif?puid=ID5-5-57fd1c0c-445b-400e-85b8-07de5abd6ed1&redir=https%3A%2F%2Fsync.inmobi.com%2Fsetuid%3FbidderID%3D1315%26dspUserId%3D%5BUID%5D&gdpr=0&gdpr_consent=:0
[   13159ms] [ERROR] Failed to load resource: the server responded with a status of 404 () @ https://cs.krushmedia.com/4831fbf13dd518a56346a6e0ec8ba9d5.gif?puid=ID5-5-57fd1c0c-445b-400e-85b8-07de5abd6ed1&redir=https%3A%2F%2Fsync.inmobi.com%2Fsetuid%3FbidderID%3D1315%26dspUserId%3D%5BUID%5D&gdpr=0&gdpr_consent=:0
[   13565ms] [ERROR] Failed to load resource: net::ERR_TOO_MANY_REDIRECTS @ https://measureadv.com/userBack?uid=C-eAEVyjFuBDEIAMC_UB-SMdjg_Q0YkFJHaS7K36Oben7BCB5YNdnEC_fchaJ3Yaw9kN5vUl2Hh_GBF5xPHnwq6Lpx3GtjUV-p3EwjzI_G50144Of7KwnnPsnkjCQcKLQdbQ3FuJrlnTqr4QWkCx5gCx6DGtVtoaRdPDcamS6n9-FsgRdMMXjAbRPT0K4pFC0dVXybfWYPWQl__ydsOO8&p=1:0
