[     265ms] [WARNING] document.domain mutation is ignored because the surrounding agent cluster is origin-keyed. @ https://www.nytimes.com/interactive/2025/07/24/travel/things-to-do-reykjavik.html:48
[     303ms] [WARNING] limitedAds is not set, defaulting to false @ https://www.nytimes.com/interactive/2025/07/24/travel/things-to-do-reykjavik.html:133
[     304ms] [WARNING] userinfo data unavailable @ https://www.nytimes.com/interactive/2025/07/24/travel/things-to-do-reykjavik.html:135
[     583ms] [WARNING] et2 snippet should only load once per page @ :49
[     654ms] [WARNING]   WARN  [Statsig] Creating multiple Statsig clients with the same SDK key can lead to unexpected behavior. Multi-instance support requires different SDK keys. @ https://static01.nytimes.com/newsgraphics/2024-01-30-36-hours-generator/ea64a847-82a8-44c8-8e24-fe5f9a84b7fd/_assets/_app/immutable/entry/start.pqEw3SvA.js:6
[     668ms] [WARNING] <Image> was created without expected prop 'credit' @ https://static01.nytimes.com/newsgraphics/2024-01-30-36-hours-generator/ea64a847-82a8-44c8-8e24-fe5f9a84b7fd/_assets/_app/immutable/entry/start.pqEw3SvA.js:6
[     668ms] [WARNING] <Image> was created without expected prop 'className' @ https://static01.nytimes.com/newsgraphics/2024-01-30-36-hours-generator/ea64a847-82a8-44c8-8e24-fe5f9a84b7fd/_assets/_app/immutable/entry/start.pqEw3SvA.js:6
[     668ms] [WARNING] <Image> was created without expected prop 'maxWidth' @ https://static01.nytimes.com/newsgraphics/2024-01-30-36-hours-generator/ea64a847-82a8-44c8-8e24-fe5f9a84b7fd/_assets/_app/immutable/entry/start.pqEw3SvA.js:6
[     668ms] [WARNING] <ExtendedByline> was created without expected prop 'theme' @ https://static01.nytimes.com/newsgraphics/2024-01-30-36-hours-generator/ea64a847-82a8-44c8-8e24-fe5f9a84b7fd/_assets/_app/immutable/entry/start.pqEw3SvA.js:6
[     668ms] [WARNING] <Image> was created without expected prop 'className' @ https://static01.nytimes.com/newsgraphics/2024-01-30-36-hours-generator/ea64a847-82a8-44c8-8e24-fe5f9a84b7fd/_assets/_app/immutable/entry/start.pqEw3SvA.js:6
[     668ms] [WARNING] <Image> was created without expected prop 'maxWidth' @ https://static01.nytimes.com/newsgraphics/2024-01-30-36-hours-generator/ea64a847-82a8-44c8-8e24-fe5f9a84b7fd/_assets/_app/immutable/entry/start.pqEw3SvA.js:6
[     668ms] [WARNING] <Image> was created without expected prop 'className' @ https://static01.nytimes.com/newsgraphics/2024-01-30-36-hours-generator/ea64a847-82a8-44c8-8e24-fe5f9a84b7fd/_assets/_app/immutable/entry/start.pqEw3SvA.js:6
[     668ms] [WARNING] <Image> was created without expected prop 'maxWidth' @ https://static01.nytimes.com/newsgraphics/2024-01-30-36-hours-generator/ea64a847-82a8-44c8-8e24-fe5f9a84b7fd/_assets/_app/immutable/entry/start.pqEw3SvA.js:6
[     668ms] [WARNING] <Image> was created without expected prop 'className' @ https://static01.nytimes.com/newsgraphics/2024-01-30-36-hours-generator/ea64a847-82a8-44c8-8e24-fe5f9a84b7fd/_assets/_app/immutable/entry/start.pqEw3SvA.js:6
[     668ms] [WARNING] <Image> was created without expected prop 'maxWidth' @ https://static01.nytimes.com/newsgraphics/2024-01-30-36-hours-generator/ea64a847-82a8-44c8-8e24-fe5f9a84b7fd/_assets/_app/immutable/entry/start.pqEw3SvA.js:6
[     668ms] [WARNING] <Image> was created without expected prop 'className' @ https://static01.nytimes.com/newsgraphics/2024-01-30-36-hours-generator/ea64a847-82a8-44c8-8e24-fe5f9a84b7fd/_assets/_app/immutable/entry/start.pqEw3SvA.js:6
[     668ms] [WARNING] <Image> was created without expected prop 'maxWidth' @ https://static01.nytimes.com/newsgraphics/2024-01-30-36-hours-generator/ea64a847-82a8-44c8-8e24-fe5f9a84b7fd/_assets/_app/immutable/entry/start.pqEw3SvA.js:6
[     668ms] [WARNING] <Image> was created without expected prop 'className' @ https://static01.nytimes.com/newsgraphics/2024-01-30-36-hours-generator/ea64a847-82a8-44c8-8e24-fe5f9a84b7fd/_assets/_app/immutable/entry/start.pqEw3SvA.js:6
[     668ms] [WARNING] <Image> was created without expected prop 'maxWidth' @ https://static01.nytimes.com/newsgraphics/2024-01-30-36-hours-generator/ea64a847-82a8-44c8-8e24-fe5f9a84b7fd/_assets/_app/immutable/entry/start.pqEw3SvA.js:6
[     668ms] [WARNING] <Image> was created without expected prop 'className' @ https://static01.nytimes.com/newsgraphics/2024-01-30-36-hours-generator/ea64a847-82a8-44c8-8e24-fe5f9a84b7fd/_assets/_app/immutable/entry/start.pqEw3SvA.js:6
[     668ms] [WARNING] <Image> was created without expected prop 'maxWidth' @ https://static01.nytimes.com/newsgraphics/2024-01-30-36-hours-generator/ea64a847-82a8-44c8-8e24-fe5f9a84b7fd/_assets/_app/immutable/entry/start.pqEw3SvA.js:6
[     668ms] [WARNING] <Image> was created without expected prop 'credit' @ https://static01.nytimes.com/newsgraphics/2024-01-30-36-hours-generator/ea64a847-82a8-44c8-8e24-fe5f9a84b7fd/_assets/_app/immutable/entry/start.pqEw3SvA.js:6
[     668ms] [WARNING] <Image> was created without expected prop 'className' @ https://static01.nytimes.com/newsgraphics/2024-01-30-36-hours-generator/ea64a847-82a8-44c8-8e24-fe5f9a84b7fd/_assets/_app/immutable/entry/start.pqEw3SvA.js:6
[     668ms] [WARNING] <Image> was created without expected prop 'maxWidth' @ https://static01.nytimes.com/newsgraphics/2024-01-30-36-hours-generator/ea64a847-82a8-44c8-8e24-fe5f9a84b7fd/_assets/_app/immutable/entry/start.pqEw3SvA.js:6
[     668ms] [WARNING] <Image> was created without expected prop 'className' @ https://static01.nytimes.com/newsgraphics/2024-01-30-36-hours-generator/ea64a847-82a8-44c8-8e24-fe5f9a84b7fd/_assets/_app/immutable/entry/start.pqEw3SvA.js:6
[     668ms] [WARNING] <Image> was created without expected prop 'maxWidth' @ https://static01.nytimes.com/newsgraphics/2024-01-30-36-hours-generator/ea64a847-82a8-44c8-8e24-fe5f9a84b7fd/_assets/_app/immutable/entry/start.pqEw3SvA.js:6
[     668ms] [WARNING] <Image> was created without expected prop 'className' @ https://static01.nytimes.com/newsgraphics/2024-01-30-36-hours-generator/ea64a847-82a8-44c8-8e24-fe5f9a84b7fd/_assets/_app/immutable/entry/start.pqEw3SvA.js:6
[     668ms] [WARNING] <Image> was created without expected prop 'maxWidth' @ https://static01.nytimes.com/newsgraphics/2024-01-30-36-hours-generator/ea64a847-82a8-44c8-8e24-fe5f9a84b7fd/_assets/_app/immutable/entry/start.pqEw3SvA.js:6
[     668ms] [WARNING] <Image> was created without expected prop 'className' @ https://static01.nytimes.com/newsgraphics/2024-01-30-36-hours-generator/ea64a847-82a8-44c8-8e24-fe5f9a84b7fd/_assets/_app/immutable/entry/start.pqEw3SvA.js:6
[     668ms] [WARNING] <Image> was created without expected prop 'maxWidth' @ https://static01.nytimes.com/newsgraphics/2024-01-30-36-hours-generator/ea64a847-82a8-44c8-8e24-fe5f9a84b7fd/_assets/_app/immutable/entry/start.pqEw3SvA.js:6
[     668ms] [WARNING] <Image> was created without expected prop 'className' @ https://static01.nytimes.com/newsgraphics/2024-01-30-36-hours-generator/ea64a847-82a8-44c8-8e24-fe5f9a84b7fd/_assets/_app/immutable/entry/start.pqEw3SvA.js:6
[     668ms] [WARNING] <Image> was created without expected prop 'maxWidth' @ https://static01.nytimes.com/newsgraphics/2024-01-30-36-hours-generator/ea64a847-82a8-44c8-8e24-fe5f9a84b7fd/_assets/_app/immutable/entry/start.pqEw3SvA.js:6
[     668ms] [WARNING] <Image> was created without expected prop 'className' @ https://static01.nytimes.com/newsgraphics/2024-01-30-36-hours-generator/ea64a847-82a8-44c8-8e24-fe5f9a84b7fd/_assets/_app/immutable/entry/start.pqEw3SvA.js:6
[     668ms] [WARNING] <Image> was created without expected prop 'maxWidth' @ https://static01.nytimes.com/newsgraphics/2024-01-30-36-hours-generator/ea64a847-82a8-44c8-8e24-fe5f9a84b7fd/_assets/_app/immutable/entry/start.pqEw3SvA.js:6
[     669ms] [WARNING] <Image> was created without expected prop 'className' @ https://static01.nytimes.com/newsgraphics/2024-01-30-36-hours-generator/ea64a847-82a8-44c8-8e24-fe5f9a84b7fd/_assets/_app/immutable/entry/start.pqEw3SvA.js:6
[     669ms] [WARNING] <Image> was created without expected prop 'maxWidth' @ https://static01.nytimes.com/newsgraphics/2024-01-30-36-hours-generator/ea64a847-82a8-44c8-8e24-fe5f9a84b7fd/_assets/_app/immutable/entry/start.pqEw3SvA.js:6
[     669ms] [WARNING] <Image> was created without expected prop 'className' @ https://static01.nytimes.com/newsgraphics/2024-01-30-36-hours-generator/ea64a847-82a8-44c8-8e24-fe5f9a84b7fd/_assets/_app/immutable/entry/start.pqEw3SvA.js:6
[     669ms] [WARNING] <Image> was created without expected prop 'maxWidth' @ https://static01.nytimes.com/newsgraphics/2024-01-30-36-hours-generator/ea64a847-82a8-44c8-8e24-fe5f9a84b7fd/_assets/_app/immutable/entry/start.pqEw3SvA.js:6
[     669ms] [WARNING] <Image> was created without expected prop 'credit' @ https://static01.nytimes.com/newsgraphics/2024-01-30-36-hours-generator/ea64a847-82a8-44c8-8e24-fe5f9a84b7fd/_assets/_app/immutable/entry/start.pqEw3SvA.js:6
[     669ms] [WARNING] <Image> was created without expected prop 'className' @ https://static01.nytimes.com/newsgraphics/2024-01-30-36-hours-generator/ea64a847-82a8-44c8-8e24-fe5f9a84b7fd/_assets/_app/immutable/entry/start.pqEw3SvA.js:6
[     669ms] [WARNING] <Image> was created without expected prop 'maxWidth' @ https://static01.nytimes.com/newsgraphics/2024-01-30-36-hours-generator/ea64a847-82a8-44c8-8e24-fe5f9a84b7fd/_assets/_app/immutable/entry/start.pqEw3SvA.js:6
[     669ms] [WARNING] <Image> was created without expected prop 'className' @ https://static01.nytimes.com/newsgraphics/2024-01-30-36-hours-generator/ea64a847-82a8-44c8-8e24-fe5f9a84b7fd/_assets/_app/immutable/entry/start.pqEw3SvA.js:6
[     669ms] [WARNING] <Image> was created without expected prop 'maxWidth' @ https://static01.nytimes.com/newsgraphics/2024-01-30-36-hours-generator/ea64a847-82a8-44c8-8e24-fe5f9a84b7fd/_assets/_app/immutable/entry/start.pqEw3SvA.js:6
[     669ms] [WARNING] <Image> was created without expected prop 'className' @ https://static01.nytimes.com/newsgraphics/2024-01-30-36-hours-generator/ea64a847-82a8-44c8-8e24-fe5f9a84b7fd/_assets/_app/immutable/entry/start.pqEw3SvA.js:6
[     669ms] [WARNING] <Image> was created without expected prop 'maxWidth' @ https://static01.nytimes.com/newsgraphics/2024-01-30-36-hours-generator/ea64a847-82a8-44c8-8e24-fe5f9a84b7fd/_assets/_app/immutable/entry/start.pqEw3SvA.js:6
[     669ms] [WARNING] <Image> was created without expected prop 'className' @ https://static01.nytimes.com/newsgraphics/2024-01-30-36-hours-generator/ea64a847-82a8-44c8-8e24-fe5f9a84b7fd/_assets/_app/immutable/entry/start.pqEw3SvA.js:6
[     669ms] [WARNING] <Image> was created without expected prop 'maxWidth' @ https://static01.nytimes.com/newsgraphics/2024-01-30-36-hours-generator/ea64a847-82a8-44c8-8e24-fe5f9a84b7fd/_assets/_app/immutable/entry/start.pqEw3SvA.js:6
[    1026ms] [WARNING] [GPT] PubAdsService.getTargetingKeys is deprecated, use googletag.getConfig('targeting') instead.
https://goo.gle/gpt-message#200 @ https://static01.nytimes.com/newsgraphics/2024-01-30-36-hours-generator/ea64a847-82a8-44c8-8e24-fe5f9a84b7fd/_assets/_app/immutable/entry/start.pqEw3SvA.js:6
[    1030ms] [WARNING] [GPT] Slot.setTargeting is deprecated, use Slot.setConfig({targeting: ...}) instead.
https://goo.gle/gpt-message#171 @ https://static01.nytimes.com/newsgraphics/2024-01-30-36-hours-generator/ea64a847-82a8-44c8-8e24-fe5f9a84b7fd/_assets/_app/immutable/entry/start.pqEw3SvA.js:6
[    1258ms] [ERROR] Failed to load resource: the server responded with a status of 404 () @ https://s.go-mpulse.net/boomerang/ATH8A-MAMN8-XPXCH-N5KAX-8D239:0
[    1296ms] [ERROR] Failed to load resource: the server responded with a status of 404 () @ https://s.go-mpulse.net/boomerang/ATH8A-MAMN8-XPXCH-N5KAX-8D239:0
[    1310ms] [ERROR] Creating a worker from 'blob:https://myaccount.nytimes.com/8c767883-440c-48c2-bb36-477b6997f7f4' violates the following Content Security Policy directive: "script-src 'self' 'unsafe-inline' 'unsafe-eval' *.nytimes.com *.nyt.com https://www.gstatic.com https://www.google.com https://www.googletagmanager.com https://www.google-analytics.com https://sc-static.net https://js.datadome.co https://*.go-mpulse.net". Note that 'worker-src' was not explicitly set, so 'script-src' is used as a fallback. The action has been blocked. @ https://dd.nytimes.com/tags.js:1
[    1689ms] [WARNING]   WARN  [Statsig] Creating multiple Statsig clients with the same SDK key can lead to unexpected behavior. Multi-instance support requires different SDK keys. @ https://static01.nytimes.com/newsgraphics/2024-01-30-36-hours-generator/ea64a847-82a8-44c8-8e24-fe5f9a84b7fd/_assets/_app/immutable/entry/start.pqEw3SvA.js:6
[    4683ms] [WARNING] The resource https://s.go-mpulse.net/boomerang/ATH8A-MAMN8-XPXCH-N5KAX-8D239 was preloaded using link preload but not used within a few seconds from the window's load event. Please make sure it has an appropriate `as` value and it is preloaded intentionally. @ https://myaccount.nytimes.com/auth/iframe/enter-email?response_type=cookie&client_id=oma&redirect_uri=https%3A%2F%2Fwww.nytimes.com%2Fsubscription%2Fonboarding-offer%3FcampaignId%3D7JFJX%26redirect_uri%3Dhttps%253A%252F%252Fwww.nytimes.com%252Finteractive%252F2025%252F07%252F24%252Ftravel%252Fthings-to-do-reykjavik.html%26EXIT_URI%3Dhttps%253A%252F%252Fwww.nytimes.com%252Finteractive%252F2025%252F07%252F24%252Ftravel%252Fthings-to-do-reykjavik.html&display=regiwall_lire&asset=RegiWall&application=OMA&preloaded=true#lire-ui-230241:0
[    8834ms] [LOG] Service Worker: content is cached @ https://www.nytimes.com/vi-assets/static-assets/interactive-cfab5bc9ab85c8399e00.js:6
[   12390ms] [ERROR] UserInfoAgentID unavailable. @ https://myaccount.nytimes.com/lire_ui/js/sentry.bundle.js:1
