[     464ms] [WARNING] Deprecated API for given entry type. @ https://www.travelandleisure.com/static/4.219.0/cache/eNp9VFGOnDAMvVApZ5iuVv0aadSdC5jEgJcQo9hhNXP6BnbbDlPDR1Di92xsvzi1KCi5eoSoAet3qTWBw2_11u54nDhiVKkD3DjrwnyXyvXohmdygQKDR28AjnkgFAPJSoHUxtpYHcGex0N8KWmg2B2SZoyeU619Yi2mnTBYgZddzH3MBjaWTdUkhGFiKi38S_n0mzFA9AFJcsLDFAPcb0J3LH3n2FL3TAnUyJZXfodJ0ClxPNDUSWrXj5U93BqrGxN0WM2EHwdxOx1X0QO5ofqjghUrN5IbA3g5X_5Z2eeAa4HgvzpQwUTbk0X_df2xrD1oTaxsXmd8VOeBdRrhzrG-5CaQ9JhO2RNGV8D_TZa_IepjMWfURE6uSx6YTE5eJazawJyej5bDW2C7lJ-X67IsSCF1qMucCLRYylKLJW47AhtVyJcWkt4sOGHpb8br8zV4uC8l8MLsJrUDtAmlhybgaS-DlzJmSjO-URchnCGWW5p250S-5zgjhb68SvIbYdTlwg.min.js:20
[     529ms] [WARNING] An iframe which has both allow-scripts and allow-same-origin for its sandbox attribute can escape its sandboxing. @ https://www.travelandleisure.com/static/4.219.0/cache/eNqlVW2O4yAMvdB6oznD_J1LOMQhdByIwKTNnH4c0k6_MmyllSphHN4zfjZukwTFmWZEL0zNITWjGjCjd8wIycTA_Ke5P2XCOAVPXlLjvFD0yE1HPcUVX4xI3RUUusyUblEST4B979ihEAhaS_HRy85_QqRjdLIRK36kaKh2rnJTOm03dV8bJq2cT87_JgDNHzMLTJyt808qKIbxawHsKqFMUFlPkpFhwmX8zVdhOLrOkq4DOTvI-4De0odLQl7F3HNWuCyHVis8EHYFvC6Px9m1JTd8e1ugc8jBVhg9zs7qt-CbLFpHWUBdt3YF3Ic4piYRRjPAurm1K7iRUkJL0KJfRbjfVnBbNuelFPkF3beHA1MMNmogjRL3fD9M--JsWhdtrmbtNY6a0VoG6_p_UPeZWS9E5Av9_Xava9e74xGX2rtuMZXwPdPJtUz1Lr8TttYtdExMog_t3FnPnr1kL6Vo0XyCBP1N0GYRTf7ZVctqdh0FOBwnxmUdRWfjtyfA6W9rE8kLXSIhsLjpslYQmGUIES6Aw6PnlZYMRrWCNGAsRbrd7-mHUR1KdV6hDCAvOvIM5-RmulqV6EliNpL1D-GHYOtSbTYd3x_rJGrD6R1jyIm4VgevH-Zy9c2qRSVTujyScdHA_vYb1TOxXw.min.js:12
[     712ms] [LOG] %cAY background: linear-gradient(-152deg,#6937ea,#377fea 65%);border-radius: 3px;color: white;padding: 1px 5px New Session!  @ https://www.travelandleisure.com/static/4.219.0/static/modules/js/AssertiveYield/scripts/ayAnalytics.js:53
[     712ms] [LOG] %cAY background: linear-gradient(-152deg,#6937ea,#377fea 65%);border-radius: 3px;color: white;padding: 1px 5px Initializing Assertive Yield v2.37.8-pre.1.patched. @ https://www.travelandleisure.com/static/4.219.0/static/modules/js/AssertiveYield/scripts/ayAnalytics.js:53
[     918ms] [WARNING] [GPT] PubAdsService.setTargeting is deprecated, use googletag.setConfig({targeting: ...}) instead.
https://goo.gle/gpt-message#170 @ https://www.travelandleisure.com/static/4.219.0/static/modules/js/AssertiveYield/scripts/ayAnalytics.js:53
[     921ms] [WARNING] [GPT] Slot.setTargeting is deprecated, use Slot.setConfig({targeting: ...}) instead.
https://goo.gle/gpt-message#171 @ https://www.travelandleisure.com/static/4.219.0/static/modules/js/AssertiveYield/scripts/ayAnalytics.js:53
[    1406ms] [WARNING] [GPT] Using deprecated googletag.encryptedSignalProviders. Please use googletag.secureSignalProviders instead.
https://goo.gle/gpt-message#155 @ https://www.travelandleisure.com/static/4.219.0/static/modules/js/AssertiveYield/scripts/ayAnalytics.js:53
[    1414ms] [WARNING] [GPT] Using deprecated googletag.encryptedSignalProviders. Please use googletag.secureSignalProviders instead.
https://goo.gle/gpt-message#155 @ https://www.travelandleisure.com/static/4.219.0/static/modules/js/AssertiveYield/scripts/ayAnalytics.js:53
[    2261ms] [LOG] %cAY background: linear-gradient(-152deg,#6937ea,#377fea 65%);border-radius: 3px;color: white;padding: 1px 5px Bids didBid: [Object, Object, Object, Object, Object] @ https://www.travelandleisure.com/static/4.219.0/static/modules/js/AssertiveYield/scripts/ayAnalytics.js:53
[    2261ms] [LOG] %cAY background: linear-gradient(-152deg,#6937ea,#377fea 65%);border-radius: 3px;color: white;padding: 1px 5px Bids didTimeout: [] @ https://www.travelandleisure.com/static/4.219.0/static/modules/js/AssertiveYield/scripts/ayAnalytics.js:53
[    2313ms] [LOG] %cAY background: linear-gradient(-152deg,#6937ea,#377fea 65%);border-radius: 3px;color: white;padding: 1px 5px Slot requested: leaderboard-flex-1 {floor_id: Array(1), floor: Array(1), pc: Array(1), tax1: Array(1), leaid: Array(1)} @ https://www.travelandleisure.com/static/4.219.0/static/modules/js/AssertiveYield/scripts/ayAnalytics.js:53
[    3646ms] [LOG] %cAY background: linear-gradient(-152deg,#6937ea,#377fea 65%);border-radius: 3px;color: white;padding: 1px 5px Session UUID: 441eb892-e6ae-49b5-bc37-1bae4acacbf4, PageView UUID: f5ddd082-a624-4113-89eb-bd8945fdf119, Hash: null - null @ https://www.travelandleisure.com/static/4.219.0/static/modules/js/AssertiveYield/scripts/ayAnalytics.js:53
[    3646ms] [LOG] %cAY background: linear-gradient(-152deg,#6937ea,#377fea 65%);border-radius: 3px;color: white;padding: 1px 5px AdUnitPath: 3865/ddm.travelandleisure.com/tier1/structuredcontent/TripIdeas, AdId: 5c61a6881ef4fb @ https://www.travelandleisure.com/static/4.219.0/static/modules/js/AssertiveYield/scripts/ayAnalytics.js:53
[    3647ms] [LOG] %cAY background: linear-gradient(-152deg,#6937ea,#377fea 65%);border-radius: 3px;color: white;padding: 1px 5px Floor: 1.8 (pbjs) | 0 (gpt) @ https://www.travelandleisure.com/static/4.219.0/static/modules/js/AssertiveYield/scripts/ayAnalytics.js:53
[    3647ms] [LOG] %cAY background: linear-gradient(-152deg,#6937ea,#377fea 65%);border-radius: 3px;color: white;padding: 1px 5px  - Highest Prebid 5.38 from ix with id 5c61a6881ef4fb @ https://www.travelandleisure.com/static/4.219.0/static/modules/js/AssertiveYield/scripts/ayAnalytics.js:53
[    3647ms] [LOG] %cAY background: linear-gradient(-152deg,#6937ea,#377fea 65%);border-radius: 3px;color: white;padding: 1px 5px  - APS bid: rhfgu8 @ https://www.travelandleisure.com/static/4.219.0/static/modules/js/AssertiveYield/scripts/ayAnalytics.js:53
[    3647ms] [LOG] %cAY background: linear-gradient(-152deg,#6937ea,#377fea 65%);border-radius: 3px;color: white;padding: 1px 5px Winner: dfp (Direct/AdX/AdSense) with size 728x90 @ https://www.travelandleisure.com/static/4.219.0/static/modules/js/AssertiveYield/scripts/ayAnalytics.js:53
[    3763ms] [LOG] Not starting liQHub: window.liQHub is neither undefined nor an array @ https://b-code.liadm.com/a-0183.min.js:1
[    3965ms] [ERROR] Attestation check for Attribution Reporting on https://ad.doubleclick.net failed. @ https://www.travelandleisure.com/best-places-to-go-2026-11840319:0
[    3993ms] [ERROR] Attestation check for Shared Storage on https://www.googleadservices.com failed. @ https://www.googleadservices.com/pagead/managed/js/activeview/current/reach_worklet.html:0
[    4001ms] [ERROR] Attestation check for Attribution Reporting on https://www.facebook.com failed. @ https://www.travelandleisure.com/best-places-to-go-2026-11840319:0
[    4095ms] [ERROR] Attestation check for Attribution Reporting on https://ad.doubleclick.net failed. @ https://www.travelandleisure.com/best-places-to-go-2026-11840319:0
[    4121ms] [LOG] {aim_version: 4.57.0, event_timestamp: 2026-04-27 19:23:41, country_code: , country_description: , dgid: } @ :0
[    4124ms] [LOG] Safari @ https://s0.2mdn.net/sadbundle/14530558239408104104/index.html?e=69&leftOffset=0&topOffset=0&c=vdNGdOlf9J&t=1&renderingType=2&ev=01_262:153
[    4124ms] [LOG] reporting_label: VXB_CON_CIC_PMP_ACQ009_BASE_728x90 @ https://s0.2mdn.net/sadbundle/14530558239408104104/index.html?e=69&leftOffset=0&topOffset=0&c=vdNGdOlf9J&t=1&renderingType=2&ev=01_262:153
[    4124ms] [LOG] [<span style="font-family: &quot;PremiumSerif SemiBold&quot;;">2X</span> miles, on, every, purchase] @ https://s0.2mdn.net/sadbundle/14530558239408104104/index.html?e=69&leftOffset=0&topOffset=0&c=vdNGdOlf9J&t=1&renderingType=2&ev=01_262:153
[    4125ms] [LOG] [With&nbsp;<span style="font-family:OptimistSBd;">V…>$300&nbsp;annual&nbsp;travel&nbsp;credit.</span>] @ https://s0.2mdn.net/sadbundle/14530558239408104104/index.html?e=69&leftOffset=0&topOffset=0&c=vdNGdOlf9J&t=1&renderingType=2&ev=01_262:153
[    4306ms] [LOG] CP: Lastmile script added @ https://g.3gl.net/jp/7811/latest/InitialLoadScript.js:4
[    5065ms] [LOG] %cAY background: linear-gradient(-152deg,#6937ea,#377fea 65%);border-radius: 3px;color: white;padding: 1px 5px Impression viewable: leaderboard-flex-1 @ https://www.travelandleisure.com/static/4.219.0/static/modules/js/AssertiveYield/scripts/ayAnalytics.js:53
[    6193ms] [ERROR] Failed to load resource: the server responded with a status of 400 () @ https://pbs-us-east.ay.delivery/openrtb2/auction:0
[    6648ms] [LOG] %cAY background: linear-gradient(-152deg,#6937ea,#377fea 65%);border-radius: 3px;color: white;padding: 1px 5px Bids didBid: [Object, Object, Object] @ https://www.travelandleisure.com/static/4.219.0/static/modules/js/AssertiveYield/scripts/ayAnalytics.js:53
[    6648ms] [LOG] %cAY background: linear-gradient(-152deg,#6937ea,#377fea 65%);border-radius: 3px;color: white;padding: 1px 5px Bids didTimeout: [] @ https://www.travelandleisure.com/static/4.219.0/static/modules/js/AssertiveYield/scripts/ayAnalytics.js:53
[    6695ms] [LOG] %cAY background: linear-gradient(-152deg,#6937ea,#377fea 65%);border-radius: 3px;color: white;padding: 1px 5px Slot requested: leaderboardfooter-flex-2 {floor_id: Array(1), floor: Array(1), pc: Array(1), tax1: Array(1), leaid: Array(1)} @ https://www.travelandleisure.com/static/4.219.0/static/modules/js/AssertiveYield/scripts/ayAnalytics.js:53
[    7751ms] [LOG] %cAY background: linear-gradient(-152deg,#6937ea,#377fea 65%);border-radius: 3px;color: white;padding: 1px 5px Session UUID: 441eb892-e6ae-49b5-bc37-1bae4acacbf4, PageView UUID: f5ddd082-a624-4113-89eb-bd8945fdf119, Hash: null - null @ https://www.travelandleisure.com/static/4.219.0/static/modules/js/AssertiveYield/scripts/ayAnalytics.js:53
[    7751ms] [LOG] %cAY background: linear-gradient(-152deg,#6937ea,#377fea 65%);border-radius: 3px;color: white;padding: 1px 5px AdUnitPath: 3865/ddm.travelandleisure.com/tier1/structuredcontent/TripIdeas, AdId: 14780c72a93fb6d8 @ https://www.travelandleisure.com/static/4.219.0/static/modules/js/AssertiveYield/scripts/ayAnalytics.js:53
[    7751ms] [LOG] %cAY background: linear-gradient(-152deg,#6937ea,#377fea 65%);border-radius: 3px;color: white;padding: 1px 5px Floor: 4.5 (pbjs) | 0 (gpt) @ https://www.travelandleisure.com/static/4.219.0/static/modules/js/AssertiveYield/scripts/ayAnalytics.js:53
[    7751ms] [LOG] %cAY background: linear-gradient(-152deg,#6937ea,#377fea 65%);border-radius: 3px;color: white;padding: 1px 5px  - Highest Prebid 4.9 from appnexus with id 14780c72a93fb6d8 @ https://www.travelandleisure.com/static/4.219.0/static/modules/js/AssertiveYield/scripts/ayAnalytics.js:53
[    7751ms] [LOG] %cAY background: linear-gradient(-152deg,#6937ea,#377fea 65%);border-radius: 3px;color: white;padding: 1px 5px  - APS bid: qdh3b4 PMP: 5fbqww @ https://www.travelandleisure.com/static/4.219.0/static/modules/js/AssertiveYield/scripts/ayAnalytics.js:53
[    7751ms] [LOG] %cAY background: linear-gradient(-152deg,#6937ea,#377fea 65%);border-radius: 3px;color: white;padding: 1px 5px Winner: dfp (Direct/AdX/AdSense) with size 728x90 @ https://www.travelandleisure.com/static/4.219.0/static/modules/js/AssertiveYield/scripts/ayAnalytics.js:53
[    7754ms] [WARNING] [GPT] Slot leaderboardfooter-flex-2 rendered inside of the viewport.
https://goo.gle/gpt-message#169 @ https://www.travelandleisure.com/static/4.219.0/static/modules/js/AssertiveYield/scripts/ayAnalytics.js:53
[    3993ms] [ERROR] Attestation check for Shared Storage on https://www.googleadservices.com failed. @ https://www.googleadservices.com/pagead/managed/js/activeview/current/reach_worklet.html:0
[    7854ms] [ERROR] Attestation check for Shared Storage on https://www.googleadservices.com failed. @ https://www.googleadservices.com/pagead/managed/js/activeview/current/reach_worklet.html:0
[    7887ms] [ERROR] Attestation check for Attribution Reporting on https://ad.doubleclick.net failed. @ https://www.travelandleisure.com/best-places-to-go-2026-11840319:0
[    7954ms] [ERROR] Failed to load resource: net::ERR_NAME_NOT_RESOLVED @ https://sync.search.spotxchange.com/partner?adv_id=7025&gdpr=0&redir=https%3A%2F%2Fcm.g.doubleclick.net%2Fpixel%3Fgoogle_nid%3Dspotxchange_dbm%26google_hm%3D%24SPOTX_BASE64_USER_ID:0
[    7954ms] [ERROR] Failed to load resource: net::ERR_NAME_NOT_RESOLVED @ https://sync.search.spotxchange.com/partner?adv_id=7025&gdpr=0&uid=CAESENyRi-Px2rO-mjZEC2LHob0&google_cver=1:0
[    7972ms] [ERROR] Attestation check for Attribution Reporting on https://ad.doubleclick.net failed. @ https://www.travelandleisure.com/best-places-to-go-2026-11840319:0
[    8040ms] [LOG] Safari @ https://s0.2mdn.net/sadbundle/2251836426651433235/index.html?e=69&leftOffset=0&topOffset=0&c=zILoCg5rHZ&t=1&renderingType=2&ev=01_262:153
[    8040ms] [LOG] reporting_label: VXB_3P_DBSMB_PMP_DCD549_BASE_728x90 @ https://s0.2mdn.net/sadbundle/2251836426651433235/index.html?e=69&leftOffset=0&topOffset=0&c=zILoCg5rHZ&t=1&renderingType=2&ev=01_262:153
[    8040ms] [LOG] [<span style="font-family: &quot;PremiumSerif SemiB…ual&nbsp;Capital&nbsp;One&nbsp;travel&nbsp;credit] @ https://s0.2mdn.net/sadbundle/2251836426651433235/index.html?e=69&leftOffset=0&topOffset=0&c=zILoCg5rHZ&t=1&renderingType=2&ev=01_262:153
[    8041ms] [LOG] [With&nbsp;<span style="font-family:OptimistSBd;">V…sp;miles</span>&nbsp;on&nbsp;every&nbsp;purchase.] @ https://s0.2mdn.net/sadbundle/2251836426651433235/index.html?e=69&leftOffset=0&topOffset=0&c=zILoCg5rHZ&t=1&renderingType=2&ev=01_262:153
[    8996ms] [LOG] %cAY background: linear-gradient(-152deg,#6937ea,#377fea 65%);border-radius: 3px;color: white;padding: 1px 5px Impression viewable: leaderboardfooter-flex-2 @ https://www.travelandleisure.com/static/4.219.0/static/modules/js/AssertiveYield/scripts/ayAnalytics.js:53
[   12941ms] Uncaught TypeError: Cannot read properties of undefined (reading 'url')
    at <anonymous> (https://g.3gl.net/jp/7811/latest/InitialLoadScript.js:4:15425)
