[     625ms] [WARNING] document.domain mutation is ignored because the surrounding agent cluster is origin-keyed. @ https://www.nytimes.com/interactive/2024/07/18/travel/things-to-do-san-diego.html:48
[     672ms] [WARNING] limitedAds is not set, defaulting to false @ https://www.nytimes.com/interactive/2024/07/18/travel/things-to-do-san-diego.html:133
[     797ms] [WARNING] et2 snippet should only load once per page @ :49
[     866ms] [WARNING] <Image> was created without expected prop 'className' @ https://static01.nytimes.com/newsgraphics/2024-01-30-36-hours-generator/0440de83-ba9d-46f3-9aa8-11cac022144a/_assets/_app/immutable/entry/start.bMvsTMBb.js:6
[     866ms] [WARNING] <Image> was created without expected prop 'maxWidth' @ https://static01.nytimes.com/newsgraphics/2024-01-30-36-hours-generator/0440de83-ba9d-46f3-9aa8-11cac022144a/_assets/_app/immutable/entry/start.bMvsTMBb.js:6
[     866ms] [WARNING] <ExtendedByline> was created without expected prop 'theme' @ https://static01.nytimes.com/newsgraphics/2024-01-30-36-hours-generator/0440de83-ba9d-46f3-9aa8-11cac022144a/_assets/_app/immutable/entry/start.bMvsTMBb.js:6
[     866ms] [WARNING] <Image> was created without expected prop 'className' @ https://static01.nytimes.com/newsgraphics/2024-01-30-36-hours-generator/0440de83-ba9d-46f3-9aa8-11cac022144a/_assets/_app/immutable/entry/start.bMvsTMBb.js:6
[     866ms] [WARNING] <Image> was created without expected prop 'maxWidth' @ https://static01.nytimes.com/newsgraphics/2024-01-30-36-hours-generator/0440de83-ba9d-46f3-9aa8-11cac022144a/_assets/_app/immutable/entry/start.bMvsTMBb.js:6
[     866ms] [WARNING] <Image> was created without expected prop 'className' @ https://static01.nytimes.com/newsgraphics/2024-01-30-36-hours-generator/0440de83-ba9d-46f3-9aa8-11cac022144a/_assets/_app/immutable/entry/start.bMvsTMBb.js:6
[     866ms] [WARNING] <Image> was created without expected prop 'maxWidth' @ https://static01.nytimes.com/newsgraphics/2024-01-30-36-hours-generator/0440de83-ba9d-46f3-9aa8-11cac022144a/_assets/_app/immutable/entry/start.bMvsTMBb.js:6
[     866ms] [WARNING] <Image> was created without expected prop 'className' @ https://static01.nytimes.com/newsgraphics/2024-01-30-36-hours-generator/0440de83-ba9d-46f3-9aa8-11cac022144a/_assets/_app/immutable/entry/start.bMvsTMBb.js:6
[     866ms] [WARNING] <Image> was created without expected prop 'maxWidth' @ https://static01.nytimes.com/newsgraphics/2024-01-30-36-hours-generator/0440de83-ba9d-46f3-9aa8-11cac022144a/_assets/_app/immutable/entry/start.bMvsTMBb.js:6
[     866ms] [WARNING] <Image> was created without expected prop 'className' @ https://static01.nytimes.com/newsgraphics/2024-01-30-36-hours-generator/0440de83-ba9d-46f3-9aa8-11cac022144a/_assets/_app/immutable/entry/start.bMvsTMBb.js:6
[     866ms] [WARNING] <Image> was created without expected prop 'maxWidth' @ https://static01.nytimes.com/newsgraphics/2024-01-30-36-hours-generator/0440de83-ba9d-46f3-9aa8-11cac022144a/_assets/_app/immutable/entry/start.bMvsTMBb.js:6
[     866ms] [WARNING] <Image> was created without expected prop 'className' @ https://static01.nytimes.com/newsgraphics/2024-01-30-36-hours-generator/0440de83-ba9d-46f3-9aa8-11cac022144a/_assets/_app/immutable/entry/start.bMvsTMBb.js:6
[     866ms] [WARNING] <Image> was created without expected prop 'maxWidth' @ https://static01.nytimes.com/newsgraphics/2024-01-30-36-hours-generator/0440de83-ba9d-46f3-9aa8-11cac022144a/_assets/_app/immutable/entry/start.bMvsTMBb.js:6
[     866ms] [WARNING] <Image> was created without expected prop 'className' @ https://static01.nytimes.com/newsgraphics/2024-01-30-36-hours-generator/0440de83-ba9d-46f3-9aa8-11cac022144a/_assets/_app/immutable/entry/start.bMvsTMBb.js:6
[     866ms] [WARNING] <Image> was created without expected prop 'maxWidth' @ https://static01.nytimes.com/newsgraphics/2024-01-30-36-hours-generator/0440de83-ba9d-46f3-9aa8-11cac022144a/_assets/_app/immutable/entry/start.bMvsTMBb.js:6
[     866ms] [WARNING] <Image> was created without expected prop 'className' @ https://static01.nytimes.com/newsgraphics/2024-01-30-36-hours-generator/0440de83-ba9d-46f3-9aa8-11cac022144a/_assets/_app/immutable/entry/start.bMvsTMBb.js:6
[     867ms] [WARNING] <Image> was created without expected prop 'maxWidth' @ https://static01.nytimes.com/newsgraphics/2024-01-30-36-hours-generator/0440de83-ba9d-46f3-9aa8-11cac022144a/_assets/_app/immutable/entry/start.bMvsTMBb.js:6
[     867ms] [WARNING] <Image> was created without expected prop 'className' @ https://static01.nytimes.com/newsgraphics/2024-01-30-36-hours-generator/0440de83-ba9d-46f3-9aa8-11cac022144a/_assets/_app/immutable/entry/start.bMvsTMBb.js:6
[     867ms] [WARNING] <Image> was created without expected prop 'maxWidth' @ https://static01.nytimes.com/newsgraphics/2024-01-30-36-hours-generator/0440de83-ba9d-46f3-9aa8-11cac022144a/_assets/_app/immutable/entry/start.bMvsTMBb.js:6
[     867ms] [WARNING] <Image> was created without expected prop 'className' @ https://static01.nytimes.com/newsgraphics/2024-01-30-36-hours-generator/0440de83-ba9d-46f3-9aa8-11cac022144a/_assets/_app/immutable/entry/start.bMvsTMBb.js:6
[     867ms] [WARNING] <Image> was created without expected prop 'maxWidth' @ https://static01.nytimes.com/newsgraphics/2024-01-30-36-hours-generator/0440de83-ba9d-46f3-9aa8-11cac022144a/_assets/_app/immutable/entry/start.bMvsTMBb.js:6
[     867ms] [WARNING] <Image> was created without expected prop 'className' @ https://static01.nytimes.com/newsgraphics/2024-01-30-36-hours-generator/0440de83-ba9d-46f3-9aa8-11cac022144a/_assets/_app/immutable/entry/start.bMvsTMBb.js:6
[     867ms] [WARNING] <Image> was created without expected prop 'maxWidth' @ https://static01.nytimes.com/newsgraphics/2024-01-30-36-hours-generator/0440de83-ba9d-46f3-9aa8-11cac022144a/_assets/_app/immutable/entry/start.bMvsTMBb.js:6
[     867ms] [WARNING] <Image> was created without expected prop 'className' @ https://static01.nytimes.com/newsgraphics/2024-01-30-36-hours-generator/0440de83-ba9d-46f3-9aa8-11cac022144a/_assets/_app/immutable/entry/start.bMvsTMBb.js:6
[     867ms] [WARNING] <Image> was created without expected prop 'maxWidth' @ https://static01.nytimes.com/newsgraphics/2024-01-30-36-hours-generator/0440de83-ba9d-46f3-9aa8-11cac022144a/_assets/_app/immutable/entry/start.bMvsTMBb.js:6
[     867ms] [WARNING] <Image> was created without expected prop 'className' @ https://static01.nytimes.com/newsgraphics/2024-01-30-36-hours-generator/0440de83-ba9d-46f3-9aa8-11cac022144a/_assets/_app/immutable/entry/start.bMvsTMBb.js:6
[     867ms] [WARNING] <Image> was created without expected prop 'maxWidth' @ https://static01.nytimes.com/newsgraphics/2024-01-30-36-hours-generator/0440de83-ba9d-46f3-9aa8-11cac022144a/_assets/_app/immutable/entry/start.bMvsTMBb.js:6
[     867ms] [WARNING] <Image> was created without expected prop 'className' @ https://static01.nytimes.com/newsgraphics/2024-01-30-36-hours-generator/0440de83-ba9d-46f3-9aa8-11cac022144a/_assets/_app/immutable/entry/start.bMvsTMBb.js:6
[     867ms] [WARNING] <Image> was created without expected prop 'maxWidth' @ https://static01.nytimes.com/newsgraphics/2024-01-30-36-hours-generator/0440de83-ba9d-46f3-9aa8-11cac022144a/_assets/_app/immutable/entry/start.bMvsTMBb.js:6
[     867ms] [WARNING] <Image> was created without expected prop 'className' @ https://static01.nytimes.com/newsgraphics/2024-01-30-36-hours-generator/0440de83-ba9d-46f3-9aa8-11cac022144a/_assets/_app/immutable/entry/start.bMvsTMBb.js:6
[     867ms] [WARNING] <Image> was created without expected prop 'maxWidth' @ https://static01.nytimes.com/newsgraphics/2024-01-30-36-hours-generator/0440de83-ba9d-46f3-9aa8-11cac022144a/_assets/_app/immutable/entry/start.bMvsTMBb.js:6
[     867ms] [WARNING] <Image> was created without expected prop 'className' @ https://static01.nytimes.com/newsgraphics/2024-01-30-36-hours-generator/0440de83-ba9d-46f3-9aa8-11cac022144a/_assets/_app/immutable/entry/start.bMvsTMBb.js:6
[     867ms] [WARNING] <Image> was created without expected prop 'maxWidth' @ https://static01.nytimes.com/newsgraphics/2024-01-30-36-hours-generator/0440de83-ba9d-46f3-9aa8-11cac022144a/_assets/_app/immutable/entry/start.bMvsTMBb.js:6
[     867ms] [WARNING] <Image> was created without expected prop 'className' @ https://static01.nytimes.com/newsgraphics/2024-01-30-36-hours-generator/0440de83-ba9d-46f3-9aa8-11cac022144a/_assets/_app/immutable/entry/start.bMvsTMBb.js:6
[     867ms] [WARNING] <Image> was created without expected prop 'maxWidth' @ https://static01.nytimes.com/newsgraphics/2024-01-30-36-hours-generator/0440de83-ba9d-46f3-9aa8-11cac022144a/_assets/_app/immutable/entry/start.bMvsTMBb.js:6
[     872ms] [WARNING]   WARN  [Statsig] Creating multiple Statsig clients with the same SDK key can lead to unexpected behavior. Multi-instance support requires different SDK keys. @ https://static01.nytimes.com/newsgraphics/2024-01-30-36-hours-generator/0440de83-ba9d-46f3-9aa8-11cac022144a/_assets/_app/immutable/entry/start.bMvsTMBb.js:6
[     949ms] [WARNING] [GPT] PubAdsService.getTargetingKeys is deprecated, use googletag.getConfig('targeting') instead.
https://goo.gle/gpt-message#200 @ https://static01.nytimes.com/newsgraphics/2024-01-30-36-hours-generator/0440de83-ba9d-46f3-9aa8-11cac022144a/_assets/_app/immutable/entry/start.bMvsTMBb.js:6
[     950ms] [WARNING] [GPT] Slot.setTargeting is deprecated, use Slot.setConfig({targeting: ...}) instead.
https://goo.gle/gpt-message#171 @ https://static01.nytimes.com/newsgraphics/2024-01-30-36-hours-generator/0440de83-ba9d-46f3-9aa8-11cac022144a/_assets/_app/immutable/entry/start.bMvsTMBb.js:6
[    1247ms] [ERROR] Failed to load resource: the server responded with a status of 404 () @ https://s.go-mpulse.net/boomerang/ATH8A-MAMN8-XPXCH-N5KAX-8D239:0
[    1285ms] [ERROR] Failed to load resource: the server responded with a status of 404 () @ https://s.go-mpulse.net/boomerang/ATH8A-MAMN8-XPXCH-N5KAX-8D239:0
[    1340ms] [ERROR] Creating a worker from 'blob:https://myaccount.nytimes.com/0db089ff-d270-41e0-a4f9-dcd42d0c614e' violates the following Content Security Policy directive: "script-src 'self' 'unsafe-inline' 'unsafe-eval' *.nytimes.com *.nyt.com https://www.gstatic.com https://www.google.com https://www.googletagmanager.com https://www.google-analytics.com https://sc-static.net https://js.datadome.co https://*.go-mpulse.net". Note that 'worker-src' was not explicitly set, so 'script-src' is used as a fallback. The action has been blocked. @ https://dd.nytimes.com/tags.js:1
[    1880ms] [WARNING]   WARN  [Statsig] Creating multiple Statsig clients with the same SDK key can lead to unexpected behavior. Multi-instance support requires different SDK keys. @ https://static01.nytimes.com/newsgraphics/2024-01-30-36-hours-generator/0440de83-ba9d-46f3-9aa8-11cac022144a/_assets/_app/immutable/entry/start.bMvsTMBb.js:6
[    4802ms] [WARNING] The resource https://s.go-mpulse.net/boomerang/ATH8A-MAMN8-XPXCH-N5KAX-8D239 was preloaded using link preload but not used within a few seconds from the window's load event. Please make sure it has an appropriate `as` value and it is preloaded intentionally. @ https://myaccount.nytimes.com/auth/iframe/enter-email?response_type=cookie&client_id=oma&redirect_uri=https%3A%2F%2Fwww.nytimes.com%2Fsubscription%2Fonboarding-offer%3FcampaignId%3D7JFJX%26redirect_uri%3Dhttps%253A%252F%252Fwww.nytimes.com%252Finteractive%252F2024%252F07%252F18%252Ftravel%252Fthings-to-do-san-diego.html%26EXIT_URI%3Dhttps%253A%252F%252Fwww.nytimes.com%252Finteractive%252F2024%252F07%252F18%252Ftravel%252Fthings-to-do-san-diego.html&display=regiwall_lire&asset=RegiWall&application=OMA&preloaded=true#lire-ui-828527:0
[   12385ms] [ERROR] UserInfoAgentID unavailable. @ https://myaccount.nytimes.com/auth/iframe/enter-email?response_type=cookie&client_id=oma&redirect_uri=https%3A%2F%2Fwww.nytimes.com%2Fsubscription%2Fonboarding-offer%3FcampaignId%3D7JFJX%26redirect_uri%3Dhttps%253A%252F%252Fwww.nytimes.com%252Finteractive%252F2024%252F07%252F18%252Ftravel%252Fthings-to-do-san-diego.html%26EXIT_URI%3Dhttps%253A%252F%252Fwww.nytimes.com%252Finteractive%252F2024%252F07%252F18%252Ftravel%252Fthings-to-do-san-diego.html&display=regiwall_lire&asset=RegiWall&application=OMA&preloaded=true:262
