[     732ms] [LOG] [CP] Contentpass initialized successfully @ https://www.timeout.com/static/js/cmp-b32bfe5b2ee6513e4e5f.js:0
[     820ms] [LOG] [SPCP] Starting Sourcepoint @ https://www.timeout.com/static/js/cmp-b32bfe5b2ee6513e4e5f.js:0
[     976ms] [ERROR] Failed to load resource: net::ERR_NAME_NOT_RESOLVED @ https://prebid-floors.timeout.com/floor:0
[     980ms] [LOG] Messaging without detection successfully executed. @ https://cdn.privacy-mgmt.com/unified/wrapperMessagingWithoutDetection.js:0
[     997ms] [LOG] --GPP region-- @ https://www.timeout.com/static/js/cmp-b32bfe5b2ee6513e4e5f.js:0
[     997ms] [LOG] --GPP region-- @ https://www.timeout.com/static/js/cmp-b32bfe5b2ee6513e4e5f.js:0
[     997ms] [LOG] --GPP region-- @ https://www.timeout.com/static/js/cmp-b32bfe5b2ee6513e4e5f.js:0
[     997ms] [LOG] --GPP region-- @ https://www.timeout.com/static/js/cmp-b32bfe5b2ee6513e4e5f.js:0
[     997ms] [LOG] --GPP region-- @ https://www.timeout.com/static/js/cmp-b32bfe5b2ee6513e4e5f.js:0
[     997ms] [LOG] --GPP region-- @ https://www.timeout.com/static/js/cmp-b32bfe5b2ee6513e4e5f.js:0
[     997ms] [LOG] --GPP region-- @ https://www.timeout.com/static/js/cmp-b32bfe5b2ee6513e4e5f.js:0
[     997ms] [LOG] --GPP region-- @ https://www.timeout.com/static/js/cmp-b32bfe5b2ee6513e4e5f.js:0
[     997ms] [LOG] --GPP region-- @ https://www.timeout.com/static/js/cmp-b32bfe5b2ee6513e4e5f.js:0
[    1005ms] [WARNING] The following functions are deprecated: googletag.pubads().setTagForChildDirectedTreatment(), googletag.pubads().clearTagForChildDirectedTreatment(), googletag.pubads().setRequestNonPersonalizedAds(), and googletag.pubads().setTagForUnderAgeOfConsent(). Please use googletag.pubads().setPrivacySettings() instead. @ https://securepubads.g.doubleclick.net/pagead/managed/js/gpt/m202604090101/pubads_impl.js?cb=31097778:18
[    1012ms] [LOG] interaction complete @ https://cdn.privacy-mgmt.com/unified/wrapperMessagingWithoutDetection.js:0
[    1012ms] [LOG] --GPP region-- @ https://www.timeout.com/static/js/cmp-b32bfe5b2ee6513e4e5f.js:0
[    1018ms] [LOG] initial load batch triggered [Object, Object, Object, Object, Object] @ https://www.timeout.com/static/js/init-31054309865e28e60c98.js:0
[    1019ms] [LOG] --GPP region-- @ https://www.timeout.com/static/js/cmp-b32bfe5b2ee6513e4e5f.js:0
[    1241ms] [LOG] %cCX%cLOGS%cBOOTL%c%s padding: 1px 4px; border-radius: 3px; display: inline-block; background-color: #ffb700; color:rgba(255,255,255,1); font-weight:bold; font-size:0; color:rgba(255,255,255,0); background-color:rgba(255,255,255,0); background-color: #0952c5; color: #FFF; padding: 1px 4px; border-radius: 3px; display: inline-block; font-weight:bold; padding: 1px 4px; border-radius: 3px; display: inline-block; background-color: initial; color:initial; font-weight:normal; cxbl.Found window url: 
 https://www.timeout.com/usa/things-to-do/best-things-to-do-in-san-diego @ https://tags.qortex.ai/bootstrapper?group-id=FgBjxhuAEu2tnUedE6w6w&video-container=jw-wrapper:319
[    1241ms] [LOG] %cCX%cLOGS%cBOOTL%c%s padding: 1px 4px; border-radius: 3px; display: inline-block; background-color: #ffb700; color:rgba(255,255,255,1); font-weight:bold; font-size:0; color:rgba(255,255,255,0); background-color:rgba(255,255,255,0); background-color: #0952c5; color: #FFF; padding: 1px 4px; border-radius: 3px; display: inline-block; font-weight:bold; padding: 1px 4px; border-radius: 3px; display: inline-block; background-color: initial; color:initial; font-weight:normal; cxbl.cxbl.selfLoading CX bootstrap loader.... @ https://tags.qortex.ai/bootstrapper?group-id=FgBjxhuAEu2tnUedE6w6w&video-container=jw-wrapper:319
[    1307ms] [LOG] DEBUG - (ATS-ENVELOPE-MODULE) ats-set-additional-data event set up. @ https://ats-wrapper.privacymanager.io/ats-modules/f9ffa687-133d-46ba-99cb-d9b578fb79d3/ats.js:2
[    1307ms] [LOG] DEBUG - (ATS-ENVELOPE-MODULE) There is no google_ssp envelope in storage. @ https://ats-wrapper.privacymanager.io/ats-modules/f9ffa687-133d-46ba-99cb-d9b578fb79d3/ats.js:2
[    1307ms] [LOG] DEBUG - (ATS-ENVELOPE-MODULE) There is no liveramp envelope in storage. @ https://ats-wrapper.privacymanager.io/ats-modules/f9ffa687-133d-46ba-99cb-d9b578fb79d3/ats.js:2
[    1307ms] [INFO] INFO - (ATS-ENVELOPE-MODULE) (Geo location) persisted cached location data @ https://ats-wrapper.privacymanager.io/ats-modules/f9ffa687-133d-46ba-99cb-d9b578fb79d3/ats.js:2
[    1307ms] [LOG] DEBUG - (ATS-ENVELOPE-MODULE) Consent is given, module will start! @ https://ats-wrapper.privacymanager.io/ats-modules/f9ffa687-133d-46ba-99cb-d9b578fb79d3/ats.js:2
[    1307ms] [INFO] INFO - (ATS-ENVELOPE-MODULE) (Geo location) persisted cached location data @ https://ats-wrapper.privacymanager.io/ats-modules/f9ffa687-133d-46ba-99cb-d9b578fb79d3/ats.js:2
[    1307ms] [LOG] DEBUG - (ATS-ENVELOPE-MODULE) LIVERAMP envelope not found in storage! New envelope will be acquired. @ https://ats-wrapper.privacymanager.io/ats-modules/f9ffa687-133d-46ba-99cb-d9b578fb79d3/ats.js:2
[    1307ms] [INFO] INFO - (ATS-ENVELOPE-MODULE) Catching identifier configured. @ https://ats-wrapper.privacymanager.io/ats-modules/f9ffa687-133d-46ba-99cb-d9b578fb79d3/ats.js:2
[    1307ms] [INFO] INFO - (ATS-ENVELOPE-MODULE) Envelope-module is configured. @ https://ats-wrapper.privacymanager.io/ats-modules/f9ffa687-133d-46ba-99cb-d9b578fb79d3/ats.js:2
[    1312ms] [LOG] %cCX%cBOOT%c%s padding: 1px 4px; border-radius: 3px; display: inline-block; background-color: #ffb700; color:rgba(255,255,255,1); font-weight:bold; background-color: #0d47a1; color: #FFF; padding: 1px 4px; border-radius: 3px; display: inline-block; font-weight:bold; padding: 1px 4px; border-radius: 3px; display: inline-block; background-color: initial; color:initial; font-weight:normal; cxb.selfLoading with attributes: FgBjxhuAEu2tnUedE6w6w,jw-wrapper @ https://tags.qortex.ai/cxo/cx-bootstrapper-init:1102
[    1702ms] [INFO] INFO - (ATS-DETECTION-MODULE) (Geo location) persisted cached location data @ https://ats-wrapper.privacymanager.io/ats-modules/f9ffa687-133d-46ba-99cb-d9b578fb79d3/ats.js:0
[    1702ms] [LOG] DEBUG - (ATS-DETECTION-MODULE) Consent is given, module will start! @ https://ats-wrapper.privacymanager.io/ats-modules/f9ffa687-133d-46ba-99cb-d9b578fb79d3/ats.js:0
[    1702ms] [INFO] INFO - (ATS-DETECTION-MODULE) (Geo location) persisted cached location data @ https://ats-wrapper.privacymanager.io/ats-modules/f9ffa687-133d-46ba-99cb-d9b578fb79d3/ats.js:0
[    1915ms] [LOG] DEBUG - (ATS-DETECTION-MODULE) Started urlAndScrape detection! @ https://ats-wrapper.privacymanager.io/ats-modules/f9ffa687-133d-46ba-99cb-d9b578fb79d3/ats.js:0
[    1915ms] [LOG] DEBUG - (ATS-DETECTION-MODULE) There is no such url parameter. 
 Tried to fetch: email @ https://ats-wrapper.privacymanager.io/ats-modules/f9ffa687-133d-46ba-99cb-d9b578fb79d3/ats.js:0
[    1915ms] [LOG] DEBUG - (ATS-DETECTION-MODULE) There is no such url parameter. 
 Tried to fetch: hashedPid @ https://ats-wrapper.privacymanager.io/ats-modules/f9ffa687-133d-46ba-99cb-d9b578fb79d3/ats.js:0
[    1916ms] [INFO] INFO - (ATS-DETECTION-MODULE) Detection started! Library is configured to detect:  [email, pidHashes] @ https://ats-wrapper.privacymanager.io/ats-modules/f9ffa687-133d-46ba-99cb-d9b578fb79d3/ats.js:0
[    1916ms] [INFO] INFO - (ATS-DETECTION-MODULE) Detection event type is  onclick @ https://ats-wrapper.privacymanager.io/ats-modules/f9ffa687-133d-46ba-99cb-d9b578fb79d3/ats.js:0
[    1923ms] [LOG] DEBUG - (ATS-DETECTION-MODULE) Detected dynamically added nodes. @ https://ats-wrapper.privacymanager.io/ats-modules/f9ffa687-133d-46ba-99cb-d9b578fb79d3/ats.js:0
[    1961ms] [ERROR] Attestation check for Attribution Reporting on https://www.facebook.com failed. @ https://www.timeout.com/usa/things-to-do/best-things-to-do-in-san-diego:0
[    1967ms] [LOG] DEBUG - (ATS-DETECTION-MODULE) Detected dynamically added nodes. @ https://ats-wrapper.privacymanager.io/ats-modules/f9ffa687-133d-46ba-99cb-d9b578fb79d3/ats.js:0
[    1969ms] [LOG] DEBUG - (ATS-DETECTION-MODULE) Detected dynamically added nodes. @ https://ats-wrapper.privacymanager.io/ats-modules/f9ffa687-133d-46ba-99cb-d9b578fb79d3/ats.js:0
[    1970ms] [ERROR] Attestation check for Attribution Reporting on https://www.facebook.com failed. @ https://www.timeout.com/usa/things-to-do/best-things-to-do-in-san-diego:0
[    1982ms] [ERROR] Attestation check for Attribution Reporting on https://www.facebook.com failed. @ https://www.timeout.com/usa/things-to-do/best-things-to-do-in-san-diego:0
[    1983ms] [ERROR] Attestation check for Attribution Reporting on https://www.facebook.com failed. @ https://www.timeout.com/usa/things-to-do/best-things-to-do-in-san-diego:0
[    1990ms] [ERROR] Attestation check for Attribution Reporting on https://www.facebook.com failed. @ https://www.timeout.com/usa/things-to-do/best-things-to-do-in-san-diego:0
[    1995ms] [ERROR] Attestation check for Attribution Reporting on https://www.facebook.com failed. @ https://www.timeout.com/usa/things-to-do/best-things-to-do-in-san-diego:0
[    2006ms] [ERROR] Attestation check for Attribution Reporting on https://www.facebook.com failed. @ https://www.timeout.com/usa/things-to-do/best-things-to-do-in-san-diego:0
[    2039ms] [ERROR] Attestation check for Attribution Reporting on https://www.facebook.com failed. @ https://www.timeout.com/usa/things-to-do/best-things-to-do-in-san-diego:0
[    2039ms] [ERROR] Attestation check for Attribution Reporting on https://www.facebook.com failed. @ https://www.timeout.com/usa/things-to-do/best-things-to-do-in-san-diego:0
[    2056ms] [LOG] DEBUG - (ATS-DETECTION-MODULE) Detected dynamically added nodes. @ https://ats-wrapper.privacymanager.io/ats-modules/f9ffa687-133d-46ba-99cb-d9b578fb79d3/ats.js:0
[    2082ms] [ERROR] Attestation check for Attribution Reporting on https://www.facebook.com failed. @ https://www.timeout.com/usa/things-to-do/best-things-to-do-in-san-diego:0
[    2192ms] [LOG] DEBUG - (ATS-DETECTION-MODULE) Detected dynamically added nodes. @ https://ats-wrapper.privacymanager.io/ats-modules/f9ffa687-133d-46ba-99cb-d9b578fb79d3/ats.js:0
[    2243ms] [ERROR] Attestation check for Attribution Reporting on https://www.facebook.com failed. @ https://www.timeout.com/usa/things-to-do/best-things-to-do-in-san-diego:0
[    2309ms] [INFO] INFO - (ATS-ENVELOPE-MODULE) We have dispatched envelopeModuleReady event again! @ https://ats-wrapper.privacymanager.io/ats-modules/f9ffa687-133d-46ba-99cb-d9b578fb79d3/ats.js:2
[    2309ms] [INFO] INFO - (ATS-ENVELOPE-MODULE) How many times we have dispatched event envelopeModuleReady:  2 @ https://ats-wrapper.privacymanager.io/ats-modules/f9ffa687-133d-46ba-99cb-d9b578fb79d3/ats.js:2
[    2454ms] [LOG] DEBUG - (ATS-DETECTION-MODULE) Detected dynamically added nodes. @ https://ats-wrapper.privacymanager.io/ats-modules/f9ffa687-133d-46ba-99cb-d9b578fb79d3/ats.js:0
[    2471ms] [LOG] DEBUG - (ATS-DETECTION-MODULE) Detected dynamically added nodes. @ https://ats-wrapper.privacymanager.io/ats-modules/f9ffa687-133d-46ba-99cb-d9b578fb79d3/ats.js:0
[    2481ms] [LOG] %c *  *  *  *  *  *  *  *  *  *  *  *  *  *  *  *  *  *  *  *  *  *  color: #293BFF; @ https://scripts.stay22.com/letmeallez.js:29
[    2482ms] [LOG] %c LetMeAllez font-weight: bold; font-size: 50px; color: #293BFF; text-shadow: 3px 3px 0 #2BCCCC , 6px 6px 0 #57CCFF , 9px 9px 0 #33FF57 , 12px 12px 0 #FFC300 , 15px 15px 0 #FF5733 , 18px 18px 0 #F52B9A , 21px 21px 0 #9A2BF5; @ https://scripts.stay22.com/letmeallez.js:29
[    2482ms] [LOG] [LMA] 🔖 Version: %c72ca839 color: #6B8FFF; font-weight: bold; @ https://scripts.stay22.com/letmeallez.js:29
[    2482ms] [LOG] [LMA] 🪪 Script ID: %c68f2199a8ea049886c6a510e color: #6B8FFF; font-weight: bold; @ https://scripts.stay22.com/letmeallez.js:29
[    2482ms] [LOG] [LMA] 🟢 Active: %ctrue color: #6B8FFF; font-weight: bold; @ https://scripts.stay22.com/letmeallez.js:29
[    2482ms] [LOG] [LMA] 👥 Partner ID: %ctimeout90 color: #6B8FFF; font-weight: bold; @ https://scripts.stay22.com/letmeallez.js:29
[    2482ms] [LOG] [LMA] 🔎 deepStruct: %c(none) color: #6B8FFF; font-weight: bold; @ https://scripts.stay22.com/letmeallez.js:29
[    2482ms] [LOG] [LMA] 🏕️ Campaign: %ctimeout-bestthingstodoinsandiego color: #6B8FFF; font-weight: bold; @ https://scripts.stay22.com/letmeallez.js:29
[    2482ms] [LOG] [LMA] ⚡️ Sparklink: %cDisabled color: #FF5733; font-weight: bold; @ https://scripts.stay22.com/letmeallez.js:29
[    2482ms] [LOG] [LMA] ⛓️‍💥 Link Swap: %cDisabled color: #FF5733; font-weight: bold; @ https://scripts.stay22.com/letmeallez.js:29
[    2482ms] [LOG] [LMA] 🧱 Inline Excludes: %ctimeout.com/es/espana/viaje/destinos-donde-hacer-realidad-la-utopia-de-dormir-en-plena-naturaleza,timeout.com/211/es_ES/pages/175084?preview=true&site_id=es-spain&gp-web=true&ts=1773072844 color: #6B8FFF; font-weight: bold; @ https://scripts.stay22.com/letmeallez.js:29
[    2482ms] [LOG] [LMA] 🥡 Widgets: %cEnabled color: #6B8FFF; font-weight: bold; @ https://scripts.stay22.com/letmeallez.js:29
[    2482ms] [LOG] %c *  *  *  *  *  *  *  *  *  *  *  *  *  *  *  *  *  *  *  *  *  *  color: #293BFF; @ https://scripts.stay22.com/letmeallez.js:29
[    2609ms] [LOG] DEBUG - (ATS-DETECTION-MODULE) Detected dynamically added nodes. @ https://ats-wrapper.privacymanager.io/ats-modules/f9ffa687-133d-46ba-99cb-d9b578fb79d3/ats.js:0
[    2766ms] [WARNING] [GPT] Interstitial /5185/interstitial_new not requested: Format already created on the page.
https://goo.gle/gpt-message#134 @ https://securepubads.g.doubleclick.net/pagead/managed/js/gpt/m202604090101/pubads_impl.js?cb=31097778:18
[    2766ms] [LOG] DEBUG - (ATS-DETECTION-MODULE) Detected dynamically added nodes. @ https://ats-wrapper.privacymanager.io/ats-modules/f9ffa687-133d-46ba-99cb-d9b578fb79d3/ats.js:0
[    2786ms] [LOG] DEBUG - (ATS-DETECTION-MODULE) Detected dynamically added nodes. @ https://ats-wrapper.privacymanager.io/ats-modules/f9ffa687-133d-46ba-99cb-d9b578fb79d3/ats.js:0
[    2787ms] [WARNING] This ad's html cannot be accessed using the getHtml method on googletag.Slot. Returning the empty string instead. @ https://securepubads.g.doubleclick.net/pagead/managed/js/gpt/m202604090101/pubads_impl.js?cb=31097778:18
[    2798ms] [WARNING] This ad's html cannot be accessed using the getHtml method on googletag.Slot. Returning the empty string instead. @ https://securepubads.g.doubleclick.net/pagead/managed/js/gpt/m202604090101/pubads_impl.js?cb=31097778:18
[    2815ms] [LOG] DEBUG - (ATS-DETECTION-MODULE) Detected dynamically added nodes. @ https://ats-wrapper.privacymanager.io/ats-modules/f9ffa687-133d-46ba-99cb-d9b578fb79d3/ats.js:0
[    2830ms] [WARNING] [GPT] Interstitial /5185/interstitial_new not requested: Format already created on the page.
https://goo.gle/gpt-message#134 @ https://securepubads.g.doubleclick.net/pagead/managed/js/gpt/m202604090101/pubads_impl.js?cb=31097778:18
[    2830ms] [LOG] DEBUG - (ATS-DETECTION-MODULE) Detected dynamically added nodes. @ https://ats-wrapper.privacymanager.io/ats-modules/f9ffa687-133d-46ba-99cb-d9b578fb79d3/ats.js:0
[    2839ms] [LOG] DEBUG - (ATS-DETECTION-MODULE) Detected dynamically added nodes. @ https://ats-wrapper.privacymanager.io/ats-modules/f9ffa687-133d-46ba-99cb-d9b578fb79d3/ats.js:0
[    2855ms] [LOG] DEBUG - (ATS-DETECTION-MODULE) Detected dynamically added nodes. @ https://ats-wrapper.privacymanager.io/ats-modules/f9ffa687-133d-46ba-99cb-d9b578fb79d3/ats.js:0
[    2912ms] [INFO] Powered by AMP ⚡ HTML – Version 2603032146000 https://www.timeout.com/usa/things-to-do/best-things-to-do-in-san-diego @ https://cdn.ampproject.org/rtv/012603032146000/amp4ads-v0.mjs:1
[    2921ms] [INFO] Powered by AMP ⚡ HTML – Version 2603032146000 https://www.timeout.com/usa/things-to-do/best-things-to-do-in-san-diego @ https://cdn.ampproject.org/rtv/012603032146000/amp4ads-v0.mjs:1
[    3021ms] [LOG] DEBUG - (ATS-DETECTION-MODULE) Detected dynamically added nodes. @ https://ats-wrapper.privacymanager.io/ats-modules/f9ffa687-133d-46ba-99cb-d9b578fb79d3/ats.js:0
[    3199ms] [WARNING] [GPT] Interstitial /5185/interstitial_new not requested: Format already created on the page.
https://goo.gle/gpt-message#134 @ https://securepubads.g.doubleclick.net/pagead/managed/js/gpt/m202604090101/pubads_impl.js?cb=31097778:18
[    3211ms] [LOG] DEBUG - (ATS-DETECTION-MODULE) Detected dynamically added nodes. @ https://ats-wrapper.privacymanager.io/ats-modules/f9ffa687-133d-46ba-99cb-d9b578fb79d3/ats.js:0
[    3245ms] [LOG] DEBUG - (ATS-DETECTION-MODULE) Detected dynamically added nodes. @ https://ats-wrapper.privacymanager.io/ats-modules/f9ffa687-133d-46ba-99cb-d9b578fb79d3/ats.js:0
[    3246ms] [LOG] DEBUG - (ATS-DETECTION-MODULE) Detected dynamically added nodes. @ https://ats-wrapper.privacymanager.io/ats-modules/f9ffa687-133d-46ba-99cb-d9b578fb79d3/ats.js:0
[    3421ms] [INFO] INFO - (ATS-ENVELOPE-MODULE) We have dispatched envelopeModuleReady event again! @ https://ats-wrapper.privacymanager.io/ats-modules/f9ffa687-133d-46ba-99cb-d9b578fb79d3/ats.js:2
[    3421ms] [INFO] INFO - (ATS-ENVELOPE-MODULE) How many times we have dispatched event envelopeModuleReady:  3 @ https://ats-wrapper.privacymanager.io/ats-modules/f9ffa687-133d-46ba-99cb-d9b578fb79d3/ats.js:2
[    3485ms] [LOG] DEBUG - (ATS-DETECTION-MODULE) Detected dynamically added nodes. @ https://ats-wrapper.privacymanager.io/ats-modules/f9ffa687-133d-46ba-99cb-d9b578fb79d3/ats.js:0
[    3502ms] [WARNING] [GPT] Interstitial /5185/interstitial_new not requested: Format already created on the page.
https://goo.gle/gpt-message#134 @ https://securepubads.g.doubleclick.net/pagead/managed/js/gpt/m202604090101/pubads_impl.js?cb=31097778:18
[    3516ms] [LOG] DEBUG - (ATS-DETECTION-MODULE) Detected dynamically added nodes. @ https://ats-wrapper.privacymanager.io/ats-modules/f9ffa687-133d-46ba-99cb-d9b578fb79d3/ats.js:0
[    3540ms] [LOG] DEBUG - (ATS-DETECTION-MODULE) Detected dynamically added nodes. @ https://ats-wrapper.privacymanager.io/ats-modules/f9ffa687-133d-46ba-99cb-d9b578fb79d3/ats.js:0
[    3603ms] [LOG] DEBUG - (ATS-DETECTION-MODULE) Detected dynamically added nodes. @ https://ats-wrapper.privacymanager.io/ats-modules/f9ffa687-133d-46ba-99cb-d9b578fb79d3/ats.js:0
[    3617ms] [LOG] DEBUG - (ATS-DETECTION-MODULE) Detected dynamically added nodes. @ https://ats-wrapper.privacymanager.io/ats-modules/f9ffa687-133d-46ba-99cb-d9b578fb79d3/ats.js:0
[    3628ms] [LOG] DEBUG - (ATS-DETECTION-MODULE) Detected dynamically added nodes. @ https://ats-wrapper.privacymanager.io/ats-modules/f9ffa687-133d-46ba-99cb-d9b578fb79d3/ats.js:0
[    3650ms] [LOG] DEBUG - (ATS-DETECTION-MODULE) Detected dynamically added nodes. @ https://ats-wrapper.privacymanager.io/ats-modules/f9ffa687-133d-46ba-99cb-d9b578fb79d3/ats.js:0
[    3661ms] [ERROR] Attestation check for Shared Storage on https://www.googleadservices.com failed. @ https://www.googleadservices.com/pagead/managed/js/activeview/current/reach_worklet.html:0
[    3664ms] [ERROR] Attestation check for Shared Storage on https://www.googleadservices.com failed. @ https://www.googleadservices.com/pagead/managed/js/activeview/current/reach_worklet.html:0
[    3666ms] [ERROR] Attestation check for Shared Storage on https://www.googleadservices.com failed. @ https://www.googleadservices.com/pagead/managed/js/activeview/current/reach_worklet.html:0
[    3729ms] [LOG] DEBUG - (ATS-DETECTION-MODULE) Detected dynamically added nodes. @ https://ats-wrapper.privacymanager.io/ats-modules/f9ffa687-133d-46ba-99cb-d9b578fb79d3/ats.js:0
[    3770ms] [TIMEEND] a: 0.0029296875 ms @ https://static.adsafeprotected.com/sca.17.6.4.js:31
[    3824ms] [LOG] DEBUG - (ATS-DETECTION-MODULE) Detected dynamically added nodes. @ https://ats-wrapper.privacymanager.io/ats-modules/f9ffa687-133d-46ba-99cb-d9b578fb79d3/ats.js:0
[    3865ms] [LOG] DEBUG - (ATS-DETECTION-MODULE) Detected dynamically added nodes. @ https://ats-wrapper.privacymanager.io/ats-modules/f9ffa687-133d-46ba-99cb-d9b578fb79d3/ats.js:0
[    3941ms] [LOG] DEBUG - (ATS-DETECTION-MODULE) Detected dynamically added nodes. @ https://ats-wrapper.privacymanager.io/ats-modules/f9ffa687-133d-46ba-99cb-d9b578fb79d3/ats.js:0
[    3955ms] [LOG] DEBUG - (ATS-DETECTION-MODULE) Detected dynamically added nodes. @ https://ats-wrapper.privacymanager.io/ats-modules/f9ffa687-133d-46ba-99cb-d9b578fb79d3/ats.js:0
[    3973ms] [ERROR] Sending form data to 'https://uk-script.dotmetrics.net/DeviceInfo.dotmetrics' violates the following Content Security Policy directive: "form-action 'self' www.facebook.com". The request has been blocked.
 @ https://www.googletagmanager.com/:0
[    4030ms] [LOG] DEBUG - (ATS-DETECTION-MODULE) Detected dynamically added nodes. @ https://ats-wrapper.privacymanager.io/ats-modules/f9ffa687-133d-46ba-99cb-d9b578fb79d3/ats.js:0
[    4046ms] [LOG] DEBUG - (ATS-DETECTION-MODULE) Detected dynamically added nodes. @ https://ats-wrapper.privacymanager.io/ats-modules/f9ffa687-133d-46ba-99cb-d9b578fb79d3/ats.js:0
[    4072ms] [WARNING] This ad's html cannot be accessed using the getHtml method on googletag.Slot. Returning the empty string instead. @ https://securepubads.g.doubleclick.net/pagead/managed/js/gpt/m202604090101/pubads_impl.js?cb=31097778:18
[    4407ms] [LOG] DEBUG - (ATS-DETECTION-MODULE) Detected dynamically added nodes. @ https://ats-wrapper.privacymanager.io/ats-modules/f9ffa687-133d-46ba-99cb-d9b578fb79d3/ats.js:0
[    3661ms] [ERROR] Attestation check for Shared Storage on https://www.googleadservices.com failed. @ https://www.googleadservices.com/pagead/managed/js/activeview/current/reach_worklet.html:0
[    3664ms] [ERROR] Attestation check for Shared Storage on https://www.googleadservices.com failed. @ https://www.googleadservices.com/pagead/managed/js/activeview/current/reach_worklet.html:0
[    3666ms] [ERROR] Attestation check for Shared Storage on https://www.googleadservices.com failed. @ https://www.googleadservices.com/pagead/managed/js/activeview/current/reach_worklet.html:0
[    3661ms] [ERROR] Attestation check for Shared Storage on https://www.googleadservices.com failed. @ https://www.googleadservices.com/pagead/managed/js/activeview/current/reach_worklet.html:0
[    3664ms] [ERROR] Attestation check for Shared Storage on https://www.googleadservices.com failed. @ https://www.googleadservices.com/pagead/managed/js/activeview/current/reach_worklet.html:0
[    3666ms] [ERROR] Attestation check for Shared Storage on https://www.googleadservices.com failed. @ https://www.googleadservices.com/pagead/managed/js/activeview/current/reach_worklet.html:0
[    4461ms] [ERROR] Attestation check for Shared Storage on https://www.googleadservices.com failed. @ https://www.googleadservices.com/pagead/managed/js/activeview/current/reach_worklet.html:0
[    4462ms] [WARNING] An iframe which has both allow-scripts and allow-same-origin for its sandbox attribute can escape its sandboxing. @ https://resources.infolinks.com/js/2030.003-4.011.ab.2033.004-4.011/in_search.js:0
[    4469ms] [LOG] DEBUG - (ATS-DETECTION-MODULE) Detected dynamically added nodes. @ https://ats-wrapper.privacymanager.io/ats-modules/f9ffa687-133d-46ba-99cb-d9b578fb79d3/ats.js:0
[    4499ms] [LOG] DEBUG - (ATS-DETECTION-MODULE) Detected dynamically added nodes. @ https://ats-wrapper.privacymanager.io/ats-modules/f9ffa687-133d-46ba-99cb-d9b578fb79d3/ats.js:0
[    4508ms] [WARNING] An iframe which has both allow-scripts and allow-same-origin for its sandbox attribute can escape its sandboxing. @ about:srcdoc:0
[    4510ms] [ERROR] Attestation check for Shared Storage on https://www.googleadservices.com failed. @ https://www.googleadservices.com/pagead/managed/js/activeview/current/reach_worklet.html:0
[    3661ms] [ERROR] Attestation check for Shared Storage on https://www.googleadservices.com failed. @ https://www.googleadservices.com/pagead/managed/js/activeview/current/reach_worklet.html:0
[    3664ms] [ERROR] Attestation check for Shared Storage on https://www.googleadservices.com failed. @ https://www.googleadservices.com/pagead/managed/js/activeview/current/reach_worklet.html:0
[    3666ms] [ERROR] Attestation check for Shared Storage on https://www.googleadservices.com failed. @ https://www.googleadservices.com/pagead/managed/js/activeview/current/reach_worklet.html:0
[    4461ms] [ERROR] Attestation check for Shared Storage on https://www.googleadservices.com failed. @ https://www.googleadservices.com/pagead/managed/js/activeview/current/reach_worklet.html:0
[    4510ms] [ERROR] Attestation check for Shared Storage on https://www.googleadservices.com failed. @ https://www.googleadservices.com/pagead/managed/js/activeview/current/reach_worklet.html:0
[    4567ms] [ERROR] Attestation check for Shared Storage on https://www.googleadservices.com failed. @ https://www.googleadservices.com/pagead/managed/js/activeview/current/reach_worklet.html:0
[    4581ms] [LOG] DEBUG - (ATS-DETECTION-MODULE) Detected dynamically added nodes. @ https://ats-wrapper.privacymanager.io/ats-modules/f9ffa687-133d-46ba-99cb-d9b578fb79d3/ats.js:0
[    4676ms] [LOG] DEBUG - (ATS-DETECTION-MODULE) Detected dynamically added nodes. @ https://ats-wrapper.privacymanager.io/ats-modules/f9ffa687-133d-46ba-99cb-d9b578fb79d3/ats.js:0
[    4711ms] [LOG] DEBUG - (ATS-DETECTION-MODULE) Detected dynamically added nodes. @ https://ats-wrapper.privacymanager.io/ats-modules/f9ffa687-133d-46ba-99cb-d9b578fb79d3/ats.js:0
[    4716ms] [LOG] DEBUG - (ATS-DETECTION-MODULE) Detected dynamically added nodes. @ https://ats-wrapper.privacymanager.io/ats-modules/f9ffa687-133d-46ba-99cb-d9b578fb79d3/ats.js:0
[    4803ms] [LOG] DEBUG - (ATS-DETECTION-MODULE) Detected dynamically added nodes. @ https://ats-wrapper.privacymanager.io/ats-modules/f9ffa687-133d-46ba-99cb-d9b578fb79d3/ats.js:0
[    4855ms] [ERROR] Failed to load resource: net::ERR_NAME_NOT_RESOLVED @ https://farm.plista.com/matching/pixel/?ssp=c3de&dsp_user_id=4858193757785939640:0
[    4857ms] [WARNING] [Audigent] script has already been initialised. Skip further execution @ https://a.ad.gt/api/v1/u/matches/788?_it=tag:0
[    4869ms] [LOG] DEBUG - (ATS-DETECTION-MODULE) Detected dynamically added nodes. @ https://ats-wrapper.privacymanager.io/ats-modules/f9ffa687-133d-46ba-99cb-d9b578fb79d3/ats.js:0
[    4886ms] [ERROR] Failed to load resource: net::ERR_NAME_NOT_RESOLVED @ https://beacon.krxd.net/usermatch.gif?adnxs_uid=4858193757785939640:0
[    4886ms] [ERROR] Failed to load resource: net::ERR_NAME_NOT_RESOLVED @ https://sync.extend.tv/r.gif?exchange=liveramp&ZUID=4858193757785939640:0
[    4855ms] [ERROR] Failed to load resource: net::ERR_NAME_NOT_RESOLVED @ https://farm.plista.com/matching/pixel/?ssp=c3de&dsp_user_id=4858193757785939640:0
[    4886ms] [ERROR] Failed to load resource: net::ERR_NAME_NOT_RESOLVED @ https://beacon.krxd.net/usermatch.gif?adnxs_uid=4858193757785939640:0
[    4886ms] [ERROR] Failed to load resource: net::ERR_NAME_NOT_RESOLVED @ https://sync.extend.tv/r.gif?exchange=liveramp&ZUID=4858193757785939640:0
[    3661ms] [ERROR] Attestation check for Shared Storage on https://www.googleadservices.com failed. @ https://www.googleadservices.com/pagead/managed/js/activeview/current/reach_worklet.html:0
[    3664ms] [ERROR] Attestation check for Shared Storage on https://www.googleadservices.com failed. @ https://www.googleadservices.com/pagead/managed/js/activeview/current/reach_worklet.html:0
[    3666ms] [ERROR] Attestation check for Shared Storage on https://www.googleadservices.com failed. @ https://www.googleadservices.com/pagead/managed/js/activeview/current/reach_worklet.html:0
[    4461ms] [ERROR] Attestation check for Shared Storage on https://www.googleadservices.com failed. @ https://www.googleadservices.com/pagead/managed/js/activeview/current/reach_worklet.html:0
[    4510ms] [ERROR] Attestation check for Shared Storage on https://www.googleadservices.com failed. @ https://www.googleadservices.com/pagead/managed/js/activeview/current/reach_worklet.html:0
[    4567ms] [ERROR] Attestation check for Shared Storage on https://www.googleadservices.com failed. @ https://www.googleadservices.com/pagead/managed/js/activeview/current/reach_worklet.html:0
[    5070ms] [ERROR] Attestation check for Shared Storage on https://www.googleadservices.com failed. @ https://www.googleadservices.com/pagead/managed/js/activeview/current/reach_worklet.html:0
[    5159ms] [ERROR] Failed to load resource: the server responded with a status of 404 () @ https://sync.crwdcntrl.net/qmap?c=2700&tp=UNDR&gdpr=0&gdpr_consent=&tpid=6gds8mn9o38i0lrv7wiorweyi:0
[    4855ms] [ERROR] Failed to load resource: net::ERR_NAME_NOT_RESOLVED @ https://farm.plista.com/matching/pixel/?ssp=c3de&dsp_user_id=4858193757785939640:0
[    4886ms] [ERROR] Failed to load resource: net::ERR_NAME_NOT_RESOLVED @ https://beacon.krxd.net/usermatch.gif?adnxs_uid=4858193757785939640:0
[    4886ms] [ERROR] Failed to load resource: net::ERR_NAME_NOT_RESOLVED @ https://sync.extend.tv/r.gif?exchange=liveramp&ZUID=4858193757785939640:0
[    3661ms] [ERROR] Attestation check for Shared Storage on https://www.googleadservices.com failed. @ https://www.googleadservices.com/pagead/managed/js/activeview/current/reach_worklet.html:0
[    3664ms] [ERROR] Attestation check for Shared Storage on https://www.googleadservices.com failed. @ https://www.googleadservices.com/pagead/managed/js/activeview/current/reach_worklet.html:0
[    3666ms] [ERROR] Attestation check for Shared Storage on https://www.googleadservices.com failed. @ https://www.googleadservices.com/pagead/managed/js/activeview/current/reach_worklet.html:0
[    4461ms] [ERROR] Attestation check for Shared Storage on https://www.googleadservices.com failed. @ https://www.googleadservices.com/pagead/managed/js/activeview/current/reach_worklet.html:0
[    4510ms] [ERROR] Attestation check for Shared Storage on https://www.googleadservices.com failed. @ https://www.googleadservices.com/pagead/managed/js/activeview/current/reach_worklet.html:0
[    4567ms] [ERROR] Attestation check for Shared Storage on https://www.googleadservices.com failed. @ https://www.googleadservices.com/pagead/managed/js/activeview/current/reach_worklet.html:0
[    5070ms] [ERROR] Attestation check for Shared Storage on https://www.googleadservices.com failed. @ https://www.googleadservices.com/pagead/managed/js/activeview/current/reach_worklet.html:0
[    5533ms] [ERROR] Attestation check for Shared Storage on https://www.googleadservices.com failed. @ https://www.googleadservices.com/pagead/managed/js/activeview/current/reach_worklet.html:0
[    5819ms] [WARNING] The resource https://media.timeout.com/images/106040676/750/562/image.jpg was preloaded using link preload but not used within a few seconds from the window's load event. Please make sure it has an appropriate `as` value and it is preloaded intentionally. @ https://www.timeout.com/usa/things-to-do/best-things-to-do-in-san-diego:0
[    8952ms] [LOG] DEBUG - (ATS-DETECTION-MODULE) Detected dynamically added nodes. @ https://ats-wrapper.privacymanager.io/ats-modules/f9ffa687-133d-46ba-99cb-d9b578fb79d3/ats.js:0
[   13774ms] [WARNING] The resource https://media.timeout.com/images/106040676/750/562/image.jpg was preloaded using link preload but not used within a few seconds from the window's load event. Please make sure it has an appropriate `as` value and it is preloaded intentionally. @ https://www.timeout.com/usa/things-to-do/best-things-to-do-in-san-diego:0
[   18671ms] [WARNING] The resource https://media.timeout.com/images/106040676/750/562/image.jpg was preloaded using link preload but not used within a few seconds from the window's load event. Please make sure it has an appropriate `as` value and it is preloaded intentionally. @ https://www.timeout.com/usa/things-to-do/best-things-to-do-in-san-diego:0
[   23582ms] [WARNING] The resource https://media.timeout.com/images/106040676/750/562/image.jpg was preloaded using link preload but not used within a few seconds from the window's load event. Please make sure it has an appropriate `as` value and it is preloaded intentionally. @ https://www.timeout.com/usa/things-to-do/best-things-to-do-in-san-diego:0
[   28591ms] [WARNING] The resource https://media.timeout.com/images/106040676/750/562/image.jpg was preloaded using link preload but not used within a few seconds from the window's load event. Please make sure it has an appropriate `as` value and it is preloaded intentionally. @ https://www.timeout.com/usa/things-to-do/best-things-to-do-in-san-diego:0
[   29973ms] [WARNING] An iframe which has both allow-scripts and allow-same-origin for its sandbox attribute can escape its sandboxing. @ https://resources.infolinks.com/js/2030.003-4.011.ab.2033.004-4.011/in_search.js:0
[   29977ms] [LOG] DEBUG - (ATS-DETECTION-MODULE) Detected dynamically added nodes. @ https://ats-wrapper.privacymanager.io/ats-modules/f9ffa687-133d-46ba-99cb-d9b578fb79d3/ats.js:0
[   29987ms] [WARNING] An iframe which has both allow-scripts and allow-same-origin for its sandbox attribute can escape its sandboxing. @ about:srcdoc:0
[    4855ms] [ERROR] Failed to load resource: net::ERR_NAME_NOT_RESOLVED @ https://farm.plista.com/matching/pixel/?ssp=c3de&dsp_user_id=4858193757785939640:0
[    4886ms] [ERROR] Failed to load resource: net::ERR_NAME_NOT_RESOLVED @ https://beacon.krxd.net/usermatch.gif?adnxs_uid=4858193757785939640:0
[    4886ms] [ERROR] Failed to load resource: net::ERR_NAME_NOT_RESOLVED @ https://sync.extend.tv/r.gif?exchange=liveramp&ZUID=4858193757785939640:0
[    3661ms] [ERROR] Attestation check for Shared Storage on https://www.googleadservices.com failed. @ https://www.googleadservices.com/pagead/managed/js/activeview/current/reach_worklet.html:0
[    3664ms] [ERROR] Attestation check for Shared Storage on https://www.googleadservices.com failed. @ https://www.googleadservices.com/pagead/managed/js/activeview/current/reach_worklet.html:0
[    3666ms] [ERROR] Attestation check for Shared Storage on https://www.googleadservices.com failed. @ https://www.googleadservices.com/pagead/managed/js/activeview/current/reach_worklet.html:0
[    4461ms] [ERROR] Attestation check for Shared Storage on https://www.googleadservices.com failed. @ https://www.googleadservices.com/pagead/managed/js/activeview/current/reach_worklet.html:0
[    4510ms] [ERROR] Attestation check for Shared Storage on https://www.googleadservices.com failed. @ https://www.googleadservices.com/pagead/managed/js/activeview/current/reach_worklet.html:0
[    4567ms] [ERROR] Attestation check for Shared Storage on https://www.googleadservices.com failed. @ https://www.googleadservices.com/pagead/managed/js/activeview/current/reach_worklet.html:0
[    5070ms] [ERROR] Attestation check for Shared Storage on https://www.googleadservices.com failed. @ https://www.googleadservices.com/pagead/managed/js/activeview/current/reach_worklet.html:0
[    5533ms] [ERROR] Attestation check for Shared Storage on https://www.googleadservices.com failed. @ https://www.googleadservices.com/pagead/managed/js/activeview/current/reach_worklet.html:0
[   30334ms] [ERROR] Attestation check for Shared Storage on https://www.googleadservices.com failed. @ https://www.googleadservices.com/pagead/managed/js/activeview/current/reach_worklet.html:0
[    4855ms] [ERROR] Failed to load resource: net::ERR_NAME_NOT_RESOLVED @ https://farm.plista.com/matching/pixel/?ssp=c3de&dsp_user_id=4858193757785939640:0
[    4886ms] [ERROR] Failed to load resource: net::ERR_NAME_NOT_RESOLVED @ https://beacon.krxd.net/usermatch.gif?adnxs_uid=4858193757785939640:0
[    4886ms] [ERROR] Failed to load resource: net::ERR_NAME_NOT_RESOLVED @ https://sync.extend.tv/r.gif?exchange=liveramp&ZUID=4858193757785939640:0
[    3661ms] [ERROR] Attestation check for Shared Storage on https://www.googleadservices.com failed. @ https://www.googleadservices.com/pagead/managed/js/activeview/current/reach_worklet.html:0
[    3664ms] [ERROR] Attestation check for Shared Storage on https://www.googleadservices.com failed. @ https://www.googleadservices.com/pagead/managed/js/activeview/current/reach_worklet.html:0
[    3666ms] [ERROR] Attestation check for Shared Storage on https://www.googleadservices.com failed. @ https://www.googleadservices.com/pagead/managed/js/activeview/current/reach_worklet.html:0
[    4461ms] [ERROR] Attestation check for Shared Storage on https://www.googleadservices.com failed. @ https://www.googleadservices.com/pagead/managed/js/activeview/current/reach_worklet.html:0
[    4510ms] [ERROR] Attestation check for Shared Storage on https://www.googleadservices.com failed. @ https://www.googleadservices.com/pagead/managed/js/activeview/current/reach_worklet.html:0
[    4567ms] [ERROR] Attestation check for Shared Storage on https://www.googleadservices.com failed. @ https://www.googleadservices.com/pagead/managed/js/activeview/current/reach_worklet.html:0
[    5070ms] [ERROR] Attestation check for Shared Storage on https://www.googleadservices.com failed. @ https://www.googleadservices.com/pagead/managed/js/activeview/current/reach_worklet.html:0
[    5533ms] [ERROR] Attestation check for Shared Storage on https://www.googleadservices.com failed. @ https://www.googleadservices.com/pagead/managed/js/activeview/current/reach_worklet.html:0
[   30334ms] [ERROR] Attestation check for Shared Storage on https://www.googleadservices.com failed. @ https://www.googleadservices.com/pagead/managed/js/activeview/current/reach_worklet.html:0
[   30929ms] [ERROR] Attestation check for Shared Storage on https://www.googleadservices.com failed. @ https://www.googleadservices.com/pagead/managed/js/activeview/current/reach_worklet.html:0
[   30978ms] [ERROR] Failed to load resource: net::ERR_NAME_NOT_RESOLVED @ https://s.thebrighttag.com/csx?tp=an&uid=4858193757785939640:0
[   32893ms] [LOG] --GPP region-- @ https://www.timeout.com/static/js/cmp-b32bfe5b2ee6513e4e5f.js:0
[   34303ms] [LOG] DEBUG - (ATS-DETECTION-MODULE) Detected dynamically added nodes. @ https://ats-wrapper.privacymanager.io/ats-modules/f9ffa687-133d-46ba-99cb-d9b578fb79d3/ats.js:0
[   34309ms] [LOG] DEBUG - (ATS-DETECTION-MODULE) Detected dynamically added nodes. @ https://ats-wrapper.privacymanager.io/ats-modules/f9ffa687-133d-46ba-99cb-d9b578fb79d3/ats.js:0
[   34318ms] [LOG] DEBUG - (ATS-DETECTION-MODULE) Detected dynamically added nodes. @ https://ats-wrapper.privacymanager.io/ats-modules/f9ffa687-133d-46ba-99cb-d9b578fb79d3/ats.js:0
[   34318ms] [WARNING] This ad's html cannot be accessed using the getHtml method on googletag.Slot. Returning the empty string instead. @ https://securepubads.g.doubleclick.net/pagead/managed/js/gpt/m202604090101/pubads_impl.js?cb=31097778:18
[   34347ms] [LOG] DEBUG - (ATS-DETECTION-MODULE) Detected dynamically added nodes. @ https://ats-wrapper.privacymanager.io/ats-modules/f9ffa687-133d-46ba-99cb-d9b578fb79d3/ats.js:0
[    3661ms] [ERROR] Attestation check for Shared Storage on https://www.googleadservices.com failed. @ https://www.googleadservices.com/pagead/managed/js/activeview/current/reach_worklet.html:0
[    3664ms] [ERROR] Attestation check for Shared Storage on https://www.googleadservices.com failed. @ https://www.googleadservices.com/pagead/managed/js/activeview/current/reach_worklet.html:0
[    3666ms] [ERROR] Attestation check for Shared Storage on https://www.googleadservices.com failed. @ https://www.googleadservices.com/pagead/managed/js/activeview/current/reach_worklet.html:0
[    4461ms] [ERROR] Attestation check for Shared Storage on https://www.googleadservices.com failed. @ https://www.googleadservices.com/pagead/managed/js/activeview/current/reach_worklet.html:0
[    4510ms] [ERROR] Attestation check for Shared Storage on https://www.googleadservices.com failed. @ https://www.googleadservices.com/pagead/managed/js/activeview/current/reach_worklet.html:0
[    4567ms] [ERROR] Attestation check for Shared Storage on https://www.googleadservices.com failed. @ https://www.googleadservices.com/pagead/managed/js/activeview/current/reach_worklet.html:0
[    5070ms] [ERROR] Attestation check for Shared Storage on https://www.googleadservices.com failed. @ https://www.googleadservices.com/pagead/managed/js/activeview/current/reach_worklet.html:0
[    5533ms] [ERROR] Attestation check for Shared Storage on https://www.googleadservices.com failed. @ https://www.googleadservices.com/pagead/managed/js/activeview/current/reach_worklet.html:0
[   30334ms] [ERROR] Attestation check for Shared Storage on https://www.googleadservices.com failed. @ https://www.googleadservices.com/pagead/managed/js/activeview/current/reach_worklet.html:0
[   30929ms] [ERROR] Attestation check for Shared Storage on https://www.googleadservices.com failed. @ https://www.googleadservices.com/pagead/managed/js/activeview/current/reach_worklet.html:0
[   34623ms] [ERROR] Attestation check for Shared Storage on https://www.googleadservices.com failed. @ https://www.googleadservices.com/pagead/managed/js/activeview/current/reach_worklet.html:0
[   35475ms] [LOG] DEBUG - (ATS-DETECTION-MODULE) Detected dynamically added nodes. @ https://ats-wrapper.privacymanager.io/ats-modules/f9ffa687-133d-46ba-99cb-d9b578fb79d3/ats.js:0
