[      66ms] [LOG] DEBUG - (ATS-DETECTION-MODULE) Detected dynamically added nodes. @ https://www.eater.com/_next/static/chunks/pages/_app-3476deff7a24d56c.js:172
[      75ms] [LOG] DEBUG - (ATS-DETECTION-MODULE) Detected dynamically added nodes. @ https://www.eater.com/_next/static/chunks/pages/_app-3476deff7a24d56c.js:172
[     550ms] [WARNING] ConcertAds: (229ms) Optimera: no splitter value for slot id div-gpt-ad-mapstack_sponsorship @ https://www.eater.com/_next/static/chunks/pages/_app-3476deff7a24d56c.js:172
[     827ms] [LOG] trackPageView success @ https://www.eater.com/_next/static/chunks/pages/_app-3476deff7a24d56c.js:172
[    1146ms] [ERROR] Attestation check for Attribution Reporting on https://www.facebook.com failed. @ https://www.eater.com/maps/best-restaurants-barcelona-spain:0
[    1322ms] [LOG] DEBUG - (ATS-ENVELOPE-MODULE) ats-set-additional-data event set up. @ https://www.eater.com/_next/static/chunks/pages/_app-3476deff7a24d56c.js:172
[    1322ms] [LOG] DEBUG - (ATS-ENVELOPE-MODULE) There is no google_ssp envelope in storage. @ https://www.eater.com/_next/static/chunks/pages/_app-3476deff7a24d56c.js:172
[    1323ms] [LOG] DEBUG - (ATS-ENVELOPE-MODULE) There is no liveramp envelope in storage. @ https://www.eater.com/_next/static/chunks/pages/_app-3476deff7a24d56c.js:172
[    1323ms] [INFO] INFO - (ATS-ENVELOPE-MODULE) (Geo location) persisted cached location data @ https://www.eater.com/_next/static/chunks/pages/_app-3476deff7a24d56c.js:172
[    1323ms] [LOG] DEBUG - (ATS-ENVELOPE-MODULE) Consent is given, module will start! @ https://www.eater.com/_next/static/chunks/pages/_app-3476deff7a24d56c.js:172
[    1323ms] [INFO] INFO - (ATS-ENVELOPE-MODULE) (Geo location) persisted cached location data @ https://www.eater.com/_next/static/chunks/pages/_app-3476deff7a24d56c.js:172
[    1323ms] [LOG] DEBUG - (ATS-ENVELOPE-MODULE) LIVERAMP envelope not found in storage! New envelope will be acquired. @ https://www.eater.com/_next/static/chunks/pages/_app-3476deff7a24d56c.js:172
[    1323ms] [INFO] INFO - (ATS-ENVELOPE-MODULE) Catching identifier configured. @ https://www.eater.com/_next/static/chunks/pages/_app-3476deff7a24d56c.js:172
[    1323ms] [INFO] INFO - (ATS-ENVELOPE-MODULE) Envelope-module is configured. @ https://www.eater.com/_next/static/chunks/pages/_app-3476deff7a24d56c.js:172
[    1673ms] [INFO] INFO - (ATS-DETECTION-MODULE) (Geo location) persisted cached location data @ https://www.eater.com/_next/static/chunks/pages/_app-3476deff7a24d56c.js:172
[    1673ms] [LOG] DEBUG - (ATS-DETECTION-MODULE) Consent is given, module will start! @ https://www.eater.com/_next/static/chunks/pages/_app-3476deff7a24d56c.js:172
[    1673ms] [INFO] INFO - (ATS-DETECTION-MODULE) (Geo location) persisted cached location data @ https://www.eater.com/_next/static/chunks/pages/_app-3476deff7a24d56c.js:172
[    1874ms] [LOG] DEBUG - (ATS-DETECTION-MODULE) Started urlAndScrape detection! @ https://www.eater.com/_next/static/chunks/pages/_app-3476deff7a24d56c.js:172
[    1874ms] [LOG] DEBUG - (ATS-DETECTION-MODULE) There is no such url parameter. 
 Tried to fetch: email @ https://www.eater.com/_next/static/chunks/pages/_app-3476deff7a24d56c.js:172
[    1874ms] [LOG] DEBUG - (ATS-DETECTION-MODULE) There is no such url parameter. 
 Tried to fetch: hashedPid @ https://www.eater.com/_next/static/chunks/pages/_app-3476deff7a24d56c.js:172
[    1874ms] [INFO] INFO - (ATS-DETECTION-MODULE) Detection started! Library is configured to detect:  [email, pidHashes] @ https://www.eater.com/_next/static/chunks/pages/_app-3476deff7a24d56c.js:172
[    1874ms] [INFO] INFO - (ATS-DETECTION-MODULE) Detection event type is  onsubmit @ https://www.eater.com/_next/static/chunks/pages/_app-3476deff7a24d56c.js:172
[    1891ms] [ERROR] Attestation check for Shared Storage on https://www.googleadservices.com failed. @ https://www.googleadservices.com/pagead/managed/js/activeview/current/reach_worklet.html:0
[    2156ms] [ERROR] Failed to load resource: net::ERR_CERT_AUTHORITY_INVALID @ https://sync.colossusssp.com/pbs.gif?gdpr=0&gdpr_consent=&us_privacy=&redir=https%3A%2F%2Fprebid-server.rubiconproject.com%2Fsetuid%3Fbidder%3Dcolossus%26gdpr%3D0%26gdpr_consent%3D%26us_privacy%3D%26gpp%3D%26gpp_sid%3D%26account%3D%26f%3Di%26uid%3D%5BUID%5D:0
[    2324ms] [INFO] INFO - (ATS-ENVELOPE-MODULE) We have dispatched envelopeModuleReady event again! @ https://www.eater.com/_next/static/chunks/pages/_app-3476deff7a24d56c.js:172
[    2324ms] [INFO] INFO - (ATS-ENVELOPE-MODULE) How many times we have dispatched event envelopeModuleReady:  2 @ https://www.eater.com/_next/static/chunks/pages/_app-3476deff7a24d56c.js:172
[    3059ms] [LOG] DEBUG - (ATS-DETECTION-MODULE) Detected dynamically added nodes. @ https://www.eater.com/_next/static/chunks/pages/_app-3476deff7a24d56c.js:172
[    3073ms] [LOG] DEBUG - (ATS-DETECTION-MODULE) Detected dynamically added nodes. @ https://www.eater.com/_next/static/chunks/pages/_app-3476deff7a24d56c.js:172
[    3090ms] [LOG] DEBUG - (ATS-DETECTION-MODULE) Detected dynamically added nodes. @ https://www.eater.com/_next/static/chunks/pages/_app-3476deff7a24d56c.js:172
[    3107ms] [LOG] DEBUG - (ATS-DETECTION-MODULE) Detected dynamically added nodes. @ https://www.eater.com/_next/static/chunks/pages/_app-3476deff7a24d56c.js:172
[    3123ms] [LOG] DEBUG - (ATS-DETECTION-MODULE) Detected dynamically added nodes. @ https://www.eater.com/_next/static/chunks/pages/_app-3476deff7a24d56c.js:172
[    3140ms] [LOG] DEBUG - (ATS-DETECTION-MODULE) Detected dynamically added nodes. @ https://www.eater.com/_next/static/chunks/pages/_app-3476deff7a24d56c.js:172
[    3157ms] [LOG] DEBUG - (ATS-DETECTION-MODULE) Detected dynamically added nodes. @ https://www.eater.com/_next/static/chunks/pages/_app-3476deff7a24d56c.js:172
[    3173ms] [LOG] DEBUG - (ATS-DETECTION-MODULE) Detected dynamically added nodes. @ https://www.eater.com/_next/static/chunks/pages/_app-3476deff7a24d56c.js:172
[    3193ms] [LOG] DEBUG - (ATS-DETECTION-MODULE) Detected dynamically added nodes. @ https://www.eater.com/_next/static/chunks/pages/_app-3476deff7a24d56c.js:172
[    3203ms] [LOG] DEBUG - (ATS-DETECTION-MODULE) Detected dynamically added nodes. @ https://www.eater.com/_next/static/chunks/pages/_app-3476deff7a24d56c.js:172
[    3207ms] [LOG] DEBUG - (ATS-DETECTION-MODULE) Detected dynamically added nodes. @ https://www.eater.com/_next/static/chunks/pages/_app-3476deff7a24d56c.js:172
[    3224ms] [LOG] DEBUG - (ATS-DETECTION-MODULE) Detected dynamically added nodes. @ https://www.eater.com/_next/static/chunks/pages/_app-3476deff7a24d56c.js:172
[    3238ms] [LOG] DEBUG - (ATS-DETECTION-MODULE) Detected dynamically added nodes. @ https://www.eater.com/_next/static/chunks/pages/_app-3476deff7a24d56c.js:172
[    3325ms] [INFO] INFO - (ATS-ENVELOPE-MODULE) We have dispatched envelopeModuleReady event again! @ https://www.eater.com/_next/static/chunks/pages/_app-3476deff7a24d56c.js:172
[    3325ms] [INFO] INFO - (ATS-ENVELOPE-MODULE) How many times we have dispatched event envelopeModuleReady:  3 @ https://www.eater.com/_next/static/chunks/pages/_app-3476deff7a24d56c.js:172
[    3751ms] [LOG] DEBUG - (ATS-DETECTION-MODULE) Detected dynamically added nodes. @ https://www.eater.com/_next/static/chunks/pages/_app-3476deff7a24d56c.js:172
[    3754ms] [LOG] DEBUG - (ATS-DETECTION-MODULE) Detected dynamically added nodes. @ https://www.eater.com/_next/static/chunks/pages/_app-3476deff7a24d56c.js:172
[    3758ms] [LOG] DEBUG - (ATS-DETECTION-MODULE) Detected dynamically added nodes. @ https://www.eater.com/_next/static/chunks/pages/_app-3476deff7a24d56c.js:172
[    3760ms] [LOG] DEBUG - (ATS-DETECTION-MODULE) Detected dynamically added nodes. @ https://www.eater.com/_next/static/chunks/pages/_app-3476deff7a24d56c.js:172
[    3763ms] [LOG] DEBUG - (ATS-DETECTION-MODULE) Detected dynamically added nodes. @ https://www.eater.com/_next/static/chunks/pages/_app-3476deff7a24d56c.js:172
[    3766ms] [LOG] DEBUG - (ATS-DETECTION-MODULE) Detected dynamically added nodes. @ https://www.eater.com/_next/static/chunks/pages/_app-3476deff7a24d56c.js:172
[    3768ms] [LOG] DEBUG - (ATS-DETECTION-MODULE) Detected dynamically added nodes. @ https://www.eater.com/_next/static/chunks/pages/_app-3476deff7a24d56c.js:172
[    4204ms] [LOG] DEBUG - (ATS-DETECTION-MODULE) Detected dynamically added nodes. @ https://www.eater.com/_next/static/chunks/pages/_app-3476deff7a24d56c.js:172
[    4429ms] [LOG] DEBUG - (ATS-DETECTION-MODULE) Detected dynamically added nodes. @ https://www.eater.com/_next/static/chunks/pages/_app-3476deff7a24d56c.js:172
[    4461ms] [LOG] DEBUG - (ATS-DETECTION-MODULE) Detected dynamically added nodes. @ https://www.eater.com/_next/static/chunks/pages/_app-3476deff7a24d56c.js:172
[    4464ms] [LOG] DEBUG - (ATS-DETECTION-MODULE) Detected dynamically added nodes. @ https://www.eater.com/_next/static/chunks/pages/_app-3476deff7a24d56c.js:172
[    4466ms] [LOG] DEBUG - (ATS-DETECTION-MODULE) Detected dynamically added nodes. @ https://www.eater.com/_next/static/chunks/pages/_app-3476deff7a24d56c.js:172
[    5086ms] [LOG] DEBUG - (ATS-DETECTION-MODULE) Detected dynamically added nodes. @ https://www.eater.com/_next/static/chunks/pages/_app-3476deff7a24d56c.js:172
[    9179ms] [WARNING] The resource https://securepubads.g.doubleclick.net/tag/js/gpt.js was preloaded using link preload but not used within a few seconds from the window's load event. Please make sure it has an appropriate `as` value and it is preloaded intentionally. @ https://www.eater.com/maps/best-restaurants-barcelona-spain:0
[   14864ms] [WARNING] The resource https://securepubads.g.doubleclick.net/tag/js/gpt.js was preloaded using link preload but not used within a few seconds from the window's load event. Please make sure it has an appropriate `as` value and it is preloaded intentionally. @ https://www.eater.com/maps/best-restaurants-barcelona-spain:0
[   36245ms] [LOG] DEBUG - (ATS-DETECTION-MODULE) Detected dynamically added nodes. @ https://www.eater.com/_next/static/chunks/pages/_app-3476deff7a24d56c.js:172
[    1891ms] [ERROR] Attestation check for Shared Storage on https://www.googleadservices.com failed. @ https://www.googleadservices.com/pagead/managed/js/activeview/current/reach_worklet.html:0
[   53205ms] [ERROR] Attestation check for Shared Storage on https://www.googleadservices.com failed. @ https://www.googleadservices.com/pagead/managed/js/activeview/current/reach_worklet.html:0
[   53472ms] [LOG] DEBUG - (ATS-DETECTION-MODULE) Detected dynamically added nodes. @ https://www.eater.com/_next/static/chunks/pages/_app-3476deff7a24d56c.js:172
[   53912ms] [TIMEEND] a: 0.001953125 ms @ https://static.adsafeprotected.com/sca.17.6.4.js:31
[   53993ms] [LOG] DEBUG - (ATS-DETECTION-MODULE) Detected dynamically added nodes. @ https://www.eater.com/_next/static/chunks/pages/_app-3476deff7a24d56c.js:172
[  157359ms] [LOG] DEBUG - (ATS-DETECTION-MODULE) Detected dynamically added nodes. @ https://www.eater.com/_next/static/chunks/pages/_app-3476deff7a24d56c.js:172
[  157371ms] [LOG] DEBUG - (ATS-DETECTION-MODULE) Detected dynamically added nodes. @ https://www.eater.com/_next/static/chunks/pages/_app-3476deff7a24d56c.js:172
[  157397ms] [LOG] DEBUG - (ATS-DETECTION-MODULE) Detected dynamically added nodes. @ https://www.eater.com/_next/static/chunks/pages/_app-3476deff7a24d56c.js:172
[  157446ms] [LOG] DEBUG - (ATS-DETECTION-MODULE) Detected dynamically added nodes. @ https://www.eater.com/_next/static/chunks/pages/_app-3476deff7a24d56c.js:172
[  157449ms] [WARNING] The resource https://securepubads.g.doubleclick.net/tag/js/gpt.js was preloaded using link preload but not used within a few seconds from the window's load event. Please make sure it has an appropriate `as` value and it is preloaded intentionally. @ https://www.eater.com/maps/best-restaurants-barcelona-spain:0
[  157542ms] [ERROR] Attestation check for Attribution Reporting on https://www.facebook.com failed. @ https://www.eater.com/maps/best-restaurants-barcelona-spain:0
[  165490ms] [WARNING] The resource https://securepubads.g.doubleclick.net/tag/js/gpt.js was preloaded using link preload but not used within a few seconds from the window's load event. Please make sure it has an appropriate `as` value and it is preloaded intentionally. @ https://www.eater.com/maps/best-restaurants-barcelona-spain:0
[  218507ms] [WARNING] The resource https://securepubads.g.doubleclick.net/tag/js/gpt.js was preloaded using link preload but not used within a few seconds from the window's load event. Please make sure it has an appropriate `as` value and it is preloaded intentionally. @ https://www.eater.com/maps/best-restaurants-barcelona-spain:0
[  303428ms] [WARNING] The resource https://securepubads.g.doubleclick.net/tag/js/gpt.js was preloaded using link preload but not used within a few seconds from the window's load event. Please make sure it has an appropriate `as` value and it is preloaded intentionally. @ https://www.eater.com/maps/best-restaurants-barcelona-spain:0
