[     484ms] [WARNING] document.domain mutation is ignored because the surrounding agent cluster is origin-keyed. @ https://www.nytimes.com/interactive/2022/10/13/travel/things-to-do-stockholm.html:48
[     530ms] [WARNING] A preload for 'https://static01.nytimes.com/newsgraphics/2022-10-05-36-hours-stockholm/99b67db926f0b1d2009a6c179617d243caebf70e/_assets/build/js/main.js' is found, but is not used because the request credentials mode does not match. Consider taking a look at crossorigin attribute. @ :0
[     530ms] [WARNING] A preload for 'https://static01.nytimes.com/newsgraphics/2022-10-05-36-hours-stockholm/99b67db926f0b1d2009a6c179617d243caebf70e/_assets/build/js/freebird.js' is found, but is not used because the request credentials mode does not match. Consider taking a look at crossorigin attribute. @ :0
[     534ms] [WARNING] limitedAds is not set, defaulting to false @ https://www.nytimes.com/interactive/2022/10/13/travel/things-to-do-stockholm.html:1698
[     644ms] [ERROR] Failed to load resource: the server responded with a status of 404 () @ https://s.go-mpulse.net/boomerang/ATH8A-MAMN8-XPXCH-N5KAX-8D239:0
[     678ms] [WARNING] et2 snippet should only load once per page @ :49
[     732ms] [WARNING]   WARN  [Statsig] Creating multiple Statsig clients with the same SDK key can lead to unexpected behavior. Multi-instance support requires different SDK keys. @ https://www.nytimes.com/vi-assets/static-assets/vendor-interactive-bab59090116605a2df87.js:101
[     764ms] [ERROR] Failed to load resource: the server responded with a status of 404 () @ https://s.go-mpulse.net/boomerang/ATH8A-MAMN8-XPXCH-N5KAX-8D239:0
[     767ms] [WARNING]   WARN  [Statsig] Creating multiple Statsig clients with the same SDK key can lead to unexpected behavior. Multi-instance support requires different SDK keys. @ https://www.nytimes.com/vi-assets/static-assets/vendor-interactive-bab59090116605a2df87.js:101
[     868ms] [WARNING] [GPT] PubAdsService.getTargetingKeys is deprecated, use googletag.getConfig('targeting') instead.
https://goo.gle/gpt-message#200 @ https://securepubads.g.doubleclick.net/pagead/managed/js/gpt/m202604230101/pubads_impl.js?cb=31098092:18
[     870ms] [WARNING] [GPT] Slot.setTargeting is deprecated, use Slot.setConfig({targeting: ...}) instead.
https://goo.gle/gpt-message#171 @ https://securepubads.g.doubleclick.net/pagead/managed/js/gpt/m202604230101/pubads_impl.js?cb=31098092:18
[    1228ms] [ERROR] Failed to load resource: the server responded with a status of 404 () @ https://s.go-mpulse.net/boomerang/ATH8A-MAMN8-XPXCH-N5KAX-8D239:0
[    1250ms] [ERROR] Failed to load resource: the server responded with a status of 404 () @ https://s.go-mpulse.net/boomerang/ATH8A-MAMN8-XPXCH-N5KAX-8D239:0
[    1305ms] [ERROR] Creating a worker from 'blob:https://myaccount.nytimes.com/9d942ffa-f41d-455b-9d32-a4411b8a3e6d' violates the following Content Security Policy directive: "script-src 'self' 'unsafe-inline' 'unsafe-eval' *.nytimes.com *.nyt.com https://www.gstatic.com https://www.google.com https://www.googletagmanager.com https://www.google-analytics.com https://sc-static.net https://js.datadome.co https://*.go-mpulse.net". Note that 'worker-src' was not explicitly set, so 'script-src' is used as a fallback. The action has been blocked. @ https://dd.nytimes.com/tags.js:1
[    4792ms] [WARNING] The resource https://s.go-mpulse.net/boomerang/ATH8A-MAMN8-XPXCH-N5KAX-8D239 was preloaded using link preload but not used within a few seconds from the window's load event. Please make sure it has an appropriate `as` value and it is preloaded intentionally. @ https://myaccount.nytimes.com/auth/iframe/enter-email?response_type=cookie&client_id=oma&redirect_uri=https%3A%2F%2Fwww.nytimes.com%2Fsubscription%2Fonboarding-offer%3FcampaignId%3D7JFJX%26redirect_uri%3Dhttps%253A%252F%252Fwww.nytimes.com%252Finteractive%252F2022%252F10%252F13%252Ftravel%252Fthings-to-do-stockholm.html%26EXIT_URI%3Dhttps%253A%252F%252Fwww.nytimes.com%252Finteractive%252F2022%252F10%252F13%252Ftravel%252Fthings-to-do-stockholm.html&display=regiwall_lire&asset=RegiWall&application=OMA&preloaded=true#lire-ui-857190:0
[    6882ms] [WARNING] The resource https://static01.nytimes.com/newsgraphics/2022-10-05-36-hours-stockholm/99b67db926f0b1d2009a6c179617d243caebf70e/_assets/build/js/main.js was preloaded using link preload but not used within a few seconds from the window's load event. Please make sure it has an appropriate `as` value and it is preloaded intentionally. @ https://www.nytimes.com/interactive/2022/10/13/travel/things-to-do-stockholm.html:0
[    6883ms] [WARNING] The resource https://static01.nytimes.com/newsgraphics/2022-10-05-36-hours-stockholm/99b67db926f0b1d2009a6c179617d243caebf70e/_assets/build/js/freebird.js was preloaded using link preload but not used within a few seconds from the window's load event. Please make sure it has an appropriate `as` value and it is preloaded intentionally. @ https://www.nytimes.com/interactive/2022/10/13/travel/things-to-do-stockholm.html:0
[    6883ms] [WARNING] The resource https://s.go-mpulse.net/boomerang/ATH8A-MAMN8-XPXCH-N5KAX-8D239 was preloaded using link preload but not used within a few seconds from the window's load event. Please make sure it has an appropriate `as` value and it is preloaded intentionally. @ https://www.nytimes.com/interactive/2022/10/13/travel/things-to-do-stockholm.html:0
[   13026ms] [ERROR] UserInfoAgentID unavailable. @ https://myaccount.nytimes.com/auth/iframe/enter-email?response_type=cookie&client_id=oma&redirect_uri=https%3A%2F%2Fwww.nytimes.com%2Fsubscription%2Fonboarding-offer%3FcampaignId%3D7JFJX%26redirect_uri%3Dhttps%253A%252F%252Fwww.nytimes.com%252Finteractive%252F2022%252F10%252F13%252Ftravel%252Fthings-to-do-stockholm.html%26EXIT_URI%3Dhttps%253A%252F%252Fwww.nytimes.com%252Finteractive%252F2022%252F10%252F13%252Ftravel%252Fthings-to-do-stockholm.html&display=regiwall_lire&asset=RegiWall&application=OMA&preloaded=true:262
