[     346ms] [WARNING] Deprecated API for given entry type. @ https://www.travelandleisure.com/static/4.219.0/cache/eNqNU9FuqzAM_aFFfEM3TXu5larb_oBJDHiEBMUOU_v1C-xuK62L7kMQ9jm242OnYgEhWw0QxGP1zpUksPhUrf02DmMMGIQrD-eYZWa-s7Ed2v6WXCAfwaFTABtjT8gKkoU8iY41wWzBLg6b-NxST6HdJE0YXEyVdClKcT1IgwYcP8Tsx6RgQ_kxdULox0hFwh_KV9yEHoLzSJwTbl7Rw-XMdMGiewwNtbcUTzWveaUcJkYrFMPGTC2nZvlot4dzrakxQotmIvzYyNvKsAzdk-3N9xS0XLnmXCvAy_7w640ue1waBPdPAQMjrS2NvhvgEkN1tIlG-TOvZloZWszf0_N8HkFLM-XndcLrid4XPeTaE3eYdtkRBlvAe5cWryzCtQB7lESWT_M99A4gL2M3jY8x3ZpawNFHvZW3w2k-GiSQWpT5bTE0WNoSjcV2_WxWkyRXJCQ5a3DCom_G0-3qXO1YSTwz21H0BE1C7qD2uHt0g5fyNIUmPFIbwO8hlM2-V_SqZKK2E5OA_FLix_r_GCrrGkjQ_LrN8FX4E2Z-GTM.min.js:20
[     394ms] [WARNING] An iframe which has both allow-scripts and allow-same-origin for its sandbox attribute can escape its sandboxing. @ https://www.travelandleisure.com/static/4.219.0/cache/eNqlVVF24yAMvNDy_HqG_vYSMpYdNTJkQThxTl8ZO4nTODTb_fBDDIywxEhUUUDIVj04Yaw-Y9WrYQZwxAwm2uCZ_1T3u6zvD96hk1iREwwOuGqwxTDxsxGwuZF8kxjjmiXhZKBtiQkEjUDXYVjQHs7ePSxOjgvLvzzrijK5vQl4DCTzWcrvMVgs7fvdoRYwTm7iJaQrUMgynuYs03n-h0x-AP_bgdG7g8RiDpw6cg8BKofhPBpoCkdZr5I4SQI2Bxj7Z1jBw5GaDnXcIXU7ed-B6_CDoqDTy9kCC7469rWqc4fQZPI0fN_OVOfY4O1tNA0B-67g0cFAna55VyXRC5bRKLS2C-TWhz5WESHYnZkma7vA6zFG6NDU4KYk3E8LvDmaZciXfN28HdKcoRzRzSzVf6__MSWvo_YH121i1n6C6LL7--mW1qbWA0cYS4VWQ8zHt4wnqhnL2rxLR-mO8RgZRctj0cMj8oJ-xXsWOlzGAgOS7HwwF8Lnd-SZYqNi-7GmYjmtrkC8XTjm3nydnhwN2su0kleOtsDXXepnegh7FfbN_Cd6YXOUkKwkfZBM7kJOFs2q9LQ3f0zdpPandwg-ReRnPY89NPpnDn54bQZq0JseVSQOxdSj4FS962mJHv8mCFnQ0Rr2dm9mpMRxujBkzmxtleFFkgNB61MAkx-4S2smlzT45bG_LpWSijanP6ClYM329As6wTlX.min.js:16
[     535ms] [LOG] %cAY background: linear-gradient(-152deg,#6937ea,#377fea 65%);border-radius: 3px;color: white;padding: 1px 5px New Session! Reason: Timeout @ https://www.travelandleisure.com/static/4.219.0/static/modules/js/AssertiveYield/scripts/ayAnalytics.js:53
[     536ms] [LOG] %cAY background: linear-gradient(-152deg,#6937ea,#377fea 65%);border-radius: 3px;color: white;padding: 1px 5px Initializing Assertive Yield v2.37.8-pre.1.patched. @ https://www.travelandleisure.com/static/4.219.0/static/modules/js/AssertiveYield/scripts/ayAnalytics.js:53
[     686ms] [WARNING] [GPT] PubAdsService.setTargeting is deprecated, use googletag.setConfig({targeting: ...}) instead.
https://goo.gle/gpt-message#170 @ https://www.travelandleisure.com/static/4.219.0/static/modules/js/AssertiveYield/scripts/ayAnalytics.js:53
[     689ms] [WARNING] [GPT] Slot.setTargeting is deprecated, use Slot.setConfig({targeting: ...}) instead.
https://goo.gle/gpt-message#171 @ https://www.travelandleisure.com/static/4.219.0/static/modules/js/AssertiveYield/scripts/ayAnalytics.js:53
[    1107ms] [ERROR] Failed to load resource: the server responded with a status of 400 () @ https://pbs-us-east.ay.delivery/openrtb2/auction:0
[    1199ms] [ERROR] Failed to load resource: the server responded with a status of 400 () @ https://pbs-us-east.ay.delivery/openrtb2/auction:0
[    1429ms] [ERROR] Failed to load resource: net::ERR_CONNECTION_RESET @ https://sync.adsmartx.com/sync?ssp_id=169754&google_push=AXcoOmSAXZCnUznj_7U7PMjtY_xRFbR1eNJPr9rKwTFXcMelLtXqjZ9OrSFKJ2Pv9k0YZXIDqomowKKVL1Lxqa2S_ayiEGvrbGn4rxrLbTPNIzEVcMVU_vkucBDYqv6S4B5_Sn9P8DE4_yzp63s&redir=https%3A%2F%2Fcm.g.doubleclick.net%2Fpixel%3Fgoogle_nid%3Dsmart_exchange%26google_hm%3D%5BENCODED_UID%5D%26google_push%3D%5BGOOGLE_PUSH%5D&google_gid=CAESEKstb3vFrcudmUPWs6AaoqY&google_cver=1:0
[    1551ms] [LOG] %cAY background: linear-gradient(-152deg,#6937ea,#377fea 65%);border-radius: 3px;color: white;padding: 1px 5px Bids didBid: [Object, Object, Object, Object, Object] @ https://www.travelandleisure.com/static/4.219.0/static/modules/js/AssertiveYield/scripts/ayAnalytics.js:53
[    1552ms] [LOG] %cAY background: linear-gradient(-152deg,#6937ea,#377fea 65%);border-radius: 3px;color: white;padding: 1px 5px Bids didTimeout: [] @ https://www.travelandleisure.com/static/4.219.0/static/modules/js/AssertiveYield/scripts/ayAnalytics.js:53
[    1606ms] [LOG] %cAY background: linear-gradient(-152deg,#6937ea,#377fea 65%);border-radius: 3px;color: white;padding: 1px 5px Slot requested: leaderboard-flex-1 {floor_id: Array(1), floor: Array(1), pc: Array(1), tax1: Array(1), tax2: Array(1)} @ https://www.travelandleisure.com/static/4.219.0/static/modules/js/AssertiveYield/scripts/ayAnalytics.js:53
[    1617ms] [LOG] %cAY background: linear-gradient(-152deg,#6937ea,#377fea 65%);border-radius: 3px;color: white;padding: 1px 5px Slot requested: square-flex-1 {floor_id: Array(1), floor: Array(1), pc: Array(1), tax1: Array(1), tax2: Array(1)} @ https://www.travelandleisure.com/static/4.219.0/static/modules/js/AssertiveYield/scripts/ayAnalytics.js:53
[    1947ms] [LOG] %cAY background: linear-gradient(-152deg,#6937ea,#377fea 65%);border-radius: 3px;color: white;padding: 1px 5px Bids didBid: [Object, Object, Object, Object, Object, Object, Object] @ https://www.travelandleisure.com/static/4.219.0/static/modules/js/AssertiveYield/scripts/ayAnalytics.js:53
[    1947ms] [LOG] %cAY background: linear-gradient(-152deg,#6937ea,#377fea 65%);border-radius: 3px;color: white;padding: 1px 5px Bids didTimeout: [] @ https://www.travelandleisure.com/static/4.219.0/static/modules/js/AssertiveYield/scripts/ayAnalytics.js:53
[    1991ms] [LOG] %cAY background: linear-gradient(-152deg,#6937ea,#377fea 65%);border-radius: 3px;color: white;padding: 1px 5px Slot requested: native {floor_id: Array(1), pc: Array(1), tax1: Array(1), tax2: Array(1), leaid: Array(1)} @ https://www.travelandleisure.com/static/4.219.0/static/modules/js/AssertiveYield/scripts/ayAnalytics.js:53
[    1996ms] [LOG] %cAY background: linear-gradient(-152deg,#6937ea,#377fea 65%);border-radius: 3px;color: white;padding: 1px 5px Slot requested: square-flex-2 {floor_id: Array(1), floor: Array(1), pc: Array(1), tax1: Array(1), tax2: Array(1)} @ https://www.travelandleisure.com/static/4.219.0/static/modules/js/AssertiveYield/scripts/ayAnalytics.js:53
[    2001ms] [LOG] %cAY background: linear-gradient(-152deg,#6937ea,#377fea 65%);border-radius: 3px;color: white;padding: 1px 5px Slot requested: square-fixed-1 {floor_id: Array(1), floor: Array(1), pc: Array(1), tax1: Array(1), tax2: Array(1)} @ https://www.travelandleisure.com/static/4.219.0/static/modules/js/AssertiveYield/scripts/ayAnalytics.js:53
[    2752ms] [LOG] %cAY background: linear-gradient(-152deg,#6937ea,#377fea 65%);border-radius: 3px;color: white;padding: 1px 5px Session UUID: d7812304-d4bf-41dc-9c1c-251a1949585b, PageView UUID: b6dc2016-f210-4b72-b252-4e7586d07992, Hash: null - null @ https://www.travelandleisure.com/static/4.219.0/static/modules/js/AssertiveYield/scripts/ayAnalytics.js:53
[    2752ms] [LOG] %cAY background: linear-gradient(-152deg,#6937ea,#377fea 65%);border-radius: 3px;color: white;padding: 1px 5px AdUnitPath: 3865/ddm.travelandleisure.com/tier1/structuredcontent/TripIdeas, AdId: 799b70b50ea62c8 @ https://www.travelandleisure.com/static/4.219.0/static/modules/js/AssertiveYield/scripts/ayAnalytics.js:53
[    2752ms] [LOG] %cAY background: linear-gradient(-152deg,#6937ea,#377fea 65%);border-radius: 3px;color: white;padding: 1px 5px Floor: 2.8 (pbjs) | 0 (gpt) @ https://www.travelandleisure.com/static/4.219.0/static/modules/js/AssertiveYield/scripts/ayAnalytics.js:53
[    2752ms] [LOG] %cAY background: linear-gradient(-152deg,#6937ea,#377fea 65%);border-radius: 3px;color: white;padding: 1px 5px  - Highest Prebid 12.59 from ix with id 799b70b50ea62c8 @ https://www.travelandleisure.com/static/4.219.0/static/modules/js/AssertiveYield/scripts/ayAnalytics.js:53
[    2752ms] [LOG] %cAY background: linear-gradient(-152deg,#6937ea,#377fea 65%);border-radius: 3px;color: white;padding: 1px 5px  - APS bid: 17w0glc PMP: 4bddds @ https://www.travelandleisure.com/static/4.219.0/static/modules/js/AssertiveYield/scripts/ayAnalytics.js:53
[    2752ms] [LOG] %cAY background: linear-gradient(-152deg,#6937ea,#377fea 65%);border-radius: 3px;color: white;padding: 1px 5px Winner: dfp (Direct/AdX/AdSense) with size 300x1050 @ https://www.travelandleisure.com/static/4.219.0/static/modules/js/AssertiveYield/scripts/ayAnalytics.js:53
[    2762ms] [LOG] Not starting liQHub: window.liQHub is neither undefined nor an array @ https://b-code.liadm.com/a-0183.min.js:1
[    3182ms] [ERROR] Attestation check for Shared Storage on https://www.googleadservices.com failed. @ https://www.googleadservices.com/pagead/managed/js/activeview/current/reach_worklet.html:0
[    3267ms] [LOG] {aim_version: 4.57.0, event_timestamp: 2026-04-28 00:25:44, country_code: , country_description: , dgid: } @ :0
[    3269ms] [ERROR] Attestation check for Attribution Reporting on https://www.facebook.com failed. @ https://www.travelandleisure.com/acadia-national-park-guide-8604732:0
[    3366ms] [LOG] %cAY background: linear-gradient(-152deg,#6937ea,#377fea 65%);border-radius: 3px;color: white;padding: 1px 5px Session UUID: d7812304-d4bf-41dc-9c1c-251a1949585b, PageView UUID: b6dc2016-f210-4b72-b252-4e7586d07992, Hash: null - null @ https://www.travelandleisure.com/static/4.219.0/static/modules/js/AssertiveYield/scripts/ayAnalytics.js:53
[    3366ms] [LOG] %cAY background: linear-gradient(-152deg,#6937ea,#377fea 65%);border-radius: 3px;color: white;padding: 1px 5px AdUnitPath: 3865/ddm.travelandleisure.com/tier1/structuredcontent/TripIdeas, AdId: 67341c0a411ef18 @ https://www.travelandleisure.com/static/4.219.0/static/modules/js/AssertiveYield/scripts/ayAnalytics.js:53
[    3366ms] [LOG] %cAY background: linear-gradient(-152deg,#6937ea,#377fea 65%);border-radius: 3px;color: white;padding: 1px 5px Floor: 1.8 (pbjs) | 0 (gpt) @ https://www.travelandleisure.com/static/4.219.0/static/modules/js/AssertiveYield/scripts/ayAnalytics.js:53
[    3366ms] [LOG] %cAY background: linear-gradient(-152deg,#6937ea,#377fea 65%);border-radius: 3px;color: white;padding: 1px 5px  - Highest Prebid 13.27 from ix with id 67341c0a411ef18 @ https://www.travelandleisure.com/static/4.219.0/static/modules/js/AssertiveYield/scripts/ayAnalytics.js:53
[    3366ms] [LOG] %cAY background: linear-gradient(-152deg,#6937ea,#377fea 65%);border-radius: 3px;color: white;padding: 1px 5px  - APS bid: 17w0glc PMP: ya5ips @ https://www.travelandleisure.com/static/4.219.0/static/modules/js/AssertiveYield/scripts/ayAnalytics.js:53
[    3366ms] [LOG] %cAY background: linear-gradient(-152deg,#6937ea,#377fea 65%);border-radius: 3px;color: white;padding: 1px 5px Winner: dfp (Direct/AdX/AdSense) with size 728x90 @ https://www.travelandleisure.com/static/4.219.0/static/modules/js/AssertiveYield/scripts/ayAnalytics.js:53
[    3377ms] [LOG] CP: Lastmile script added @ https://g.3gl.net/jp/7811/latest/InitialLoadScript.js:4
[    3182ms] [ERROR] Attestation check for Shared Storage on https://www.googleadservices.com failed. @ https://www.googleadservices.com/pagead/managed/js/activeview/current/reach_worklet.html:0
[    3566ms] [ERROR] Attestation check for Shared Storage on https://www.googleadservices.com failed. @ https://www.googleadservices.com/pagead/managed/js/activeview/current/reach_worklet.html:0
[    3593ms] [LOG] %cAY background: linear-gradient(-152deg,#6937ea,#377fea 65%);border-radius: 3px;color: white;padding: 1px 5px Session UUID: d7812304-d4bf-41dc-9c1c-251a1949585b, PageView UUID: b6dc2016-f210-4b72-b252-4e7586d07992, Hash: null - null @ https://www.travelandleisure.com/static/4.219.0/static/modules/js/AssertiveYield/scripts/ayAnalytics.js:53
[    3593ms] [LOG] %cAY background: linear-gradient(-152deg,#6937ea,#377fea 65%);border-radius: 3px;color: white;padding: 1px 5px AdUnitPath: 3865/ddm.travelandleisure.com/ntv1, AdId: undefined @ https://www.travelandleisure.com/static/4.219.0/static/modules/js/AssertiveYield/scripts/ayAnalytics.js:53
[    3593ms] [LOG] %cAY background: linear-gradient(-152deg,#6937ea,#377fea 65%);border-radius: 3px;color: white;padding: 1px 5px Floor: 0 (pbjs) | 0 (gpt) @ https://www.travelandleisure.com/static/4.219.0/static/modules/js/AssertiveYield/scripts/ayAnalytics.js:53
[    3593ms] [LOG] %cAY background: linear-gradient(-152deg,#6937ea,#377fea 65%);border-radius: 3px;color: white;padding: 1px 5px  - No Prebid bid! @ https://www.travelandleisure.com/static/4.219.0/static/modules/js/AssertiveYield/scripts/ayAnalytics.js:53
[    3593ms] [LOG] %cAY background: linear-gradient(-152deg,#6937ea,#377fea 65%);border-radius: 3px;color: white;padding: 1px 5px  - No APS bid! @ https://www.travelandleisure.com/static/4.219.0/static/modules/js/AssertiveYield/scripts/ayAnalytics.js:53
[    3593ms] [LOG] %cAY background: linear-gradient(-152deg,#6937ea,#377fea 65%);border-radius: 3px;color: white;padding: 1px 5px Placement went unfilled. @ https://www.travelandleisure.com/static/4.219.0/static/modules/js/AssertiveYield/scripts/ayAnalytics.js:53
[    3746ms] Failed to read a named property 'addEventListener' from 'Window': Blocked a frame with origin "https://809e2f5e2ab9da3b4fe697b93becdd57.safeframe.googlesyndication.com" from accessing a cross-origin frame.
[    4639ms] [LOG] %cAY background: linear-gradient(-152deg,#6937ea,#377fea 65%);border-radius: 3px;color: white;padding: 1px 5px Session UUID: d7812304-d4bf-41dc-9c1c-251a1949585b, PageView UUID: b6dc2016-f210-4b72-b252-4e7586d07992, Hash: null - null @ https://www.travelandleisure.com/static/4.219.0/static/modules/js/AssertiveYield/scripts/ayAnalytics.js:53
[    4639ms] [LOG] %cAY background: linear-gradient(-152deg,#6937ea,#377fea 65%);border-radius: 3px;color: white;padding: 1px 5px AdUnitPath: 3865/ddm.travelandleisure.com/tier1/structuredcontent/TripIdeas, AdId: JHlNR_QbI02CkbpH8AzKp_8AAAGd0Xo87QEAAA12AUJhcHNfdHhuX2JpZDEgICBhcHNfdHhuX2ltcDEgICA4-6Gl @ https://www.travelandleisure.com/static/4.219.0/static/modules/js/AssertiveYield/scripts/ayAnalytics.js:53
[    4639ms] [LOG] %cAY background: linear-gradient(-152deg,#6937ea,#377fea 65%);border-radius: 3px;color: white;padding: 1px 5px Floor: 2.25 (pbjs) | 0 (gpt) @ https://www.travelandleisure.com/static/4.219.0/static/modules/js/AssertiveYield/scripts/ayAnalytics.js:53
[    4639ms] [LOG] %cAY background: linear-gradient(-152deg,#6937ea,#377fea 65%);border-radius: 3px;color: white;padding: 1px 5px  - Highest Prebid 4.081415 from appnexus with id 20438b195dcb70e8 @ https://www.travelandleisure.com/static/4.219.0/static/modules/js/AssertiveYield/scripts/ayAnalytics.js:53
[    4639ms] [LOG] %cAY background: linear-gradient(-152deg,#6937ea,#377fea 65%);border-radius: 3px;color: white;padding: 1px 5px  - APS bid: 47miv4 PMP: 2sfls0 @ https://www.travelandleisure.com/static/4.219.0/static/modules/js/AssertiveYield/scripts/ayAnalytics.js:53
[    4639ms] [LOG] %cAY background: linear-gradient(-152deg,#6937ea,#377fea 65%);border-radius: 3px;color: white;padding: 1px 5px Winner: aps with size 300x600 @ https://www.travelandleisure.com/static/4.219.0/static/modules/js/AssertiveYield/scripts/ayAnalytics.js:53
[    3182ms] [ERROR] Attestation check for Shared Storage on https://www.googleadservices.com failed. @ https://www.googleadservices.com/pagead/managed/js/activeview/current/reach_worklet.html:0
[    3566ms] [ERROR] Attestation check for Shared Storage on https://www.googleadservices.com failed. @ https://www.googleadservices.com/pagead/managed/js/activeview/current/reach_worklet.html:0
[    4681ms] [ERROR] Attestation check for Shared Storage on https://www.googleadservices.com failed. @ https://www.googleadservices.com/pagead/managed/js/activeview/current/reach_worklet.html:0
[    4754ms] [LOG] %cAY background: linear-gradient(-152deg,#6937ea,#377fea 65%);border-radius: 3px;color: white;padding: 1px 5px Impression viewable: leaderboard-flex-1 @ https://www.travelandleisure.com/static/4.219.0/static/modules/js/AssertiveYield/scripts/ayAnalytics.js:53
[    4815ms] [ERROR] Attestation check for Attribution Reporting on https://ara.paa-reporting-advertising.amazon failed. @ https://www.travelandleisure.com/acadia-national-park-guide-8604732:0
[    4815ms] [ERROR] Attestation check for Shared Storage on https://ara.paa-reporting-advertising.amazon failed. @ https://aax-events-cell02-cf.us-east.3px.axp.amazon-adsystem.com/e/is/857fd431bfdc8db7f637dfd614014caf/creative?b=JOnim_tqwCSjUUaQjKdvqy0AAAGd0XpDggEAAAd9AUEzcHhfdHhuX2JpZDMgICAzcHhfdHhuX2ltcDEgICA-NLMI&w=ae_-iAAAAABKzZyskyHDNBL3eDahG-1g8V0Sgg&bi=cfv1_CFjYMlIRuvXywjKNYrot7B7CfWglaqMMzAJhhVXCcw70K4L1VotE569rliVNmj2wiqkgwY5Q3XTPsnnOfAN9AU98MXEReeiv2S9JHDlaRGKANbxVlhJWyspFXDu2Q5WNT66dHQfQlOIWNmMkoQzKRnlyC241K-i_azkHMZp1OXuw5YbhrF4xKzCaOJTRGuZHKHMGdtnRyv50QmltJdJlm5Ru9JalsNNkWQP4HY0O7jUHnaBwx_W5YnNQeSjIrRCO9puMb96ua9DRb5LrmiYXF6oJl_ozdKA7WJF6VxoyqQiWxSDsNXU1L-A4lfOhguPU68ggrsZmQ8rZi5aCNsmYBN50yeZucD01sJUSwNVxDLAssTcgVg_-t1_gosxbJxvkFkY81hjTwTlTPlyXUtKyYEBnd73Eu_lsCrJCaVc95w5QcJRRpEADRiQwutIsJhF1fP6Yao2nuO-hTTUQWjTh0JUeSFCEm1q-eWwyZZ86qNGsFy0Fioud9jKzd1EEA4OoibYPu3dvMoM0kwachU7f6hTgbGN5SXwMMC_AYgPfeY7uci89UkBzzHQUFFLoqSPWGmxqYE2oIkmJ_DaTgg:0
[    1429ms] [ERROR] Failed to load resource: net::ERR_CONNECTION_RESET @ https://sync.adsmartx.com/sync?ssp_id=169754&google_push=AXcoOmSAXZCnUznj_7U7PMjtY_xRFbR1eNJPr9rKwTFXcMelLtXqjZ9OrSFKJ2Pv9k0YZXIDqomowKKVL1Lxqa2S_ayiEGvrbGn4rxrLbTPNIzEVcMVU_vkucBDYqv6S4B5_Sn9P8DE4_yzp63s&redir=https%3A%2F%2Fcm.g.doubleclick.net%2Fpixel%3Fgoogle_nid%3Dsmart_exchange%26google_hm%3D%5BENCODED_UID%5D%26google_push%3D%5BGOOGLE_PUSH%5D&google_gid=CAESEKstb3vFrcudmUPWs6AaoqY&google_cver=1:0
[    5006ms] [ERROR] Failed to load resource: net::ERR_NAME_NOT_RESOLVED @ https://cs.lkqd.net/cs?partnerId=59&redirect=https%3A%2F%2Fcm.g.doubleclick.net%2Fpixel%3Fgoogle_nid%3Dlkqd_dbm%26google_hm%3D%24%24rawlkqduserid%7Cbase64%24%24:0
[    5006ms] [ERROR] Failed to load resource: net::ERR_NAME_NOT_RESOLVED @ https://cs.lkqd.net/cs?partnerId=59&partnerUserId=CAESEFvzbQrntUEaO4siBgFRY8c&google_cver=1:0
[    3182ms] [ERROR] Attestation check for Shared Storage on https://www.googleadservices.com failed. @ https://www.googleadservices.com/pagead/managed/js/activeview/current/reach_worklet.html:0
[    3566ms] [ERROR] Attestation check for Shared Storage on https://www.googleadservices.com failed. @ https://www.googleadservices.com/pagead/managed/js/activeview/current/reach_worklet.html:0
[    4681ms] [ERROR] Attestation check for Shared Storage on https://www.googleadservices.com failed. @ https://www.googleadservices.com/pagead/managed/js/activeview/current/reach_worklet.html:0
[    5123ms] [ERROR] Attestation check for Shared Storage on https://www.googleadservices.com failed. @ https://www.googleadservices.com/pagead/managed/js/activeview/current/reach_worklet.html:0
[    5413ms] [LOG] %cAY background: linear-gradient(-152deg,#6937ea,#377fea 65%);border-radius: 3px;color: white;padding: 1px 5px Session UUID: d7812304-d4bf-41dc-9c1c-251a1949585b, PageView UUID: b6dc2016-f210-4b72-b252-4e7586d07992, Hash: null - null @ https://www.travelandleisure.com/static/4.219.0/static/modules/js/AssertiveYield/scripts/ayAnalytics.js:53
[    5413ms] [LOG] %cAY background: linear-gradient(-152deg,#6937ea,#377fea 65%);border-radius: 3px;color: white;padding: 1px 5px AdUnitPath: 3865/ddm.travelandleisure.com/tier1/structuredcontent/TripIdeas, AdId: JDYbbIo8kH-RbitA1MSTgSkAAAGd0Xo87gEAAA12AUFhcHNfdHhuX2JpZDEgICBhcHNfdHhuX2ltcDEgICBdG_0E @ https://www.travelandleisure.com/static/4.219.0/static/modules/js/AssertiveYield/scripts/ayAnalytics.js:53
[    5413ms] [LOG] %cAY background: linear-gradient(-152deg,#6937ea,#377fea 65%);border-radius: 3px;color: white;padding: 1px 5px Floor: 1.9 (pbjs) | 0 (gpt) @ https://www.travelandleisure.com/static/4.219.0/static/modules/js/AssertiveYield/scripts/ayAnalytics.js:53
[    5413ms] [LOG] %cAY background: linear-gradient(-152deg,#6937ea,#377fea 65%);border-radius: 3px;color: white;padding: 1px 5px  - Highest Prebid 4.081415 from appnexus with id 219ac493acad04a8 @ https://www.travelandleisure.com/static/4.219.0/static/modules/js/AssertiveYield/scripts/ayAnalytics.js:53
[    5413ms] [LOG] %cAY background: linear-gradient(-152deg,#6937ea,#377fea 65%);border-radius: 3px;color: white;padding: 1px 5px  - APS bid: w3hpts PMP: 19ip2ps @ https://www.travelandleisure.com/static/4.219.0/static/modules/js/AssertiveYield/scripts/ayAnalytics.js:53
[    5413ms] [LOG] %cAY background: linear-gradient(-152deg,#6937ea,#377fea 65%);border-radius: 3px;color: white;padding: 1px 5px Winner: aps with size 300x250 @ https://www.travelandleisure.com/static/4.219.0/static/modules/js/AssertiveYield/scripts/ayAnalytics.js:53
[    3182ms] [ERROR] Attestation check for Shared Storage on https://www.googleadservices.com failed. @ https://www.googleadservices.com/pagead/managed/js/activeview/current/reach_worklet.html:0
[    3566ms] [ERROR] Attestation check for Shared Storage on https://www.googleadservices.com failed. @ https://www.googleadservices.com/pagead/managed/js/activeview/current/reach_worklet.html:0
[    4681ms] [ERROR] Attestation check for Shared Storage on https://www.googleadservices.com failed. @ https://www.googleadservices.com/pagead/managed/js/activeview/current/reach_worklet.html:0
[    5123ms] [ERROR] Attestation check for Shared Storage on https://www.googleadservices.com failed. @ https://www.googleadservices.com/pagead/managed/js/activeview/current/reach_worklet.html:0
[    5454ms] [ERROR] Attestation check for Shared Storage on https://www.googleadservices.com failed. @ https://www.googleadservices.com/pagead/managed/js/activeview/current/reach_worklet.html:0
[    4815ms] [ERROR] Attestation check for Shared Storage on https://ara.paa-reporting-advertising.amazon failed. @ https://aax-events-cell02-cf.us-east.3px.axp.amazon-adsystem.com/e/is/857fd431bfdc8db7f637dfd614014caf/creative?b=JOnim_tqwCSjUUaQjKdvqy0AAAGd0XpDggEAAAd9AUEzcHhfdHhuX2JpZDMgICAzcHhfdHhuX2ltcDEgICA-NLMI&w=ae_-iAAAAABKzZyskyHDNBL3eDahG-1g8V0Sgg&bi=cfv1_CFjYMlIRuvXywjKNYrot7B7CfWglaqMMzAJhhVXCcw70K4L1VotE569rliVNmj2wiqkgwY5Q3XTPsnnOfAN9AU98MXEReeiv2S9JHDlaRGKANbxVlhJWyspFXDu2Q5WNT66dHQfQlOIWNmMkoQzKRnlyC241K-i_azkHMZp1OXuw5YbhrF4xKzCaOJTRGuZHKHMGdtnRyv50QmltJdJlm5Ru9JalsNNkWQP4HY0O7jUHnaBwx_W5YnNQeSjIrRCO9puMb96ua9DRb5LrmiYXF6oJl_ozdKA7WJF6VxoyqQiWxSDsNXU1L-A4lfOhguPU68ggrsZmQ8rZi5aCNsmYBN50yeZucD01sJUSwNVxDLAssTcgVg_-t1_gosxbJxvkFkY81hjTwTlTPlyXUtKyYEBnd73Eu_lsCrJCaVc95w5QcJRRpEADRiQwutIsJhF1fP6Yao2nuO-hTTUQWjTh0JUeSFCEm1q-eWwyZZ86qNGsFy0Fioud9jKzd1EEA4OoibYPu3dvMoM0kwachU7f6hTgbGN5SXwMMC_AYgPfeY7uci89UkBzzHQUFFLoqSPWGmxqYE2oIkmJ_DaTgg:0
[    1429ms] [ERROR] Failed to load resource: net::ERR_CONNECTION_RESET @ https://sync.adsmartx.com/sync?ssp_id=169754&google_push=AXcoOmSAXZCnUznj_7U7PMjtY_xRFbR1eNJPr9rKwTFXcMelLtXqjZ9OrSFKJ2Pv9k0YZXIDqomowKKVL1Lxqa2S_ayiEGvrbGn4rxrLbTPNIzEVcMVU_vkucBDYqv6S4B5_Sn9P8DE4_yzp63s&redir=https%3A%2F%2Fcm.g.doubleclick.net%2Fpixel%3Fgoogle_nid%3Dsmart_exchange%26google_hm%3D%5BENCODED_UID%5D%26google_push%3D%5BGOOGLE_PUSH%5D&google_gid=CAESEKstb3vFrcudmUPWs6AaoqY&google_cver=1:0
[    5006ms] [ERROR] Failed to load resource: net::ERR_NAME_NOT_RESOLVED @ https://cs.lkqd.net/cs?partnerId=59&redirect=https%3A%2F%2Fcm.g.doubleclick.net%2Fpixel%3Fgoogle_nid%3Dlkqd_dbm%26google_hm%3D%24%24rawlkqduserid%7Cbase64%24%24:0
[    5006ms] [ERROR] Failed to load resource: net::ERR_NAME_NOT_RESOLVED @ https://cs.lkqd.net/cs?partnerId=59&partnerUserId=CAESEFvzbQrntUEaO4siBgFRY8c&google_cver=1:0
[    3182ms] [ERROR] Attestation check for Shared Storage on https://www.googleadservices.com failed. @ https://www.googleadservices.com/pagead/managed/js/activeview/current/reach_worklet.html:0
[    3566ms] [ERROR] Attestation check for Shared Storage on https://www.googleadservices.com failed. @ https://www.googleadservices.com/pagead/managed/js/activeview/current/reach_worklet.html:0
[    4681ms] [ERROR] Attestation check for Shared Storage on https://www.googleadservices.com failed. @ https://www.googleadservices.com/pagead/managed/js/activeview/current/reach_worklet.html:0
[    5123ms] [ERROR] Attestation check for Shared Storage on https://www.googleadservices.com failed. @ https://www.googleadservices.com/pagead/managed/js/activeview/current/reach_worklet.html:0
[    5454ms] [ERROR] Attestation check for Shared Storage on https://www.googleadservices.com failed. @ https://www.googleadservices.com/pagead/managed/js/activeview/current/reach_worklet.html:0
[    5641ms] [ERROR] Attestation check for Shared Storage on https://www.googleadservices.com failed. @ https://www.googleadservices.com/pagead/managed/js/activeview/current/reach_worklet.html:0
[   12054ms] Uncaught TypeError: Cannot read properties of undefined (reading 'url')
    at <anonymous> (https://g.3gl.net/jp/7811/latest/InitialLoadScript.js:4:15425)
[   15685ms] [ERROR] Failed to load resource: the server responded with a status of 400 () @ https://pbs-us-east.ay.delivery/openrtb2/auction:0
[   16039ms] [LOG] %cAY background: linear-gradient(-152deg,#6937ea,#377fea 65%);border-radius: 3px;color: white;padding: 1px 5px Bids didBid: [] @ https://www.travelandleisure.com/static/4.219.0/static/modules/js/AssertiveYield/scripts/ayAnalytics.js:53
[   16040ms] [LOG] %cAY background: linear-gradient(-152deg,#6937ea,#377fea 65%);border-radius: 3px;color: white;padding: 1px 5px Bids didTimeout: [] @ https://www.travelandleisure.com/static/4.219.0/static/modules/js/AssertiveYield/scripts/ayAnalytics.js:53
[   16084ms] [LOG] %cAY background: linear-gradient(-152deg,#6937ea,#377fea 65%);border-radius: 3px;color: white;padding: 1px 5px Slot requested: leaderboardfooter-flex-2 {floor_id: Array(1), floor: Array(1), pc: Array(1), tax1: Array(1), tax2: Array(1)} @ https://www.travelandleisure.com/static/4.219.0/static/modules/js/AssertiveYield/scripts/ayAnalytics.js:53
[   17420ms] [LOG] %cAY background: linear-gradient(-152deg,#6937ea,#377fea 65%);border-radius: 3px;color: white;padding: 1px 5px Session UUID: d7812304-d4bf-41dc-9c1c-251a1949585b, PageView UUID: b6dc2016-f210-4b72-b252-4e7586d07992, Hash: null - null @ https://www.travelandleisure.com/static/4.219.0/static/modules/js/AssertiveYield/scripts/ayAnalytics.js:53
[   17420ms] [LOG] %cAY background: linear-gradient(-152deg,#6937ea,#377fea 65%);border-radius: 3px;color: white;padding: 1px 5px AdUnitPath: 3865/ddm.travelandleisure.com/tier1/structuredcontent/TripIdeas, AdId: undefined @ https://www.travelandleisure.com/static/4.219.0/static/modules/js/AssertiveYield/scripts/ayAnalytics.js:53
[   17420ms] [LOG] %cAY background: linear-gradient(-152deg,#6937ea,#377fea 65%);border-radius: 3px;color: white;padding: 1px 5px Floor: 0 (pbjs) | 0 (gpt) @ https://www.travelandleisure.com/static/4.219.0/static/modules/js/AssertiveYield/scripts/ayAnalytics.js:53
[   17420ms] [LOG] %cAY background: linear-gradient(-152deg,#6937ea,#377fea 65%);border-radius: 3px;color: white;padding: 1px 5px  - No Prebid bid! @ https://www.travelandleisure.com/static/4.219.0/static/modules/js/AssertiveYield/scripts/ayAnalytics.js:53
[   17420ms] [LOG] %cAY background: linear-gradient(-152deg,#6937ea,#377fea 65%);border-radius: 3px;color: white;padding: 1px 5px  - APS bid: 1 PMP: 19ip2ps @ https://www.travelandleisure.com/static/4.219.0/static/modules/js/AssertiveYield/scripts/ayAnalytics.js:53
[   17420ms] [LOG] %cAY background: linear-gradient(-152deg,#6937ea,#377fea 65%);border-radius: 3px;color: white;padding: 1px 5px Winner: dfp (Direct/AdX/AdSense) with size 970x250 @ https://www.travelandleisure.com/static/4.219.0/static/modules/js/AssertiveYield/scripts/ayAnalytics.js:53
[   17422ms] [WARNING] [GPT] Slot leaderboardfooter-flex-2 rendered inside of the viewport.
https://goo.gle/gpt-message#169 @ https://www.travelandleisure.com/static/4.219.0/static/modules/js/AssertiveYield/scripts/ayAnalytics.js:53
[    3182ms] [ERROR] Attestation check for Shared Storage on https://www.googleadservices.com failed. @ https://www.googleadservices.com/pagead/managed/js/activeview/current/reach_worklet.html:0
[    3566ms] [ERROR] Attestation check for Shared Storage on https://www.googleadservices.com failed. @ https://www.googleadservices.com/pagead/managed/js/activeview/current/reach_worklet.html:0
[    4681ms] [ERROR] Attestation check for Shared Storage on https://www.googleadservices.com failed. @ https://www.googleadservices.com/pagead/managed/js/activeview/current/reach_worklet.html:0
[    5123ms] [ERROR] Attestation check for Shared Storage on https://www.googleadservices.com failed. @ https://www.googleadservices.com/pagead/managed/js/activeview/current/reach_worklet.html:0
[    5454ms] [ERROR] Attestation check for Shared Storage on https://www.googleadservices.com failed. @ https://www.googleadservices.com/pagead/managed/js/activeview/current/reach_worklet.html:0
[    5641ms] [ERROR] Attestation check for Shared Storage on https://www.googleadservices.com failed. @ https://www.googleadservices.com/pagead/managed/js/activeview/current/reach_worklet.html:0
[   17470ms] [ERROR] Attestation check for Shared Storage on https://www.googleadservices.com failed. @ https://www.googleadservices.com/pagead/managed/js/activeview/current/reach_worklet.html:0
