[    2290ms] [WARNING] Allow attribute will take precedence over 'allowfullscreen'. @ https://player.cnevids.com/script/video/5654ceaaff2afb71d2000010.js?autoplay=1&muted=true&continuousPlay=1&onReady=onReady17759308861258&isFullBleed=false&isRightRail=false&onIframeReady=onIframeReady17759308861259&videoEmbedPosition=inlineEmbedded:0
[    2296ms] [ERROR] Failed to load resource: net::ERR_NAME_NOT_RESOLVED @ https://ssc.cntraveler.com/get_cookie_id?cookie_domain=cntraveler.com&r=1775930886314&callback=TreasureJSONPCallback0:0
[    3911ms] ReferenceError: market is not defined
    at https://fb67fcf480b0c1b2c9b0cbf4dcf7dad7.safeframe.googlesyndication.com/safeframe/1-0-45/html/container.html:89:3
[    3702ms] [INFO] Powered by AMP ⚡ HTML – Version 2603032146000 https://www.cntraveler.com/gallery/best-restaurants-in-barcelona @ https://cdn.ampproject.org/rtv/012603032146000/amp4ads-v0.mjs:1
[    3862ms] [WARNING] This ad's html cannot be accessed using the getHtml method on googletag.Slot. Returning the empty string instead. @ https://securepubads.g.doubleclick.net/pagead/managed/js/gpt/m202604070101/pubads_impl.js:18
[    3890ms] [WARNING] This ad's html cannot be accessed using the getHtml method on googletag.Slot. Returning the empty string instead. @ https://securepubads.g.doubleclick.net/pagead/managed/js/gpt/m202604070101/pubads_impl.js:18
[    3892ms] [WARNING] This ad's html cannot be accessed using the getHtml method on googletag.Slot. Returning the empty string instead. @ https://securepubads.g.doubleclick.net/pagead/managed/js/gpt/m202604070101/pubads_impl.js:18
[    3893ms] [WARNING] This ad's html cannot be accessed using the getHtml method on googletag.Slot. Returning the empty string instead. @ https://securepubads.g.doubleclick.net/pagead/managed/js/gpt/m202604070101/pubads_impl.js:18
[    3894ms] [WARNING] This ad's html cannot be accessed using the getHtml method on googletag.Slot. Returning the empty string instead. @ https://securepubads.g.doubleclick.net/pagead/managed/js/gpt/m202604070101/pubads_impl.js:18
[    3895ms] [WARNING] This ad's html cannot be accessed using the getHtml method on googletag.Slot. Returning the empty string instead. @ https://securepubads.g.doubleclick.net/pagead/managed/js/gpt/m202604070101/pubads_impl.js:18
[    3930ms] [ERROR] Attestation check for Shared Storage on https://www.googleadservices.com failed. @ https://www.googleadservices.com/pagead/managed/js/activeview/current/reach_worklet.html:0
[    3930ms] [ERROR] Attestation check for Shared Storage on https://www.googleadservices.com failed. @ https://www.googleadservices.com/pagead/managed/js/activeview/current/reach_worklet.html:0
[    3930ms] [ERROR] Attestation check for Shared Storage on https://www.googleadservices.com failed. @ https://www.googleadservices.com/pagead/managed/js/activeview/current/reach_worklet.html:0
[    3930ms] [ERROR] Attestation check for Shared Storage on https://www.googleadservices.com failed. @ https://www.googleadservices.com/pagead/managed/js/activeview/current/reach_worklet.html:0
[    3992ms] [ERROR] Attestation check for Shared Storage on https://www.googleadservices.com failed. @ https://www.googleadservices.com/pagead/managed/js/activeview/current/reach_worklet.html:0
[    3994ms] [ERROR] Attestation check for Shared Storage on https://www.googleadservices.com failed. @ https://www.googleadservices.com/pagead/managed/js/activeview/current/reach_worklet.html:0
[    3996ms] [ERROR] Attestation check for Shared Storage on https://www.googleadservices.com failed. @ https://www.googleadservices.com/pagead/managed/js/activeview/current/reach_worklet.html:0
[    3930ms] [ERROR] Attestation check for Shared Storage on https://www.googleadservices.com failed. @ https://www.googleadservices.com/pagead/managed/js/activeview/current/reach_worklet.html:0
[    3992ms] [ERROR] Attestation check for Shared Storage on https://www.googleadservices.com failed. @ https://www.googleadservices.com/pagead/managed/js/activeview/current/reach_worklet.html:0
[    3994ms] [ERROR] Attestation check for Shared Storage on https://www.googleadservices.com failed. @ https://www.googleadservices.com/pagead/managed/js/activeview/current/reach_worklet.html:0
[    3996ms] [ERROR] Attestation check for Shared Storage on https://www.googleadservices.com failed. @ https://www.googleadservices.com/pagead/managed/js/activeview/current/reach_worklet.html:0
[    4148ms] [TIMEEND] a: 0.001953125 ms @ https://static.adsafeprotected.com/sca.17.6.4.js:31
[    3930ms] [ERROR] Attestation check for Shared Storage on https://www.googleadservices.com failed. @ https://www.googleadservices.com/pagead/managed/js/activeview/current/reach_worklet.html:0
[    3992ms] [ERROR] Attestation check for Shared Storage on https://www.googleadservices.com failed. @ https://www.googleadservices.com/pagead/managed/js/activeview/current/reach_worklet.html:0
[    3994ms] [ERROR] Attestation check for Shared Storage on https://www.googleadservices.com failed. @ https://www.googleadservices.com/pagead/managed/js/activeview/current/reach_worklet.html:0
[    3996ms] [ERROR] Attestation check for Shared Storage on https://www.googleadservices.com failed. @ https://www.googleadservices.com/pagead/managed/js/activeview/current/reach_worklet.html:0
[    4188ms] [ERROR] Attestation check for Shared Storage on https://www.googleadservices.com failed. @ https://www.googleadservices.com/pagead/managed/js/activeview/current/reach_worklet.html:0
[    4193ms] [ERROR] Attestation check for Shared Storage on https://www.googleadservices.com failed. @ https://www.googleadservices.com/pagead/managed/js/activeview/current/reach_worklet.html:0
[    4672ms] [WARNING] This ad's html cannot be accessed using the getHtml method on googletag.Slot. Returning the empty string instead. @ https://securepubads.g.doubleclick.net/pagead/managed/js/gpt/m202604070101/pubads_impl.js:18
[    3930ms] [ERROR] Attestation check for Shared Storage on https://www.googleadservices.com failed. @ https://www.googleadservices.com/pagead/managed/js/activeview/current/reach_worklet.html:0
[    3992ms] [ERROR] Attestation check for Shared Storage on https://www.googleadservices.com failed. @ https://www.googleadservices.com/pagead/managed/js/activeview/current/reach_worklet.html:0
[    3994ms] [ERROR] Attestation check for Shared Storage on https://www.googleadservices.com failed. @ https://www.googleadservices.com/pagead/managed/js/activeview/current/reach_worklet.html:0
[    3996ms] [ERROR] Attestation check for Shared Storage on https://www.googleadservices.com failed. @ https://www.googleadservices.com/pagead/managed/js/activeview/current/reach_worklet.html:0
[    4188ms] [ERROR] Attestation check for Shared Storage on https://www.googleadservices.com failed. @ https://www.googleadservices.com/pagead/managed/js/activeview/current/reach_worklet.html:0
[    4193ms] [ERROR] Attestation check for Shared Storage on https://www.googleadservices.com failed. @ https://www.googleadservices.com/pagead/managed/js/activeview/current/reach_worklet.html:0
[    4747ms] [ERROR] Attestation check for Shared Storage on https://www.googleadservices.com failed. @ https://www.googleadservices.com/pagead/managed/js/activeview/current/reach_worklet.html:0
[    5065ms] [INFO] Powered by AMP ⚡ HTML – Version 2603032146000 https://www.cntraveler.com/gallery/best-restaurants-in-barcelona @ https://cdn.ampproject.org/rtv/012603032146000/amp4ads-v0.mjs:1
[    7111ms] [ERROR] Refused to execute script from 'https://eb2.3lift.com/getuid?gpp=null&gpp_sid=null&gdpr=0&gdpr_consent=null&us_privacy=null&redir=https%3a%2f%2fcks.connatix.com%2fcks%3fpid%3d25%26ev%3d1-602621d51d9e48d99b6f2d9445cb1b72%26pname%3dTripleLift%26api-tier%3d2%26uid%3d%24UID' because its MIME type ('image/gif') is not executable. @ https://cds.connatix.com/p/292867717/cnx_usync.html?et=1&pageUrl=https%3a%2f%2fwww.cntraveler.com%2fgallery%2fbest-restaurants-in-barcelona&cid=3dedaf43-333a-47db-bf83-57833112e6f9&publisherExclusionLevel=0:0
[    7111ms] [ERROR] Syncing cannot be made with  https://eb2.3lift.com/getuid?gpp=null&gpp_sid=null&gdpr=0&gdpr_consent=null&us_privacy=null&redir=https%3a%2f%2fcks.connatix.com%2fcks%3fpid%3d25%26ev%3d1-602621d51d9e48d99b6f2d9445cb1b72%26pname%3dTripleLift%26api-tier%3d2%26uid%3d%24UID @ https://cds.connatix.com/p/292867717/cnx_usync.js:0
[    7119ms] [WARNING] [Audigent] cannot access to window.top: skip check and continue SecurityError: Failed to read a named property 'document' from 'Window': Blocked a frame with origin "https://cds.connatix.com" from accessing a cross-origin frame.
    at https://cdn.hadronid.net/hadron.js?url=https%3A%2F%2Fcds.connatix.com%2Fp%2F292867717%2Fcnx_usync.html%3Fet%3D1%26pageUrl%3Dhttps%253a%252f%252fwww.cntraveler.com%252fgallery%252fbest-restaurants-in-barcelona%26cid%3D3dedaf43-333a-47db-bf83-57833112e6f9%26publisherExclusionLevel%3D0&ref=https%3A%2F%2Fwww.cntraveler.com%2F&_it=tag&partner_id=800&ha=ha:1:57991
    at Module.<anonymous> (https://cdn.hadronid.net/hadron.js?url=https%3A%2F%2Fcds.connatix.com%2Fp%2F292867717%2Fcnx_usync.html%3Fet%3D1%26pageUrl%3Dhttps%253a%252f%252fwww.cntraveler.com%252fgallery%252fbest-restaurants-in-barcelona%26cid%3D3dedaf43-333a-47db-bf83-57833112e6f9%26publisherExclusionLevel%3D0&ref=https%3A%2F%2Fwww.cntraveler.com%2F&_it=tag&partner_id=800&ha=ha:1:59275)
    at n (https://cdn.hadronid.net/hadron.js?url=https%3A%2F%2Fcds.connatix.com%2Fp%2F292867717%2Fcnx_usync.html%3Fet%3D1%26pageUrl%3Dhttps%253a%252f%252fwww.cntraveler.com%252fgallery%252fbest-restaurants-in-barcelona%26cid%3D3dedaf43-333a-47db-bf83-57833112e6f9%26publisherExclusionLevel%3D0&ref=https%3A%2F%2Fwww.cntraveler.com%2F&_it=tag&partner_id=800&ha=ha:1:110)
    at https://cdn.hadronid.net/hadron.js?url=https%3A%2F%2Fcds.connatix.com%2Fp%2F292867717%2Fcnx_usync.html%3Fet%3D1%26pageUrl%3Dhttps%253a%252f%252fwww.cntraveler.com%252fgallery%252fbest-restaurants-in-barcelona%26cid%3D3dedaf43-333a-47db-bf83-57833112e6f9%26publisherExclusionLevel%3D0&ref=https%3A%2F%2Fwww.cntraveler.com%2F&_it=tag&partner_id=800&ha=ha:1:902
    at https://cdn.hadronid.net/hadron.js?url=https%3A%2F%2Fcds.connatix.com%2Fp%2F292867717%2Fcnx_usync.html%3Fet%3D1%26pageUrl%3Dhttps%253a%252f%252fwww.cntraveler.com%252fgallery%252fbest-restaurants-in-barcelona%26cid%3D3dedaf43-333a-47db-bf83-57833112e6f9%26publisherExclusionLevel%3D0&ref=https%3A%2F%2Fwww.cntraveler.com%2F&_it=tag&partner_id=800&ha=ha:1:911 @ https://cdn.hadronid.net/hadron.js?url=https%3A%2F%2Fcds.connatix.com%2Fp%2F292867717%2Fcnx_usync.html%3Fet%3D1%26pageUrl%3Dhttps%253a%252f%252fwww.cntraveler.com%252fgallery%252fbest-restaurants-in-barcelona%26cid%3D3dedaf43-333a-47db-bf83-57833112e6f9%26publisherExclusionLevel%3D0&ref=https%3A%2F%2Fwww.cntraveler.com%2F&_it=tag&partner_id=800&ha=ha:0
[    7335ms] Uncaught SecurityError: Failed to read a named property 'atob' from 'Window': Blocked a frame with origin "https://cds.connatix.com" from accessing a frame with origin "https://www.cntraveler.com". Protocols, domains, and ports must match.
    at <anonymous> (https://a.ad.gt/api/v1/u/matches/800?_it=tag:0:9745)
    at <anonymous> (https://a.ad.gt/api/v1/u/matches/800?_it=tag:0:9749)
    at <anonymous> (https://a.ad.gt/api/v1/u/matches/800?_it=tag:0:9754)
[    7671ms] [WARNING] [Meta Pixel] - Removed parameters from custom data due to potential violations. Go to Events Manager to learn more. @ https://connect.facebook.net/en_US/fbevents.js:181
[    7925ms] [ERROR] Attestation check for Attribution Reporting on https://www.facebook.com failed. @ https://www.cntraveler.com/gallery/best-restaurants-in-barcelona:0
[   22041ms] [ERROR] Attestation check for Attribution Reporting on https://www.facebook.com failed. @ https://www.cntraveler.com/gallery/best-restaurants-in-barcelona:0
[   22050ms] [ERROR] Attestation check for Attribution Reporting on https://www.facebook.com failed. @ https://www.cntraveler.com/gallery/best-restaurants-in-barcelona:0
[   34852ms] [INFO] Powered by AMP ⚡ HTML – Version 2603032146000 https://www.cntraveler.com/gallery/best-restaurants-in-barcelona @ https://cdn.ampproject.org/rtv/012603032146000/amp4ads-v0.mjs:1
[   42037ms] [ERROR] Attestation check for Attribution Reporting on https://www.facebook.com failed. @ https://www.cntraveler.com/gallery/best-restaurants-in-barcelona:0
[   42192ms] [ERROR] Attestation check for Attribution Reporting on https://www.facebook.com failed. @ https://www.cntraveler.com/gallery/best-restaurants-in-barcelona:0
[   62041ms] [ERROR] Attestation check for Attribution Reporting on https://www.facebook.com failed. @ https://www.cntraveler.com/gallery/best-restaurants-in-barcelona:0
[   62047ms] [ERROR] Attestation check for Attribution Reporting on https://www.facebook.com failed. @ https://www.cntraveler.com/gallery/best-restaurants-in-barcelona:0
[   65391ms] [INFO] Powered by AMP ⚡ HTML – Version 2603032146000 https://www.cntraveler.com/gallery/best-restaurants-in-barcelona @ https://cdn.ampproject.org/rtv/012603032146000/amp4ads-v0.mjs:1
[   82041ms] [ERROR] Attestation check for Attribution Reporting on https://www.facebook.com failed. @ https://www.cntraveler.com/gallery/best-restaurants-in-barcelona:0
[   82253ms] [ERROR] Attestation check for Attribution Reporting on https://www.facebook.com failed. @ https://www.cntraveler.com/gallery/best-restaurants-in-barcelona:0
[    3930ms] [ERROR] Attestation check for Shared Storage on https://www.googleadservices.com failed. @ https://www.googleadservices.com/pagead/managed/js/activeview/current/reach_worklet.html:0
[    3992ms] [ERROR] Attestation check for Shared Storage on https://www.googleadservices.com failed. @ https://www.googleadservices.com/pagead/managed/js/activeview/current/reach_worklet.html:0
[    3994ms] [ERROR] Attestation check for Shared Storage on https://www.googleadservices.com failed. @ https://www.googleadservices.com/pagead/managed/js/activeview/current/reach_worklet.html:0
[    3996ms] [ERROR] Attestation check for Shared Storage on https://www.googleadservices.com failed. @ https://www.googleadservices.com/pagead/managed/js/activeview/current/reach_worklet.html:0
[    4188ms] [ERROR] Attestation check for Shared Storage on https://www.googleadservices.com failed. @ https://www.googleadservices.com/pagead/managed/js/activeview/current/reach_worklet.html:0
[    4193ms] [ERROR] Attestation check for Shared Storage on https://www.googleadservices.com failed. @ https://www.googleadservices.com/pagead/managed/js/activeview/current/reach_worklet.html:0
[    4747ms] [ERROR] Attestation check for Shared Storage on https://www.googleadservices.com failed. @ https://www.googleadservices.com/pagead/managed/js/activeview/current/reach_worklet.html:0
[   95808ms] [ERROR] Attestation check for Attribution Reporting on https://ad.doubleclick.net failed. @ https://www.cntraveler.com/gallery/best-restaurants-in-barcelona:0
[   95809ms] [ERROR] Attestation check for Shared Storage on https://www.googleadservices.com failed. @ https://www.googleadservices.com/pagead/managed/js/activeview/current/reach_worklet.html:0
[   95888ms] [ERROR] Attestation check for Attribution Reporting on https://ad.doubleclick.net failed. @ https://www.cntraveler.com/gallery/best-restaurants-in-barcelona:0
[  102183ms] [ERROR] Attestation check for Attribution Reporting on https://www.facebook.com failed. @ https://www.cntraveler.com/gallery/best-restaurants-in-barcelona:0
[  102184ms] [ERROR] Attestation check for Attribution Reporting on https://www.facebook.com failed. @ https://www.cntraveler.com/gallery/best-restaurants-in-barcelona:0
[  122044ms] [ERROR] Attestation check for Attribution Reporting on https://www.facebook.com failed. @ https://www.cntraveler.com/gallery/best-restaurants-in-barcelona:0
[  122045ms] [ERROR] Attestation check for Attribution Reporting on https://www.facebook.com failed. @ https://www.cntraveler.com/gallery/best-restaurants-in-barcelona:0
[    3930ms] [ERROR] Attestation check for Shared Storage on https://www.googleadservices.com failed. @ https://www.googleadservices.com/pagead/managed/js/activeview/current/reach_worklet.html:0
[    3992ms] [ERROR] Attestation check for Shared Storage on https://www.googleadservices.com failed. @ https://www.googleadservices.com/pagead/managed/js/activeview/current/reach_worklet.html:0
[    3994ms] [ERROR] Attestation check for Shared Storage on https://www.googleadservices.com failed. @ https://www.googleadservices.com/pagead/managed/js/activeview/current/reach_worklet.html:0
[    3996ms] [ERROR] Attestation check for Shared Storage on https://www.googleadservices.com failed. @ https://www.googleadservices.com/pagead/managed/js/activeview/current/reach_worklet.html:0
[    4188ms] [ERROR] Attestation check for Shared Storage on https://www.googleadservices.com failed. @ https://www.googleadservices.com/pagead/managed/js/activeview/current/reach_worklet.html:0
[    4193ms] [ERROR] Attestation check for Shared Storage on https://www.googleadservices.com failed. @ https://www.googleadservices.com/pagead/managed/js/activeview/current/reach_worklet.html:0
[    4747ms] [ERROR] Attestation check for Shared Storage on https://www.googleadservices.com failed. @ https://www.googleadservices.com/pagead/managed/js/activeview/current/reach_worklet.html:0
[   95809ms] [ERROR] Attestation check for Shared Storage on https://www.googleadservices.com failed. @ https://www.googleadservices.com/pagead/managed/js/activeview/current/reach_worklet.html:0
[  125957ms] [ERROR] Attestation check for Shared Storage on https://www.googleadservices.com failed. @ https://www.googleadservices.com/pagead/managed/js/activeview/current/reach_worklet.html:0
[  126014ms] [ERROR] Attestation check for Attribution Reporting on https://ad.doubleclick.net failed. @ https://www.cntraveler.com/gallery/best-restaurants-in-barcelona:0
[  126059ms] [ERROR] Attestation check for Attribution Reporting on https://ad.doubleclick.net failed. @ https://www.cntraveler.com/gallery/best-restaurants-in-barcelona:0
[  142037ms] [ERROR] Attestation check for Attribution Reporting on https://www.facebook.com failed. @ https://www.cntraveler.com/gallery/best-restaurants-in-barcelona:0
[  142039ms] [ERROR] Attestation check for Attribution Reporting on https://www.facebook.com failed. @ https://www.cntraveler.com/gallery/best-restaurants-in-barcelona:0
[  156794ms] [INFO] Powered by AMP ⚡ HTML – Version 2603032146000 https://www.cntraveler.com/gallery/best-restaurants-in-barcelona @ https://cdn.ampproject.org/rtv/012603032146000/amp4ads-v0.mjs:1
[  162044ms] [ERROR] Attestation check for Attribution Reporting on https://www.facebook.com failed. @ https://www.cntraveler.com/gallery/best-restaurants-in-barcelona:0
[  162046ms] [ERROR] Attestation check for Attribution Reporting on https://www.facebook.com failed. @ https://www.cntraveler.com/gallery/best-restaurants-in-barcelona:0
[  185810ms] [ERROR] Access to fetch at 'https://hbopenbid.pubmatic.com/translator?source=prebid-client&gzip=1' from origin 'https://www.cntraveler.com' has been blocked by CORS policy: No 'Access-Control-Allow-Origin' header is present on the requested resource. @ https://www.cntraveler.com/gallery/best-restaurants-in-barcelona:0
[  185810ms] [ERROR] Failed to load resource: net::ERR_FAILED @ https://hbopenbid.pubmatic.com/translator?source=prebid-client&gzip=1:0
[    3930ms] [ERROR] Attestation check for Shared Storage on https://www.googleadservices.com failed. @ https://www.googleadservices.com/pagead/managed/js/activeview/current/reach_worklet.html:0
[    3992ms] [ERROR] Attestation check for Shared Storage on https://www.googleadservices.com failed. @ https://www.googleadservices.com/pagead/managed/js/activeview/current/reach_worklet.html:0
[    3994ms] [ERROR] Attestation check for Shared Storage on https://www.googleadservices.com failed. @ https://www.googleadservices.com/pagead/managed/js/activeview/current/reach_worklet.html:0
[    3996ms] [ERROR] Attestation check for Shared Storage on https://www.googleadservices.com failed. @ https://www.googleadservices.com/pagead/managed/js/activeview/current/reach_worklet.html:0
[    4188ms] [ERROR] Attestation check for Shared Storage on https://www.googleadservices.com failed. @ https://www.googleadservices.com/pagead/managed/js/activeview/current/reach_worklet.html:0
[    4193ms] [ERROR] Attestation check for Shared Storage on https://www.googleadservices.com failed. @ https://www.googleadservices.com/pagead/managed/js/activeview/current/reach_worklet.html:0
[    4747ms] [ERROR] Attestation check for Shared Storage on https://www.googleadservices.com failed. @ https://www.googleadservices.com/pagead/managed/js/activeview/current/reach_worklet.html:0
[   95809ms] [ERROR] Attestation check for Shared Storage on https://www.googleadservices.com failed. @ https://www.googleadservices.com/pagead/managed/js/activeview/current/reach_worklet.html:0
[  125957ms] [ERROR] Attestation check for Shared Storage on https://www.googleadservices.com failed. @ https://www.googleadservices.com/pagead/managed/js/activeview/current/reach_worklet.html:0
[  187080ms] [ERROR] Attestation check for Shared Storage on https://www.googleadservices.com failed. @ https://www.googleadservices.com/pagead/managed/js/activeview/current/reach_worklet.html:0
[  187098ms] [ERROR] Attestation check for Attribution Reporting on https://ad.doubleclick.net failed. @ https://www.cntraveler.com/gallery/best-restaurants-in-barcelona:0
