[     641ms] [WARNING] ConcertAds: (58ms) Optimera script loaded but window.optiCommon.init is not available yet @ https://sandiego.eater.com/_next/static/chunks/pages/_app-26c9aa2eeb3a2ed9.js:172
[    1225ms] [LOG] trackPageView success @ https://sandiego.eater.com/_next/static/chunks/pages/_app-26c9aa2eeb3a2ed9.js:172
[    1741ms] [ERROR] Attestation check for Attribution Reporting on https://www.facebook.com failed. @ https://sandiego.eater.com/maps/38-best-restaurants-san-diego-california:0
[    2165ms] [LOG] is 1 <= 0? isErrorLoggingEnabled: 0 @ https://ads.pubmatic.com/AdServer/js/vastTemplate/vastRenderer_v3.js:0
[    2271ms] [ERROR] Attestation check for Attribution Reporting on https://www.facebook.com failed. @ https://sandiego.eater.com/maps/38-best-restaurants-san-diego-california:0
[    2271ms] [ERROR] Attestation check for Attribution Reporting on https://www.facebook.com failed. @ https://sandiego.eater.com/maps/38-best-restaurants-san-diego-california:0
[    2313ms] [LOG] DEBUG - (ATS-ENVELOPE-MODULE) ats-set-additional-data event set up. @ https://sandiego.eater.com/_next/static/chunks/pages/_app-26c9aa2eeb3a2ed9.js:172
[    2313ms] [LOG] DEBUG - (ATS-ENVELOPE-MODULE) There is no google_ssp envelope in storage. @ https://sandiego.eater.com/_next/static/chunks/pages/_app-26c9aa2eeb3a2ed9.js:172
[    2313ms] [LOG] DEBUG - (ATS-ENVELOPE-MODULE) There is no liveramp envelope in storage. @ https://sandiego.eater.com/_next/static/chunks/pages/_app-26c9aa2eeb3a2ed9.js:172
[    2336ms] [INFO] INFO - (ATS-ENVELOPE-MODULE) (Geo location) consent check not passed @ https://sandiego.eater.com/_next/static/chunks/pages/_app-26c9aa2eeb3a2ed9.js:172
[    2337ms] [INFO] INFO - (ATS-ENVELOPE-MODULE) (Geo location) persisted cached location data @ https://sandiego.eater.com/_next/static/chunks/pages/_app-26c9aa2eeb3a2ed9.js:172
[    2338ms] [LOG] DEBUG - (ATS-ENVELOPE-MODULE) Consent is given, module will start! @ https://sandiego.eater.com/_next/static/chunks/pages/_app-26c9aa2eeb3a2ed9.js:172
[    2339ms] [ERROR] Attestation check for Shared Storage on https://www.googleadservices.com failed. @ https://www.googleadservices.com/pagead/managed/js/activeview/current/reach_worklet.html:0
[    2338ms] [INFO] INFO - (ATS-ENVELOPE-MODULE) (Geo location) persisted cached location data @ https://sandiego.eater.com/_next/static/chunks/pages/_app-26c9aa2eeb3a2ed9.js:172
[    2339ms] [LOG] DEBUG - (ATS-ENVELOPE-MODULE) LIVERAMP envelope not found in storage! New envelope will be acquired. @ https://sandiego.eater.com/_next/static/chunks/pages/_app-26c9aa2eeb3a2ed9.js:172
[    2339ms] [INFO] INFO - (ATS-ENVELOPE-MODULE) Catching identifier configured. @ https://sandiego.eater.com/_next/static/chunks/pages/_app-26c9aa2eeb3a2ed9.js:172
[    2339ms] [INFO] INFO - (ATS-ENVELOPE-MODULE) Envelope-module is configured. @ https://sandiego.eater.com/_next/static/chunks/pages/_app-26c9aa2eeb3a2ed9.js:172
[    2340ms] [ERROR] Attestation check for Attribution Reporting on https://www.facebook.com failed. @ https://sandiego.eater.com/maps/38-best-restaurants-san-diego-california:0
[    2676ms] [INFO] INFO - (ATS-DETECTION-MODULE) (Geo location) persisted cached location data @ https://sandiego.eater.com/_next/static/chunks/pages/_app-26c9aa2eeb3a2ed9.js:172
[    2676ms] [LOG] DEBUG - (ATS-DETECTION-MODULE) Consent is given, module will start! @ https://sandiego.eater.com/_next/static/chunks/pages/_app-26c9aa2eeb3a2ed9.js:172
[    2676ms] [INFO] INFO - (ATS-DETECTION-MODULE) (Geo location) persisted cached location data @ https://sandiego.eater.com/_next/static/chunks/pages/_app-26c9aa2eeb3a2ed9.js:172
[    2696ms] [WARNING] setCookiesEnabled is a no-op. The ltd parameter in the ad tag URL determines an ad request's ability to use cookies. @ https://s0.2mdn.net/instream/html5/ima3.js:638
[    2871ms] [ERROR] Access to fetch at 'https://api.rlcdn.com/api/identity/envelope?pid=1258' from origin 'https://sandiego.eater.com' has been blocked by CORS policy: No 'Access-Control-Allow-Origin' header is present on the requested resource. @ about:srcdoc:0
[    2871ms] [ERROR] Failed to load resource: net::ERR_FAILED @ https://api.rlcdn.com/api/identity/envelope?pid=1258:0
[    2923ms] [LOG] DEBUG - (ATS-DETECTION-MODULE) Started urlAndScrape detection! @ https://sandiego.eater.com/_next/static/chunks/pages/_app-26c9aa2eeb3a2ed9.js:172
[    2924ms] [LOG] DEBUG - (ATS-DETECTION-MODULE) There is no such url parameter. 
 Tried to fetch: email @ https://sandiego.eater.com/_next/static/chunks/pages/_app-26c9aa2eeb3a2ed9.js:172
[    2924ms] [LOG] DEBUG - (ATS-DETECTION-MODULE) There is no such url parameter. 
 Tried to fetch: hashedPid @ https://sandiego.eater.com/_next/static/chunks/pages/_app-26c9aa2eeb3a2ed9.js:172
[    2924ms] [INFO] INFO - (ATS-DETECTION-MODULE) Detection started! Library is configured to detect:  [email, pidHashes] @ https://sandiego.eater.com/_next/static/chunks/pages/_app-26c9aa2eeb3a2ed9.js:172
[    2924ms] [INFO] INFO - (ATS-DETECTION-MODULE) Detection event type is  onsubmit @ https://sandiego.eater.com/_next/static/chunks/pages/_app-26c9aa2eeb3a2ed9.js:172
[    2944ms] [LOG] DEBUG - (ATS-DETECTION-MODULE) Detected dynamically added nodes. @ https://sandiego.eater.com/_next/static/chunks/pages/_app-26c9aa2eeb3a2ed9.js:172
[    3145ms] [LOG] DEBUG - (ATS-DETECTION-MODULE) Detected dynamically added nodes. @ https://sandiego.eater.com/_next/static/chunks/pages/_app-26c9aa2eeb3a2ed9.js:172
[    3161ms] [LOG] DEBUG - (ATS-DETECTION-MODULE) Detected dynamically added nodes. @ https://sandiego.eater.com/_next/static/chunks/pages/_app-26c9aa2eeb3a2ed9.js:172
[    3184ms] [LOG] DEBUG - (ATS-DETECTION-MODULE) Detected dynamically added nodes. @ https://sandiego.eater.com/_next/static/chunks/pages/_app-26c9aa2eeb3a2ed9.js:172
[    3194ms] [LOG] DEBUG - (ATS-DETECTION-MODULE) Detected dynamically added nodes. @ https://sandiego.eater.com/_next/static/chunks/pages/_app-26c9aa2eeb3a2ed9.js:172
[    3209ms] [LOG] DEBUG - (ATS-DETECTION-MODULE) Detected dynamically added nodes. @ https://sandiego.eater.com/_next/static/chunks/pages/_app-26c9aa2eeb3a2ed9.js:172
[    3227ms] [LOG] DEBUG - (ATS-DETECTION-MODULE) Detected dynamically added nodes. @ https://sandiego.eater.com/_next/static/chunks/pages/_app-26c9aa2eeb3a2ed9.js:172
[    3244ms] [LOG] DEBUG - (ATS-DETECTION-MODULE) Detected dynamically added nodes. @ https://sandiego.eater.com/_next/static/chunks/pages/_app-26c9aa2eeb3a2ed9.js:172
[    3260ms] [LOG] DEBUG - (ATS-DETECTION-MODULE) Detected dynamically added nodes. @ https://sandiego.eater.com/_next/static/chunks/pages/_app-26c9aa2eeb3a2ed9.js:172
[    3285ms] [LOG] DEBUG - (ATS-DETECTION-MODULE) Detected dynamically added nodes. @ https://sandiego.eater.com/_next/static/chunks/pages/_app-26c9aa2eeb3a2ed9.js:172
[    3294ms] [LOG] DEBUG - (ATS-DETECTION-MODULE) Detected dynamically added nodes. @ https://sandiego.eater.com/_next/static/chunks/pages/_app-26c9aa2eeb3a2ed9.js:172
[    3312ms] [LOG] DEBUG - (ATS-DETECTION-MODULE) Detected dynamically added nodes. @ https://sandiego.eater.com/_next/static/chunks/pages/_app-26c9aa2eeb3a2ed9.js:172
[    3339ms] [INFO] INFO - (ATS-ENVELOPE-MODULE) We have dispatched envelopeModuleReady event again! @ https://sandiego.eater.com/_next/static/chunks/pages/_app-26c9aa2eeb3a2ed9.js:172
[    3341ms] [INFO] INFO - (ATS-ENVELOPE-MODULE) How many times we have dispatched event envelopeModuleReady:  2 @ https://sandiego.eater.com/_next/static/chunks/pages/_app-26c9aa2eeb3a2ed9.js:172
[    3421ms] [ERROR] Attestation check for Shared Storage on https://securepubads.g.doubleclick.net failed. @ https://imasdk.googleapis.com/js/core/bridge3.754.1_en.html#deid=%22%22&eventfe_experiment_ids=%5B%5D&fid=%22goog_1009553174%22&genotype_experiment_data=%7B%22experimentStateProto%22%3A%22%5B%5B%5B45713128%2Cnull%2Cnull%2C%5B%5D%5D%2C%5Bnull%2C745150931%2Cnull%2C%5Bnull%2C1%5D%5D%2C%5Bnull%2C749060184%2Cnull%2C%5Bnull%2C128%5D%5D%2C%5B841585769%2Cnull%2Cnull%2C%5B1%5D%5D%2C%5B45761044%2Cnull%2Cnull%2C%5B%5D%5D%2C%5B45722344%2Cnull%2Cnull%2C%5B%5D%5D%2C%5B45706017%2Cnull%2Cnull%2C%5B1%5D%5D%2C%5B45668885%2Cnull%2Cnull%2C%5B%5D%5D%2C%5B45685340%2Cnull%2Cnull%2C%5B%5D%5D%2C%5B45765927%2Cnull%2Cnull%2C%5B%5D%5D%2C%5B45734716%2Cnull%2Cnull%2C%5B%5D%5D%2C%5B45735891%2Cnull%2Cnull%2C%5B%5D%5D%2C%5B45663239%2Cnull%2Cnull%2C%5B%5D%5D%2C%5B45715032%2Cnull%2Cnull%2C%5B1%5D%5D%2C%5B45661356%2Cnull%2Cnull%2C%5B%5D%5D%2C%5B839547366%2Cnull%2Cnull%2C%5B1%5D%5D%2C%5B45676441%2Cnull%2Cnull%2C%5B%5D%5D%2C%5Bnull%2C45645574%2Cnull%2C%5B%5D%5D%2C%5B45688859%2Cnull%2Cnull%2C%5B%5D%5D%2C%5B45656766%2Cnull%2Cnull%2C%5B%5D%5D%2C%5B45710689%2Cnull%2Cnull%2C%5B%5D%5D%2C%5B45710688%2Cnull%2Cnull%2C%5B1%5D%5D%2C%5B45685601%2Cnull%2Cnull%2C%5B%5D%5D%2C%5Bnull%2C45685602%2Cnull%2C%5Bnull%2C500%5D%5D%2C%5Bnull%2C45767902%2Cnull%2C%5Bnull%2C500%5D%5D%2C%5B45756824%2Cnull%2Cnull%2C%5B%5D%5D%2C%5B45747172%2Cnull%2Cnull%2C%5B%5D%5D%2C%5B775241416%2Cnull%2Cnull%2C%5B%5D%5D%2C%5B781107959%2Cnull%2Cnull%2C%5B%5D%5D%2C%5B781107958%2Cnull%2Cnull%2C%5B%5D%5D%2C%5B792614055%2Cnull%2Cnull%2C%5B%5D%5D%2C%5B781107957%2Cnull%2Cnull%2C%5B%5D%5D%2C%5B45729602%2Cnull%2Cnull%2C%5B%5D%5D%2C%5B45753603%2Cnull%2Cnull%2C%5B%5D%5D%2C%5B45753604%2Cnull%2Cnull%2C%5B%5D%5D%5D%2C%5B%5B16%2C%5B%5B1%2C%5B%5B31089630%5D%2C%5B31089631%2C%5B%5B45668885%2Cnull%2Cnull%2C%5B1%5D%5D%5D%5D%5D%5D%2C%5B1000%2C%5B%5B95332046%5D%5D%5D%2C%5Bnull%2C%5B%5B95332047%5D%5D%5D%2C%5B10%2C%5B%5B95338769%2C%5B%5Bnull%2C45645574%2Cnull%2C%5Bnull%2C1%5D%5D%5D%5D%2C%5B95338770%2C%5B%5Bnull%2C45645574%2Cnull%2C%5Bnull%2C2%5D%5D%5D%5D%5D%5D%2C%5B50%2C%5B%5B95345206%5D%2C%5B95345207%2C%5B%5B45661356%2Cnull%2Cnull%2C%5B1%5D%5D%5D%5D%5D%5D%2C%5B1%2C%5B%5B95351425%5D%2C%5B95351426%2C%5B%5B45676441%2Cnull%2Cnull%2C%5B1%5D%5D%5D%5D%5D%5D%2C%5B20%2C%5B%5B95356068%5D%2C%5B95356069%2C%5B%5B45685601%2Cnull%2Cnull%2C%5B%5D%5D%2C%5Bnull%2C45685602%2Cnull%2C%5B%5D%5D%5D%5D%2C%5B95356070%2C%5B%5B45685601%2Cnull%2Cnull%2C%5B1%5D%5D%2C%5Bnull%2C45685602%2Cnull%2C%5B%5D%5D%5D%5D%2C%5B95356071%2C%5B%5B45685601%2Cnull%2Cnull%2C%5B1%5D%5D%2C%5Bnull%2C45685602%2Cnull%2C%5Bnull%2C100%5D%5D%5D%5D%5D%5D%2C%5B1%2C%5B%5B95373378%2C%5B%5B792614055%2Cnull%2Cnull%2C%5B1%5D%5D%5D%5D%2C%5B95373379%2C%5B%5B45747172%2Cnull%2Cnull%2C%5B1%5D%5D%2C%5B781107959%2Cnull%2Cnull%2C%5B1%5D%5D%2C%5B792614055%2Cnull%2Cnull%2C%5B1%5D%5D%2C%5B781107957%2Cnull%2Cnull%2C%5B1%5D%5D%5D%5D%5D%5D%2C%5B10%2C%5B%5B95378629%5D%2C%5B95378630%2C%5B%5B45729602%2Cnull%2Cnull%2C%5B1%5D%5D%5D%5D%2C%5B95381582%2C%5B%5B45729602%2Cnull%2Cnull%2C%5B1%5D%5D%2C%5B45753603%2Cnull%2Cnull%2C%5B1%5D%5D%5D%5D%2C%5B95381583%2C%5B%5B45729602%2Cnull%2Cnull%2C%5B1%5D%5D%2C%5B45753604%2Cnull%2Cnull%2C%5B1%5D%5D%5D%5D%5D%5D%2C%5B10%2C%5B%5B95382403%5D%2C%5B95386528%2C%5B%5Bnull%2C45767902%2Cnull%2C%5B%5D%5D%2C%5B45756824%2Cnull%2Cnull%2C%5B1%5D%5D%5D%5D%2C%5B95386532%2C%5B%5Bnull%2C45767902%2Cnull%2C%5Bnull%2C100%5D%5D%2C%5B45756824%2Cnull%2Cnull%2C%5B1%5D%5D%5D%5D%2C%5B95386533%2C%5B%5Bnull%2C45767902%2Cnull%2C%5Bnull%2C300%5D%5D%2C%5B45756824%2Cnull%2Cnull%2C%5B1%5D%5D%5D%5D%2C%5B95386534%2C%5B%5Bnull%2C45767902%2Cnull%2C%5Bnull%2C500%5D%5D%2C%5B45756824%2Cnull%2Cnull%2C%5B1%5D%5D%5D%5D%5D%5D%2C%5Bnull%2C%5B%5B95385117%5D%2C%5B95385118%2C%5B%5B45761044%2Cnull%2Cnull%2C%5B1%5D%5D%5D%5D%5D%5D%2C%5Bnull%2C%5B%5B95385193%5D%2C%5B95385194%2C%5B%5B45765927%2Cnull%2Cnull%2C%5B1%5D%5D%5D%5D%5D%5D%5D%5D%5D%2Cnull%2Cnull%2C%5Bnull%2C1000%2C1%2C1000%5D%5D%22%7D&imalib_experiments=%5B95322027%2C95331589%2C95332046%2C95381583%5D&is_eap_loader=false&managed_js_experiment_id=0&page_correlator=378717138153466&pvsid=6090624470926803&top_accessible_page_url=%22https%3A%2F%2Fsandiego.eater.com%2Fmaps%2F38-best-restaurants-san-diego-california%22:0
[    3971ms] [LOG] DEBUG - (ATS-DETECTION-MODULE) Detected dynamically added nodes. @ https://sandiego.eater.com/_next/static/chunks/pages/_app-26c9aa2eeb3a2ed9.js:172
[    4161ms] [LOG] DEBUG - (ATS-DETECTION-MODULE) Detected dynamically added nodes. @ https://sandiego.eater.com/_next/static/chunks/pages/_app-26c9aa2eeb3a2ed9.js:172
[    4169ms] [LOG] DEBUG - (ATS-DETECTION-MODULE) Detected dynamically added nodes. @ https://sandiego.eater.com/_next/static/chunks/pages/_app-26c9aa2eeb3a2ed9.js:172
[    4340ms] [INFO] INFO - (ATS-ENVELOPE-MODULE) We have dispatched envelopeModuleReady event again! @ https://sandiego.eater.com/_next/static/chunks/pages/_app-26c9aa2eeb3a2ed9.js:172
[    4340ms] [INFO] INFO - (ATS-ENVELOPE-MODULE) How many times we have dispatched event envelopeModuleReady:  3 @ https://sandiego.eater.com/_next/static/chunks/pages/_app-26c9aa2eeb3a2ed9.js:172
[    4533ms] [LOG] DEBUG - (ATS-DETECTION-MODULE) Detected dynamically added nodes. @ https://sandiego.eater.com/_next/static/chunks/pages/_app-26c9aa2eeb3a2ed9.js:172
[    4536ms] [LOG] DEBUG - (ATS-DETECTION-MODULE) Detected dynamically added nodes. @ https://sandiego.eater.com/_next/static/chunks/pages/_app-26c9aa2eeb3a2ed9.js:172
[    4538ms] [LOG] DEBUG - (ATS-DETECTION-MODULE) Detected dynamically added nodes. @ https://sandiego.eater.com/_next/static/chunks/pages/_app-26c9aa2eeb3a2ed9.js:172
[    4539ms] [LOG] DEBUG - (ATS-DETECTION-MODULE) Detected dynamically added nodes. @ https://sandiego.eater.com/_next/static/chunks/pages/_app-26c9aa2eeb3a2ed9.js:172
[    4541ms] [LOG] DEBUG - (ATS-DETECTION-MODULE) Detected dynamically added nodes. @ https://sandiego.eater.com/_next/static/chunks/pages/_app-26c9aa2eeb3a2ed9.js:172
[    4542ms] [LOG] DEBUG - (ATS-DETECTION-MODULE) Detected dynamically added nodes. @ https://sandiego.eater.com/_next/static/chunks/pages/_app-26c9aa2eeb3a2ed9.js:172
[    4543ms] [LOG] DEBUG - (ATS-DETECTION-MODULE) Detected dynamically added nodes. @ https://sandiego.eater.com/_next/static/chunks/pages/_app-26c9aa2eeb3a2ed9.js:172
[    4586ms] [LOG] DEBUG - (ATS-DETECTION-MODULE) Detected dynamically added nodes. @ https://sandiego.eater.com/_next/static/chunks/pages/_app-26c9aa2eeb3a2ed9.js:172
[    5162ms] [LOG] DEBUG - (ATS-DETECTION-MODULE) Detected dynamically added nodes. @ https://sandiego.eater.com/_next/static/chunks/pages/_app-26c9aa2eeb3a2ed9.js:172
[    5417ms] [ERROR] Mixed Content: The page at 'https://sandiego.eater.com/maps/38-best-restaurants-san-diego-california' was loaded over HTTPS, but requested an insecure frame 'http://sync.spoutroserve.com/dmp?tid=tdhdynfiYdudUd&S2=4348&s1=MWY3ZTFhNDRkNmY2OGVlOA'. This request has been blocked; the content must be served over HTTPS. @ https://ads.pubmatic.com/AdServer/js/user_sync.html?p=156512:0
[   24998ms] [WARNING] The resource https://securepubads.g.doubleclick.net/tag/js/gpt.js was preloaded using link preload but not used within a few seconds from the window's load event. Please make sure it has an appropriate `as` value and it is preloaded intentionally. @ https://sandiego.eater.com/maps/38-best-restaurants-san-diego-california:0
[   36401ms] [WARNING] The resource https://securepubads.g.doubleclick.net/tag/js/gpt.js was preloaded using link preload but not used within a few seconds from the window's load event. Please make sure it has an appropriate `as` value and it is preloaded intentionally. @ https://sandiego.eater.com/maps/38-best-restaurants-san-diego-california:0
[   37591ms] [LOG] DEBUG - (ATS-DETECTION-MODULE) Detected dynamically added nodes. @ https://sandiego.eater.com/_next/static/chunks/pages/_app-26c9aa2eeb3a2ed9.js:172
[   37812ms] [ERROR] Failed to load resource: net::ERR_NAME_NOT_RESOLVED @ https://cs.lkqd.net/cs?partnerId=59&partnerUserId=CAESEJonVVbSTjuVmkWx16IMqbo&google_cver=1:0
[   37812ms] [ERROR] Failed to load resource: net::ERR_NAME_NOT_RESOLVED @ https://cs.lkqd.net/cs?partnerId=59&redirect=https%3A%2F%2Fcm.g.doubleclick.net%2Fpixel%3Fgoogle_nid%3Dlkqd_dbm%26google_hm%3D%24%24rawlkqduserid%7Cbase64%24%24:0
[    5417ms] [ERROR] Mixed Content: The page at 'https://sandiego.eater.com/maps/38-best-restaurants-san-diego-california' was loaded over HTTPS, but requested an insecure frame 'http://sync.spoutroserve.com/dmp?tid=tdhdynfiYdudUd&S2=4348&s1=MWY3ZTFhNDRkNmY2OGVlOA'. This request has been blocked; the content must be served over HTTPS. @ https://ads.pubmatic.com/AdServer/js/user_sync.html?p=156512:0
[    2339ms] [ERROR] Attestation check for Shared Storage on https://www.googleadservices.com failed. @ https://www.googleadservices.com/pagead/managed/js/activeview/current/reach_worklet.html:0
[   37964ms] [ERROR] Attestation check for Shared Storage on https://www.googleadservices.com failed. @ https://www.googleadservices.com/pagead/managed/js/activeview/current/reach_worklet.html:0
[   38048ms] [LOG] DEBUG - (ATS-DETECTION-MODULE) Detected dynamically added nodes. @ https://sandiego.eater.com/_next/static/chunks/pages/_app-26c9aa2eeb3a2ed9.js:172
[   38059ms] [LOG] DEBUG - (ATS-DETECTION-MODULE) Detected dynamically added nodes. @ https://sandiego.eater.com/_next/static/chunks/pages/_app-26c9aa2eeb3a2ed9.js:172
[    5417ms] [ERROR] Mixed Content: The page at 'https://sandiego.eater.com/maps/38-best-restaurants-san-diego-california' was loaded over HTTPS, but requested an insecure frame 'http://sync.spoutroserve.com/dmp?tid=tdhdynfiYdudUd&S2=4348&s1=MWY3ZTFhNDRkNmY2OGVlOA'. This request has been blocked; the content must be served over HTTPS. @ https://ads.pubmatic.com/AdServer/js/user_sync.html?p=156512:0
[   38105ms] [LOG] DEBUG - (ATS-DETECTION-MODULE) Detected dynamically added nodes. @ https://sandiego.eater.com/_next/static/chunks/pages/_app-26c9aa2eeb3a2ed9.js:172
[   38222ms] [LOG] DEBUG - (ATS-DETECTION-MODULE) Detected dynamically added nodes. @ https://sandiego.eater.com/_next/static/chunks/pages/_app-26c9aa2eeb3a2ed9.js:172
[   38235ms] [LOG] DEBUG - (ATS-DETECTION-MODULE) Detected dynamically added nodes. @ https://sandiego.eater.com/_next/static/chunks/pages/_app-26c9aa2eeb3a2ed9.js:172
[   38256ms] [LOG] JSHandle@node @ :4
[   38663ms] [TIMEEND] a: 0.0029296875 ms @ https://static.adsafeprotected.com/sca.17.6.4.js:31
[   38761ms] [LOG] DEBUG - (ATS-DETECTION-MODULE) Detected dynamically added nodes. @ https://sandiego.eater.com/_next/static/chunks/pages/_app-26c9aa2eeb3a2ed9.js:172
[   42588ms] [WARNING] The resource https://securepubads.g.doubleclick.net/tag/js/gpt.js was preloaded using link preload but not used within a few seconds from the window's load event. Please make sure it has an appropriate `as` value and it is preloaded intentionally. @ https://sandiego.eater.com/maps/38-best-restaurants-san-diego-california:0
[   46418ms] [WARNING] The resource https://securepubads.g.doubleclick.net/tag/js/gpt.js was preloaded using link preload but not used within a few seconds from the window's load event. Please make sure it has an appropriate `as` value and it is preloaded intentionally. @ https://sandiego.eater.com/maps/38-best-restaurants-san-diego-california:0
[   51076ms] [WARNING] The resource https://securepubads.g.doubleclick.net/tag/js/gpt.js was preloaded using link preload but not used within a few seconds from the window's load event. Please make sure it has an appropriate `as` value and it is preloaded intentionally. @ https://sandiego.eater.com/maps/38-best-restaurants-san-diego-california:0
[   56419ms] [WARNING] The resource https://securepubads.g.doubleclick.net/tag/js/gpt.js was preloaded using link preload but not used within a few seconds from the window's load event. Please make sure it has an appropriate `as` value and it is preloaded intentionally. @ https://sandiego.eater.com/maps/38-best-restaurants-san-diego-california:0
[   61099ms] [WARNING] The resource https://securepubads.g.doubleclick.net/tag/js/gpt.js was preloaded using link preload but not used within a few seconds from the window's load event. Please make sure it has an appropriate `as` value and it is preloaded intentionally. @ https://sandiego.eater.com/maps/38-best-restaurants-san-diego-california:0
[   71411ms] [WARNING] The resource https://securepubads.g.doubleclick.net/tag/js/gpt.js was preloaded using link preload but not used within a few seconds from the window's load event. Please make sure it has an appropriate `as` value and it is preloaded intentionally. @ https://sandiego.eater.com/maps/38-best-restaurants-san-diego-california:0
[   81099ms] [WARNING] The resource https://securepubads.g.doubleclick.net/tag/js/gpt.js was preloaded using link preload but not used within a few seconds from the window's load event. Please make sure it has an appropriate `as` value and it is preloaded intentionally. @ https://sandiego.eater.com/maps/38-best-restaurants-san-diego-california:0
[   86411ms] [WARNING] The resource https://securepubads.g.doubleclick.net/tag/js/gpt.js was preloaded using link preload but not used within a few seconds from the window's load event. Please make sure it has an appropriate `as` value and it is preloaded intentionally. @ https://sandiego.eater.com/maps/38-best-restaurants-san-diego-california:0
[   91095ms] [WARNING] The resource https://securepubads.g.doubleclick.net/tag/js/gpt.js was preloaded using link preload but not used within a few seconds from the window's load event. Please make sure it has an appropriate `as` value and it is preloaded intentionally. @ https://sandiego.eater.com/maps/38-best-restaurants-san-diego-california:0
[  101414ms] [WARNING] The resource https://securepubads.g.doubleclick.net/tag/js/gpt.js was preloaded using link preload but not used within a few seconds from the window's load event. Please make sure it has an appropriate `as` value and it is preloaded intentionally. @ https://sandiego.eater.com/maps/38-best-restaurants-san-diego-california:0
[  111111ms] [WARNING] The resource https://securepubads.g.doubleclick.net/tag/js/gpt.js was preloaded using link preload but not used within a few seconds from the window's load event. Please make sure it has an appropriate `as` value and it is preloaded intentionally. @ https://sandiego.eater.com/maps/38-best-restaurants-san-diego-california:0
[  121129ms] [WARNING] The resource https://securepubads.g.doubleclick.net/tag/js/gpt.js was preloaded using link preload but not used within a few seconds from the window's load event. Please make sure it has an appropriate `as` value and it is preloaded intentionally. @ https://sandiego.eater.com/maps/38-best-restaurants-san-diego-california:0
[  131418ms] [WARNING] The resource https://securepubads.g.doubleclick.net/tag/js/gpt.js was preloaded using link preload but not used within a few seconds from the window's load event. Please make sure it has an appropriate `as` value and it is preloaded intentionally. @ https://sandiego.eater.com/maps/38-best-restaurants-san-diego-california:0
[  141144ms] [WARNING] The resource https://securepubads.g.doubleclick.net/tag/js/gpt.js was preloaded using link preload but not used within a few seconds from the window's load event. Please make sure it has an appropriate `as` value and it is preloaded intentionally. @ https://sandiego.eater.com/maps/38-best-restaurants-san-diego-california:0
[  151164ms] [WARNING] The resource https://securepubads.g.doubleclick.net/tag/js/gpt.js was preloaded using link preload but not used within a few seconds from the window's load event. Please make sure it has an appropriate `as` value and it is preloaded intentionally. @ https://sandiego.eater.com/maps/38-best-restaurants-san-diego-california:0
[  155993ms] [WARNING] The resource https://securepubads.g.doubleclick.net/tag/js/gpt.js was preloaded using link preload but not used within a few seconds from the window's load event. Please make sure it has an appropriate `as` value and it is preloaded intentionally. @ https://sandiego.eater.com/maps/38-best-restaurants-san-diego-california:0
[  161180ms] [WARNING] The resource https://securepubads.g.doubleclick.net/tag/js/gpt.js was preloaded using link preload but not used within a few seconds from the window's load event. Please make sure it has an appropriate `as` value and it is preloaded intentionally. @ https://sandiego.eater.com/maps/38-best-restaurants-san-diego-california:0
[  171197ms] [WARNING] The resource https://securepubads.g.doubleclick.net/tag/js/gpt.js was preloaded using link preload but not used within a few seconds from the window's load event. Please make sure it has an appropriate `as` value and it is preloaded intentionally. @ https://sandiego.eater.com/maps/38-best-restaurants-san-diego-california:0
[  181212ms] [WARNING] The resource https://securepubads.g.doubleclick.net/tag/js/gpt.js was preloaded using link preload but not used within a few seconds from the window's load event. Please make sure it has an appropriate `as` value and it is preloaded intentionally. @ https://sandiego.eater.com/maps/38-best-restaurants-san-diego-california:0
[  191226ms] [WARNING] The resource https://securepubads.g.doubleclick.net/tag/js/gpt.js was preloaded using link preload but not used within a few seconds from the window's load event. Please make sure it has an appropriate `as` value and it is preloaded intentionally. @ https://sandiego.eater.com/maps/38-best-restaurants-san-diego-california:0
[  201232ms] [WARNING] The resource https://securepubads.g.doubleclick.net/tag/js/gpt.js was preloaded using link preload but not used within a few seconds from the window's load event. Please make sure it has an appropriate `as` value and it is preloaded intentionally. @ https://sandiego.eater.com/maps/38-best-restaurants-san-diego-california:0
[  211243ms] [WARNING] The resource https://securepubads.g.doubleclick.net/tag/js/gpt.js was preloaded using link preload but not used within a few seconds from the window's load event. Please make sure it has an appropriate `as` value and it is preloaded intentionally. @ https://sandiego.eater.com/maps/38-best-restaurants-san-diego-california:0
[  221352ms] [WARNING] The resource https://securepubads.g.doubleclick.net/tag/js/gpt.js was preloaded using link preload but not used within a few seconds from the window's load event. Please make sure it has an appropriate `as` value and it is preloaded intentionally. @ https://sandiego.eater.com/maps/38-best-restaurants-san-diego-california:0
[  231273ms] [WARNING] The resource https://securepubads.g.doubleclick.net/tag/js/gpt.js was preloaded using link preload but not used within a few seconds from the window's load event. Please make sure it has an appropriate `as` value and it is preloaded intentionally. @ https://sandiego.eater.com/maps/38-best-restaurants-san-diego-california:0
[  241274ms] [WARNING] The resource https://securepubads.g.doubleclick.net/tag/js/gpt.js was preloaded using link preload but not used within a few seconds from the window's load event. Please make sure it has an appropriate `as` value and it is preloaded intentionally. @ https://sandiego.eater.com/maps/38-best-restaurants-san-diego-california:0
[  251292ms] [WARNING] The resource https://securepubads.g.doubleclick.net/tag/js/gpt.js was preloaded using link preload but not used within a few seconds from the window's load event. Please make sure it has an appropriate `as` value and it is preloaded intentionally. @ https://sandiego.eater.com/maps/38-best-restaurants-san-diego-california:0
[  261292ms] [WARNING] The resource https://securepubads.g.doubleclick.net/tag/js/gpt.js was preloaded using link preload but not used within a few seconds from the window's load event. Please make sure it has an appropriate `as` value and it is preloaded intentionally. @ https://sandiego.eater.com/maps/38-best-restaurants-san-diego-california:0
[  271307ms] [WARNING] The resource https://securepubads.g.doubleclick.net/tag/js/gpt.js was preloaded using link preload but not used within a few seconds from the window's load event. Please make sure it has an appropriate `as` value and it is preloaded intentionally. @ https://sandiego.eater.com/maps/38-best-restaurants-san-diego-california:0
