[     376ms] [WARNING] ads.Invalid sizes: unable to define 'rail' on mobile..warn {definition: Object, slotName: rail} @ https://ads-static.conde.digital/production/cns/builds/conde-nast-traveler/v6.js?v=12511:7
[     377ms] [WARNING] ads.Invalid sizes: unable to define 'aside' on mobile..warn {definition: Object, slotName: aside} @ https://ads-static.conde.digital/production/cns/builds/conde-nast-traveler/v6.js?v=12511:7
[    2185ms] [ERROR] Failed to load resource: net::ERR_NAME_NOT_RESOLVED @ https://ssc.cntraveler.com/get_cookie_id?cookie_domain=cntraveler.com&r=1775435897517&callback=TreasureJSONPCallback0:0
[    2849ms] [WARNING] [Meta Pixel] - Removed parameters from custom data due to potential violations. Go to Events Manager to learn more. @ https://connect.facebook.net/en_US/fbevents.js:177
[    2870ms] [INFO] Powered by AMP ⚡ HTML – Version 2603032146000 https://www.cntraveler.com/gallery/best-restaurants-in-san-diego @ https://cdn.ampproject.org/rtv/012603032146000/amp4ads-v0.mjs:1
[    2945ms] [ERROR] Attestation check for Attribution Reporting on https://www.facebook.com failed. @ https://www.cntraveler.com/gallery/best-restaurants-in-san-diego:0
[    3044ms] ReferenceError: market is not defined
    at https://c10e1c0eae55d53e249a9a3e4941a7f1.safeframe.googlesyndication.com/safeframe/1-0-45/html/container.html:89:3
[    3093ms] [WARNING] This ad's html cannot be accessed using the getHtml method on googletag.Slot. Returning the empty string instead. @ https://securepubads.g.doubleclick.net/pagead/managed/js/gpt/m202603310101/pubads_impl.js:18
[    3098ms] [ERROR] Attestation check for Shared Storage on https://www.googleadservices.com failed. @ https://www.googleadservices.com/pagead/managed/js/activeview/current/reach_worklet.html:0
[    3485ms] [TIMEEND] a: 0.0029296875 ms @ https://static.adsafeprotected.com/sca.17.6.4.js:31
[    3098ms] [ERROR] Attestation check for Shared Storage on https://www.googleadservices.com failed. @ https://www.googleadservices.com/pagead/managed/js/activeview/current/reach_worklet.html:0
[    3674ms] [ERROR] Attestation check for Shared Storage on https://www.googleadservices.com failed. @ https://www.googleadservices.com/pagead/managed/js/activeview/current/reach_worklet.html:0
[    3726ms] [WARNING] This ad's html cannot be accessed using the getHtml method on googletag.Slot. Returning the empty string instead. @ https://securepubads.g.doubleclick.net/pagead/managed/js/gpt/m202603310101/pubads_impl.js:18
[    3849ms] [LOG] Metrics: `ad-content-load` took 320ms @ https://publish.responsiveads.com/libs/radical.r7.min.js:113
[    3849ms] [WARNING] Allow attribute will take precedence over 'allowfullscreen'. @ https://publish.responsiveads.com/libs/radical.r7.min.js:12
[    3995ms] [LOG] Metrics: `flowline-load` took 142ms @ https://publish.responsiveads.com/libs/radical.r7.min.js:113
[    4012ms] [TIMEEND] a: 0.001953125 ms @ https://static.adsafeprotected.com/sca.17.6.4.js:31
[    4097ms] [LOG] Metrics: `asset-load-390x219` took 100ms @ https://publish.responsiveads.com/libs/radical.r7.min.js:113
[    4104ms] [LOG] Metrics: `ad-render-390x219` took 6ms @ https://publish.responsiveads.com/libs/radical.r7.min.js:113
[    6245ms] [WARNING] Mixed Content: The page at 'https://ssum-sec.casalemedia.com/usermatch?d=https%3A%2F%2Fwww.cntraveler.com%2F&s=184674&cb=https%3A%2F%2Fcdn.indexww.com%2Fht%2Fhtw-pixel.gif%3F' was loaded over HTTPS, but requested an insecure element 'http://rtb2-useast.delivrdsp.ai/sync?exchange=1378&r=https%3A%2F%2Fdsum-sec.casalemedia.com%2Fcrum%3Fcm_dsp_id%3D282%26external_user_id%3D%7BUID%7D&us_privacy='. This request was automatically upgraded to HTTPS, For more information see https://blog.chromium.org/2019/10/no-more-mixed-messages-about-https.html @ https://ssum-sec.casalemedia.com/usermatch?d=https%3A%2F%2Fwww.cntraveler.com%2F&s=184674&cb=https%3A%2F%2Fcdn.indexww.com%2Fht%2Fhtw-pixel.gif%3F:0
[    6245ms] [WARNING] Mixed Content: The page at 'https://ssum-sec.casalemedia.com/usermatch?d=https%3A%2F%2Fwww.cntraveler.com%2F&s=184674&cb=https%3A%2F%2Fcdn.indexww.com%2Fht%2Fhtw-pixel.gif%3F' was loaded over HTTPS, but requested an insecure element 'http://rtb2-useast.delivrdsp.ai/sync?exchange=1378&r=https%3A%2F%2Fdsum-sec.casalemedia.com%2Fcrum%3Fcm_dsp_id%3D282%26external_user_id%3D%7BUID%7D&us_privacy='. This request was automatically upgraded to HTTPS, For more information see https://blog.chromium.org/2019/10/no-more-mixed-messages-about-https.html @ https://ssum-sec.casalemedia.com/usermatch?d=https%3A%2F%2Fwww.cntraveler.com%2F&s=184674&cb=https%3A%2F%2Fcdn.indexww.com%2Fht%2Fhtw-pixel.gif%3F:0
[   21953ms] [ERROR] Attestation check for Attribution Reporting on https://www.facebook.com failed. @ https://www.cntraveler.com/gallery/best-restaurants-in-san-diego:0
[   21954ms] [ERROR] Attestation check for Attribution Reporting on https://www.facebook.com failed. @ https://www.cntraveler.com/gallery/best-restaurants-in-san-diego:0
[   36436ms] [ERROR] Failed to load resource: net::ERR_NAME_NOT_RESOLVED @ https://pixel.advertising.com/ups/58222/sync?_origin=1&uid=4184291312681735000V10:0
[    3098ms] [ERROR] Attestation check for Shared Storage on https://www.googleadservices.com failed. @ https://www.googleadservices.com/pagead/managed/js/activeview/current/reach_worklet.html:0
[    3674ms] [ERROR] Attestation check for Shared Storage on https://www.googleadservices.com failed. @ https://www.googleadservices.com/pagead/managed/js/activeview/current/reach_worklet.html:0
[   37721ms] [ERROR] Attestation check for Shared Storage on https://www.googleadservices.com failed. @ https://www.googleadservices.com/pagead/managed/js/activeview/current/reach_worklet.html:0
[   37793ms] [LOG] Metrics: `ad-content-load` took 109ms @ https://publish.responsiveads.com/libs/radical.r7.min.js:113
[   37920ms] [LOG] Metrics: `flowline-load` took 123ms @ https://publish.responsiveads.com/libs/radical.r7.min.js:113
[   37929ms] [WARNING] This ad's html cannot be accessed using the getHtml method on googletag.Slot. Returning the empty string instead. @ https://securepubads.g.doubleclick.net/pagead/managed/js/gpt/m202603310101/pubads_impl.js:18
[   38031ms] [LOG] Metrics: `asset-load-390x219` took 110ms @ https://publish.responsiveads.com/libs/radical.r7.min.js:113
[   38044ms] [LOG] Metrics: `ad-render-390x219` took 13ms @ https://publish.responsiveads.com/libs/radical.r7.min.js:113
[   38184ms] [TIMEEND] a: 0.0009765625 ms @ https://static.adsafeprotected.com/sca.17.6.4.js:31
[   41941ms] [ERROR] Attestation check for Attribution Reporting on https://www.facebook.com failed. @ https://www.cntraveler.com/gallery/best-restaurants-in-san-diego:0
[   41956ms] [ERROR] Attestation check for Attribution Reporting on https://www.facebook.com failed. @ https://www.cntraveler.com/gallery/best-restaurants-in-san-diego:0
[   61955ms] [ERROR] Attestation check for Attribution Reporting on https://www.facebook.com failed. @ https://www.cntraveler.com/gallery/best-restaurants-in-san-diego:0
[   61961ms] [ERROR] Attestation check for Attribution Reporting on https://www.facebook.com failed. @ https://www.cntraveler.com/gallery/best-restaurants-in-san-diego:0
[   71987ms] [LOG] Metrics: `ad-content-load` took 104ms @ https://publish.responsiveads.com/libs/radical.r7.min.js:113
[   72108ms] [LOG] Metrics: `flowline-load` took 111ms @ https://publish.responsiveads.com/libs/radical.r7.min.js:113
[    3098ms] [ERROR] Attestation check for Shared Storage on https://www.googleadservices.com failed. @ https://www.googleadservices.com/pagead/managed/js/activeview/current/reach_worklet.html:0
[    3674ms] [ERROR] Attestation check for Shared Storage on https://www.googleadservices.com failed. @ https://www.googleadservices.com/pagead/managed/js/activeview/current/reach_worklet.html:0
[   37721ms] [ERROR] Attestation check for Shared Storage on https://www.googleadservices.com failed. @ https://www.googleadservices.com/pagead/managed/js/activeview/current/reach_worklet.html:0
[   72238ms] [WARNING] This ad's html cannot be accessed using the getHtml method on googletag.Slot. Returning the empty string instead. @ https://securepubads.g.doubleclick.net/pagead/managed/js/gpt/m202603310101/pubads_impl.js:18
[   72240ms] [LOG] Metrics: `asset-load-390x219` took 130ms @ https://publish.responsiveads.com/libs/radical.r7.min.js:113
[   72246ms] [LOG] Metrics: `ad-render-390x219` took 7ms @ https://publish.responsiveads.com/libs/radical.r7.min.js:113
[   72253ms] [ERROR] Attestation check for Shared Storage on https://www.googleadservices.com failed. @ https://www.googleadservices.com/pagead/managed/js/activeview/current/reach_worklet.html:0
[   72424ms] [TIMEEND] a: 0.0009765625 ms @ https://static.adsafeprotected.com/sca.17.6.4.js:31
[   81941ms] [ERROR] Attestation check for Attribution Reporting on https://www.facebook.com failed. @ https://www.cntraveler.com/gallery/best-restaurants-in-san-diego:0
[   81953ms] [ERROR] Attestation check for Attribution Reporting on https://www.facebook.com failed. @ https://www.cntraveler.com/gallery/best-restaurants-in-san-diego:0
[    3098ms] [ERROR] Attestation check for Shared Storage on https://www.googleadservices.com failed. @ https://www.googleadservices.com/pagead/managed/js/activeview/current/reach_worklet.html:0
[    3674ms] [ERROR] Attestation check for Shared Storage on https://www.googleadservices.com failed. @ https://www.googleadservices.com/pagead/managed/js/activeview/current/reach_worklet.html:0
[   37721ms] [ERROR] Attestation check for Shared Storage on https://www.googleadservices.com failed. @ https://www.googleadservices.com/pagead/managed/js/activeview/current/reach_worklet.html:0
[   72253ms] [ERROR] Attestation check for Shared Storage on https://www.googleadservices.com failed. @ https://www.googleadservices.com/pagead/managed/js/activeview/current/reach_worklet.html:0
[  101925ms] [ERROR] Attestation check for Shared Storage on https://www.googleadservices.com failed. @ https://www.googleadservices.com/pagead/managed/js/activeview/current/reach_worklet.html:0
[  102021ms] [LOG] Metrics: `ad-content-load` took 127ms @ https://publish.responsiveads.com/libs/radical.r7.min.js:113
[  102026ms] [ERROR] Attestation check for Attribution Reporting on https://www.facebook.com failed. @ https://www.cntraveler.com/gallery/best-restaurants-in-san-diego:0
[  102026ms] [ERROR] Attestation check for Attribution Reporting on https://www.facebook.com failed. @ https://www.cntraveler.com/gallery/best-restaurants-in-san-diego:0
[  102062ms] [WARNING] This ad's html cannot be accessed using the getHtml method on googletag.Slot. Returning the empty string instead. @ https://securepubads.g.doubleclick.net/pagead/managed/js/gpt/m202603310101/pubads_impl.js:18
[  102129ms] [LOG] Metrics: `flowline-load` took 104ms @ https://publish.responsiveads.com/libs/radical.r7.min.js:113
[  102232ms] [LOG] Metrics: `asset-load-390x219` took 102ms @ https://publish.responsiveads.com/libs/radical.r7.min.js:113
[  102245ms] [LOG] Metrics: `ad-render-390x219` took 12ms @ https://publish.responsiveads.com/libs/radical.r7.min.js:113
[  102314ms] [TIMEEND] a: 0.0009765625 ms @ https://static.adsafeprotected.com/sca.17.6.4.js:31
[  121948ms] [ERROR] Attestation check for Attribution Reporting on https://www.facebook.com failed. @ https://www.cntraveler.com/gallery/best-restaurants-in-san-diego:0
[  121979ms] [ERROR] Attestation check for Attribution Reporting on https://www.facebook.com failed. @ https://www.cntraveler.com/gallery/best-restaurants-in-san-diego:0
[    3098ms] [ERROR] Attestation check for Shared Storage on https://www.googleadservices.com failed. @ https://www.googleadservices.com/pagead/managed/js/activeview/current/reach_worklet.html:0
[    3674ms] [ERROR] Attestation check for Shared Storage on https://www.googleadservices.com failed. @ https://www.googleadservices.com/pagead/managed/js/activeview/current/reach_worklet.html:0
[   37721ms] [ERROR] Attestation check for Shared Storage on https://www.googleadservices.com failed. @ https://www.googleadservices.com/pagead/managed/js/activeview/current/reach_worklet.html:0
[   72253ms] [ERROR] Attestation check for Shared Storage on https://www.googleadservices.com failed. @ https://www.googleadservices.com/pagead/managed/js/activeview/current/reach_worklet.html:0
[  101925ms] [ERROR] Attestation check for Shared Storage on https://www.googleadservices.com failed. @ https://www.googleadservices.com/pagead/managed/js/activeview/current/reach_worklet.html:0
[  136176ms] [ERROR] Attestation check for Shared Storage on https://www.googleadservices.com failed. @ https://www.googleadservices.com/pagead/managed/js/activeview/current/reach_worklet.html:0
[  136249ms] [LOG] Metrics: `ad-content-load` took 100ms @ https://publish.responsiveads.com/libs/radical.r7.min.js:113
[  136383ms] [WARNING] This ad's html cannot be accessed using the getHtml method on googletag.Slot. Returning the empty string instead. @ https://securepubads.g.doubleclick.net/pagead/managed/js/gpt/m202603310101/pubads_impl.js:18
[  136517ms] [LOG] Metrics: `flowline-load` took 264ms @ https://publish.responsiveads.com/libs/radical.r7.min.js:113
[  136617ms] [LOG] Metrics: `asset-load-390x219` took 97ms @ https://publish.responsiveads.com/libs/radical.r7.min.js:113
[  136635ms] [LOG] Metrics: `ad-render-390x219` took 19ms @ https://publish.responsiveads.com/libs/radical.r7.min.js:113
[  136647ms] [TIMEEND] a: 0.0009765625 ms @ https://static.adsafeprotected.com/sca.17.6.4.js:31
[  141945ms] [ERROR] Attestation check for Attribution Reporting on https://www.facebook.com failed. @ https://www.cntraveler.com/gallery/best-restaurants-in-san-diego:0
[  141954ms] [ERROR] Attestation check for Attribution Reporting on https://www.facebook.com failed. @ https://www.cntraveler.com/gallery/best-restaurants-in-san-diego:0
[  161942ms] [ERROR] Attestation check for Attribution Reporting on https://www.facebook.com failed. @ https://www.cntraveler.com/gallery/best-restaurants-in-san-diego:0
[  161951ms] [ERROR] Attestation check for Attribution Reporting on https://www.facebook.com failed. @ https://www.cntraveler.com/gallery/best-restaurants-in-san-diego:0
[    3098ms] [ERROR] Attestation check for Shared Storage on https://www.googleadservices.com failed. @ https://www.googleadservices.com/pagead/managed/js/activeview/current/reach_worklet.html:0
[    3674ms] [ERROR] Attestation check for Shared Storage on https://www.googleadservices.com failed. @ https://www.googleadservices.com/pagead/managed/js/activeview/current/reach_worklet.html:0
[   37721ms] [ERROR] Attestation check for Shared Storage on https://www.googleadservices.com failed. @ https://www.googleadservices.com/pagead/managed/js/activeview/current/reach_worklet.html:0
[   72253ms] [ERROR] Attestation check for Shared Storage on https://www.googleadservices.com failed. @ https://www.googleadservices.com/pagead/managed/js/activeview/current/reach_worklet.html:0
[  101925ms] [ERROR] Attestation check for Shared Storage on https://www.googleadservices.com failed. @ https://www.googleadservices.com/pagead/managed/js/activeview/current/reach_worklet.html:0
[  136176ms] [ERROR] Attestation check for Shared Storage on https://www.googleadservices.com failed. @ https://www.googleadservices.com/pagead/managed/js/activeview/current/reach_worklet.html:0
[  170406ms] [ERROR] Attestation check for Shared Storage on https://www.googleadservices.com failed. @ https://www.googleadservices.com/pagead/managed/js/activeview/current/reach_worklet.html:0
[  170487ms] [LOG] Metrics: `ad-content-load` took 107ms @ https://publish.responsiveads.com/libs/radical.r7.min.js:113
[  170601ms] [LOG] Metrics: `flowline-load` took 109ms @ https://publish.responsiveads.com/libs/radical.r7.min.js:113
[  170603ms] [WARNING] This ad's html cannot be accessed using the getHtml method on googletag.Slot. Returning the empty string instead. @ https://securepubads.g.doubleclick.net/pagead/managed/js/gpt/m202603310101/pubads_impl.js:18
[  170706ms] [LOG] Metrics: `asset-load-390x219` took 104ms @ https://publish.responsiveads.com/libs/radical.r7.min.js:113
[  170724ms] [LOG] Metrics: `ad-render-390x219` took 19ms @ https://publish.responsiveads.com/libs/radical.r7.min.js:113
[  170848ms] [TIMEEND] a: 0.0009765625 ms @ https://static.adsafeprotected.com/sca.17.6.4.js:31
[    3098ms] [ERROR] Attestation check for Shared Storage on https://www.googleadservices.com failed. @ https://www.googleadservices.com/pagead/managed/js/activeview/current/reach_worklet.html:0
[    3674ms] [ERROR] Attestation check for Shared Storage on https://www.googleadservices.com failed. @ https://www.googleadservices.com/pagead/managed/js/activeview/current/reach_worklet.html:0
[   37721ms] [ERROR] Attestation check for Shared Storage on https://www.googleadservices.com failed. @ https://www.googleadservices.com/pagead/managed/js/activeview/current/reach_worklet.html:0
[   72253ms] [ERROR] Attestation check for Shared Storage on https://www.googleadservices.com failed. @ https://www.googleadservices.com/pagead/managed/js/activeview/current/reach_worklet.html:0
[  101925ms] [ERROR] Attestation check for Shared Storage on https://www.googleadservices.com failed. @ https://www.googleadservices.com/pagead/managed/js/activeview/current/reach_worklet.html:0
[  136176ms] [ERROR] Attestation check for Shared Storage on https://www.googleadservices.com failed. @ https://www.googleadservices.com/pagead/managed/js/activeview/current/reach_worklet.html:0
[  170406ms] [ERROR] Attestation check for Shared Storage on https://www.googleadservices.com failed. @ https://www.googleadservices.com/pagead/managed/js/activeview/current/reach_worklet.html:0
[  204587ms] [ERROR] Attestation check for Shared Storage on https://www.googleadservices.com failed. @ https://www.googleadservices.com/pagead/managed/js/activeview/current/reach_worklet.html:0
[  204717ms] [WARNING] This ad's html cannot be accessed using the getHtml method on googletag.Slot. Returning the empty string instead. @ https://securepubads.g.doubleclick.net/pagead/managed/js/gpt/m202603310101/pubads_impl.js:18
[  204815ms] [LOG] Metrics: `ad-content-load` took 253ms @ https://publish.responsiveads.com/libs/radical.r7.min.js:113
[  204919ms] [LOG] Metrics: `flowline-load` took 101ms @ https://publish.responsiveads.com/libs/radical.r7.min.js:113
[  204970ms] [TIMEEND] a: 0.001220703125 ms @ https://static.adsafeprotected.com/sca.17.6.4.js:31
[  205020ms] [LOG] Metrics: `asset-load-390x219` took 98ms @ https://publish.responsiveads.com/libs/radical.r7.min.js:113
[  205040ms] [LOG] Metrics: `ad-render-390x219` took 19ms @ https://publish.responsiveads.com/libs/radical.r7.min.js:113
[    3098ms] [ERROR] Attestation check for Shared Storage on https://www.googleadservices.com failed. @ https://www.googleadservices.com/pagead/managed/js/activeview/current/reach_worklet.html:0
[    3674ms] [ERROR] Attestation check for Shared Storage on https://www.googleadservices.com failed. @ https://www.googleadservices.com/pagead/managed/js/activeview/current/reach_worklet.html:0
[   37721ms] [ERROR] Attestation check for Shared Storage on https://www.googleadservices.com failed. @ https://www.googleadservices.com/pagead/managed/js/activeview/current/reach_worklet.html:0
[   72253ms] [ERROR] Attestation check for Shared Storage on https://www.googleadservices.com failed. @ https://www.googleadservices.com/pagead/managed/js/activeview/current/reach_worklet.html:0
[  101925ms] [ERROR] Attestation check for Shared Storage on https://www.googleadservices.com failed. @ https://www.googleadservices.com/pagead/managed/js/activeview/current/reach_worklet.html:0
[  136176ms] [ERROR] Attestation check for Shared Storage on https://www.googleadservices.com failed. @ https://www.googleadservices.com/pagead/managed/js/activeview/current/reach_worklet.html:0
[  170406ms] [ERROR] Attestation check for Shared Storage on https://www.googleadservices.com failed. @ https://www.googleadservices.com/pagead/managed/js/activeview/current/reach_worklet.html:0
[  204587ms] [ERROR] Attestation check for Shared Storage on https://www.googleadservices.com failed. @ https://www.googleadservices.com/pagead/managed/js/activeview/current/reach_worklet.html:0
[  238806ms] [ERROR] Attestation check for Shared Storage on https://www.googleadservices.com failed. @ https://www.googleadservices.com/pagead/managed/js/activeview/current/reach_worklet.html:0
[  238928ms] [WARNING] This ad's html cannot be accessed using the getHtml method on googletag.Slot. Returning the empty string instead. @ https://securepubads.g.doubleclick.net/pagead/managed/js/gpt/m202603310101/pubads_impl.js:18
[  239020ms] [LOG] Metrics: `ad-content-load` took 250ms @ https://publish.responsiveads.com/libs/radical.r7.min.js:113
[  239182ms] [TIMEEND] a: 0.001953125 ms @ https://static.adsafeprotected.com/sca.17.6.4.js:31
[  239304ms] [LOG] Metrics: `flowline-load` took 260ms @ https://publish.responsiveads.com/libs/radical.r7.min.js:113
[  239403ms] [LOG] Metrics: `asset-load-390x219` took 98ms @ https://publish.responsiveads.com/libs/radical.r7.min.js:113
[  239421ms] [LOG] Metrics: `ad-render-390x219` took 18ms @ https://publish.responsiveads.com/libs/radical.r7.min.js:113
[  273081ms] [LOG] Metrics: `ad-content-load` took 122ms @ https://publish.responsiveads.com/libs/radical.r7.min.js:113
[    3098ms] [ERROR] Attestation check for Shared Storage on https://www.googleadservices.com failed. @ https://www.googleadservices.com/pagead/managed/js/activeview/current/reach_worklet.html:0
[    3674ms] [ERROR] Attestation check for Shared Storage on https://www.googleadservices.com failed. @ https://www.googleadservices.com/pagead/managed/js/activeview/current/reach_worklet.html:0
[   37721ms] [ERROR] Attestation check for Shared Storage on https://www.googleadservices.com failed. @ https://www.googleadservices.com/pagead/managed/js/activeview/current/reach_worklet.html:0
[   72253ms] [ERROR] Attestation check for Shared Storage on https://www.googleadservices.com failed. @ https://www.googleadservices.com/pagead/managed/js/activeview/current/reach_worklet.html:0
[  101925ms] [ERROR] Attestation check for Shared Storage on https://www.googleadservices.com failed. @ https://www.googleadservices.com/pagead/managed/js/activeview/current/reach_worklet.html:0
[  136176ms] [ERROR] Attestation check for Shared Storage on https://www.googleadservices.com failed. @ https://www.googleadservices.com/pagead/managed/js/activeview/current/reach_worklet.html:0
[  170406ms] [ERROR] Attestation check for Shared Storage on https://www.googleadservices.com failed. @ https://www.googleadservices.com/pagead/managed/js/activeview/current/reach_worklet.html:0
[  204587ms] [ERROR] Attestation check for Shared Storage on https://www.googleadservices.com failed. @ https://www.googleadservices.com/pagead/managed/js/activeview/current/reach_worklet.html:0
[  238806ms] [ERROR] Attestation check for Shared Storage on https://www.googleadservices.com failed. @ https://www.googleadservices.com/pagead/managed/js/activeview/current/reach_worklet.html:0
[  273152ms] [ERROR] Attestation check for Shared Storage on https://www.googleadservices.com failed. @ https://www.googleadservices.com/pagead/managed/js/activeview/current/reach_worklet.html:0
[  273216ms] [WARNING] This ad's html cannot be accessed using the getHtml method on googletag.Slot. Returning the empty string instead. @ https://securepubads.g.doubleclick.net/pagead/managed/js/gpt/m202603310101/pubads_impl.js:18
[  273241ms] [LOG] Metrics: `flowline-load` took 116ms @ https://publish.responsiveads.com/libs/radical.r7.min.js:113
[  273331ms] [TIMEEND] a: 0.001220703125 ms @ https://static.adsafeprotected.com/sca.17.6.4.js:31
[  273350ms] [LOG] Metrics: `asset-load-390x219` took 107ms @ https://publish.responsiveads.com/libs/radical.r7.min.js:113
[  273354ms] [LOG] Metrics: `ad-render-390x219` took 5ms @ https://publish.responsiveads.com/libs/radical.r7.min.js:113
[    3098ms] [ERROR] Attestation check for Shared Storage on https://www.googleadservices.com failed. @ https://www.googleadservices.com/pagead/managed/js/activeview/current/reach_worklet.html:0
[    3674ms] [ERROR] Attestation check for Shared Storage on https://www.googleadservices.com failed. @ https://www.googleadservices.com/pagead/managed/js/activeview/current/reach_worklet.html:0
[   37721ms] [ERROR] Attestation check for Shared Storage on https://www.googleadservices.com failed. @ https://www.googleadservices.com/pagead/managed/js/activeview/current/reach_worklet.html:0
[   72253ms] [ERROR] Attestation check for Shared Storage on https://www.googleadservices.com failed. @ https://www.googleadservices.com/pagead/managed/js/activeview/current/reach_worklet.html:0
[  101925ms] [ERROR] Attestation check for Shared Storage on https://www.googleadservices.com failed. @ https://www.googleadservices.com/pagead/managed/js/activeview/current/reach_worklet.html:0
[  136176ms] [ERROR] Attestation check for Shared Storage on https://www.googleadservices.com failed. @ https://www.googleadservices.com/pagead/managed/js/activeview/current/reach_worklet.html:0
[  170406ms] [ERROR] Attestation check for Shared Storage on https://www.googleadservices.com failed. @ https://www.googleadservices.com/pagead/managed/js/activeview/current/reach_worklet.html:0
[  204587ms] [ERROR] Attestation check for Shared Storage on https://www.googleadservices.com failed. @ https://www.googleadservices.com/pagead/managed/js/activeview/current/reach_worklet.html:0
[  238806ms] [ERROR] Attestation check for Shared Storage on https://www.googleadservices.com failed. @ https://www.googleadservices.com/pagead/managed/js/activeview/current/reach_worklet.html:0
[  273152ms] [ERROR] Attestation check for Shared Storage on https://www.googleadservices.com failed. @ https://www.googleadservices.com/pagead/managed/js/activeview/current/reach_worklet.html:0
[  303045ms] [ERROR] Attestation check for Shared Storage on https://www.googleadservices.com failed. @ https://www.googleadservices.com/pagead/managed/js/activeview/current/reach_worklet.html:0
[  303140ms] [WARNING] This ad's html cannot be accessed using the getHtml method on googletag.Slot. Returning the empty string instead. @ https://securepubads.g.doubleclick.net/pagead/managed/js/gpt/m202603310101/pubads_impl.js:18
[  303175ms] [LOG] Metrics: `ad-content-load` took 187ms @ https://publish.responsiveads.com/libs/radical.r7.min.js:113
[  303395ms] [TIMEEND] a: 0.002197265625 ms @ https://static.adsafeprotected.com/sca.17.6.4.js:31
[  303425ms] [LOG] Metrics: `flowline-load` took 246ms @ https://publish.responsiveads.com/libs/radical.r7.min.js:113
[  303526ms] [LOG] Metrics: `asset-load-390x219` took 100ms @ https://publish.responsiveads.com/libs/radical.r7.min.js:113
[  303543ms] [LOG] Metrics: `ad-render-390x219` took 16ms @ https://publish.responsiveads.com/libs/radical.r7.min.js:113
[  314321ms] [ERROR] Failed to load resource: net::ERR_HTTP2_PROTOCOL_ERROR @ https://variants.conde.digital/sub/sdk-jj3acoOw02ET7A67:0
