[     659ms] [WARNING] document.domain mutation is ignored because the surrounding agent cluster is origin-keyed. @ https://www.nytimes.com/interactive/2025/02/20/travel/things-to-do-banff.html:48
[     754ms] [WARNING] limitedAds is not set, defaulting to false @ https://www.nytimes.com/interactive/2025/02/20/travel/things-to-do-banff.html:133
[     756ms] [WARNING] userinfo data unavailable @ https://www.nytimes.com/interactive/2025/02/20/travel/things-to-do-banff.html:135
[     952ms] [WARNING] et2 snippet should only load once per page @ https://static01.nytimes.com/newsgraphics/2024-01-30-36-hours-generator/ec2a4ad5-4426-420f-a2de-795d7efa0add/_assets/_app/immutable/entry/start.BkRkQwnz.js:6
[     965ms] [WARNING]   WARN  [Statsig] Creating multiple Statsig clients with the same SDK key can lead to unexpected behavior. Multi-instance support requires different SDK keys. @ https://static01.nytimes.com/newsgraphics/2024-01-30-36-hours-generator/ec2a4ad5-4426-420f-a2de-795d7efa0add/_assets/_app/immutable/entry/start.BkRkQwnz.js:6
[     987ms] [WARNING] <Image> was created without expected prop 'credit' @ https://static01.nytimes.com/newsgraphics/2024-01-30-36-hours-generator/ec2a4ad5-4426-420f-a2de-795d7efa0add/_assets/_app/immutable/entry/start.BkRkQwnz.js:6
[     987ms] [WARNING] <Image> was created without expected prop 'className' @ https://static01.nytimes.com/newsgraphics/2024-01-30-36-hours-generator/ec2a4ad5-4426-420f-a2de-795d7efa0add/_assets/_app/immutable/entry/start.BkRkQwnz.js:6
[     987ms] [WARNING] <Image> was created without expected prop 'maxWidth' @ https://static01.nytimes.com/newsgraphics/2024-01-30-36-hours-generator/ec2a4ad5-4426-420f-a2de-795d7efa0add/_assets/_app/immutable/entry/start.BkRkQwnz.js:6
[     987ms] [WARNING] <ExtendedByline> was created without expected prop 'theme' @ https://static01.nytimes.com/newsgraphics/2024-01-30-36-hours-generator/ec2a4ad5-4426-420f-a2de-795d7efa0add/_assets/_app/immutable/entry/start.BkRkQwnz.js:6
[     987ms] [WARNING] <Image> was created without expected prop 'className' @ https://static01.nytimes.com/newsgraphics/2024-01-30-36-hours-generator/ec2a4ad5-4426-420f-a2de-795d7efa0add/_assets/_app/immutable/entry/start.BkRkQwnz.js:6
[     987ms] [WARNING] <Image> was created without expected prop 'maxWidth' @ https://static01.nytimes.com/newsgraphics/2024-01-30-36-hours-generator/ec2a4ad5-4426-420f-a2de-795d7efa0add/_assets/_app/immutable/entry/start.BkRkQwnz.js:6
[     987ms] [WARNING] <Image> was created without expected prop 'className' @ https://static01.nytimes.com/newsgraphics/2024-01-30-36-hours-generator/ec2a4ad5-4426-420f-a2de-795d7efa0add/_assets/_app/immutable/entry/start.BkRkQwnz.js:6
[     987ms] [WARNING] <Image> was created without expected prop 'maxWidth' @ https://static01.nytimes.com/newsgraphics/2024-01-30-36-hours-generator/ec2a4ad5-4426-420f-a2de-795d7efa0add/_assets/_app/immutable/entry/start.BkRkQwnz.js:6
[     987ms] [WARNING] <Image> was created without expected prop 'className' @ https://static01.nytimes.com/newsgraphics/2024-01-30-36-hours-generator/ec2a4ad5-4426-420f-a2de-795d7efa0add/_assets/_app/immutable/entry/start.BkRkQwnz.js:6
[     987ms] [WARNING] <Image> was created without expected prop 'maxWidth' @ https://static01.nytimes.com/newsgraphics/2024-01-30-36-hours-generator/ec2a4ad5-4426-420f-a2de-795d7efa0add/_assets/_app/immutable/entry/start.BkRkQwnz.js:6
[     988ms] [WARNING] <Image> was created without expected prop 'className' @ https://static01.nytimes.com/newsgraphics/2024-01-30-36-hours-generator/ec2a4ad5-4426-420f-a2de-795d7efa0add/_assets/_app/immutable/entry/start.BkRkQwnz.js:6
[     988ms] [WARNING] <Image> was created without expected prop 'maxWidth' @ https://static01.nytimes.com/newsgraphics/2024-01-30-36-hours-generator/ec2a4ad5-4426-420f-a2de-795d7efa0add/_assets/_app/immutable/entry/start.BkRkQwnz.js:6
[     988ms] [WARNING] <Image> was created without expected prop 'className' @ https://static01.nytimes.com/newsgraphics/2024-01-30-36-hours-generator/ec2a4ad5-4426-420f-a2de-795d7efa0add/_assets/_app/immutable/entry/start.BkRkQwnz.js:6
[     988ms] [WARNING] <Image> was created without expected prop 'maxWidth' @ https://static01.nytimes.com/newsgraphics/2024-01-30-36-hours-generator/ec2a4ad5-4426-420f-a2de-795d7efa0add/_assets/_app/immutable/entry/start.BkRkQwnz.js:6
[     988ms] [WARNING] <Image> was created without expected prop 'className' @ https://static01.nytimes.com/newsgraphics/2024-01-30-36-hours-generator/ec2a4ad5-4426-420f-a2de-795d7efa0add/_assets/_app/immutable/entry/start.BkRkQwnz.js:6
[     988ms] [WARNING] <Image> was created without expected prop 'maxWidth' @ https://static01.nytimes.com/newsgraphics/2024-01-30-36-hours-generator/ec2a4ad5-4426-420f-a2de-795d7efa0add/_assets/_app/immutable/entry/start.BkRkQwnz.js:6
[     988ms] [WARNING] <Image> was created without expected prop 'className' @ https://static01.nytimes.com/newsgraphics/2024-01-30-36-hours-generator/ec2a4ad5-4426-420f-a2de-795d7efa0add/_assets/_app/immutable/entry/start.BkRkQwnz.js:6
[     988ms] [WARNING] <Image> was created without expected prop 'maxWidth' @ https://static01.nytimes.com/newsgraphics/2024-01-30-36-hours-generator/ec2a4ad5-4426-420f-a2de-795d7efa0add/_assets/_app/immutable/entry/start.BkRkQwnz.js:6
[     988ms] [WARNING] <Image> was created without expected prop 'className' @ https://static01.nytimes.com/newsgraphics/2024-01-30-36-hours-generator/ec2a4ad5-4426-420f-a2de-795d7efa0add/_assets/_app/immutable/entry/start.BkRkQwnz.js:6
[     988ms] [WARNING] <Image> was created without expected prop 'maxWidth' @ https://static01.nytimes.com/newsgraphics/2024-01-30-36-hours-generator/ec2a4ad5-4426-420f-a2de-795d7efa0add/_assets/_app/immutable/entry/start.BkRkQwnz.js:6
[     988ms] [WARNING] <Image> was created without expected prop 'className' @ https://static01.nytimes.com/newsgraphics/2024-01-30-36-hours-generator/ec2a4ad5-4426-420f-a2de-795d7efa0add/_assets/_app/immutable/entry/start.BkRkQwnz.js:6
[     988ms] [WARNING] <Image> was created without expected prop 'maxWidth' @ https://static01.nytimes.com/newsgraphics/2024-01-30-36-hours-generator/ec2a4ad5-4426-420f-a2de-795d7efa0add/_assets/_app/immutable/entry/start.BkRkQwnz.js:6
[     988ms] [WARNING] <Image> was created without expected prop 'className' @ https://static01.nytimes.com/newsgraphics/2024-01-30-36-hours-generator/ec2a4ad5-4426-420f-a2de-795d7efa0add/_assets/_app/immutable/entry/start.BkRkQwnz.js:6
[     988ms] [WARNING] <Image> was created without expected prop 'maxWidth' @ https://static01.nytimes.com/newsgraphics/2024-01-30-36-hours-generator/ec2a4ad5-4426-420f-a2de-795d7efa0add/_assets/_app/immutable/entry/start.BkRkQwnz.js:6
[     988ms] [WARNING] <Image> was created without expected prop 'credit' @ https://static01.nytimes.com/newsgraphics/2024-01-30-36-hours-generator/ec2a4ad5-4426-420f-a2de-795d7efa0add/_assets/_app/immutable/entry/start.BkRkQwnz.js:6
[     988ms] [WARNING] <Image> was created without expected prop 'className' @ https://static01.nytimes.com/newsgraphics/2024-01-30-36-hours-generator/ec2a4ad5-4426-420f-a2de-795d7efa0add/_assets/_app/immutable/entry/start.BkRkQwnz.js:6
[     988ms] [WARNING] <Image> was created without expected prop 'maxWidth' @ https://static01.nytimes.com/newsgraphics/2024-01-30-36-hours-generator/ec2a4ad5-4426-420f-a2de-795d7efa0add/_assets/_app/immutable/entry/start.BkRkQwnz.js:6
[     988ms] [WARNING] <Image> was created without expected prop 'className' @ https://static01.nytimes.com/newsgraphics/2024-01-30-36-hours-generator/ec2a4ad5-4426-420f-a2de-795d7efa0add/_assets/_app/immutable/entry/start.BkRkQwnz.js:6
[     988ms] [WARNING] <Image> was created without expected prop 'maxWidth' @ https://static01.nytimes.com/newsgraphics/2024-01-30-36-hours-generator/ec2a4ad5-4426-420f-a2de-795d7efa0add/_assets/_app/immutable/entry/start.BkRkQwnz.js:6
[     988ms] [WARNING] <Image> was created without expected prop 'className' @ https://static01.nytimes.com/newsgraphics/2024-01-30-36-hours-generator/ec2a4ad5-4426-420f-a2de-795d7efa0add/_assets/_app/immutable/entry/start.BkRkQwnz.js:6
[     988ms] [WARNING] <Image> was created without expected prop 'maxWidth' @ https://static01.nytimes.com/newsgraphics/2024-01-30-36-hours-generator/ec2a4ad5-4426-420f-a2de-795d7efa0add/_assets/_app/immutable/entry/start.BkRkQwnz.js:6
[     988ms] [WARNING] <Image> was created without expected prop 'className' @ https://static01.nytimes.com/newsgraphics/2024-01-30-36-hours-generator/ec2a4ad5-4426-420f-a2de-795d7efa0add/_assets/_app/immutable/entry/start.BkRkQwnz.js:6
[     988ms] [WARNING] <Image> was created without expected prop 'maxWidth' @ https://static01.nytimes.com/newsgraphics/2024-01-30-36-hours-generator/ec2a4ad5-4426-420f-a2de-795d7efa0add/_assets/_app/immutable/entry/start.BkRkQwnz.js:6
[     988ms] [WARNING] <Image> was created without expected prop 'className' @ https://static01.nytimes.com/newsgraphics/2024-01-30-36-hours-generator/ec2a4ad5-4426-420f-a2de-795d7efa0add/_assets/_app/immutable/entry/start.BkRkQwnz.js:6
[     988ms] [WARNING] <Image> was created without expected prop 'maxWidth' @ https://static01.nytimes.com/newsgraphics/2024-01-30-36-hours-generator/ec2a4ad5-4426-420f-a2de-795d7efa0add/_assets/_app/immutable/entry/start.BkRkQwnz.js:6
[     988ms] [WARNING] <Image> was created without expected prop 'className' @ https://static01.nytimes.com/newsgraphics/2024-01-30-36-hours-generator/ec2a4ad5-4426-420f-a2de-795d7efa0add/_assets/_app/immutable/entry/start.BkRkQwnz.js:6
[     988ms] [WARNING] <Image> was created without expected prop 'maxWidth' @ https://static01.nytimes.com/newsgraphics/2024-01-30-36-hours-generator/ec2a4ad5-4426-420f-a2de-795d7efa0add/_assets/_app/immutable/entry/start.BkRkQwnz.js:6
[     988ms] [WARNING] <Image> was created without expected prop 'className' @ https://static01.nytimes.com/newsgraphics/2024-01-30-36-hours-generator/ec2a4ad5-4426-420f-a2de-795d7efa0add/_assets/_app/immutable/entry/start.BkRkQwnz.js:6
[     988ms] [WARNING] <Image> was created without expected prop 'maxWidth' @ https://static01.nytimes.com/newsgraphics/2024-01-30-36-hours-generator/ec2a4ad5-4426-420f-a2de-795d7efa0add/_assets/_app/immutable/entry/start.BkRkQwnz.js:6
[     988ms] [WARNING] <Image> was created without expected prop 'className' @ https://static01.nytimes.com/newsgraphics/2024-01-30-36-hours-generator/ec2a4ad5-4426-420f-a2de-795d7efa0add/_assets/_app/immutable/entry/start.BkRkQwnz.js:6
[     988ms] [WARNING] <Image> was created without expected prop 'maxWidth' @ https://static01.nytimes.com/newsgraphics/2024-01-30-36-hours-generator/ec2a4ad5-4426-420f-a2de-795d7efa0add/_assets/_app/immutable/entry/start.BkRkQwnz.js:6
[     988ms] [WARNING] <Image> was created without expected prop 'credit' @ https://static01.nytimes.com/newsgraphics/2024-01-30-36-hours-generator/ec2a4ad5-4426-420f-a2de-795d7efa0add/_assets/_app/immutable/entry/start.BkRkQwnz.js:6
[     988ms] [WARNING] <Image> was created without expected prop 'className' @ https://static01.nytimes.com/newsgraphics/2024-01-30-36-hours-generator/ec2a4ad5-4426-420f-a2de-795d7efa0add/_assets/_app/immutable/entry/start.BkRkQwnz.js:6
[     988ms] [WARNING] <Image> was created without expected prop 'maxWidth' @ https://static01.nytimes.com/newsgraphics/2024-01-30-36-hours-generator/ec2a4ad5-4426-420f-a2de-795d7efa0add/_assets/_app/immutable/entry/start.BkRkQwnz.js:6
[     988ms] [WARNING] <Image> was created without expected prop 'className' @ https://static01.nytimes.com/newsgraphics/2024-01-30-36-hours-generator/ec2a4ad5-4426-420f-a2de-795d7efa0add/_assets/_app/immutable/entry/start.BkRkQwnz.js:6
[     988ms] [WARNING] <Image> was created without expected prop 'maxWidth' @ https://static01.nytimes.com/newsgraphics/2024-01-30-36-hours-generator/ec2a4ad5-4426-420f-a2de-795d7efa0add/_assets/_app/immutable/entry/start.BkRkQwnz.js:6
[     988ms] [WARNING] <Image> was created without expected prop 'className' @ https://static01.nytimes.com/newsgraphics/2024-01-30-36-hours-generator/ec2a4ad5-4426-420f-a2de-795d7efa0add/_assets/_app/immutable/entry/start.BkRkQwnz.js:6
[     988ms] [WARNING] <Image> was created without expected prop 'maxWidth' @ https://static01.nytimes.com/newsgraphics/2024-01-30-36-hours-generator/ec2a4ad5-4426-420f-a2de-795d7efa0add/_assets/_app/immutable/entry/start.BkRkQwnz.js:6
[     988ms] [WARNING] <Image> was created without expected prop 'className' @ https://static01.nytimes.com/newsgraphics/2024-01-30-36-hours-generator/ec2a4ad5-4426-420f-a2de-795d7efa0add/_assets/_app/immutable/entry/start.BkRkQwnz.js:6
[     988ms] [WARNING] <Image> was created without expected prop 'maxWidth' @ https://static01.nytimes.com/newsgraphics/2024-01-30-36-hours-generator/ec2a4ad5-4426-420f-a2de-795d7efa0add/_assets/_app/immutable/entry/start.BkRkQwnz.js:6
[     988ms] [WARNING] <Image> was created without expected prop 'className' @ https://static01.nytimes.com/newsgraphics/2024-01-30-36-hours-generator/ec2a4ad5-4426-420f-a2de-795d7efa0add/_assets/_app/immutable/entry/start.BkRkQwnz.js:6
[     989ms] [WARNING] <Image> was created without expected prop 'maxWidth' @ https://static01.nytimes.com/newsgraphics/2024-01-30-36-hours-generator/ec2a4ad5-4426-420f-a2de-795d7efa0add/_assets/_app/immutable/entry/start.BkRkQwnz.js:6
[     989ms] [WARNING] <Image> was created without expected prop 'className' @ https://static01.nytimes.com/newsgraphics/2024-01-30-36-hours-generator/ec2a4ad5-4426-420f-a2de-795d7efa0add/_assets/_app/immutable/entry/start.BkRkQwnz.js:6
[     989ms] [WARNING] <Image> was created without expected prop 'maxWidth' @ https://static01.nytimes.com/newsgraphics/2024-01-30-36-hours-generator/ec2a4ad5-4426-420f-a2de-795d7efa0add/_assets/_app/immutable/entry/start.BkRkQwnz.js:6
[    1254ms] [WARNING] [GPT] PubAdsService.getTargetingKeys is deprecated, use googletag.getConfig('targeting') instead.
https://goo.gle/gpt-message#200 @ https://static01.nytimes.com/newsgraphics/2024-01-30-36-hours-generator/ec2a4ad5-4426-420f-a2de-795d7efa0add/_assets/_app/immutable/entry/start.BkRkQwnz.js:6
[    1256ms] [WARNING] [GPT] Slot.setTargeting is deprecated, use Slot.setConfig({targeting: ...}) instead.
https://goo.gle/gpt-message#171 @ https://static01.nytimes.com/newsgraphics/2024-01-30-36-hours-generator/ec2a4ad5-4426-420f-a2de-795d7efa0add/_assets/_app/immutable/entry/start.BkRkQwnz.js:6
[    1997ms] [WARNING]   WARN  [Statsig] Creating multiple Statsig clients with the same SDK key can lead to unexpected behavior. Multi-instance support requires different SDK keys. @ https://static01.nytimes.com/newsgraphics/2024-01-30-36-hours-generator/ec2a4ad5-4426-420f-a2de-795d7efa0add/_assets/_app/immutable/entry/start.BkRkQwnz.js:6
[    9145ms] [LOG] Service Worker: content is cached @ https://www.nytimes.com/vi-assets/static-assets/interactive-7cf52f0685d491435263.js:6
[   12126ms] [ERROR] Failed to load resource: the server responded with a status of 429 () @ https://jsconfig.adsafeprotected.com/jsconfig/rjss/st/2809352/93426040/skeleton.js?cbName=__IntegralAS__1312&bidurl=https%3A%2F%2Fwww.nytimes.com%2Finteractive%2F2025%2F02%2F20%2Ftravel%2Fthings-to-do-banff.html:0
[   12199ms] [WARNING] event data {} must include a subject @ https://nyt-dti-prd-staticjs.storage.googleapis.com/analytics/et2/eventtracker-snippet.js:0
[   12324ms] [ERROR] Attestation check for Shared Storage on https://www.googleadservices.com failed. @ https://www.googleadservices.com/pagead/managed/js/activeview/current/reach_worklet.html:0
[   13326ms] [LOG] poster vid-1 https://tpc.googlesyndication.com/simgad/14432453283225226533? @ https://static01.nytimes.com/ads/tbrandcreativetech/libs/baymax/Baymax-121.r.js:1066
