[    1044ms] [WARNING] [GSI_LOGGER]: Your client application uses one of the Google One Tap prompt UI status methods that may stop functioning when FedCM becomes mandatory. Refer to the migration guide to update your code accordingly and opt-in to FedCM to test your changes. Learn more: https://developers.google.com/identity/gsi/web/guides/fedcm-migration?s=dc#display_moment and https://developers.google.com/identity/gsi/web/guides/fedcm-migration?s=dc#skipped_moment @ https://accounts.google.com/gsi/client:84
[    1046ms] [ERROR] Not signed in with the identity provider. @ https://www.townandcountrymag.com/leisure/travel-guide/a46772119/t-and-c-travel-guide-3-days-in-asheville/:0
[    1081ms] [ERROR] [GSI_LOGGER]: FedCM get() rejects with AbortError: signal is aborted without reason @ https://accounts.google.com/gsi/client:85
[    1504ms] [ERROR] Attestation check for Attribution Reporting on https://www.facebook.com failed. @ https://www.townandcountrymag.com/leisure/travel-guide/a46772119/t-and-c-travel-guide-3-days-in-asheville/:0
[    1512ms] [ERROR] Attestation check for Attribution Reporting on https://www.facebook.com failed. @ https://www.townandcountrymag.com/leisure/travel-guide/a46772119/t-and-c-travel-guide-3-days-in-asheville/:0
[    3291ms] [WARNING] This ad's html cannot be accessed using the getHtml method on googletag.Slot. Returning the empty string instead. @ https://securepubads.g.doubleclick.net/pagead/managed/js/gpt/m202604090101/pubads_impl.js?cb=31097803:18
[    3295ms] [WARNING] This ad's html cannot be accessed using the getHtml method on googletag.Slot. Returning the empty string instead. @ https://securepubads.g.doubleclick.net/pagead/managed/js/gpt/m202604090101/pubads_impl.js?cb=31097803:18
[    3401ms] [ERROR] Failed to load resource: the server responded with a status of 404 () @ https://fc9a0bfafff6b4abcb7fa1c2263cfa62.safeframe.googlesyndication.com/safeframe/1-0-45/html/mraid.js:0
[    3461ms] [ERROR] Attestation check for Attribution Reporting on https://ad.doubleclick.net failed. @ https://www.townandcountrymag.com/leisure/travel-guide/a46772119/t-and-c-travel-guide-3-days-in-asheville/:0
[    3516ms] [ERROR] Refused to execute script from 'https://fc9a0bfafff6b4abcb7fa1c2263cfa62.safeframe.googlesyndication.com/safeframe/1-0-45/html/mraid.js' because its MIME type ('text/html') is not executable, and strict MIME type checking is enabled. @ https://fc9a0bfafff6b4abcb7fa1c2263cfa62.safeframe.googlesyndication.com/safeframe/1-0-45/html/container.html:0
[    3572ms] [ERROR] Attestation check for Attribution Reporting on https://ad.doubleclick.net failed. @ https://www.townandcountrymag.com/leisure/travel-guide/a46772119/t-and-c-travel-guide-3-days-in-asheville/:0
[    3695ms] [WARNING] This ad's html cannot be accessed using the getHtml method on googletag.Slot. Returning the empty string instead. @ https://securepubads.g.doubleclick.net/pagead/managed/js/gpt/m202604090101/pubads_impl.js?cb=31097803:18
[    3695ms] [WARNING] This ad's html cannot be accessed using the getHtml method on googletag.Slot. Returning the empty string instead. @ https://securepubads.g.doubleclick.net/pagead/managed/js/gpt/m202604090101/pubads_impl.js?cb=31097803:18
[    3714ms] [ERROR] Attestation check for Shared Storage on https://www.googleadservices.com failed. @ https://www.googleadservices.com/pagead/managed/js/activeview/current/reach_worklet.html:0
[    3717ms] [ERROR] Attestation check for Shared Storage on https://www.googleadservices.com failed. @ https://www.googleadservices.com/pagead/managed/js/activeview/current/reach_worklet.html:0
[    3727ms] [ERROR] Attestation check for Shared Storage on https://www.googleadservices.com failed. @ https://www.googleadservices.com/pagead/managed/js/activeview/current/reach_worklet.html:0
[    3728ms] [ERROR] Attestation check for Shared Storage on https://www.googleadservices.com failed. @ https://www.googleadservices.com/pagead/managed/js/activeview/current/reach_worklet.html:0
[    3793ms] [WARNING] This ad's html cannot be accessed using the getHtml method on googletag.Slot. Returning the empty string instead. @ https://securepubads.g.doubleclick.net/pagead/managed/js/gpt/m202604090101/pubads_impl.js?cb=31097803:18
[    3793ms] [WARNING] This ad's html cannot be accessed using the getHtml method on googletag.Slot. Returning the empty string instead. @ https://securepubads.g.doubleclick.net/pagead/managed/js/gpt/m202604090101/pubads_impl.js?cb=31097803:18
[    3714ms] [ERROR] Attestation check for Shared Storage on https://www.googleadservices.com failed. @ https://www.googleadservices.com/pagead/managed/js/activeview/current/reach_worklet.html:0
[    3717ms] [ERROR] Attestation check for Shared Storage on https://www.googleadservices.com failed. @ https://www.googleadservices.com/pagead/managed/js/activeview/current/reach_worklet.html:0
[    3727ms] [ERROR] Attestation check for Shared Storage on https://www.googleadservices.com failed. @ https://www.googleadservices.com/pagead/managed/js/activeview/current/reach_worklet.html:0
[    3728ms] [ERROR] Attestation check for Shared Storage on https://www.googleadservices.com failed. @ https://www.googleadservices.com/pagead/managed/js/activeview/current/reach_worklet.html:0
[    3838ms] [ERROR] Attestation check for Shared Storage on https://www.googleadservices.com failed. @ https://www.googleadservices.com/pagead/managed/js/activeview/current/reach_worklet.html:0
[    3926ms] [TIMEEND] a: 0.0009765625 ms @ https://static.adsafeprotected.com/sca.17.6.4.js:31
[   13093ms] [ERROR] Not signed in with the identity provider. @ https://www.townandcountrymag.com/leisure/travel-guide/a46772119/t-and-c-travel-guide-3-days-in-asheville/:0
[   17886ms] [ERROR] [GSI_LOGGER]: FedCM get() rejects with NetworkError: Error retrieving a token. @ https://accounts.google.com/gsi/client:85
