[    1072ms] [WARNING] ConcertAds: (604ms) Optimera: no splitter value for slot id div-gpt-ad-mapstack_sponsorship_mobile_and_tablet @ https://sandiego.eater.com/_next/static/chunks/pages/_app-26c9aa2eeb3a2ed9.js:172
[    1538ms] [LOG] trackPageView success @ https://sandiego.eater.com/_next/static/chunks/pages/_app-26c9aa2eeb3a2ed9.js:172
[    1987ms] [ERROR] Attestation check for Attribution Reporting on https://www.facebook.com failed. @ https://sandiego.eater.com/maps/best-new-san-diego-restaurants-heatmap:0
[    2146ms] [LOG] DEBUG - (ATS-ENVELOPE-MODULE) ats-set-additional-data event set up. @ https://sandiego.eater.com/_next/static/chunks/pages/_app-26c9aa2eeb3a2ed9.js:172
[    2146ms] [LOG] DEBUG - (ATS-ENVELOPE-MODULE) There is no google_ssp envelope in storage. @ https://sandiego.eater.com/_next/static/chunks/pages/_app-26c9aa2eeb3a2ed9.js:172
[    2147ms] [LOG] DEBUG - (ATS-ENVELOPE-MODULE) There is no liveramp envelope in storage. @ https://sandiego.eater.com/_next/static/chunks/pages/_app-26c9aa2eeb3a2ed9.js:172
[    2147ms] [INFO] INFO - (ATS-ENVELOPE-MODULE) (Geo location) persisted cached location data @ https://sandiego.eater.com/_next/static/chunks/pages/_app-26c9aa2eeb3a2ed9.js:172
[    2147ms] [LOG] DEBUG - (ATS-ENVELOPE-MODULE) Consent is given, module will start! @ https://sandiego.eater.com/_next/static/chunks/pages/_app-26c9aa2eeb3a2ed9.js:172
[    2147ms] [INFO] INFO - (ATS-ENVELOPE-MODULE) (Geo location) persisted cached location data @ https://sandiego.eater.com/_next/static/chunks/pages/_app-26c9aa2eeb3a2ed9.js:172
[    2147ms] [LOG] DEBUG - (ATS-ENVELOPE-MODULE) LIVERAMP envelope not found in storage! New envelope will be acquired. @ https://sandiego.eater.com/_next/static/chunks/pages/_app-26c9aa2eeb3a2ed9.js:172
[    2147ms] [INFO] INFO - (ATS-ENVELOPE-MODULE) Catching identifier configured. @ https://sandiego.eater.com/_next/static/chunks/pages/_app-26c9aa2eeb3a2ed9.js:172
[    2147ms] [INFO] INFO - (ATS-ENVELOPE-MODULE) Envelope-module is configured. @ https://sandiego.eater.com/_next/static/chunks/pages/_app-26c9aa2eeb3a2ed9.js:172
[    2255ms] [ERROR] Attestation check for Attribution Reporting on https://www.facebook.com failed. @ https://sandiego.eater.com/maps/best-new-san-diego-restaurants-heatmap:0
[    2255ms] [ERROR] Attestation check for Attribution Reporting on https://www.facebook.com failed. @ https://sandiego.eater.com/maps/best-new-san-diego-restaurants-heatmap:0
[    2417ms] [ERROR] Attestation check for Shared Storage on https://www.googleadservices.com failed. @ https://www.googleadservices.com/pagead/managed/js/activeview/current/reach_worklet.html:0
[    2498ms] [INFO] INFO - (ATS-DETECTION-MODULE) (Geo location) persisted cached location data @ https://sandiego.eater.com/_next/static/chunks/pages/_app-26c9aa2eeb3a2ed9.js:172
[    2498ms] [LOG] DEBUG - (ATS-DETECTION-MODULE) Consent is given, module will start! @ https://sandiego.eater.com/_next/static/chunks/pages/_app-26c9aa2eeb3a2ed9.js:172
[    2498ms] [INFO] INFO - (ATS-DETECTION-MODULE) (Geo location) persisted cached location data @ https://sandiego.eater.com/_next/static/chunks/pages/_app-26c9aa2eeb3a2ed9.js:172
[    2700ms] [LOG] DEBUG - (ATS-DETECTION-MODULE) Started urlAndScrape detection! @ https://sandiego.eater.com/_next/static/chunks/pages/_app-26c9aa2eeb3a2ed9.js:172
[    2700ms] [LOG] DEBUG - (ATS-DETECTION-MODULE) There is no such url parameter. 
 Tried to fetch: email @ https://sandiego.eater.com/_next/static/chunks/pages/_app-26c9aa2eeb3a2ed9.js:172
[    2700ms] [LOG] DEBUG - (ATS-DETECTION-MODULE) There is no such url parameter. 
 Tried to fetch: hashedPid @ https://sandiego.eater.com/_next/static/chunks/pages/_app-26c9aa2eeb3a2ed9.js:172
[    2700ms] [INFO] INFO - (ATS-DETECTION-MODULE) Detection started! Library is configured to detect:  [email, pidHashes] @ https://sandiego.eater.com/_next/static/chunks/pages/_app-26c9aa2eeb3a2ed9.js:172
[    2701ms] [INFO] INFO - (ATS-DETECTION-MODULE) Detection event type is  onsubmit @ https://sandiego.eater.com/_next/static/chunks/pages/_app-26c9aa2eeb3a2ed9.js:172
[    2714ms] [LOG] DEBUG - (ATS-DETECTION-MODULE) Detected dynamically added nodes. @ https://sandiego.eater.com/_next/static/chunks/pages/_app-26c9aa2eeb3a2ed9.js:172
[    2744ms] [LOG] DEBUG - (ATS-DETECTION-MODULE) Detected dynamically added nodes. @ https://sandiego.eater.com/_next/static/chunks/pages/_app-26c9aa2eeb3a2ed9.js:172
[    2746ms] [LOG] DEBUG - (ATS-DETECTION-MODULE) Detected dynamically added nodes. @ https://sandiego.eater.com/_next/static/chunks/pages/_app-26c9aa2eeb3a2ed9.js:172
[    2764ms] [LOG] DEBUG - (ATS-DETECTION-MODULE) Detected dynamically added nodes. @ https://sandiego.eater.com/_next/static/chunks/pages/_app-26c9aa2eeb3a2ed9.js:172
[    3148ms] [INFO] INFO - (ATS-ENVELOPE-MODULE) We have dispatched envelopeModuleReady event again! @ https://sandiego.eater.com/_next/static/chunks/pages/_app-26c9aa2eeb3a2ed9.js:172
[    3148ms] [INFO] INFO - (ATS-ENVELOPE-MODULE) How many times we have dispatched event envelopeModuleReady:  2 @ https://sandiego.eater.com/_next/static/chunks/pages/_app-26c9aa2eeb3a2ed9.js:172
[    3917ms] [LOG] DEBUG - (ATS-DETECTION-MODULE) Detected dynamically added nodes. @ https://sandiego.eater.com/_next/static/chunks/pages/_app-26c9aa2eeb3a2ed9.js:172
[    4148ms] [INFO] INFO - (ATS-ENVELOPE-MODULE) We have dispatched envelopeModuleReady event again! @ https://sandiego.eater.com/_next/static/chunks/pages/_app-26c9aa2eeb3a2ed9.js:172
[    4148ms] [INFO] INFO - (ATS-ENVELOPE-MODULE) How many times we have dispatched event envelopeModuleReady:  3 @ https://sandiego.eater.com/_next/static/chunks/pages/_app-26c9aa2eeb3a2ed9.js:172
[    4416ms] [LOG] DEBUG - (ATS-DETECTION-MODULE) Detected dynamically added nodes. @ https://sandiego.eater.com/_next/static/chunks/pages/_app-26c9aa2eeb3a2ed9.js:172
[    4423ms] [LOG] DEBUG - (ATS-DETECTION-MODULE) Detected dynamically added nodes. @ https://sandiego.eater.com/_next/static/chunks/pages/_app-26c9aa2eeb3a2ed9.js:172
[    4425ms] [LOG] DEBUG - (ATS-DETECTION-MODULE) Detected dynamically added nodes. @ https://sandiego.eater.com/_next/static/chunks/pages/_app-26c9aa2eeb3a2ed9.js:172
[    4426ms] [LOG] DEBUG - (ATS-DETECTION-MODULE) Detected dynamically added nodes. @ https://sandiego.eater.com/_next/static/chunks/pages/_app-26c9aa2eeb3a2ed9.js:172
[    4428ms] [LOG] DEBUG - (ATS-DETECTION-MODULE) Detected dynamically added nodes. @ https://sandiego.eater.com/_next/static/chunks/pages/_app-26c9aa2eeb3a2ed9.js:172
[    4429ms] [LOG] DEBUG - (ATS-DETECTION-MODULE) Detected dynamically added nodes. @ https://sandiego.eater.com/_next/static/chunks/pages/_app-26c9aa2eeb3a2ed9.js:172
[    4431ms] [LOG] DEBUG - (ATS-DETECTION-MODULE) Detected dynamically added nodes. @ https://sandiego.eater.com/_next/static/chunks/pages/_app-26c9aa2eeb3a2ed9.js:172
[    4905ms] [LOG] DEBUG - (ATS-DETECTION-MODULE) Detected dynamically added nodes. @ https://sandiego.eater.com/_next/static/chunks/pages/_app-26c9aa2eeb3a2ed9.js:172
[    5780ms] [ERROR] Failed to load resource: net::ERR_NAME_NOT_RESOLVED @ https://sync.search.spotxchange.com/partner?adv_id=7715&uid=4858193757785939640:0
[   23901ms] [LOG] DEBUG - (ATS-DETECTION-MODULE) Detected dynamically added nodes. @ https://sandiego.eater.com/_next/static/chunks/pages/_app-26c9aa2eeb3a2ed9.js:172
[   23985ms] [LOG] DEBUG - (ATS-DETECTION-MODULE) Detected dynamically added nodes. @ https://sandiego.eater.com/_next/static/chunks/pages/_app-26c9aa2eeb3a2ed9.js:172
[   23986ms] [LOG] DEBUG - (ATS-DETECTION-MODULE) Detected dynamically added nodes. @ https://sandiego.eater.com/_next/static/chunks/pages/_app-26c9aa2eeb3a2ed9.js:172
[   24647ms] [LOG] DEBUG - (ATS-DETECTION-MODULE) Detected dynamically added nodes. @ https://sandiego.eater.com/_next/static/chunks/pages/_app-26c9aa2eeb3a2ed9.js:172
[   27695ms] [WARNING] The resource https://securepubads.g.doubleclick.net/tag/js/gpt.js was preloaded using link preload but not used within a few seconds from the window's load event. Please make sure it has an appropriate `as` value and it is preloaded intentionally. @ https://sandiego.eater.com/maps/best-new-san-diego-restaurants-heatmap:0
[   53244ms] [WARNING] The resource https://securepubads.g.doubleclick.net/tag/js/gpt.js was preloaded using link preload but not used within a few seconds from the window's load event. Please make sure it has an appropriate `as` value and it is preloaded intentionally. @ https://sandiego.eater.com/maps/best-new-san-diego-restaurants-heatmap:0
