[     797ms] [WARNING] [GPT] PubAdsService.enableSingleRequest is deprecated, use googletag.setConfig({singleRequest: ...}) instead.
https://goo.gle/gpt-message#170 @ https://securepubads.g.doubleclick.net/pagead/managed/js/gpt/m202604240101/pubads_impl.js?cb=31098093:18
[     803ms] [WARNING] [GPT] Slot.setTargeting is deprecated, use Slot.setConfig({targeting: ...}) instead.
https://goo.gle/gpt-message#171 @ https://securepubads.g.doubleclick.net/pagead/managed/js/gpt/m202604240101/pubads_impl.js?cb=31098093:18
[    1111ms] [ERROR] OneSignal initialization failed: Error: Can only be used on: https://afar.com
    at https://cdn.onesignal.com/sdks/web/v16/OneSignalSDK.page.es6.js?v=160603:1:18312
    at https://cdn.onesignal.com/sdks/web/v16/OneSignalSDK.page.es6.js?v=160603:1:18374
    at async t.zr (https://cdn.onesignal.com/sdks/web/v16/OneSignalSDK.page.es6.js?v=160603:1:134310)
    at async t.init (https://cdn.onesignal.com/sdks/web/v16/OneSignalSDK.page.es6.js?v=160603:1:134943) @ :0
[    1141ms] [ERROR] Attestation check for Attribution Reporting on https://www.facebook.com failed. @ https://www.afar.com/magazine/the-best-places-to-travel-in-2026:0
[    1223ms] [WARNING] adgb - not initialized. @ https://cdn.taboola.com/libtrc/skimlinks-publishers/loader.js:0
[    1604ms] [ERROR] Failed to load resource: net::ERR_NAME_NOT_RESOLVED @ https://pxl.connexity.net/c/cse?a=R&A=22c&D=569a&V=9&I0k=ptnrid&I0v=df2c4640-0d5b-4600-ba41-db1a3845cb71-tuct10cc74c4:0
[    1755ms] [ERROR] Failed to load resource: net::ERR_NAME_NOT_RESOLVED @ https://usersync-b3.videoamp.com/usersync/lr0:0
[    1913ms] [ERROR] Failed to load resource: net::ERR_NAME_NOT_RESOLVED @ https://pixel.advertising.com/ups/55973/sync?uid=df2c4640-0d5b-4600-ba41-db1a3845cb71-tuct10cc74c4&_origin=1:0
[    2024ms] [ERROR] Failed to load resource: net::ERR_NAME_NOT_RESOLVED @ https://gixel.gnetwork.me/?giaudi_id=df2c4640-0d5b-4600-ba41-db1a3845cb71-tuct10cc74c4:0
[    3559ms] [LOG] adHat 1111b @ https://ads.adventive.com/ad?j&pid=debb81f1-30a7-4260-8745-5d337649bc18&type=4&cb=162629237&click=https://adclick.g.doubleclick.net/pcs/click%253Fxai%253DAKAOjsvVb9bKjzexvp4E78HYIC5nCScJUbgI_gg4_DOSMHyrpyIZITQyN9kC3JRUDDDTb4DO323mF23izQDOZy1bcU3vbd7bTVMC8YB8cOKfQkVJT3zSGB15Jx2IH5D8pduEIwH25TRGtFDzMdlFj89MBfAg_1ID9qkumNTssy1X7inDNJkV9eH5-NJE5FXJhF_o89RFdyemGhiSNln8Z3Dkm07xepF_s3BeU9X5bmCN2CDSylCSPs2j5AQDV5tkRn4ZXHieAYhEBfKROrUZgSfZZ0XSrlbGmlLv7dBFaC9H-AmB81SwiIQBG9w4BAK7AqhLXxwJoN3P94auhsnHyMljSZ6_vEWXWwcJ7kYaDtlTnoldXSRd-I8Xt6NC-RioxntQnAuDb0qZRL7sago27Qr1q1APCwoIrJ2bX-CMjEVSnDclLyu5%2526sai%253DAMfl-YS5QUBMvWtzEd2t3P4k3A99cASszY4P4uPiuE3FH__QHtzHC-bXOm6gSp1fgpEBZaOrwA20QDJemGGSzC3mUaYDkGWwAGME5bdE4B8cG9Ed5iAqBxrOPmiPvYiMN-xagSEGM5gs7oxLFyNXpQ30wi7tyH6n3nsi8NgXswOYErHzx5DKkYQ9eZU5C7sbcVZPepXAQkpCdEB1t-5btZmnfu8SjcwMxoO_iz57Zd2n-52IjEq7pCQZdFfTwEcNKfqiAVypvRvCdwgUSBoG0xOQ_jGekgajyy7O6MSLeLJ6B6JsqP0Vh7BRjF0Y-iZPE0OHdonzwjxrV_eqYT9H84ntNy7_pTv-2DGEPOLwISU%2526sig%253DCg0ArKJSzFdITVg3U4A6EAE%2526fbs_aeid%253D%25255Bgw_fbsaeid%25255D%2526urlfix%253D1%2526adurl%253D&enc=1&gdpr=&gdpr_consent=&fb_url=&ref=afar.com&line_item=7169134704&order_id=3926367971&advertiser_id=5956727990&creative_id=138553963978&oop=&fb=adventive_htmlx_st322665_frame&forceFallback=1:724
[    3559ms] [LOG] audio 55555 @ https://ads.adventive.com/ad?j&pid=debb81f1-30a7-4260-8745-5d337649bc18&type=4&cb=162629237&click=https://adclick.g.doubleclick.net/pcs/click%253Fxai%253DAKAOjsvVb9bKjzexvp4E78HYIC5nCScJUbgI_gg4_DOSMHyrpyIZITQyN9kC3JRUDDDTb4DO323mF23izQDOZy1bcU3vbd7bTVMC8YB8cOKfQkVJT3zSGB15Jx2IH5D8pduEIwH25TRGtFDzMdlFj89MBfAg_1ID9qkumNTssy1X7inDNJkV9eH5-NJE5FXJhF_o89RFdyemGhiSNln8Z3Dkm07xepF_s3BeU9X5bmCN2CDSylCSPs2j5AQDV5tkRn4ZXHieAYhEBfKROrUZgSfZZ0XSrlbGmlLv7dBFaC9H-AmB81SwiIQBG9w4BAK7AqhLXxwJoN3P94auhsnHyMljSZ6_vEWXWwcJ7kYaDtlTnoldXSRd-I8Xt6NC-RioxntQnAuDb0qZRL7sago27Qr1q1APCwoIrJ2bX-CMjEVSnDclLyu5%2526sai%253DAMfl-YS5QUBMvWtzEd2t3P4k3A99cASszY4P4uPiuE3FH__QHtzHC-bXOm6gSp1fgpEBZaOrwA20QDJemGGSzC3mUaYDkGWwAGME5bdE4B8cG9Ed5iAqBxrOPmiPvYiMN-xagSEGM5gs7oxLFyNXpQ30wi7tyH6n3nsi8NgXswOYErHzx5DKkYQ9eZU5C7sbcVZPepXAQkpCdEB1t-5btZmnfu8SjcwMxoO_iz57Zd2n-52IjEq7pCQZdFfTwEcNKfqiAVypvRvCdwgUSBoG0xOQ_jGekgajyy7O6MSLeLJ6B6JsqP0Vh7BRjF0Y-iZPE0OHdonzwjxrV_eqYT9H84ntNy7_pTv-2DGEPOLwISU%2526sig%253DCg0ArKJSzFdITVg3U4A6EAE%2526fbs_aeid%253D%25255Bgw_fbsaeid%25255D%2526urlfix%253D1%2526adurl%253D&enc=1&gdpr=&gdpr_consent=&fb_url=&ref=afar.com&line_item=7169134704&order_id=3926367971&advertiser_id=5956727990&creative_id=138553963978&oop=&fb=adventive_htmlx_st322665_frame&forceFallback=1:741
[    3634ms] [ERROR] Attestation check for Shared Storage on https://www.googleadservices.com failed. @ https://www.googleadservices.com/pagead/managed/js/activeview/current/reach_worklet.html:0
[    3645ms] [ERROR] Attestation check for Shared Storage on https://www.googleadservices.com failed. @ https://www.googleadservices.com/pagead/managed/js/activeview/current/reach_worklet.html:0
[    3634ms] [ERROR] Attestation check for Shared Storage on https://www.googleadservices.com failed. @ https://www.googleadservices.com/pagead/managed/js/activeview/current/reach_worklet.html:0
[    3645ms] [ERROR] Attestation check for Shared Storage on https://www.googleadservices.com failed. @ https://www.googleadservices.com/pagead/managed/js/activeview/current/reach_worklet.html:0
[    3772ms] [ERROR] Attestation check for Shared Storage on https://www.googleadservices.com failed. @ https://www.googleadservices.com/pagead/managed/js/activeview/current/reach_worklet.html:0
[    3634ms] [ERROR] Attestation check for Shared Storage on https://www.googleadservices.com failed. @ https://www.googleadservices.com/pagead/managed/js/activeview/current/reach_worklet.html:0
[    3645ms] [ERROR] Attestation check for Shared Storage on https://www.googleadservices.com failed. @ https://www.googleadservices.com/pagead/managed/js/activeview/current/reach_worklet.html:0
[    3772ms] [ERROR] Attestation check for Shared Storage on https://www.googleadservices.com failed. @ https://www.googleadservices.com/pagead/managed/js/activeview/current/reach_worklet.html:0
[    3831ms] [ERROR] Attestation check for Shared Storage on https://www.googleadservices.com failed. @ https://www.googleadservices.com/pagead/managed/js/activeview/current/reach_worklet.html:0
[    3840ms] [TIMEEND] a: 0.0009765625 ms @ https://static.adsafeprotected.com/sca.17.6.4.js:31
[    3634ms] [ERROR] Attestation check for Shared Storage on https://www.googleadservices.com failed. @ https://www.googleadservices.com/pagead/managed/js/activeview/current/reach_worklet.html:0
[    3645ms] [ERROR] Attestation check for Shared Storage on https://www.googleadservices.com failed. @ https://www.googleadservices.com/pagead/managed/js/activeview/current/reach_worklet.html:0
[    3772ms] [ERROR] Attestation check for Shared Storage on https://www.googleadservices.com failed. @ https://www.googleadservices.com/pagead/managed/js/activeview/current/reach_worklet.html:0
[    3831ms] [ERROR] Attestation check for Shared Storage on https://www.googleadservices.com failed. @ https://www.googleadservices.com/pagead/managed/js/activeview/current/reach_worklet.html:0
[    3906ms] [ERROR] Attestation check for Shared Storage on https://www.googleadservices.com failed. @ https://www.googleadservices.com/pagead/managed/js/activeview/current/reach_worklet.html:0
[    3634ms] [ERROR] Attestation check for Shared Storage on https://www.googleadservices.com failed. @ https://www.googleadservices.com/pagead/managed/js/activeview/current/reach_worklet.html:0
[    3645ms] [ERROR] Attestation check for Shared Storage on https://www.googleadservices.com failed. @ https://www.googleadservices.com/pagead/managed/js/activeview/current/reach_worklet.html:0
[    3772ms] [ERROR] Attestation check for Shared Storage on https://www.googleadservices.com failed. @ https://www.googleadservices.com/pagead/managed/js/activeview/current/reach_worklet.html:0
[    3831ms] [ERROR] Attestation check for Shared Storage on https://www.googleadservices.com failed. @ https://www.googleadservices.com/pagead/managed/js/activeview/current/reach_worklet.html:0
[    3906ms] [ERROR] Attestation check for Shared Storage on https://www.googleadservices.com failed. @ https://www.googleadservices.com/pagead/managed/js/activeview/current/reach_worklet.html:0
[    3955ms] [ERROR] Attestation check for Shared Storage on https://www.googleadservices.com failed. @ https://www.googleadservices.com/pagead/managed/js/activeview/current/reach_worklet.html:0
[    4060ms] [LOG] 0 @ https://ads.adventive.com/ad?j&pid=debb81f1-30a7-4260-8745-5d337649bc18&type=4&cb=162629237&click=https://adclick.g.doubleclick.net/pcs/click%253Fxai%253DAKAOjsvVb9bKjzexvp4E78HYIC5nCScJUbgI_gg4_DOSMHyrpyIZITQyN9kC3JRUDDDTb4DO323mF23izQDOZy1bcU3vbd7bTVMC8YB8cOKfQkVJT3zSGB15Jx2IH5D8pduEIwH25TRGtFDzMdlFj89MBfAg_1ID9qkumNTssy1X7inDNJkV9eH5-NJE5FXJhF_o89RFdyemGhiSNln8Z3Dkm07xepF_s3BeU9X5bmCN2CDSylCSPs2j5AQDV5tkRn4ZXHieAYhEBfKROrUZgSfZZ0XSrlbGmlLv7dBFaC9H-AmB81SwiIQBG9w4BAK7AqhLXxwJoN3P94auhsnHyMljSZ6_vEWXWwcJ7kYaDtlTnoldXSRd-I8Xt6NC-RioxntQnAuDb0qZRL7sago27Qr1q1APCwoIrJ2bX-CMjEVSnDclLyu5%2526sai%253DAMfl-YS5QUBMvWtzEd2t3P4k3A99cASszY4P4uPiuE3FH__QHtzHC-bXOm6gSp1fgpEBZaOrwA20QDJemGGSzC3mUaYDkGWwAGME5bdE4B8cG9Ed5iAqBxrOPmiPvYiMN-xagSEGM5gs7oxLFyNXpQ30wi7tyH6n3nsi8NgXswOYErHzx5DKkYQ9eZU5C7sbcVZPepXAQkpCdEB1t-5btZmnfu8SjcwMxoO_iz57Zd2n-52IjEq7pCQZdFfTwEcNKfqiAVypvRvCdwgUSBoG0xOQ_jGekgajyy7O6MSLeLJ6B6JsqP0Vh7BRjF0Y-iZPE0OHdonzwjxrV_eqYT9H84ntNy7_pTv-2DGEPOLwISU%2526sig%253DCg0ArKJSzFdITVg3U4A6EAE%2526fbs_aeid%253D%25255Bgw_fbsaeid%25255D%2526urlfix%253D1%2526adurl%253D&enc=1&gdpr=&gdpr_consent=&fb_url=&ref=afar.com&line_item=7169134704&order_id=3926367971&advertiser_id=5956727990&creative_id=138553963978&oop=&fb=adventive_htmlx_st322665_frame&forceFallback=1:746
[    4104ms] [LOG] Assets loading completed @ https://s0.2mdn.net/sadbundle/3113541855667103602/bn_1.0.0.min.js:0
[    4110ms] [LOG] Assets loading completed @ https://s0.2mdn.net/sadbundle/14933975574079552535/bn_1.0.0.min.js:0
[    6929ms] [LOG] firstQuartile @ about:srcdoc:0
[   10929ms] [LOG] SecondQuartile @ about:srcdoc:0
[   14929ms] [LOG] ThirdQuartile @ about:srcdoc:0
[   17929ms] [LOG] complete @ about:srcdoc:0
[   22658ms] [WARNING] [GPT] PubAdsService.enableSingleRequest is deprecated, use googletag.setConfig({singleRequest: ...}) instead.
https://goo.gle/gpt-message#170 @ https://securepubads.g.doubleclick.net/pagead/managed/js/gpt/m202604240101/pubads_impl.js?cb=31098093:18
[   22660ms] [WARNING] [GPT] Slot.setTargeting is deprecated, use Slot.setConfig({targeting: ...}) instead.
https://goo.gle/gpt-message#171 @ https://securepubads.g.doubleclick.net/pagead/managed/js/gpt/m202604240101/pubads_impl.js?cb=31098093:18
[   22740ms] [WARNING] adgb - not initialized. @ https://cdn.taboola.com/libtrc/skimlinks-publishers/loader.js:0
[   22777ms] [ERROR] OneSignal initialization failed: Error: Can only be used on: https://afar.com
    at https://cdn.onesignal.com/sdks/web/v16/OneSignalSDK.page.es6.js?v=160603:1:18312
    at https://cdn.onesignal.com/sdks/web/v16/OneSignalSDK.page.es6.js?v=160603:1:18374
    at async t.zr (https://cdn.onesignal.com/sdks/web/v16/OneSignalSDK.page.es6.js?v=160603:1:134310)
    at async t.init (https://cdn.onesignal.com/sdks/web/v16/OneSignalSDK.page.es6.js?v=160603:1:134943) @ :0
[   22835ms] [ERROR] Attestation check for Attribution Reporting on https://www.facebook.com failed. @ https://www.afar.com/magazine:0
[   23617ms] [ERROR] Attestation check for Shared Storage on https://www.googleadservices.com failed. @ https://www.googleadservices.com/pagead/managed/js/activeview/current/reach_worklet.html:0
[   23723ms] [LOG]  [  0.001s] [studio.sdk]   @ https://s0.2mdn.net/ads/studio/Enabler.js:215
[   23957ms] [TIMEEND] a: 0.001953125 ms @ https://static.adsafeprotected.com/sca.17.6.4.js:31
[   24727ms] [LOG]  [  1.009s] [studio.sdk] Using default ad parameters in test environment. Simulating local events.  @ https://s0.2mdn.net/ads/studio/Enabler.js:215
