[    1256ms] [ERROR] Error setting performance measure: SyntaxError: Failed to execute 'measure' on 'Performance': The mark 'gb-script-end' does not exist. @ https://www.cntraveler.com/gallery/best-restaurants-in-barcelona:2282
[    2152ms] [ERROR] Failed to load resource: net::ERR_NAME_NOT_RESOLVED @ https://ssc.cntraveler.com/get_cookie_id?cookie_domain=cntraveler.com&r=1775927919841&callback=TreasureJSONPCallback0:0
[    2269ms] [WARNING] Allow attribute will take precedence over 'allowfullscreen'. @ https://player.cnevids.com/script/video/5654ceaaff2afb71d2000010.js?autoplay=1&muted=true&continuousPlay=1&onReady=onReady177592791967810&isFullBleed=false&isRightRail=false&onIframeReady=onIframeReady177592791967811&videoEmbedPosition=inlineEmbedded:0
[    2794ms] [WARNING] [Meta Pixel] - Removed parameters from custom data due to potential violations. Go to Events Manager to learn more. @ https://connect.facebook.net/en_US/fbevents.js:181
[    3063ms] [ERROR] Attestation check for Attribution Reporting on https://www.facebook.com failed. @ https://www.cntraveler.com/gallery/best-restaurants-in-barcelona:0
[    3670ms] [WARNING] This ad's html cannot be accessed using the getHtml method on googletag.Slot. Returning the empty string instead. @ https://securepubads.g.doubleclick.net/pagead/managed/js/gpt/m202604070101/pubads_impl.js:18
[    3672ms] [ERROR] Attestation check for Shared Storage on https://www.googleadservices.com failed. @ https://www.googleadservices.com/pagead/managed/js/activeview/current/reach_worklet.html:0
[    3677ms] [ERROR] Attestation check for Shared Storage on https://www.googleadservices.com failed. @ https://www.googleadservices.com/pagead/managed/js/activeview/current/reach_worklet.html:0
[    3678ms] [ERROR] Attestation check for Shared Storage on https://www.googleadservices.com failed. @ https://www.googleadservices.com/pagead/managed/js/activeview/current/reach_worklet.html:0
[    3679ms] [ERROR] Attestation check for Shared Storage on https://www.googleadservices.com failed. @ https://www.googleadservices.com/pagead/managed/js/activeview/current/reach_worklet.html:0
[    3681ms] [INFO] Powered by AMP ⚡ HTML – Version 2603032146000 https://www.cntraveler.com/gallery/best-restaurants-in-barcelona @ https://cdn.ampproject.org/rtv/012603032146000/amp4ads-v0.mjs:1
[    3682ms] [ERROR] Attestation check for Shared Storage on https://www.googleadservices.com failed. @ https://www.googleadservices.com/pagead/managed/js/activeview/current/reach_worklet.html:0
[    3683ms] [ERROR] Attestation check for Shared Storage on https://www.googleadservices.com failed. @ https://www.googleadservices.com/pagead/managed/js/activeview/current/reach_worklet.html:0
[    3711ms] [WARNING] This ad's html cannot be accessed using the getHtml method on googletag.Slot. Returning the empty string instead. @ https://securepubads.g.doubleclick.net/pagead/managed/js/gpt/m202604070101/pubads_impl.js:18
[    3711ms] [WARNING] This ad's html cannot be accessed using the getHtml method on googletag.Slot. Returning the empty string instead. @ https://securepubads.g.doubleclick.net/pagead/managed/js/gpt/m202604070101/pubads_impl.js:18
[    3712ms] [WARNING] This ad's html cannot be accessed using the getHtml method on googletag.Slot. Returning the empty string instead. @ https://securepubads.g.doubleclick.net/pagead/managed/js/gpt/m202604070101/pubads_impl.js:18
[    3718ms] [WARNING] This ad's html cannot be accessed using the getHtml method on googletag.Slot. Returning the empty string instead. @ https://securepubads.g.doubleclick.net/pagead/managed/js/gpt/m202604070101/pubads_impl.js:18
[    3718ms] [WARNING] This ad's html cannot be accessed using the getHtml method on googletag.Slot. Returning the empty string instead. @ https://securepubads.g.doubleclick.net/pagead/managed/js/gpt/m202604070101/pubads_impl.js:18
[    3672ms] [ERROR] Attestation check for Shared Storage on https://www.googleadservices.com failed. @ https://www.googleadservices.com/pagead/managed/js/activeview/current/reach_worklet.html:0
[    3677ms] [ERROR] Attestation check for Shared Storage on https://www.googleadservices.com failed. @ https://www.googleadservices.com/pagead/managed/js/activeview/current/reach_worklet.html:0
[    3678ms] [ERROR] Attestation check for Shared Storage on https://www.googleadservices.com failed. @ https://www.googleadservices.com/pagead/managed/js/activeview/current/reach_worklet.html:0
[    3679ms] [ERROR] Attestation check for Shared Storage on https://www.googleadservices.com failed. @ https://www.googleadservices.com/pagead/managed/js/activeview/current/reach_worklet.html:0
[    3682ms] [ERROR] Attestation check for Shared Storage on https://www.googleadservices.com failed. @ https://www.googleadservices.com/pagead/managed/js/activeview/current/reach_worklet.html:0
[    3683ms] [ERROR] Attestation check for Shared Storage on https://www.googleadservices.com failed. @ https://www.googleadservices.com/pagead/managed/js/activeview/current/reach_worklet.html:0
[    3736ms] [ERROR] Attestation check for Shared Storage on https://www.googleadservices.com failed. @ https://www.googleadservices.com/pagead/managed/js/activeview/current/reach_worklet.html:0
[    3897ms] [TIMEEND] a: 0.0009765625 ms @ https://static.adsafeprotected.com/sca.17.6.4.js:31
[    3672ms] [ERROR] Attestation check for Shared Storage on https://www.googleadservices.com failed. @ https://www.googleadservices.com/pagead/managed/js/activeview/current/reach_worklet.html:0
[    3677ms] [ERROR] Attestation check for Shared Storage on https://www.googleadservices.com failed. @ https://www.googleadservices.com/pagead/managed/js/activeview/current/reach_worklet.html:0
[    3678ms] [ERROR] Attestation check for Shared Storage on https://www.googleadservices.com failed. @ https://www.googleadservices.com/pagead/managed/js/activeview/current/reach_worklet.html:0
[    3679ms] [ERROR] Attestation check for Shared Storage on https://www.googleadservices.com failed. @ https://www.googleadservices.com/pagead/managed/js/activeview/current/reach_worklet.html:0
[    3682ms] [ERROR] Attestation check for Shared Storage on https://www.googleadservices.com failed. @ https://www.googleadservices.com/pagead/managed/js/activeview/current/reach_worklet.html:0
[    3683ms] [ERROR] Attestation check for Shared Storage on https://www.googleadservices.com failed. @ https://www.googleadservices.com/pagead/managed/js/activeview/current/reach_worklet.html:0
[    3736ms] [ERROR] Attestation check for Shared Storage on https://www.googleadservices.com failed. @ https://www.googleadservices.com/pagead/managed/js/activeview/current/reach_worklet.html:0
[    4318ms] [ERROR] Attestation check for Shared Storage on https://www.googleadservices.com failed. @ https://www.googleadservices.com/pagead/managed/js/activeview/current/reach_worklet.html:0
[    4384ms] [WARNING] This ad's html cannot be accessed using the getHtml method on googletag.Slot. Returning the empty string instead. @ https://securepubads.g.doubleclick.net/pagead/managed/js/gpt/m202604070101/pubads_impl.js:18
[    4502ms] [ERROR] Failed to load resource: net::ERR_NAME_NOT_RESOLVED @ https://x.dlx.addthis.com/e/googlegdn_sync?na_exid=CAESENiyE0xQJB8WH2cXXBk8vCk&google_cver=1:0
[    3672ms] [ERROR] Attestation check for Shared Storage on https://www.googleadservices.com failed. @ https://www.googleadservices.com/pagead/managed/js/activeview/current/reach_worklet.html:0
[    3677ms] [ERROR] Attestation check for Shared Storage on https://www.googleadservices.com failed. @ https://www.googleadservices.com/pagead/managed/js/activeview/current/reach_worklet.html:0
[    3678ms] [ERROR] Attestation check for Shared Storage on https://www.googleadservices.com failed. @ https://www.googleadservices.com/pagead/managed/js/activeview/current/reach_worklet.html:0
[    3679ms] [ERROR] Attestation check for Shared Storage on https://www.googleadservices.com failed. @ https://www.googleadservices.com/pagead/managed/js/activeview/current/reach_worklet.html:0
[    3682ms] [ERROR] Attestation check for Shared Storage on https://www.googleadservices.com failed. @ https://www.googleadservices.com/pagead/managed/js/activeview/current/reach_worklet.html:0
[    3683ms] [ERROR] Attestation check for Shared Storage on https://www.googleadservices.com failed. @ https://www.googleadservices.com/pagead/managed/js/activeview/current/reach_worklet.html:0
[    3736ms] [ERROR] Attestation check for Shared Storage on https://www.googleadservices.com failed. @ https://www.googleadservices.com/pagead/managed/js/activeview/current/reach_worklet.html:0
[    4318ms] [ERROR] Attestation check for Shared Storage on https://www.googleadservices.com failed. @ https://www.googleadservices.com/pagead/managed/js/activeview/current/reach_worklet.html:0
[    4576ms] [ERROR] Attestation check for Shared Storage on https://www.googleadservices.com failed. @ https://www.googleadservices.com/pagead/managed/js/activeview/current/reach_worklet.html:0
[    3672ms] [ERROR] Attestation check for Shared Storage on https://www.googleadservices.com failed. @ https://www.googleadservices.com/pagead/managed/js/activeview/current/reach_worklet.html:0
[    3677ms] [ERROR] Attestation check for Shared Storage on https://www.googleadservices.com failed. @ https://www.googleadservices.com/pagead/managed/js/activeview/current/reach_worklet.html:0
[    3678ms] [ERROR] Attestation check for Shared Storage on https://www.googleadservices.com failed. @ https://www.googleadservices.com/pagead/managed/js/activeview/current/reach_worklet.html:0
[    3679ms] [ERROR] Attestation check for Shared Storage on https://www.googleadservices.com failed. @ https://www.googleadservices.com/pagead/managed/js/activeview/current/reach_worklet.html:0
[    3682ms] [ERROR] Attestation check for Shared Storage on https://www.googleadservices.com failed. @ https://www.googleadservices.com/pagead/managed/js/activeview/current/reach_worklet.html:0
[    3683ms] [ERROR] Attestation check for Shared Storage on https://www.googleadservices.com failed. @ https://www.googleadservices.com/pagead/managed/js/activeview/current/reach_worklet.html:0
[    3736ms] [ERROR] Attestation check for Shared Storage on https://www.googleadservices.com failed. @ https://www.googleadservices.com/pagead/managed/js/activeview/current/reach_worklet.html:0
[    4318ms] [ERROR] Attestation check for Shared Storage on https://www.googleadservices.com failed. @ https://www.googleadservices.com/pagead/managed/js/activeview/current/reach_worklet.html:0
[    4576ms] [ERROR] Attestation check for Shared Storage on https://www.googleadservices.com failed. @ https://www.googleadservices.com/pagead/managed/js/activeview/current/reach_worklet.html:0
[    5031ms] [ERROR] Attestation check for Shared Storage on https://www.googleadservices.com failed. @ https://www.googleadservices.com/pagead/managed/js/activeview/current/reach_worklet.html:0
[    4502ms] [ERROR] Failed to load resource: net::ERR_NAME_NOT_RESOLVED @ https://x.dlx.addthis.com/e/googlegdn_sync?na_exid=CAESENiyE0xQJB8WH2cXXBk8vCk&google_cver=1:0
[    5099ms] [WARNING] This ad's html cannot be accessed using the getHtml method on googletag.Slot. Returning the empty string instead. @ https://securepubads.g.doubleclick.net/pagead/managed/js/gpt/m202604070101/pubads_impl.js:18
[    3672ms] [ERROR] Attestation check for Shared Storage on https://www.googleadservices.com failed. @ https://www.googleadservices.com/pagead/managed/js/activeview/current/reach_worklet.html:0
[    3677ms] [ERROR] Attestation check for Shared Storage on https://www.googleadservices.com failed. @ https://www.googleadservices.com/pagead/managed/js/activeview/current/reach_worklet.html:0
[    3678ms] [ERROR] Attestation check for Shared Storage on https://www.googleadservices.com failed. @ https://www.googleadservices.com/pagead/managed/js/activeview/current/reach_worklet.html:0
[    3679ms] [ERROR] Attestation check for Shared Storage on https://www.googleadservices.com failed. @ https://www.googleadservices.com/pagead/managed/js/activeview/current/reach_worklet.html:0
[    3682ms] [ERROR] Attestation check for Shared Storage on https://www.googleadservices.com failed. @ https://www.googleadservices.com/pagead/managed/js/activeview/current/reach_worklet.html:0
[    3683ms] [ERROR] Attestation check for Shared Storage on https://www.googleadservices.com failed. @ https://www.googleadservices.com/pagead/managed/js/activeview/current/reach_worklet.html:0
[    3736ms] [ERROR] Attestation check for Shared Storage on https://www.googleadservices.com failed. @ https://www.googleadservices.com/pagead/managed/js/activeview/current/reach_worklet.html:0
[    4318ms] [ERROR] Attestation check for Shared Storage on https://www.googleadservices.com failed. @ https://www.googleadservices.com/pagead/managed/js/activeview/current/reach_worklet.html:0
[    4576ms] [ERROR] Attestation check for Shared Storage on https://www.googleadservices.com failed. @ https://www.googleadservices.com/pagead/managed/js/activeview/current/reach_worklet.html:0
[    5031ms] [ERROR] Attestation check for Shared Storage on https://www.googleadservices.com failed. @ https://www.googleadservices.com/pagead/managed/js/activeview/current/reach_worklet.html:0
[    5153ms] [ERROR] Attestation check for Shared Storage on https://www.googleadservices.com failed. @ https://www.googleadservices.com/pagead/managed/js/activeview/current/reach_worklet.html:0
[    5194ms] Failed to read a named property 'addEventListener' from 'Window': Blocked a frame with origin "https://80bb6f284393a23c0f6998e71545aab6.safeframe.googlesyndication.com" from accessing a cross-origin frame.
[    6592ms] [ERROR] Refused to execute script from 'https://eb2.3lift.com/getuid?gpp=null&gpp_sid=null&gdpr=0&gdpr_consent=null&us_privacy=null&redir=https%3a%2f%2fcks.connatix.com%2fcks%3fpid%3d25%26ev%3d1-602621d51d9e48d99b6f2d9445cb1b72%26pname%3dTripleLift%26api-tier%3d2%26uid%3d%24UID' because its MIME type ('image/gif') is not executable. @ https://cds.connatix.com/p/292867717/cnx_usync.html?et=1&pageUrl=https%3a%2f%2fwww.cntraveler.com%2fgallery%2fbest-restaurants-in-barcelona&cid=3dedaf43-333a-47db-bf83-57833112e6f9&publisherExclusionLevel=0:0
[    6592ms] [ERROR] Syncing cannot be made with  https://eb2.3lift.com/getuid?gpp=null&gpp_sid=null&gdpr=0&gdpr_consent=null&us_privacy=null&redir=https%3a%2f%2fcks.connatix.com%2fcks%3fpid%3d25%26ev%3d1-602621d51d9e48d99b6f2d9445cb1b72%26pname%3dTripleLift%26api-tier%3d2%26uid%3d%24UID @ https://cds.connatix.com/p/292867717/cnx_usync.js:0
[    6629ms] [ERROR] SYNC.JS: There was a problem while setting up the TCF IFRAME LOCATOR API: SecurityError: Failed to read a named property '__tcfapiLocator' from 'Window': Blocked a frame with origin "https://cds.connatix.com" from accessing a cross-origin frame. @ https://tags.crwdcntrl.net/lt/c/17331/sync.min.js:0
[    6705ms] [WARNING] [Audigent] cannot access to window.top: skip check and continue SecurityError: Failed to read a named property 'document' from 'Window': Blocked a frame with origin "https://cds.connatix.com" from accessing a cross-origin frame.
    at https://cdn.hadronid.net/hadron.js?url=https%3A%2F%2Fcds.connatix.com%2Fp%2F292867717%2Fcnx_usync.html%3Fet%3D1%26pageUrl%3Dhttps%253a%252f%252fwww.cntraveler.com%252fgallery%252fbest-restaurants-in-barcelona%26cid%3D3dedaf43-333a-47db-bf83-57833112e6f9%26publisherExclusionLevel%3D0&ref=https%3A%2F%2Fwww.cntraveler.com%2F&_it=tag&partner_id=800&ha=ha:1:57991
    at Module.<anonymous> (https://cdn.hadronid.net/hadron.js?url=https%3A%2F%2Fcds.connatix.com%2Fp%2F292867717%2Fcnx_usync.html%3Fet%3D1%26pageUrl%3Dhttps%253a%252f%252fwww.cntraveler.com%252fgallery%252fbest-restaurants-in-barcelona%26cid%3D3dedaf43-333a-47db-bf83-57833112e6f9%26publisherExclusionLevel%3D0&ref=https%3A%2F%2Fwww.cntraveler.com%2F&_it=tag&partner_id=800&ha=ha:1:59275)
    at n (https://cdn.hadronid.net/hadron.js?url=https%3A%2F%2Fcds.connatix.com%2Fp%2F292867717%2Fcnx_usync.html%3Fet%3D1%26pageUrl%3Dhttps%253a%252f%252fwww.cntraveler.com%252fgallery%252fbest-restaurants-in-barcelona%26cid%3D3dedaf43-333a-47db-bf83-57833112e6f9%26publisherExclusionLevel%3D0&ref=https%3A%2F%2Fwww.cntraveler.com%2F&_it=tag&partner_id=800&ha=ha:1:110)
    at https://cdn.hadronid.net/hadron.js?url=https%3A%2F%2Fcds.connatix.com%2Fp%2F292867717%2Fcnx_usync.html%3Fet%3D1%26pageUrl%3Dhttps%253a%252f%252fwww.cntraveler.com%252fgallery%252fbest-restaurants-in-barcelona%26cid%3D3dedaf43-333a-47db-bf83-57833112e6f9%26publisherExclusionLevel%3D0&ref=https%3A%2F%2Fwww.cntraveler.com%2F&_it=tag&partner_id=800&ha=ha:1:902
    at https://cdn.hadronid.net/hadron.js?url=https%3A%2F%2Fcds.connatix.com%2Fp%2F292867717%2Fcnx_usync.html%3Fet%3D1%26pageUrl%3Dhttps%253a%252f%252fwww.cntraveler.com%252fgallery%252fbest-restaurants-in-barcelona%26cid%3D3dedaf43-333a-47db-bf83-57833112e6f9%26publisherExclusionLevel%3D0&ref=https%3A%2F%2Fwww.cntraveler.com%2F&_it=tag&partner_id=800&ha=ha:1:911 @ https://cdn.hadronid.net/hadron.js?url=https%3A%2F%2Fcds.connatix.com%2Fp%2F292867717%2Fcnx_usync.html%3Fet%3D1%26pageUrl%3Dhttps%253a%252f%252fwww.cntraveler.com%252fgallery%252fbest-restaurants-in-barcelona%26cid%3D3dedaf43-333a-47db-bf83-57833112e6f9%26publisherExclusionLevel%3D0&ref=https%3A%2F%2Fwww.cntraveler.com%2F&_it=tag&partner_id=800&ha=ha:0
[    6835ms] [ERROR] Refused to execute script from 'https://capi.connatix.com/us/pixel?puid=1639930286684764676&pId=40&gdpr=0&gdpr_consent=' because its MIME type ('image/gif') is not executable. @ https://cds.connatix.com/p/292867717/cnx_usync.html?et=1&pageUrl=https%3a%2f%2fwww.cntraveler.com%2fgallery%2fbest-restaurants-in-barcelona&cid=3dedaf43-333a-47db-bf83-57833112e6f9&publisherExclusionLevel=0:0
[    6836ms] [ERROR] Syncing cannot be made with  https://ssbsync.smartadserver.com/api/sync?callerId=6&nwid=3630&gdpr=0&gdpr_consent=null&url=https%3a%2f%2fcks.connatix.com%2fcks%3fpid%3d40%26ev%3d1-602621d51d9e48d99b6f2d9445cb1b72%26pname%3dSmartAdServer%26api-tier%3d2%26uid%3D%5Bsas_uid%5D @ https://cds.connatix.com/p/292867717/cnx_usync.js:0
[    6880ms] [ERROR] SYNC.JS: There was a problem while setting up the TCF IFRAME LOCATOR API: SecurityError: Failed to read a named property '__tcfapiLocator' from 'Window': Blocked a frame with origin "https://cds.connatix.com" from accessing a cross-origin frame. @ https://tags.crwdcntrl.net/lt/c/17331/sync.min.js:0
[    7227ms] Uncaught SecurityError: Failed to read a named property 'atob' from 'Window': Blocked a frame with origin "https://cds.connatix.com" from accessing a frame with origin "https://www.cntraveler.com". Protocols, domains, and ports must match.
    at <anonymous> (https://a.ad.gt/api/v1/u/matches/800?_it=tag:0:9745)
    at <anonymous> (https://a.ad.gt/api/v1/u/matches/800?_it=tag:0:9749)
    at <anonymous> (https://a.ad.gt/api/v1/u/matches/800?_it=tag:0:9754)
[    7132ms] [ERROR] SYNC.JS: There was a problem while setting up the TCF IFRAME LOCATOR API: SecurityError: Failed to read a named property '__tcfapiLocator' from 'Window': Blocked a frame with origin "https://cds.connatix.com" from accessing a cross-origin frame. @ https://tags.crwdcntrl.net/lt/c/17331/sync.min.js:0
[    6592ms] [ERROR] Refused to execute script from 'https://eb2.3lift.com/getuid?gpp=null&gpp_sid=null&gdpr=0&gdpr_consent=null&us_privacy=null&redir=https%3a%2f%2fcks.connatix.com%2fcks%3fpid%3d25%26ev%3d1-602621d51d9e48d99b6f2d9445cb1b72%26pname%3dTripleLift%26api-tier%3d2%26uid%3d%24UID' because its MIME type ('image/gif') is not executable. @ https://cds.connatix.com/p/292867717/cnx_usync.html?et=1&pageUrl=https%3a%2f%2fwww.cntraveler.com%2fgallery%2fbest-restaurants-in-barcelona&cid=3dedaf43-333a-47db-bf83-57833112e6f9&publisherExclusionLevel=0:0
[    6835ms] [ERROR] Refused to execute script from 'https://capi.connatix.com/us/pixel?puid=1639930286684764676&pId=40&gdpr=0&gdpr_consent=' because its MIME type ('image/gif') is not executable. @ https://cds.connatix.com/p/292867717/cnx_usync.html?et=1&pageUrl=https%3a%2f%2fwww.cntraveler.com%2fgallery%2fbest-restaurants-in-barcelona&cid=3dedaf43-333a-47db-bf83-57833112e6f9&publisherExclusionLevel=0:0
[    6592ms] [ERROR] Refused to execute script from 'https://eb2.3lift.com/getuid?gpp=null&gpp_sid=null&gdpr=0&gdpr_consent=null&us_privacy=null&redir=https%3a%2f%2fcks.connatix.com%2fcks%3fpid%3d25%26ev%3d1-602621d51d9e48d99b6f2d9445cb1b72%26pname%3dTripleLift%26api-tier%3d2%26uid%3d%24UID' because its MIME type ('image/gif') is not executable. @ https://cds.connatix.com/p/292867717/cnx_usync.html?et=1&pageUrl=https%3a%2f%2fwww.cntraveler.com%2fgallery%2fbest-restaurants-in-barcelona&cid=3dedaf43-333a-47db-bf83-57833112e6f9&publisherExclusionLevel=0:0
[    6835ms] [ERROR] Refused to execute script from 'https://capi.connatix.com/us/pixel?puid=1639930286684764676&pId=40&gdpr=0&gdpr_consent=' because its MIME type ('image/gif') is not executable. @ https://cds.connatix.com/p/292867717/cnx_usync.html?et=1&pageUrl=https%3a%2f%2fwww.cntraveler.com%2fgallery%2fbest-restaurants-in-barcelona&cid=3dedaf43-333a-47db-bf83-57833112e6f9&publisherExclusionLevel=0:0
[    6592ms] [ERROR] Refused to execute script from 'https://eb2.3lift.com/getuid?gpp=null&gpp_sid=null&gdpr=0&gdpr_consent=null&us_privacy=null&redir=https%3a%2f%2fcks.connatix.com%2fcks%3fpid%3d25%26ev%3d1-602621d51d9e48d99b6f2d9445cb1b72%26pname%3dTripleLift%26api-tier%3d2%26uid%3d%24UID' because its MIME type ('image/gif') is not executable. @ https://cds.connatix.com/p/292867717/cnx_usync.html?et=1&pageUrl=https%3a%2f%2fwww.cntraveler.com%2fgallery%2fbest-restaurants-in-barcelona&cid=3dedaf43-333a-47db-bf83-57833112e6f9&publisherExclusionLevel=0:0
[    6835ms] [ERROR] Refused to execute script from 'https://capi.connatix.com/us/pixel?puid=1639930286684764676&pId=40&gdpr=0&gdpr_consent=' because its MIME type ('image/gif') is not executable. @ https://cds.connatix.com/p/292867717/cnx_usync.html?et=1&pageUrl=https%3a%2f%2fwww.cntraveler.com%2fgallery%2fbest-restaurants-in-barcelona&cid=3dedaf43-333a-47db-bf83-57833112e6f9&publisherExclusionLevel=0:0
[    7283ms] [ERROR] Failed to load resource: the server responded with a status of 400 (Bad Request) @ https://match.prod.bidr.io/cookie-sync/ox?gdpr=0&gdpr_consent=null:0
[    7382ms] [ERROR] SYNC.JS: There was a problem while setting up the TCF IFRAME LOCATOR API: SecurityError: Failed to read a named property '__tcfapiLocator' from 'Window': Blocked a frame with origin "https://cds.connatix.com" from accessing a cross-origin frame. @ https://tags.crwdcntrl.net/lt/c/17331/sync.min.js:0
[    7283ms] [ERROR] Failed to load resource: the server responded with a status of 400 (Bad Request) @ https://match.prod.bidr.io/cookie-sync/ox?gdpr=0&gdpr_consent=null:0
[    7634ms] [ERROR] SYNC.JS: There was a problem while setting up the TCF IFRAME LOCATOR API: SecurityError: Failed to read a named property '__tcfapiLocator' from 'Window': Blocked a frame with origin "https://cds.connatix.com" from accessing a cross-origin frame. @ https://tags.crwdcntrl.net/lt/c/17331/sync.min.js:0
[    7283ms] [ERROR] Failed to load resource: the server responded with a status of 400 (Bad Request) @ https://match.prod.bidr.io/cookie-sync/ox?gdpr=0&gdpr_consent=null:0
[    7812ms] [ERROR] Failed to load resource: the server responded with a status of 424 (Failed Dependency) @ https://t.adx.opera.com/pub/sync?pubid=pub10101531197440&gdpr=1&gdpr_consent=:0
[    7885ms] [ERROR] SYNC.JS: There was a problem while setting up the TCF IFRAME LOCATOR API: SecurityError: Failed to read a named property '__tcfapiLocator' from 'Window': Blocked a frame with origin "https://cds.connatix.com" from accessing a cross-origin frame. @ https://tags.crwdcntrl.net/lt/c/17331/sync.min.js:0
[    8137ms] [ERROR] SYNC.JS: There was a problem while setting up the TCF IFRAME LOCATOR API: SecurityError: Failed to read a named property '__tcfapiLocator' from 'Window': Blocked a frame with origin "https://cds.connatix.com" from accessing a cross-origin frame. @ https://tags.crwdcntrl.net/lt/c/17331/sync.min.js:0
[    8387ms] [ERROR] SYNC.JS: There was a problem while setting up the TCF IFRAME LOCATOR API: SecurityError: Failed to read a named property '__tcfapiLocator' from 'Window': Blocked a frame with origin "https://cds.connatix.com" from accessing a cross-origin frame. @ https://tags.crwdcntrl.net/lt/c/17331/sync.min.js:0
[    8639ms] [ERROR] SYNC.JS: There was a problem while setting up the TCF IFRAME LOCATOR API: SecurityError: Failed to read a named property '__tcfapiLocator' from 'Window': Blocked a frame with origin "https://cds.connatix.com" from accessing a cross-origin frame. @ https://tags.crwdcntrl.net/lt/c/17331/sync.min.js:0
[    8891ms] [ERROR] SYNC.JS: There was a problem while setting up the TCF IFRAME LOCATOR API: SecurityError: Failed to read a named property '__tcfapiLocator' from 'Window': Blocked a frame with origin "https://cds.connatix.com" from accessing a cross-origin frame. @ https://tags.crwdcntrl.net/lt/c/17331/sync.min.js:0
[    8922ms] [ERROR] Failed to load resource: the server responded with a status of 400 () @ https://cs.ingage.tech/v1/sync/equative/540fd51f-e5a6-496b-a8ae-fc9ee3874deb?uid=:0
[    9143ms] [ERROR] SYNC.JS: There was a problem while setting up the TCF IFRAME LOCATOR API: SecurityError: Failed to read a named property '__tcfapiLocator' from 'Window': Blocked a frame with origin "https://cds.connatix.com" from accessing a cross-origin frame. @ https://tags.crwdcntrl.net/lt/c/17331/sync.min.js:0
[    9394ms] [ERROR] SYNC.JS: There was a problem while setting up the TCF IFRAME LOCATOR API: SecurityError: Failed to read a named property '__tcfapiLocator' from 'Window': Blocked a frame with origin "https://cds.connatix.com" from accessing a cross-origin frame. @ https://tags.crwdcntrl.net/lt/c/17331/sync.min.js:0
[    9646ms] [ERROR] SYNC.JS: There was a problem while setting up the TCF IFRAME LOCATOR API: SecurityError: Failed to read a named property '__tcfapiLocator' from 'Window': Blocked a frame with origin "https://cds.connatix.com" from accessing a cross-origin frame. @ https://tags.crwdcntrl.net/lt/c/17331/sync.min.js:0
[    9898ms] [ERROR] SYNC.JS: There was a problem while setting up the TCF IFRAME LOCATOR API: SecurityError: Failed to read a named property '__tcfapiLocator' from 'Window': Blocked a frame with origin "https://cds.connatix.com" from accessing a cross-origin frame. @ https://tags.crwdcntrl.net/lt/c/17331/sync.min.js:0
[   10149ms] [ERROR] SYNC.JS: There was a problem while setting up the TCF IFRAME LOCATOR API: SecurityError: Failed to read a named property '__tcfapiLocator' from 'Window': Blocked a frame with origin "https://cds.connatix.com" from accessing a cross-origin frame. @ https://tags.crwdcntrl.net/lt/c/17331/sync.min.js:0
[   10401ms] [ERROR] SYNC.JS: There was a problem while setting up the TCF IFRAME LOCATOR API: SecurityError: Failed to read a named property '__tcfapiLocator' from 'Window': Blocked a frame with origin "https://cds.connatix.com" from accessing a cross-origin frame. @ https://tags.crwdcntrl.net/lt/c/17331/sync.min.js:0
[   10653ms] [ERROR] SYNC.JS: There was a problem while setting up the TCF IFRAME LOCATOR API: SecurityError: Failed to read a named property '__tcfapiLocator' from 'Window': Blocked a frame with origin "https://cds.connatix.com" from accessing a cross-origin frame. @ https://tags.crwdcntrl.net/lt/c/17331/sync.min.js:0
[   10905ms] [ERROR] SYNC.JS: There was a problem while setting up the TCF IFRAME LOCATOR API: SecurityError: Failed to read a named property '__tcfapiLocator' from 'Window': Blocked a frame with origin "https://cds.connatix.com" from accessing a cross-origin frame. @ https://tags.crwdcntrl.net/lt/c/17331/sync.min.js:0
[   11156ms] [ERROR] SYNC.JS: There was a problem while setting up the TCF IFRAME LOCATOR API: SecurityError: Failed to read a named property '__tcfapiLocator' from 'Window': Blocked a frame with origin "https://cds.connatix.com" from accessing a cross-origin frame. @ https://tags.crwdcntrl.net/lt/c/17331/sync.min.js:0
[   11408ms] [ERROR] SYNC.JS: There was a problem while setting up the TCF IFRAME LOCATOR API: SecurityError: Failed to read a named property '__tcfapiLocator' from 'Window': Blocked a frame with origin "https://cds.connatix.com" from accessing a cross-origin frame. @ https://tags.crwdcntrl.net/lt/c/17331/sync.min.js:0
[   11660ms] [ERROR] SYNC.JS: There was a problem while setting up the TCF IFRAME LOCATOR API: SecurityError: Failed to read a named property '__tcfapiLocator' from 'Window': Blocked a frame with origin "https://cds.connatix.com" from accessing a cross-origin frame. @ https://tags.crwdcntrl.net/lt/c/17331/sync.min.js:0
[   11912ms] [ERROR] SYNC.JS: There was a problem while setting up the TCF IFRAME LOCATOR API: SecurityError: Failed to read a named property '__tcfapiLocator' from 'Window': Blocked a frame with origin "https://cds.connatix.com" from accessing a cross-origin frame. @ https://tags.crwdcntrl.net/lt/c/17331/sync.min.js:0
[   12163ms] [ERROR] SYNC.JS: There was a problem while setting up the TCF IFRAME LOCATOR API: SecurityError: Failed to read a named property '__tcfapiLocator' from 'Window': Blocked a frame with origin "https://cds.connatix.com" from accessing a cross-origin frame. @ https://tags.crwdcntrl.net/lt/c/17331/sync.min.js:0
[   12415ms] [ERROR] SYNC.JS: There was a problem while setting up the TCF IFRAME LOCATOR API: SecurityError: Failed to read a named property '__tcfapiLocator' from 'Window': Blocked a frame with origin "https://cds.connatix.com" from accessing a cross-origin frame. @ https://tags.crwdcntrl.net/lt/c/17331/sync.min.js:0
[   12667ms] [ERROR] SYNC.JS: There was a problem while setting up the TCF IFRAME LOCATOR API: SecurityError: Failed to read a named property '__tcfapiLocator' from 'Window': Blocked a frame with origin "https://cds.connatix.com" from accessing a cross-origin frame. @ https://tags.crwdcntrl.net/lt/c/17331/sync.min.js:0
[   12919ms] [ERROR] SYNC.JS: There was a problem while setting up the TCF IFRAME LOCATOR API: SecurityError: Failed to read a named property '__tcfapiLocator' from 'Window': Blocked a frame with origin "https://cds.connatix.com" from accessing a cross-origin frame. @ https://tags.crwdcntrl.net/lt/c/17331/sync.min.js:0
[   13170ms] [ERROR] SYNC.JS: There was a problem while setting up the TCF IFRAME LOCATOR API: SecurityError: Failed to read a named property '__tcfapiLocator' from 'Window': Blocked a frame with origin "https://cds.connatix.com" from accessing a cross-origin frame. @ https://tags.crwdcntrl.net/lt/c/17331/sync.min.js:0
[   13422ms] [ERROR] SYNC.JS: There was a problem while setting up the TCF IFRAME LOCATOR API: SecurityError: Failed to read a named property '__tcfapiLocator' from 'Window': Blocked a frame with origin "https://cds.connatix.com" from accessing a cross-origin frame. @ https://tags.crwdcntrl.net/lt/c/17331/sync.min.js:0
[   13674ms] [ERROR] SYNC.JS: There was a problem while setting up the TCF IFRAME LOCATOR API: SecurityError: Failed to read a named property '__tcfapiLocator' from 'Window': Blocked a frame with origin "https://cds.connatix.com" from accessing a cross-origin frame. @ https://tags.crwdcntrl.net/lt/c/17331/sync.min.js:0
[   13926ms] [ERROR] SYNC.JS: There was a problem while setting up the TCF IFRAME LOCATOR API: SecurityError: Failed to read a named property '__tcfapiLocator' from 'Window': Blocked a frame with origin "https://cds.connatix.com" from accessing a cross-origin frame. @ https://tags.crwdcntrl.net/lt/c/17331/sync.min.js:0
[   14177ms] [ERROR] SYNC.JS: There was a problem while setting up the TCF IFRAME LOCATOR API: SecurityError: Failed to read a named property '__tcfapiLocator' from 'Window': Blocked a frame with origin "https://cds.connatix.com" from accessing a cross-origin frame. @ https://tags.crwdcntrl.net/lt/c/17331/sync.min.js:0
[   14428ms] [ERROR] SYNC.JS: There was a problem while setting up the TCF IFRAME LOCATOR API: SecurityError: Failed to read a named property '__tcfapiLocator' from 'Window': Blocked a frame with origin "https://cds.connatix.com" from accessing a cross-origin frame. @ https://tags.crwdcntrl.net/lt/c/17331/sync.min.js:0
[   14680ms] [ERROR] SYNC.JS: There was a problem while setting up the TCF IFRAME LOCATOR API: SecurityError: Failed to read a named property '__tcfapiLocator' from 'Window': Blocked a frame with origin "https://cds.connatix.com" from accessing a cross-origin frame. @ https://tags.crwdcntrl.net/lt/c/17331/sync.min.js:0
[   14932ms] [ERROR] SYNC.JS: There was a problem while setting up the TCF IFRAME LOCATOR API: SecurityError: Failed to read a named property '__tcfapiLocator' from 'Window': Blocked a frame with origin "https://cds.connatix.com" from accessing a cross-origin frame. @ https://tags.crwdcntrl.net/lt/c/17331/sync.min.js:0
[   15184ms] [ERROR] SYNC.JS: There was a problem while setting up the TCF IFRAME LOCATOR API: SecurityError: Failed to read a named property '__tcfapiLocator' from 'Window': Blocked a frame with origin "https://cds.connatix.com" from accessing a cross-origin frame. @ https://tags.crwdcntrl.net/lt/c/17331/sync.min.js:0
[   15435ms] [ERROR] SYNC.JS: There was a problem while setting up the TCF IFRAME LOCATOR API: SecurityError: Failed to read a named property '__tcfapiLocator' from 'Window': Blocked a frame with origin "https://cds.connatix.com" from accessing a cross-origin frame. @ https://tags.crwdcntrl.net/lt/c/17331/sync.min.js:0
[   15686ms] [ERROR] SYNC.JS: There was a problem while setting up the TCF IFRAME LOCATOR API: SecurityError: Failed to read a named property '__tcfapiLocator' from 'Window': Blocked a frame with origin "https://cds.connatix.com" from accessing a cross-origin frame. @ https://tags.crwdcntrl.net/lt/c/17331/sync.min.js:0
[   15939ms] [ERROR] SYNC.JS: There was a problem while setting up the TCF IFRAME LOCATOR API: SecurityError: Failed to read a named property '__tcfapiLocator' from 'Window': Blocked a frame with origin "https://cds.connatix.com" from accessing a cross-origin frame. @ https://tags.crwdcntrl.net/lt/c/17331/sync.min.js:0
[   16191ms] [ERROR] SYNC.JS: There was a problem while setting up the TCF IFRAME LOCATOR API: SecurityError: Failed to read a named property '__tcfapiLocator' from 'Window': Blocked a frame with origin "https://cds.connatix.com" from accessing a cross-origin frame. @ https://tags.crwdcntrl.net/lt/c/17331/sync.min.js:0
[   16436ms] [ERROR] Failed to load resource: net::ERR_HTTP2_SERVER_REFUSED_STREAM @ https://cs.admanmedia.com/73c1e1bfc3bde354d60b80e601ae3914.gif?puid=[UID]&redir=https%3A%2F%2Fonetag-sys.com%2Fmatch%2F%3Fint_id%3D164%26gdpr%3D1%26gdpr_consent%3D%26uid%3D%5BUID%5D&gdpr=1&gdpr_consent=&ccpa=&coppa=:0
[   16437ms] [ERROR] Failed to load resource: net::ERR_HTTP2_SERVER_REFUSED_STREAM @ https://cs.admanmedia.com/77bb8e39d66271fda1db01d45766b9d9.gif?puid=%5BUID%5D&redir=https%3A%2F%2Fcs-server-s2s.yellowblue.io%2Fcs%3Ffwrd%3D1%26aid%3D11559%26id%3D%5BUID%5D%26gdpr%3D%5BGDPR%5D%26gdpr_consent%3D%5BUSER_CONSENT%5D:0
[   16438ms] [ERROR] Failed to load resource: net::ERR_HTTP2_SERVER_REFUSED_STREAM @ https://cs.admanmedia.com/73c1e1bfc3bde354d60b80e601ae3914.gif?puid=[UID]&redir=https%3A%2F%2Fonetag-sys.com%2Fmatch%2F%3Fint_id%3D164%26gdpr%3D0%26gdpr_consent%3D%26uid%3D%5BUID%5D&gdpr=0&gdpr_consent=&ccpa=&coppa=:0
[   16442ms] [ERROR] SYNC.JS: There was a problem while setting up the TCF IFRAME LOCATOR API: SecurityError: Failed to read a named property '__tcfapiLocator' from 'Window': Blocked a frame with origin "https://cds.connatix.com" from accessing a cross-origin frame. @ https://tags.crwdcntrl.net/lt/c/17331/sync.min.js:0
[   16693ms] [ERROR] SYNC.JS: There was a problem while setting up the TCF IFRAME LOCATOR API: SecurityError: Failed to read a named property '__tcfapiLocator' from 'Window': Blocked a frame with origin "https://cds.connatix.com" from accessing a cross-origin frame. @ https://tags.crwdcntrl.net/lt/c/17331/sync.min.js:0
[   16945ms] [ERROR] SYNC.JS: There was a problem while setting up the TCF IFRAME LOCATOR API: SecurityError: Failed to read a named property '__tcfapiLocator' from 'Window': Blocked a frame with origin "https://cds.connatix.com" from accessing a cross-origin frame. @ https://tags.crwdcntrl.net/lt/c/17331/sync.min.js:0
[   17197ms] [ERROR] SYNC.JS: There was a problem while setting up the TCF IFRAME LOCATOR API: SecurityError: Failed to read a named property '__tcfapiLocator' from 'Window': Blocked a frame with origin "https://cds.connatix.com" from accessing a cross-origin frame. @ https://tags.crwdcntrl.net/lt/c/17331/sync.min.js:0
[   17449ms] [ERROR] SYNC.JS: There was a problem while setting up the TCF IFRAME LOCATOR API: SecurityError: Failed to read a named property '__tcfapiLocator' from 'Window': Blocked a frame with origin "https://cds.connatix.com" from accessing a cross-origin frame. @ https://tags.crwdcntrl.net/lt/c/17331/sync.min.js:0
[   17701ms] [ERROR] SYNC.JS: There was a problem while setting up the TCF IFRAME LOCATOR API: SecurityError: Failed to read a named property '__tcfapiLocator' from 'Window': Blocked a frame with origin "https://cds.connatix.com" from accessing a cross-origin frame. @ https://tags.crwdcntrl.net/lt/c/17331/sync.min.js:0
[   17953ms] [ERROR] SYNC.JS: There was a problem while setting up the TCF IFRAME LOCATOR API: SecurityError: Failed to read a named property '__tcfapiLocator' from 'Window': Blocked a frame with origin "https://cds.connatix.com" from accessing a cross-origin frame. @ https://tags.crwdcntrl.net/lt/c/17331/sync.min.js:0
[   18205ms] [ERROR] SYNC.JS: There was a problem while setting up the TCF IFRAME LOCATOR API: SecurityError: Failed to read a named property '__tcfapiLocator' from 'Window': Blocked a frame with origin "https://cds.connatix.com" from accessing a cross-origin frame. @ https://tags.crwdcntrl.net/lt/c/17331/sync.min.js:0
[   18457ms] [ERROR] SYNC.JS: There was a problem while setting up the TCF IFRAME LOCATOR API: SecurityError: Failed to read a named property '__tcfapiLocator' from 'Window': Blocked a frame with origin "https://cds.connatix.com" from accessing a cross-origin frame. @ https://tags.crwdcntrl.net/lt/c/17331/sync.min.js:0
[   18709ms] [ERROR] SYNC.JS: There was a problem while setting up the TCF IFRAME LOCATOR API: SecurityError: Failed to read a named property '__tcfapiLocator' from 'Window': Blocked a frame with origin "https://cds.connatix.com" from accessing a cross-origin frame. @ https://tags.crwdcntrl.net/lt/c/17331/sync.min.js:0
[   18961ms] [ERROR] SYNC.JS: There was a problem while setting up the TCF IFRAME LOCATOR API: SecurityError: Failed to read a named property '__tcfapiLocator' from 'Window': Blocked a frame with origin "https://cds.connatix.com" from accessing a cross-origin frame. @ https://tags.crwdcntrl.net/lt/c/17331/sync.min.js:0
[   19213ms] [ERROR] SYNC.JS: There was a problem while setting up the TCF IFRAME LOCATOR API: SecurityError: Failed to read a named property '__tcfapiLocator' from 'Window': Blocked a frame with origin "https://cds.connatix.com" from accessing a cross-origin frame. @ https://tags.crwdcntrl.net/lt/c/17331/sync.min.js:0
[   19463ms] [ERROR] SYNC.JS: There was a problem while setting up the TCF IFRAME LOCATOR API: SecurityError: Failed to read a named property '__tcfapiLocator' from 'Window': Blocked a frame with origin "https://cds.connatix.com" from accessing a cross-origin frame. @ https://tags.crwdcntrl.net/lt/c/17331/sync.min.js:0
[   19714ms] [ERROR] SYNC.JS: There was a problem while setting up the TCF IFRAME LOCATOR API: SecurityError: Failed to read a named property '__tcfapiLocator' from 'Window': Blocked a frame with origin "https://cds.connatix.com" from accessing a cross-origin frame. @ https://tags.crwdcntrl.net/lt/c/17331/sync.min.js:0
[   19965ms] [ERROR] SYNC.JS: There was a problem while setting up the TCF IFRAME LOCATOR API: SecurityError: Failed to read a named property '__tcfapiLocator' from 'Window': Blocked a frame with origin "https://cds.connatix.com" from accessing a cross-origin frame. @ https://tags.crwdcntrl.net/lt/c/17331/sync.min.js:0
[   20218ms] [ERROR] SYNC.JS: There was a problem while setting up the TCF IFRAME LOCATOR API: SecurityError: Failed to read a named property '__tcfapiLocator' from 'Window': Blocked a frame with origin "https://cds.connatix.com" from accessing a cross-origin frame. @ https://tags.crwdcntrl.net/lt/c/17331/sync.min.js:0
[   20469ms] [ERROR] SYNC.JS: There was a problem while setting up the TCF IFRAME LOCATOR API: SecurityError: Failed to read a named property '__tcfapiLocator' from 'Window': Blocked a frame with origin "https://cds.connatix.com" from accessing a cross-origin frame. @ https://tags.crwdcntrl.net/lt/c/17331/sync.min.js:0
[   20721ms] [ERROR] SYNC.JS: There was a problem while setting up the TCF IFRAME LOCATOR API: SecurityError: Failed to read a named property '__tcfapiLocator' from 'Window': Blocked a frame with origin "https://cds.connatix.com" from accessing a cross-origin frame. @ https://tags.crwdcntrl.net/lt/c/17331/sync.min.js:0
[   20972ms] [ERROR] SYNC.JS: There was a problem while setting up the TCF IFRAME LOCATOR API: SecurityError: Failed to read a named property '__tcfapiLocator' from 'Window': Blocked a frame with origin "https://cds.connatix.com" from accessing a cross-origin frame. @ https://tags.crwdcntrl.net/lt/c/17331/sync.min.js:0
[   21224ms] [ERROR] SYNC.JS: There was a problem while setting up the TCF IFRAME LOCATOR API: SecurityError: Failed to read a named property '__tcfapiLocator' from 'Window': Blocked a frame with origin "https://cds.connatix.com" from accessing a cross-origin frame. @ https://tags.crwdcntrl.net/lt/c/17331/sync.min.js:0
[   21475ms] [ERROR] SYNC.JS: There was a problem while setting up the TCF IFRAME LOCATOR API: SecurityError: Failed to read a named property '__tcfapiLocator' from 'Window': Blocked a frame with origin "https://cds.connatix.com" from accessing a cross-origin frame. @ https://tags.crwdcntrl.net/lt/c/17331/sync.min.js:0
[   21728ms] [ERROR] SYNC.JS: There was a problem while setting up the TCF IFRAME LOCATOR API: SecurityError: Failed to read a named property '__tcfapiLocator' from 'Window': Blocked a frame with origin "https://cds.connatix.com" from accessing a cross-origin frame. @ https://tags.crwdcntrl.net/lt/c/17331/sync.min.js:0
[   21980ms] [ERROR] SYNC.JS: There was a problem while setting up the TCF IFRAME LOCATOR API: SecurityError: Failed to read a named property '__tcfapiLocator' from 'Window': Blocked a frame with origin "https://cds.connatix.com" from accessing a cross-origin frame. @ https://tags.crwdcntrl.net/lt/c/17331/sync.min.js:0
[   22143ms] [ERROR] Attestation check for Attribution Reporting on https://www.facebook.com failed. @ https://www.cntraveler.com/gallery/best-restaurants-in-barcelona:0
[   22147ms] [ERROR] Attestation check for Attribution Reporting on https://www.facebook.com failed. @ https://www.cntraveler.com/gallery/best-restaurants-in-barcelona:0
[   24952ms] [WARNING] [GPT] Slot footer_0 rendered inside of the viewport.
https://goo.gle/gpt-message#169 @ https://securepubads.g.doubleclick.net/pagead/managed/js/gpt/m202604070101/pubads_impl.js:18
[    3672ms] [ERROR] Attestation check for Shared Storage on https://www.googleadservices.com failed. @ https://www.googleadservices.com/pagead/managed/js/activeview/current/reach_worklet.html:0
[    3677ms] [ERROR] Attestation check for Shared Storage on https://www.googleadservices.com failed. @ https://www.googleadservices.com/pagead/managed/js/activeview/current/reach_worklet.html:0
[    3678ms] [ERROR] Attestation check for Shared Storage on https://www.googleadservices.com failed. @ https://www.googleadservices.com/pagead/managed/js/activeview/current/reach_worklet.html:0
[    3679ms] [ERROR] Attestation check for Shared Storage on https://www.googleadservices.com failed. @ https://www.googleadservices.com/pagead/managed/js/activeview/current/reach_worklet.html:0
[    3682ms] [ERROR] Attestation check for Shared Storage on https://www.googleadservices.com failed. @ https://www.googleadservices.com/pagead/managed/js/activeview/current/reach_worklet.html:0
[    3683ms] [ERROR] Attestation check for Shared Storage on https://www.googleadservices.com failed. @ https://www.googleadservices.com/pagead/managed/js/activeview/current/reach_worklet.html:0
[    3736ms] [ERROR] Attestation check for Shared Storage on https://www.googleadservices.com failed. @ https://www.googleadservices.com/pagead/managed/js/activeview/current/reach_worklet.html:0
[    4318ms] [ERROR] Attestation check for Shared Storage on https://www.googleadservices.com failed. @ https://www.googleadservices.com/pagead/managed/js/activeview/current/reach_worklet.html:0
[    4576ms] [ERROR] Attestation check for Shared Storage on https://www.googleadservices.com failed. @ https://www.googleadservices.com/pagead/managed/js/activeview/current/reach_worklet.html:0
[    5031ms] [ERROR] Attestation check for Shared Storage on https://www.googleadservices.com failed. @ https://www.googleadservices.com/pagead/managed/js/activeview/current/reach_worklet.html:0
[    5153ms] [ERROR] Attestation check for Shared Storage on https://www.googleadservices.com failed. @ https://www.googleadservices.com/pagead/managed/js/activeview/current/reach_worklet.html:0
[   25060ms] [ERROR] Attestation check for Shared Storage on https://www.googleadservices.com failed. @ https://www.googleadservices.com/pagead/managed/js/activeview/current/reach_worklet.html:0
[   25269ms] [LOG] Metrics: `ad-content-load` took 164ms @ https://publish.responsiveads.com/libs/radical.r7.min.js:113
[   25405ms] [LOG] Metrics: `flowline-load` took 133ms @ https://publish.responsiveads.com/libs/radical.r7.min.js:113
[   25429ms] [LOG] Metrics: `asset-load-1200x325` took 21ms @ https://publish.responsiveads.com/libs/radical.r7.min.js:113
[   25434ms] [LOG] Metrics: `ad-render-1200x325` took 5ms @ https://publish.responsiveads.com/libs/radical.r7.min.js:113
[   42147ms] [ERROR] Attestation check for Attribution Reporting on https://www.facebook.com failed. @ https://www.cntraveler.com/gallery/best-restaurants-in-barcelona:0
[   42153ms] [ERROR] Attestation check for Attribution Reporting on https://www.facebook.com failed. @ https://www.cntraveler.com/gallery/best-restaurants-in-barcelona:0
[    3672ms] [ERROR] Attestation check for Shared Storage on https://www.googleadservices.com failed. @ https://www.googleadservices.com/pagead/managed/js/activeview/current/reach_worklet.html:0
[    3677ms] [ERROR] Attestation check for Shared Storage on https://www.googleadservices.com failed. @ https://www.googleadservices.com/pagead/managed/js/activeview/current/reach_worklet.html:0
[    3678ms] [ERROR] Attestation check for Shared Storage on https://www.googleadservices.com failed. @ https://www.googleadservices.com/pagead/managed/js/activeview/current/reach_worklet.html:0
[    3679ms] [ERROR] Attestation check for Shared Storage on https://www.googleadservices.com failed. @ https://www.googleadservices.com/pagead/managed/js/activeview/current/reach_worklet.html:0
[    3682ms] [ERROR] Attestation check for Shared Storage on https://www.googleadservices.com failed. @ https://www.googleadservices.com/pagead/managed/js/activeview/current/reach_worklet.html:0
[    3683ms] [ERROR] Attestation check for Shared Storage on https://www.googleadservices.com failed. @ https://www.googleadservices.com/pagead/managed/js/activeview/current/reach_worklet.html:0
[    3736ms] [ERROR] Attestation check for Shared Storage on https://www.googleadservices.com failed. @ https://www.googleadservices.com/pagead/managed/js/activeview/current/reach_worklet.html:0
[    4318ms] [ERROR] Attestation check for Shared Storage on https://www.googleadservices.com failed. @ https://www.googleadservices.com/pagead/managed/js/activeview/current/reach_worklet.html:0
[    4576ms] [ERROR] Attestation check for Shared Storage on https://www.googleadservices.com failed. @ https://www.googleadservices.com/pagead/managed/js/activeview/current/reach_worklet.html:0
[    5031ms] [ERROR] Attestation check for Shared Storage on https://www.googleadservices.com failed. @ https://www.googleadservices.com/pagead/managed/js/activeview/current/reach_worklet.html:0
[    5153ms] [ERROR] Attestation check for Shared Storage on https://www.googleadservices.com failed. @ https://www.googleadservices.com/pagead/managed/js/activeview/current/reach_worklet.html:0
[   25060ms] [ERROR] Attestation check for Shared Storage on https://www.googleadservices.com failed. @ https://www.googleadservices.com/pagead/managed/js/activeview/current/reach_worklet.html:0
[   54752ms] [ERROR] Attestation check for Shared Storage on https://www.googleadservices.com failed. @ https://www.googleadservices.com/pagead/managed/js/activeview/current/reach_worklet.html:0
[   54797ms] [LOG] Metrics: `ad-content-load` took 126ms @ https://publish.responsiveads.com/libs/radical.r7.min.js:113
[   55087ms] [LOG] Metrics: `flowline-load` took 288ms @ https://publish.responsiveads.com/libs/radical.r7.min.js:113
[   55189ms] [LOG] Metrics: `asset-load-1200x325` took 100ms @ https://publish.responsiveads.com/libs/radical.r7.min.js:113
[   55196ms] [LOG] Metrics: `ad-render-1200x325` took 8ms @ https://publish.responsiveads.com/libs/radical.r7.min.js:113
