[    2752ms] [WARNING] ConcertAds: (2290ms) Optimera: no splitter value for slot id div-gpt-ad-mapstack_sponsorship @ https://carolinas.eater.com/_next/static/chunks/pages/_app-11b2fedfac9e2f34.js:172
[    2753ms] [WARNING] ConcertAds: (2290ms) Optimera: no splitter value for slot id div-gpt-ad-native_ad_linkset_link @ https://carolinas.eater.com/_next/static/chunks/pages/_app-11b2fedfac9e2f34.js:172
[    2846ms] [LOG] OPS VERSION 3.2 @ https://carolinas.eater.com/_next/static/chunks/pages/_app-11b2fedfac9e2f34.js:172
[    3225ms] [LOG] trackPageView success @ https://carolinas.eater.com/_next/static/chunks/pages/_app-11b2fedfac9e2f34.js:172
[    3585ms] [ERROR] Attestation check for Attribution Reporting on https://www.facebook.com failed. @ https://carolinas.eater.com/maps/best-asheville-restaurants:0
[    3764ms] [LOG] DEBUG - (ATS-ENVELOPE-MODULE) ats-set-additional-data event set up. @ https://carolinas.eater.com/_next/static/chunks/pages/_app-11b2fedfac9e2f34.js:172
[    3764ms] [LOG] DEBUG - (ATS-ENVELOPE-MODULE) There is no google_ssp envelope in storage. @ https://carolinas.eater.com/_next/static/chunks/pages/_app-11b2fedfac9e2f34.js:172
[    3765ms] [LOG] DEBUG - (ATS-ENVELOPE-MODULE) There is no liveramp envelope in storage. @ https://carolinas.eater.com/_next/static/chunks/pages/_app-11b2fedfac9e2f34.js:172
[    3781ms] [ERROR] Attestation check for Attribution Reporting on https://www.facebook.com failed. @ https://carolinas.eater.com/maps/best-asheville-restaurants:0
[    3781ms] [ERROR] Attestation check for Attribution Reporting on https://www.facebook.com failed. @ https://carolinas.eater.com/maps/best-asheville-restaurants:0
[    3781ms] [ERROR] Attestation check for Attribution Reporting on https://www.facebook.com failed. @ https://carolinas.eater.com/maps/best-asheville-restaurants:0
[    3781ms] [ERROR] Attestation check for Attribution Reporting on https://www.facebook.com failed. @ https://carolinas.eater.com/maps/best-asheville-restaurants:0
[    3782ms] [ERROR] Attestation check for Attribution Reporting on https://www.facebook.com failed. @ https://carolinas.eater.com/maps/best-asheville-restaurants:0
[    3782ms] [ERROR] Attestation check for Attribution Reporting on https://www.facebook.com failed. @ https://carolinas.eater.com/maps/best-asheville-restaurants:0
[    3783ms] [INFO] INFO - (ATS-ENVELOPE-MODULE) (Geo location) consent check not passed @ https://carolinas.eater.com/_next/static/chunks/pages/_app-11b2fedfac9e2f34.js:172
[    3783ms] [INFO] INFO - (ATS-ENVELOPE-MODULE) (Geo location) persisted cached location data @ https://carolinas.eater.com/_next/static/chunks/pages/_app-11b2fedfac9e2f34.js:172
[    3783ms] [LOG] DEBUG - (ATS-ENVELOPE-MODULE) Consent is given, module will start! @ https://carolinas.eater.com/_next/static/chunks/pages/_app-11b2fedfac9e2f34.js:172
[    3783ms] [INFO] INFO - (ATS-ENVELOPE-MODULE) (Geo location) persisted cached location data @ https://carolinas.eater.com/_next/static/chunks/pages/_app-11b2fedfac9e2f34.js:172
[    3784ms] [LOG] DEBUG - (ATS-ENVELOPE-MODULE) LIVERAMP envelope not found in storage! New envelope will be acquired. @ https://carolinas.eater.com/_next/static/chunks/pages/_app-11b2fedfac9e2f34.js:172
[    3784ms] [INFO] INFO - (ATS-ENVELOPE-MODULE) Catching identifier configured. @ https://carolinas.eater.com/_next/static/chunks/pages/_app-11b2fedfac9e2f34.js:172
[    3784ms] [INFO] INFO - (ATS-ENVELOPE-MODULE) Envelope-module is configured. @ https://carolinas.eater.com/_next/static/chunks/pages/_app-11b2fedfac9e2f34.js:172
[    3797ms] [ERROR] Attestation check for Attribution Reporting on https://www.facebook.com failed. @ https://carolinas.eater.com/maps/best-asheville-restaurants:0
[    4111ms] [INFO] INFO - (ATS-DETECTION-MODULE) (Geo location) persisted cached location data @ https://carolinas.eater.com/_next/static/chunks/pages/_app-11b2fedfac9e2f34.js:172
[    4111ms] [LOG] DEBUG - (ATS-DETECTION-MODULE) Consent is given, module will start! @ https://carolinas.eater.com/_next/static/chunks/pages/_app-11b2fedfac9e2f34.js:172
[    4111ms] [INFO] INFO - (ATS-DETECTION-MODULE) (Geo location) persisted cached location data @ https://carolinas.eater.com/_next/static/chunks/pages/_app-11b2fedfac9e2f34.js:172
[    4192ms] [WARNING] This ad's html cannot be accessed using the getHtml method on googletag.Slot. Returning the empty string instead. @ https://carolinas.eater.com/_next/static/chunks/pages/_app-11b2fedfac9e2f34.js:172
[    4331ms] [LOG] DEBUG - (ATS-DETECTION-MODULE) Started urlAndScrape detection! @ https://carolinas.eater.com/_next/static/chunks/pages/_app-11b2fedfac9e2f34.js:172
[    4331ms] [LOG] DEBUG - (ATS-DETECTION-MODULE) There is no such url parameter. 
 Tried to fetch: email @ https://carolinas.eater.com/_next/static/chunks/pages/_app-11b2fedfac9e2f34.js:172
[    4331ms] [LOG] DEBUG - (ATS-DETECTION-MODULE) There is no such url parameter. 
 Tried to fetch: hashedPid @ https://carolinas.eater.com/_next/static/chunks/pages/_app-11b2fedfac9e2f34.js:172
[    4331ms] [INFO] INFO - (ATS-DETECTION-MODULE) Detection started! Library is configured to detect:  [email, pidHashes] @ https://carolinas.eater.com/_next/static/chunks/pages/_app-11b2fedfac9e2f34.js:172
[    4331ms] [INFO] INFO - (ATS-DETECTION-MODULE) Detection event type is  onsubmit @ https://carolinas.eater.com/_next/static/chunks/pages/_app-11b2fedfac9e2f34.js:172
[    4786ms] [INFO] INFO - (ATS-ENVELOPE-MODULE) We have dispatched envelopeModuleReady event again! @ https://carolinas.eater.com/_next/static/chunks/pages/_app-11b2fedfac9e2f34.js:172
[    4786ms] [INFO] INFO - (ATS-ENVELOPE-MODULE) How many times we have dispatched event envelopeModuleReady:  2 @ https://carolinas.eater.com/_next/static/chunks/pages/_app-11b2fedfac9e2f34.js:172
[    4870ms] [ERROR] Attestation check for Shared Storage on https://www.googleadservices.com failed. @ https://www.googleadservices.com/pagead/managed/js/activeview/current/reach_worklet.html:0
[    4873ms] [ERROR] Attestation check for Shared Storage on https://www.googleadservices.com failed. @ https://www.googleadservices.com/pagead/managed/js/activeview/current/reach_worklet.html:0
[    4950ms] [LOG] DEBUG - (ATS-DETECTION-MODULE) Detected dynamically added nodes. @ https://carolinas.eater.com/_next/static/chunks/pages/_app-11b2fedfac9e2f34.js:172
[    4964ms] [LOG] DEBUG - (ATS-DETECTION-MODULE) Detected dynamically added nodes. @ https://carolinas.eater.com/_next/static/chunks/pages/_app-11b2fedfac9e2f34.js:172
[    4980ms] [LOG] DEBUG - (ATS-DETECTION-MODULE) Detected dynamically added nodes. @ https://carolinas.eater.com/_next/static/chunks/pages/_app-11b2fedfac9e2f34.js:172
[    4996ms] [LOG] DEBUG - (ATS-DETECTION-MODULE) Detected dynamically added nodes. @ https://carolinas.eater.com/_next/static/chunks/pages/_app-11b2fedfac9e2f34.js:172
[    5013ms] [LOG] DEBUG - (ATS-DETECTION-MODULE) Detected dynamically added nodes. @ https://carolinas.eater.com/_next/static/chunks/pages/_app-11b2fedfac9e2f34.js:172
[    5030ms] [LOG] DEBUG - (ATS-DETECTION-MODULE) Detected dynamically added nodes. @ https://carolinas.eater.com/_next/static/chunks/pages/_app-11b2fedfac9e2f34.js:172
[    5088ms] [LOG] DEBUG - (ATS-DETECTION-MODULE) Detected dynamically added nodes. @ https://carolinas.eater.com/_next/static/chunks/pages/_app-11b2fedfac9e2f34.js:172
[    5093ms] [LOG] DEBUG - (ATS-DETECTION-MODULE) Detected dynamically added nodes. @ https://carolinas.eater.com/_next/static/chunks/pages/_app-11b2fedfac9e2f34.js:172
[    5121ms] [LOG] DEBUG - (ATS-DETECTION-MODULE) Detected dynamically added nodes. @ https://carolinas.eater.com/_next/static/chunks/pages/_app-11b2fedfac9e2f34.js:172
[    5221ms] [LOG] DEBUG - (ATS-DETECTION-MODULE) Detected dynamically added nodes. @ https://carolinas.eater.com/_next/static/chunks/pages/_app-11b2fedfac9e2f34.js:172
[    5222ms] [LOG] DEBUG - (ATS-DETECTION-MODULE) Detected dynamically added nodes. @ https://carolinas.eater.com/_next/static/chunks/pages/_app-11b2fedfac9e2f34.js:172
[    5685ms] [LOG] DEBUG - (ATS-DETECTION-MODULE) Detected dynamically added nodes. @ https://carolinas.eater.com/_next/static/chunks/pages/_app-11b2fedfac9e2f34.js:172
[    5785ms] [INFO] INFO - (ATS-ENVELOPE-MODULE) We have dispatched envelopeModuleReady event again! @ https://carolinas.eater.com/_next/static/chunks/pages/_app-11b2fedfac9e2f34.js:172
[    5786ms] [INFO] INFO - (ATS-ENVELOPE-MODULE) How many times we have dispatched event envelopeModuleReady:  3 @ https://carolinas.eater.com/_next/static/chunks/pages/_app-11b2fedfac9e2f34.js:172
[    5900ms] [LOG] DEBUG - (ATS-DETECTION-MODULE) Detected dynamically added nodes. @ https://carolinas.eater.com/_next/static/chunks/pages/_app-11b2fedfac9e2f34.js:172
[    6018ms] [LOG] DEBUG - (ATS-DETECTION-MODULE) Detected dynamically added nodes. @ https://carolinas.eater.com/_next/static/chunks/pages/_app-11b2fedfac9e2f34.js:172
[    6019ms] [LOG] DEBUG - (ATS-DETECTION-MODULE) Detected dynamically added nodes. @ https://carolinas.eater.com/_next/static/chunks/pages/_app-11b2fedfac9e2f34.js:172
[    6020ms] [LOG] DEBUG - (ATS-DETECTION-MODULE) Detected dynamically added nodes. @ https://carolinas.eater.com/_next/static/chunks/pages/_app-11b2fedfac9e2f34.js:172
[    6020ms] [LOG] DEBUG - (ATS-DETECTION-MODULE) Detected dynamically added nodes. @ https://carolinas.eater.com/_next/static/chunks/pages/_app-11b2fedfac9e2f34.js:172
[    6022ms] [LOG] DEBUG - (ATS-DETECTION-MODULE) Detected dynamically added nodes. @ https://carolinas.eater.com/_next/static/chunks/pages/_app-11b2fedfac9e2f34.js:172
[    6022ms] [LOG] DEBUG - (ATS-DETECTION-MODULE) Detected dynamically added nodes. @ https://carolinas.eater.com/_next/static/chunks/pages/_app-11b2fedfac9e2f34.js:172
[    6023ms] [LOG] DEBUG - (ATS-DETECTION-MODULE) Detected dynamically added nodes. @ https://carolinas.eater.com/_next/static/chunks/pages/_app-11b2fedfac9e2f34.js:172
[    6694ms] [LOG] DEBUG - (ATS-DETECTION-MODULE) Detected dynamically added nodes. @ https://carolinas.eater.com/_next/static/chunks/pages/_app-11b2fedfac9e2f34.js:172
[    9897ms] [LOG] DEBUG - (ATS-DETECTION-MODULE) Detected dynamically added nodes. @ https://carolinas.eater.com/_next/static/chunks/pages/_app-11b2fedfac9e2f34.js:172
[   10710ms] [LOG] DEBUG - (ATS-DETECTION-MODULE) Detected dynamically added nodes. @ https://carolinas.eater.com/_next/static/chunks/pages/_app-11b2fedfac9e2f34.js:172
[   18065ms] [WARNING] The resource https://securepubads.g.doubleclick.net/tag/js/gpt.js was preloaded using link preload but not used within a few seconds from the window's load event. Please make sure it has an appropriate `as` value and it is preloaded intentionally. @ https://carolinas.eater.com/maps/best-asheville-restaurants:0
[   28030ms] [WARNING] The resource https://securepubads.g.doubleclick.net/tag/js/gpt.js was preloaded using link preload but not used within a few seconds from the window's load event. Please make sure it has an appropriate `as` value and it is preloaded intentionally. @ https://carolinas.eater.com/maps/best-asheville-restaurants:0
