[    1697ms] [ERROR] Failed to load resource: net::ERR_NAME_NOT_RESOLVED @ https://ssc.cntraveler.com/get_cookie_id?cookie_domain=cntraveler.com&r=1775931910798&callback=TreasureJSONPCallback0:0
[    1715ms] [WARNING] Allow attribute will take precedence over 'allowfullscreen'. @ https://player.cnevids.com/script/video/5654ceaaff2afb71d2000010.js?autoplay=1&muted=true&continuousPlay=1&onReady=onReady17759319105468&isFullBleed=false&isRightRail=false&onIframeReady=onIframeReady17759319105469&videoEmbedPosition=inlineEmbedded:0
[    1902ms] [WARNING] [Meta Pixel] - Removed parameters from custom data due to potential violations. Go to Events Manager to learn more. @ https://connect.facebook.net/en_US/fbevents.js:181
[    2220ms] [ERROR] Attestation check for Attribution Reporting on https://www.facebook.com failed. @ https://www.cntraveler.com/gallery/best-restaurants-in-barcelona:0
[    2867ms] [ERROR] Attestation check for Shared Storage on https://www.googleadservices.com failed. @ https://www.googleadservices.com/pagead/managed/js/activeview/current/reach_worklet.html:0
[    2982ms] [INFO] Powered by AMP ⚡ HTML – Version 2603032146000 https://www.cntraveler.com/gallery/best-restaurants-in-barcelona @ https://cdn.ampproject.org/rtv/012603032146000/amp4ads-v0.mjs:1
[    3125ms] [TIMEEND] a: 0.0009765625 ms @ https://static.adsafeprotected.com/sca.17.6.4.js:31
[    3265ms] [WARNING] This ad's html cannot be accessed using the getHtml method on googletag.Slot. Returning the empty string instead. @ https://securepubads.g.doubleclick.net/pagead/managed/js/gpt/m202604070101/pubads_impl.js:18
[    3265ms] [WARNING] This ad's html cannot be accessed using the getHtml method on googletag.Slot. Returning the empty string instead. @ https://securepubads.g.doubleclick.net/pagead/managed/js/gpt/m202604070101/pubads_impl.js:18
[    3266ms] [WARNING] This ad's html cannot be accessed using the getHtml method on googletag.Slot. Returning the empty string instead. @ https://securepubads.g.doubleclick.net/pagead/managed/js/gpt/m202604070101/pubads_impl.js:18
[    2867ms] [ERROR] Attestation check for Shared Storage on https://www.googleadservices.com failed. @ https://www.googleadservices.com/pagead/managed/js/activeview/current/reach_worklet.html:0
[    3311ms] [ERROR] Attestation check for Shared Storage on https://www.googleadservices.com failed. @ https://www.googleadservices.com/pagead/managed/js/activeview/current/reach_worklet.html:0
[    3347ms] [WARNING] This ad's html cannot be accessed using the getHtml method on googletag.Slot. Returning the empty string instead. @ https://securepubads.g.doubleclick.net/pagead/managed/js/gpt/m202604070101/pubads_impl.js:18
[    2867ms] [ERROR] Attestation check for Shared Storage on https://www.googleadservices.com failed. @ https://www.googleadservices.com/pagead/managed/js/activeview/current/reach_worklet.html:0
[    3311ms] [ERROR] Attestation check for Shared Storage on https://www.googleadservices.com failed. @ https://www.googleadservices.com/pagead/managed/js/activeview/current/reach_worklet.html:0
[    3359ms] [ERROR] Attestation check for Shared Storage on https://www.googleadservices.com failed. @ https://www.googleadservices.com/pagead/managed/js/activeview/current/reach_worklet.html:0
[    2867ms] [ERROR] Attestation check for Shared Storage on https://www.googleadservices.com failed. @ https://www.googleadservices.com/pagead/managed/js/activeview/current/reach_worklet.html:0
[    3311ms] [ERROR] Attestation check for Shared Storage on https://www.googleadservices.com failed. @ https://www.googleadservices.com/pagead/managed/js/activeview/current/reach_worklet.html:0
[    3359ms] [ERROR] Attestation check for Shared Storage on https://www.googleadservices.com failed. @ https://www.googleadservices.com/pagead/managed/js/activeview/current/reach_worklet.html:0
[    3419ms] [ERROR] Attestation check for Shared Storage on https://www.googleadservices.com failed. @ https://www.googleadservices.com/pagead/managed/js/activeview/current/reach_worklet.html:0
[    2867ms] [ERROR] Attestation check for Shared Storage on https://www.googleadservices.com failed. @ https://www.googleadservices.com/pagead/managed/js/activeview/current/reach_worklet.html:0
[    3311ms] [ERROR] Attestation check for Shared Storage on https://www.googleadservices.com failed. @ https://www.googleadservices.com/pagead/managed/js/activeview/current/reach_worklet.html:0
[    3359ms] [ERROR] Attestation check for Shared Storage on https://www.googleadservices.com failed. @ https://www.googleadservices.com/pagead/managed/js/activeview/current/reach_worklet.html:0
[    3419ms] [ERROR] Attestation check for Shared Storage on https://www.googleadservices.com failed. @ https://www.googleadservices.com/pagead/managed/js/activeview/current/reach_worklet.html:0
[    3467ms] [ERROR] Attestation check for Shared Storage on https://www.googleadservices.com failed. @ https://www.googleadservices.com/pagead/managed/js/activeview/current/reach_worklet.html:0
[    3645ms] [INFO] Powered by AMP ⚡ HTML – Version 2603032146000 https://www.cntraveler.com/gallery/best-restaurants-in-barcelona @ https://cdn.ampproject.org/rtv/012603032146000/amp4ads-v0.mjs:1
[    2867ms] [ERROR] Attestation check for Shared Storage on https://www.googleadservices.com failed. @ https://www.googleadservices.com/pagead/managed/js/activeview/current/reach_worklet.html:0
[    3311ms] [ERROR] Attestation check for Shared Storage on https://www.googleadservices.com failed. @ https://www.googleadservices.com/pagead/managed/js/activeview/current/reach_worklet.html:0
[    3359ms] [ERROR] Attestation check for Shared Storage on https://www.googleadservices.com failed. @ https://www.googleadservices.com/pagead/managed/js/activeview/current/reach_worklet.html:0
[    3419ms] [ERROR] Attestation check for Shared Storage on https://www.googleadservices.com failed. @ https://www.googleadservices.com/pagead/managed/js/activeview/current/reach_worklet.html:0
[    3467ms] [ERROR] Attestation check for Shared Storage on https://www.googleadservices.com failed. @ https://www.googleadservices.com/pagead/managed/js/activeview/current/reach_worklet.html:0
[    4278ms] [ERROR] Attestation check for Shared Storage on https://www.googleadservices.com failed. @ https://www.googleadservices.com/pagead/managed/js/activeview/current/reach_worklet.html:0
[    4370ms] [WARNING] This ad's html cannot be accessed using the getHtml method on googletag.Slot. Returning the empty string instead. @ https://securepubads.g.doubleclick.net/pagead/managed/js/gpt/m202604070101/pubads_impl.js:18
[    4370ms] [WARNING] This ad's html cannot be accessed using the getHtml method on googletag.Slot. Returning the empty string instead. @ https://securepubads.g.doubleclick.net/pagead/managed/js/gpt/m202604070101/pubads_impl.js:18
[    2867ms] [ERROR] Attestation check for Shared Storage on https://www.googleadservices.com failed. @ https://www.googleadservices.com/pagead/managed/js/activeview/current/reach_worklet.html:0
[    3311ms] [ERROR] Attestation check for Shared Storage on https://www.googleadservices.com failed. @ https://www.googleadservices.com/pagead/managed/js/activeview/current/reach_worklet.html:0
[    3359ms] [ERROR] Attestation check for Shared Storage on https://www.googleadservices.com failed. @ https://www.googleadservices.com/pagead/managed/js/activeview/current/reach_worklet.html:0
[    3419ms] [ERROR] Attestation check for Shared Storage on https://www.googleadservices.com failed. @ https://www.googleadservices.com/pagead/managed/js/activeview/current/reach_worklet.html:0
[    3467ms] [ERROR] Attestation check for Shared Storage on https://www.googleadservices.com failed. @ https://www.googleadservices.com/pagead/managed/js/activeview/current/reach_worklet.html:0
[    4278ms] [ERROR] Attestation check for Shared Storage on https://www.googleadservices.com failed. @ https://www.googleadservices.com/pagead/managed/js/activeview/current/reach_worklet.html:0
[    4792ms] [ERROR] Attestation check for Shared Storage on https://www.googleadservices.com failed. @ https://www.googleadservices.com/pagead/managed/js/activeview/current/reach_worklet.html:0
[    4831ms] TypeError: Cannot read properties of undefined (reading 'setRushSimulatedLocalEvents')
    at https://s0.2mdn.net/sadbundle/5356624408475737036/BusinessTraveler_Service_300x600/index.html?ev=01_262:240:499
[    6191ms] [WARNING] [Audigent] cannot access to window.top: skip check and continue SecurityError: Failed to read a named property 'document' from 'Window': Blocked a frame with origin "https://cds.connatix.com" from accessing a cross-origin frame.
    at https://cdn.hadronid.net/hadron.js?url=https%3A%2F%2Fcds.connatix.com%2Fp%2F292867717%2Fcnx_usync.html%3Fet%3D1%26pageUrl%3Dhttps%253a%252f%252fwww.cntraveler.com%252fgallery%252fbest-restaurants-in-barcelona%26cid%3D3dedaf43-333a-47db-bf83-57833112e6f9%26publisherExclusionLevel%3D0&ref=https%3A%2F%2Fwww.cntraveler.com%2F&_it=tag&partner_id=800&ha=ha:1:57991
    at Module.<anonymous> (https://cdn.hadronid.net/hadron.js?url=https%3A%2F%2Fcds.connatix.com%2Fp%2F292867717%2Fcnx_usync.html%3Fet%3D1%26pageUrl%3Dhttps%253a%252f%252fwww.cntraveler.com%252fgallery%252fbest-restaurants-in-barcelona%26cid%3D3dedaf43-333a-47db-bf83-57833112e6f9%26publisherExclusionLevel%3D0&ref=https%3A%2F%2Fwww.cntraveler.com%2F&_it=tag&partner_id=800&ha=ha:1:59275)
    at n (https://cdn.hadronid.net/hadron.js?url=https%3A%2F%2Fcds.connatix.com%2Fp%2F292867717%2Fcnx_usync.html%3Fet%3D1%26pageUrl%3Dhttps%253a%252f%252fwww.cntraveler.com%252fgallery%252fbest-restaurants-in-barcelona%26cid%3D3dedaf43-333a-47db-bf83-57833112e6f9%26publisherExclusionLevel%3D0&ref=https%3A%2F%2Fwww.cntraveler.com%2F&_it=tag&partner_id=800&ha=ha:1:110)
    at https://cdn.hadronid.net/hadron.js?url=https%3A%2F%2Fcds.connatix.com%2Fp%2F292867717%2Fcnx_usync.html%3Fet%3D1%26pageUrl%3Dhttps%253a%252f%252fwww.cntraveler.com%252fgallery%252fbest-restaurants-in-barcelona%26cid%3D3dedaf43-333a-47db-bf83-57833112e6f9%26publisherExclusionLevel%3D0&ref=https%3A%2F%2Fwww.cntraveler.com%2F&_it=tag&partner_id=800&ha=ha:1:902
    at https://cdn.hadronid.net/hadron.js?url=https%3A%2F%2Fcds.connatix.com%2Fp%2F292867717%2Fcnx_usync.html%3Fet%3D1%26pageUrl%3Dhttps%253a%252f%252fwww.cntraveler.com%252fgallery%252fbest-restaurants-in-barcelona%26cid%3D3dedaf43-333a-47db-bf83-57833112e6f9%26publisherExclusionLevel%3D0&ref=https%3A%2F%2Fwww.cntraveler.com%2F&_it=tag&partner_id=800&ha=ha:1:911 @ https://cdn.hadronid.net/hadron.js?url=https%3A%2F%2Fcds.connatix.com%2Fp%2F292867717%2Fcnx_usync.html%3Fet%3D1%26pageUrl%3Dhttps%253a%252f%252fwww.cntraveler.com%252fgallery%252fbest-restaurants-in-barcelona%26cid%3D3dedaf43-333a-47db-bf83-57833112e6f9%26publisherExclusionLevel%3D0&ref=https%3A%2F%2Fwww.cntraveler.com%2F&_it=tag&partner_id=800&ha=ha:0
[    6200ms] [ERROR] Refused to execute script from 'https://eb2.3lift.com/getuid?gpp=null&gpp_sid=null&gdpr=0&gdpr_consent=null&us_privacy=null&redir=https%3a%2f%2fcks.connatix.com%2fcks%3fpid%3d25%26ev%3d1-602621d51d9e48d99b6f2d9445cb1b72%26pname%3dTripleLift%26api-tier%3d2%26uid%3d%24UID' because its MIME type ('image/gif') is not executable. @ https://cds.connatix.com/p/292867717/cnx_usync.html?et=1&pageUrl=https%3a%2f%2fwww.cntraveler.com%2fgallery%2fbest-restaurants-in-barcelona&cid=3dedaf43-333a-47db-bf83-57833112e6f9&publisherExclusionLevel=0:0
[    6200ms] [ERROR] Syncing cannot be made with  https://eb2.3lift.com/getuid?gpp=null&gpp_sid=null&gdpr=0&gdpr_consent=null&us_privacy=null&redir=https%3a%2f%2fcks.connatix.com%2fcks%3fpid%3d25%26ev%3d1-602621d51d9e48d99b6f2d9445cb1b72%26pname%3dTripleLift%26api-tier%3d2%26uid%3d%24UID @ https://cds.connatix.com/p/292867717/cnx_usync.js:0
[    6221ms] [ERROR] Failed to load resource: net::ERR_NAME_NOT_RESOLVED @ https://su.addthis.com/red/usync?pid=11124&puid=8af1b5ab-f91e-443b-993f-0c4afbe31862&url=https%3a%2f%2fmatch.adsrvr.org%2ftrack%2fcmf%2fgeneric%3fttd_pid%3daddthis:0
[    6345ms] Uncaught SecurityError: Failed to read a named property 'atob' from 'Window': Blocked a frame with origin "https://cds.connatix.com" from accessing a frame with origin "https://www.cntraveler.com". Protocols, domains, and ports must match.
    at <anonymous> (https://a.ad.gt/api/v1/u/matches/800?_it=tag:0:9745)
    at <anonymous> (https://a.ad.gt/api/v1/u/matches/800?_it=tag:0:9749)
    at <anonymous> (https://a.ad.gt/api/v1/u/matches/800?_it=tag:0:9754)
[   21705ms] [ERROR] Attestation check for Attribution Reporting on https://www.facebook.com failed. @ https://www.cntraveler.com/gallery/best-restaurants-in-barcelona:0
[   22074ms] [ERROR] Attestation check for Attribution Reporting on https://www.facebook.com failed. @ https://www.cntraveler.com/gallery/best-restaurants-in-barcelona:0
