[     208ms] [ERROR] Failed to load resource: the server responded with a status of 404 () @ https://s.go-mpulse.net/boomerang/ATH8A-MAMN8-XPXCH-N5KAX-8D239:0
[     258ms] [ERROR] Failed to load resource: the server responded with a status of 404 () @ https://s.go-mpulse.net/boomerang/ATH8A-MAMN8-XPXCH-N5KAX-8D239:0
[     289ms] [ERROR] Creating a worker from 'blob:https://myaccount.nytimes.com/1b25631c-79e8-4387-8645-4fde31052095' violates the following Content Security Policy directive: "script-src 'self' 'unsafe-inline' 'unsafe-eval' *.nytimes.com *.nyt.com https://www.gstatic.com https://www.google.com https://www.googletagmanager.com https://www.google-analytics.com https://sc-static.net https://js.datadome.co https://*.go-mpulse.net". Note that 'worker-src' was not explicitly set, so 'script-src' is used as a fallback. The action has been blocked. @ https://dd.nytimes.com/tags.js:1
[    5524ms] [WARNING] The resource https://s.go-mpulse.net/boomerang/ATH8A-MAMN8-XPXCH-N5KAX-8D239 was preloaded using link preload but not used within a few seconds from the window's load event. Please make sure it has an appropriate `as` value and it is preloaded intentionally. @ https://myaccount.nytimes.com/auth/enter-email?response_type=cookie&client_id=lgcl&redirect_uri=https%3A%2F%2Fwww.nytimes.com:0
[   11368ms] [ERROR] UserInfoAgentID unavailable. @ https://myaccount.nytimes.com/lire_ui/js/sentry.bundle.js:1
[   13708ms] [WARNING] The resource https://s.go-mpulse.net/boomerang/ATH8A-MAMN8-XPXCH-N5KAX-8D239 was preloaded using link preload but not used within a few seconds from the window's load event. Please make sure it has an appropriate `as` value and it is preloaded intentionally. @ https://myaccount.nytimes.com/auth/enter-email?response_type=cookie&client_id=lgcl&redirect_uri=https%3A%2F%2Fwww.nytimes.com:0
[   18920ms] [WARNING] document.domain mutation is ignored because the surrounding agent cluster is origin-keyed. @ https://www.nytimes.com/?login=google&auth=login-google:48
[   18931ms] [WARNING] limitedAds is not set, defaulting to false @ https://www.nytimes.com/?login=google&auth=login-google:58
[   18943ms] [WARNING] userinfo data unavailable @ https://www.nytimes.com/?login=google&auth=login-google:60
[   18992ms] [WARNING] <WeatherModules> was created with unknown prop 'useFallbackModules' @ https://static01.nytimes.com/newsgraphics/weather-hp-strip/c0bd1b56-a16f-4d53-8958-be096e60b437/_assets/_app/immutable/chunks/weather-hp-modules.ac7ba72a.js:5
[   19224ms] [LOG] <!--
         0000000                         000        0000000
       111111111      11111111100          000      111111111
       00000        111111111111111111      00000      000000
       000        1111111111111111111111111100000         000
       000        1111       1111111111111111100          000
       000         11       0     1111111100              000
       000          1      00             1               000
       000               00      00       1               000
       000             000    00000       1               000
    00000            0000  00000000       1                00000
  11111            000 00    000000      000                 11111
    00000          0000      000000     00000              00000
       000        10000      000000      000              0000
       000        00000      000000       1               000
       000        000000     10000        1     0         000
       000        1000000 00              1    00         000
       000         1111111                1 0000          000
       000          1111111100           000000           000
       0000          111111111111111110000000            0000
       111111111        111111111111100000          111111111
         0000000              00000000              0000000

      NYTimes.com: All the code that's fit to window.print()!
      We're hiring: https://boards.greenhouse.io/thenewyorktimes
   --> @ https://www.nytimes.com/vi-assets/static-assets/main-790d5c8395dff24b0ea2.js:0
[   19275ms] [WARNING] et2 snippet should only load once per page @ https://static01.nytimes.com/newsgraphics/weather-hp-strip/c0bd1b56-a16f-4d53-8958-be096e60b437/_assets/_app/immutable/chunks/weather-hp-modules.ac7ba72a.js:5
[   19345ms] [WARNING] Warning: fragment with name FeedNode already exists.
graphql-tag enforces all fragment names across your application to be unique; read more about
this in the docs: http://dev.apollodata.com/core/fragments.html#unique-names @ https://static01.nytimes.com/newsgraphics/weather-hp-strip/c0bd1b56-a16f-4d53-8958-be096e60b437/_assets/_app/immutable/chunks/weather-hp-modules.ac7ba72a.js:5
[   19345ms] [WARNING] Warning: fragment with name ContainerNode already exists.
graphql-tag enforces all fragment names across your application to be unique; read more about
this in the docs: http://dev.apollodata.com/core/fragments.html#unique-names @ https://static01.nytimes.com/newsgraphics/weather-hp-strip/c0bd1b56-a16f-4d53-8958-be096e60b437/_assets/_app/immutable/chunks/weather-hp-modules.ac7ba72a.js:5
[   19345ms] [WARNING] Warning: fragment with name ZoneNode already exists.
graphql-tag enforces all fragment names across your application to be unique; read more about
this in the docs: http://dev.apollodata.com/core/fragments.html#unique-names @ https://static01.nytimes.com/newsgraphics/weather-hp-strip/c0bd1b56-a16f-4d53-8958-be096e60b437/_assets/_app/immutable/chunks/weather-hp-modules.ac7ba72a.js:5
[   19345ms] [WARNING] Warning: fragment with name ListNode already exists.
graphql-tag enforces all fragment names across your application to be unique; read more about
this in the docs: http://dev.apollodata.com/core/fragments.html#unique-names @ https://static01.nytimes.com/newsgraphics/weather-hp-strip/c0bd1b56-a16f-4d53-8958-be096e60b437/_assets/_app/immutable/chunks/weather-hp-modules.ac7ba72a.js:5
[   19345ms] [WARNING] Warning: fragment with name PackageNode already exists.
graphql-tag enforces all fragment names across your application to be unique; read more about
this in the docs: http://dev.apollodata.com/core/fragments.html#unique-names @ https://static01.nytimes.com/newsgraphics/weather-hp-strip/c0bd1b56-a16f-4d53-8958-be096e60b437/_assets/_app/immutable/chunks/weather-hp-modules.ac7ba72a.js:5
[   19345ms] [WARNING] Warning: fragment with name DropzoneNode already exists.
graphql-tag enforces all fragment names across your application to be unique; read more about
this in the docs: http://dev.apollodata.com/core/fragments.html#unique-names @ https://static01.nytimes.com/newsgraphics/weather-hp-strip/c0bd1b56-a16f-4d53-8958-be096e60b437/_assets/_app/immutable/chunks/weather-hp-modules.ac7ba72a.js:5
[   19345ms] [WARNING] Warning: fragment with name PersonalizedPackageProps already exists.
graphql-tag enforces all fragment names across your application to be unique; read more about
this in the docs: http://dev.apollodata.com/core/fragments.html#unique-names @ https://static01.nytimes.com/newsgraphics/weather-hp-strip/c0bd1b56-a16f-4d53-8958-be096e60b437/_assets/_app/immutable/chunks/weather-hp-modules.ac7ba72a.js:5
[   19345ms] [WARNING] Warning: fragment with name OnPersonalizedAsset already exists.
graphql-tag enforces all fragment names across your application to be unique; read more about
this in the docs: http://dev.apollodata.com/core/fragments.html#unique-names @ https://static01.nytimes.com/newsgraphics/weather-hp-strip/c0bd1b56-a16f-4d53-8958-be096e60b437/_assets/_app/immutable/chunks/weather-hp-modules.ac7ba72a.js:5
[   19621ms] [WARNING] userinfo data unavailable @ https://static01.nytimes.com/newsgraphics/weather-hp-strip/c0bd1b56-a16f-4d53-8958-be096e60b437/_assets/_app/immutable/chunks/weather-hp-modules.ac7ba72a.js:5
[   20678ms] [WARNING] [GPT] PubAdsService.setTargeting is deprecated, use googletag.setConfig({targeting: ...}) instead.
https://goo.gle/gpt-message#170 @ https://static01.nytimes.com/newsgraphics/weather-hp-strip/c0bd1b56-a16f-4d53-8958-be096e60b437/_assets/_app/immutable/chunks/weather-hp-modules.ac7ba72a.js:5
[   20680ms] [WARNING] [GPT] Slot.setTargeting is deprecated, use Slot.setConfig({targeting: ...}) instead.
https://goo.gle/gpt-message#171 @ https://static01.nytimes.com/newsgraphics/weather-hp-strip/c0bd1b56-a16f-4d53-8958-be096e60b437/_assets/_app/immutable/chunks/weather-hp-modules.ac7ba72a.js:5
[   22076ms] [ERROR] Attestation check for Shared Storage on https://www.googleadservices.com failed. @ https://www.googleadservices.com/pagead/managed/js/activeview/current/reach_worklet.html:0
