[     215ms] [WARNING] Recirc inline: list cards not matching requirements @ https://www.timeout.com/static/js/recirc-list-inline-7495f7914cfe71a5e8d6.js:0
[     224ms] [LOG] [CP] Contentpass initialized successfully @ https://www.timeout.com/static/js/cmp-b32bfe5b2ee6513e4e5f.js:0
[     282ms] [LOG] [SPCP] Starting Sourcepoint @ https://www.timeout.com/static/js/cmp-b32bfe5b2ee6513e4e5f.js:0
[     371ms] [ERROR] Failed to load resource: net::ERR_NAME_NOT_RESOLVED @ https://prebid-floors.timeout.com/floor:0
[     387ms] [LOG] Messaging without detection successfully executed. @ https://cdn.privacy-mgmt.com/unified/wrapperMessagingWithoutDetection.js:0
[     397ms] [LOG] --GPP region-- @ https://www.timeout.com/static/js/cmp-b32bfe5b2ee6513e4e5f.js:0
[     397ms] [LOG] --GPP region-- @ https://www.timeout.com/static/js/cmp-b32bfe5b2ee6513e4e5f.js:0
[     397ms] [LOG] --GPP region-- @ https://www.timeout.com/static/js/cmp-b32bfe5b2ee6513e4e5f.js:0
[     397ms] [LOG] --GPP region-- @ https://www.timeout.com/static/js/cmp-b32bfe5b2ee6513e4e5f.js:0
[     397ms] [LOG] --GPP region-- @ https://www.timeout.com/static/js/cmp-b32bfe5b2ee6513e4e5f.js:0
[     397ms] [LOG] --GPP region-- @ https://www.timeout.com/static/js/cmp-b32bfe5b2ee6513e4e5f.js:0
[     397ms] [LOG] --GPP region-- @ https://www.timeout.com/static/js/cmp-b32bfe5b2ee6513e4e5f.js:0
[     397ms] [LOG] --GPP region-- @ https://www.timeout.com/static/js/cmp-b32bfe5b2ee6513e4e5f.js:0
[     397ms] [LOG] --GPP region-- @ https://www.timeout.com/static/js/cmp-b32bfe5b2ee6513e4e5f.js:0
[     400ms] [WARNING] The following functions are deprecated: googletag.pubads().setTagForChildDirectedTreatment(), googletag.pubads().clearTagForChildDirectedTreatment(), googletag.pubads().setRequestNonPersonalizedAds(), and googletag.pubads().setTagForUnderAgeOfConsent(). Please use googletag.pubads().setPrivacySettings() instead. @ https://securepubads.g.doubleclick.net/pagead/managed/js/gpt/m202604080101/pubads_impl.js?cb=31097777:18
[     401ms] [LOG] interaction complete @ https://cdn.privacy-mgmt.com/unified/wrapperMessagingWithoutDetection.js:0
[     402ms] [LOG] --GPP region-- @ https://www.timeout.com/static/js/cmp-b32bfe5b2ee6513e4e5f.js:0
[     409ms] [LOG] initial load batch triggered [Object, Object, Object, Object, Object] @ https://www.timeout.com/static/js/init-31054309865e28e60c98.js:0
[     410ms] [LOG] --GPP region-- @ https://www.timeout.com/static/js/cmp-b32bfe5b2ee6513e4e5f.js:0
[     809ms] [LOG] DEBUG - (ATS-ENVELOPE-MODULE) ats-set-additional-data event set up. @ https://ats-wrapper.privacymanager.io/ats-modules/f9ffa687-133d-46ba-99cb-d9b578fb79d3/ats.js:2
[     809ms] [LOG] DEBUG - (ATS-ENVELOPE-MODULE) There is no google_ssp envelope in storage. @ https://ats-wrapper.privacymanager.io/ats-modules/f9ffa687-133d-46ba-99cb-d9b578fb79d3/ats.js:2
[     809ms] [LOG] DEBUG - (ATS-ENVELOPE-MODULE) There is no liveramp envelope in storage. @ https://ats-wrapper.privacymanager.io/ats-modules/f9ffa687-133d-46ba-99cb-d9b578fb79d3/ats.js:2
[     809ms] [INFO] INFO - (ATS-ENVELOPE-MODULE) (Geo location) persisted cached location data @ https://ats-wrapper.privacymanager.io/ats-modules/f9ffa687-133d-46ba-99cb-d9b578fb79d3/ats.js:2
[     809ms] [LOG] DEBUG - (ATS-ENVELOPE-MODULE) Consent is given, module will start! @ https://ats-wrapper.privacymanager.io/ats-modules/f9ffa687-133d-46ba-99cb-d9b578fb79d3/ats.js:2
[     809ms] [INFO] INFO - (ATS-ENVELOPE-MODULE) (Geo location) persisted cached location data @ https://ats-wrapper.privacymanager.io/ats-modules/f9ffa687-133d-46ba-99cb-d9b578fb79d3/ats.js:2
[     809ms] [LOG] DEBUG - (ATS-ENVELOPE-MODULE) LIVERAMP envelope not found in storage! New envelope will be acquired. @ https://ats-wrapper.privacymanager.io/ats-modules/f9ffa687-133d-46ba-99cb-d9b578fb79d3/ats.js:2
[     809ms] [INFO] INFO - (ATS-ENVELOPE-MODULE) Catching identifier configured. @ https://ats-wrapper.privacymanager.io/ats-modules/f9ffa687-133d-46ba-99cb-d9b578fb79d3/ats.js:2
[     809ms] [INFO] INFO - (ATS-ENVELOPE-MODULE) Envelope-module is configured. @ https://ats-wrapper.privacymanager.io/ats-modules/f9ffa687-133d-46ba-99cb-d9b578fb79d3/ats.js:2
[     920ms] [LOG] %c *  *  *  *  *  *  *  *  *  *  *  *  *  *  *  *  *  *  *  *  *  *  color: #293BFF; @ https://scripts.stay22.com/letmeallez.js:29
[     920ms] [LOG] %c LetMeAllez font-weight: bold; font-size: 50px; color: #293BFF; text-shadow: 3px 3px 0 #2BCCCC , 6px 6px 0 #57CCFF , 9px 9px 0 #33FF57 , 12px 12px 0 #FFC300 , 15px 15px 0 #FF5733 , 18px 18px 0 #F52B9A , 21px 21px 0 #9A2BF5; @ https://scripts.stay22.com/letmeallez.js:29
[     920ms] [LOG] [LMA] 🔖 Version: %c72ca839 color: #6B8FFF; font-weight: bold; @ https://scripts.stay22.com/letmeallez.js:29
[     920ms] [LOG] [LMA] 🪪 Script ID: %c68f2199a8ea049886c6a510e color: #6B8FFF; font-weight: bold; @ https://scripts.stay22.com/letmeallez.js:29
[     920ms] [LOG] [LMA] 🟢 Active: %ctrue color: #6B8FFF; font-weight: bold; @ https://scripts.stay22.com/letmeallez.js:29
[     920ms] [LOG] [LMA] 👥 Partner ID: %ctimeout90 color: #6B8FFF; font-weight: bold; @ https://scripts.stay22.com/letmeallez.js:29
[     920ms] [LOG] [LMA] 🔎 deepStruct: %c(none) color: #6B8FFF; font-weight: bold; @ https://scripts.stay22.com/letmeallez.js:29
[     920ms] [LOG] [LMA] 🏕️ Campaign: %ctimeout-bestrestaurantsinbarcelona color: #6B8FFF; font-weight: bold; @ https://scripts.stay22.com/letmeallez.js:29
[     920ms] [LOG] [LMA] ⚡️ Sparklink: %cDisabled color: #FF5733; font-weight: bold; @ https://scripts.stay22.com/letmeallez.js:29
[     920ms] [LOG] [LMA] ⛓️‍💥 Link Swap: %cDisabled color: #FF5733; font-weight: bold; @ https://scripts.stay22.com/letmeallez.js:29
[     920ms] [LOG] [LMA] 🧱 Inline Excludes: %ctimeout.com/es/espana/viaje/destinos-donde-hacer-realidad-la-utopia-de-dormir-en-plena-naturaleza,timeout.com/211/es_ES/pages/175084?preview=true&site_id=es-spain&gp-web=true&ts=1773072844 color: #6B8FFF; font-weight: bold; @ https://scripts.stay22.com/letmeallez.js:29
[     920ms] [LOG] [LMA] 🥡 Widgets: %cEnabled color: #6B8FFF; font-weight: bold; @ https://scripts.stay22.com/letmeallez.js:29
[     920ms] [LOG] %c *  *  *  *  *  *  *  *  *  *  *  *  *  *  *  *  *  *  *  *  *  *  color: #293BFF; @ https://scripts.stay22.com/letmeallez.js:29
[     961ms] [WARNING] [Meta Pixel] - You are attempting to send an unverified event. The event was suppressed. Go to Events Manager to learn more. @ https://connect.facebook.net/en_US/fbevents.js:181
[    1155ms] [INFO] INFO - (ATS-DETECTION-MODULE) (Geo location) persisted cached location data @ https://ats-wrapper.privacymanager.io/ats-modules/f9ffa687-133d-46ba-99cb-d9b578fb79d3/ats.js:0
[    1155ms] [LOG] DEBUG - (ATS-DETECTION-MODULE) Consent is given, module will start! @ https://ats-wrapper.privacymanager.io/ats-modules/f9ffa687-133d-46ba-99cb-d9b578fb79d3/ats.js:0
[    1155ms] [INFO] INFO - (ATS-DETECTION-MODULE) (Geo location) persisted cached location data @ https://ats-wrapper.privacymanager.io/ats-modules/f9ffa687-133d-46ba-99cb-d9b578fb79d3/ats.js:0
[    1291ms] [ERROR] Attestation check for Attribution Reporting on https://www.facebook.com failed. @ https://www.timeout.com/barcelona/restaurants/best-restaurants-in-barcelona:0
[    1296ms] [ERROR] Attestation check for Attribution Reporting on https://www.facebook.com failed. @ https://www.timeout.com/barcelona/restaurants/best-restaurants-in-barcelona:0
[    1309ms] [ERROR] Attestation check for Attribution Reporting on https://www.facebook.com failed. @ https://www.timeout.com/barcelona/restaurants/best-restaurants-in-barcelona:0
[    1321ms] [ERROR] Attestation check for Attribution Reporting on https://www.facebook.com failed. @ https://www.timeout.com/barcelona/restaurants/best-restaurants-in-barcelona:0
[    1321ms] [ERROR] Attestation check for Attribution Reporting on https://www.facebook.com failed. @ https://www.timeout.com/barcelona/restaurants/best-restaurants-in-barcelona:0
[    1330ms] [ERROR] Attestation check for Attribution Reporting on https://www.facebook.com failed. @ https://www.timeout.com/barcelona/restaurants/best-restaurants-in-barcelona:0
[    1331ms] [ERROR] Attestation check for Attribution Reporting on https://www.facebook.com failed. @ https://www.timeout.com/barcelona/restaurants/best-restaurants-in-barcelona:0
[    1335ms] [ERROR] Attestation check for Attribution Reporting on https://www.facebook.com failed. @ https://www.timeout.com/barcelona/restaurants/best-restaurants-in-barcelona:0
[    1343ms] [ERROR] Attestation check for Attribution Reporting on https://www.facebook.com failed. @ https://www.timeout.com/barcelona/restaurants/best-restaurants-in-barcelona:0
[    1345ms] [ERROR] Attestation check for Attribution Reporting on https://www.facebook.com failed. @ https://www.timeout.com/barcelona/restaurants/best-restaurants-in-barcelona:0
[    1353ms] [ERROR] Attestation check for Attribution Reporting on https://www.facebook.com failed. @ https://www.timeout.com/barcelona/restaurants/best-restaurants-in-barcelona:0
[    1356ms] [LOG] DEBUG - (ATS-DETECTION-MODULE) Started urlAndScrape detection! @ https://ats-wrapper.privacymanager.io/ats-modules/f9ffa687-133d-46ba-99cb-d9b578fb79d3/ats.js:0
[    1356ms] [LOG] DEBUG - (ATS-DETECTION-MODULE) There is no such url parameter. 
 Tried to fetch: email @ https://ats-wrapper.privacymanager.io/ats-modules/f9ffa687-133d-46ba-99cb-d9b578fb79d3/ats.js:0
[    1356ms] [LOG] DEBUG - (ATS-DETECTION-MODULE) There is no such url parameter. 
 Tried to fetch: hashedPid @ https://ats-wrapper.privacymanager.io/ats-modules/f9ffa687-133d-46ba-99cb-d9b578fb79d3/ats.js:0
[    1356ms] [INFO] INFO - (ATS-DETECTION-MODULE) Detection started! Library is configured to detect:  [email, pidHashes] @ https://ats-wrapper.privacymanager.io/ats-modules/f9ffa687-133d-46ba-99cb-d9b578fb79d3/ats.js:0
[    1356ms] [INFO] INFO - (ATS-DETECTION-MODULE) Detection event type is  onclick @ https://ats-wrapper.privacymanager.io/ats-modules/f9ffa687-133d-46ba-99cb-d9b578fb79d3/ats.js:0
[    1357ms] [ERROR] Attestation check for Attribution Reporting on https://www.facebook.com failed. @ https://www.timeout.com/barcelona/restaurants/best-restaurants-in-barcelona:0
[    1362ms] [ERROR] Attestation check for Attribution Reporting on https://www.facebook.com failed. @ https://www.timeout.com/barcelona/restaurants/best-restaurants-in-barcelona:0
[    1371ms] [ERROR] Attestation check for Attribution Reporting on https://www.facebook.com failed. @ https://www.timeout.com/barcelona/restaurants/best-restaurants-in-barcelona:0
[    1372ms] [ERROR] Attestation check for Attribution Reporting on https://www.facebook.com failed. @ https://www.timeout.com/barcelona/restaurants/best-restaurants-in-barcelona:0
[    1374ms] [ERROR] Attestation check for Attribution Reporting on https://www.facebook.com failed. @ https://www.timeout.com/barcelona/restaurants/best-restaurants-in-barcelona:0
[    1375ms] [ERROR] Attestation check for Attribution Reporting on https://www.facebook.com failed. @ https://www.timeout.com/barcelona/restaurants/best-restaurants-in-barcelona:0
[    1377ms] [ERROR] Attestation check for Attribution Reporting on https://www.facebook.com failed. @ https://www.timeout.com/barcelona/restaurants/best-restaurants-in-barcelona:0
[    1379ms] [ERROR] Attestation check for Attribution Reporting on https://www.facebook.com failed. @ https://www.timeout.com/barcelona/restaurants/best-restaurants-in-barcelona:0
[    1379ms] [ERROR] Attestation check for Attribution Reporting on https://www.facebook.com failed. @ https://www.timeout.com/barcelona/restaurants/best-restaurants-in-barcelona:0
[    1382ms] [ERROR] Attestation check for Attribution Reporting on https://www.facebook.com failed. @ https://www.timeout.com/barcelona/restaurants/best-restaurants-in-barcelona:0
[    1402ms] [ERROR] Attestation check for Attribution Reporting on https://www.facebook.com failed. @ https://www.timeout.com/barcelona/restaurants/best-restaurants-in-barcelona:0
[    1429ms] [ERROR] Attestation check for Attribution Reporting on https://www.facebook.com failed. @ https://www.timeout.com/barcelona/restaurants/best-restaurants-in-barcelona:0
[    1438ms] [ERROR] Attestation check for Attribution Reporting on https://www.facebook.com failed. @ https://www.timeout.com/barcelona/restaurants/best-restaurants-in-barcelona:0
[    1810ms] [INFO] INFO - (ATS-ENVELOPE-MODULE) We have dispatched envelopeModuleReady event again! @ https://ats-wrapper.privacymanager.io/ats-modules/f9ffa687-133d-46ba-99cb-d9b578fb79d3/ats.js:2
[    1810ms] [INFO] INFO - (ATS-ENVELOPE-MODULE) How many times we have dispatched event envelopeModuleReady:  2 @ https://ats-wrapper.privacymanager.io/ats-modules/f9ffa687-133d-46ba-99cb-d9b578fb79d3/ats.js:2
[    1919ms] [LOG] DEBUG - (ATS-DETECTION-MODULE) Detected dynamically added nodes. @ https://ats-wrapper.privacymanager.io/ats-modules/f9ffa687-133d-46ba-99cb-d9b578fb79d3/ats.js:0
[    1934ms] [LOG] DEBUG - (ATS-DETECTION-MODULE) Detected dynamically added nodes. @ https://ats-wrapper.privacymanager.io/ats-modules/f9ffa687-133d-46ba-99cb-d9b578fb79d3/ats.js:0
[    2068ms] [ERROR] Attestation check for Attribution Reporting on https://www.facebook.com failed. @ https://www.timeout.com/barcelona/restaurants/best-restaurants-in-barcelona:0
[    2296ms] [WARNING] [GPT] Interstitial /5185/interstitial_new not requested: Format already created on the page.
https://goo.gle/gpt-message#134 @ https://securepubads.g.doubleclick.net/pagead/managed/js/gpt/m202604080101/pubads_impl.js?cb=31097777:18
[    2297ms] [WARNING] [GPT] Interstitial /5185/interstitial_new not requested: Format already created on the page.
https://goo.gle/gpt-message#134 @ https://securepubads.g.doubleclick.net/pagead/managed/js/gpt/m202604080101/pubads_impl.js?cb=31097777:18
[    2297ms] [WARNING] [GPT] Interstitial /5185/interstitial_new not requested: Format already created on the page.
https://goo.gle/gpt-message#134 @ https://securepubads.g.doubleclick.net/pagead/managed/js/gpt/m202604080101/pubads_impl.js?cb=31097777:18
[    2297ms] [LOG] DEBUG - (ATS-DETECTION-MODULE) Detected dynamically added nodes. @ https://ats-wrapper.privacymanager.io/ats-modules/f9ffa687-133d-46ba-99cb-d9b578fb79d3/ats.js:0
[    2316ms] [LOG] DEBUG - (ATS-DETECTION-MODULE) Detected dynamically added nodes. @ https://ats-wrapper.privacymanager.io/ats-modules/f9ffa687-133d-46ba-99cb-d9b578fb79d3/ats.js:0
[    2316ms] [WARNING] This ad's html cannot be accessed using the getHtml method on googletag.Slot. Returning the empty string instead. @ https://securepubads.g.doubleclick.net/pagead/managed/js/gpt/m202604080101/pubads_impl.js?cb=31097777:18
[    2342ms] [WARNING] This ad's html cannot be accessed using the getHtml method on googletag.Slot. Returning the empty string instead. @ https://securepubads.g.doubleclick.net/pagead/managed/js/gpt/m202604080101/pubads_impl.js?cb=31097777:18
[    2361ms] [LOG] DEBUG - (ATS-DETECTION-MODULE) Detected dynamically added nodes. @ https://ats-wrapper.privacymanager.io/ats-modules/f9ffa687-133d-46ba-99cb-d9b578fb79d3/ats.js:0
[    2375ms] [LOG] DEBUG - (ATS-DETECTION-MODULE) Detected dynamically added nodes. @ https://ats-wrapper.privacymanager.io/ats-modules/f9ffa687-133d-46ba-99cb-d9b578fb79d3/ats.js:0
[    2375ms] [WARNING] This ad's html cannot be accessed using the getHtml method on googletag.Slot. Returning the empty string instead. @ https://securepubads.g.doubleclick.net/pagead/managed/js/gpt/m202604080101/pubads_impl.js?cb=31097777:18
[    2396ms] [LOG] DEBUG - (ATS-DETECTION-MODULE) Detected dynamically added nodes. @ https://ats-wrapper.privacymanager.io/ats-modules/f9ffa687-133d-46ba-99cb-d9b578fb79d3/ats.js:0
[    2397ms] [ERROR] Failed to load resource: net::ERR_TOO_MANY_REDIRECTS @ https://user-sync.fwmrm.net/ad/u?mode=user-register&dspid=34&gdpr=&gdpr_consent=&us_privacy=&gpp=&gpp_sid=&_fw_is_lat=&_fw_atts=&_fw_coppa=&dspuid=f7121761-251e-4672-9e6e-4ed34f44f476:0
[    2538ms] [ERROR] Attestation check for Shared Storage on https://www.googleadservices.com failed. @ https://www.googleadservices.com/pagead/managed/js/activeview/current/reach_worklet.html:0
[    2538ms] [ERROR] Attestation check for Shared Storage on https://www.googleadservices.com failed. @ https://www.googleadservices.com/pagead/managed/js/activeview/current/reach_worklet.html:0
[    2625ms] [ERROR] Attestation check for Shared Storage on https://www.googleadservices.com failed. @ https://www.googleadservices.com/pagead/managed/js/activeview/current/reach_worklet.html:0
[    2815ms] [INFO] INFO - (ATS-ENVELOPE-MODULE) We have dispatched envelopeModuleReady event again! @ https://ats-wrapper.privacymanager.io/ats-modules/f9ffa687-133d-46ba-99cb-d9b578fb79d3/ats.js:2
[    2815ms] [INFO] INFO - (ATS-ENVELOPE-MODULE) How many times we have dispatched event envelopeModuleReady:  3 @ https://ats-wrapper.privacymanager.io/ats-modules/f9ffa687-133d-46ba-99cb-d9b578fb79d3/ats.js:2
[    2880ms] [WARNING] [GPT] Interstitial /5185/interstitial_new not requested: Format already created on the page.
https://goo.gle/gpt-message#134 @ https://securepubads.g.doubleclick.net/pagead/managed/js/gpt/m202604080101/pubads_impl.js?cb=31097777:18
[    2885ms] [LOG] DEBUG - (ATS-DETECTION-MODULE) Detected dynamically added nodes. @ https://ats-wrapper.privacymanager.io/ats-modules/f9ffa687-133d-46ba-99cb-d9b578fb79d3/ats.js:0
[    2885ms] [WARNING] This ad's html cannot be accessed using the getHtml method on googletag.Slot. Returning the empty string instead. @ https://securepubads.g.doubleclick.net/pagead/managed/js/gpt/m202604080101/pubads_impl.js?cb=31097777:18
[    2895ms] [LOG] DEBUG - (ATS-DETECTION-MODULE) Detected dynamically added nodes. @ https://ats-wrapper.privacymanager.io/ats-modules/f9ffa687-133d-46ba-99cb-d9b578fb79d3/ats.js:0
[    2896ms] [LOG] DEBUG - (ATS-DETECTION-MODULE) Detected dynamically added nodes. @ https://ats-wrapper.privacymanager.io/ats-modules/f9ffa687-133d-46ba-99cb-d9b578fb79d3/ats.js:0
[    2947ms] [ERROR] Failed to load resource: net::ERR_NAME_NOT_RESOLVED @ https://hb.yahoo.net/cksync.php?cs=1&type=58280&ovsid=60cff46a-438e-4f7f-8251-4a64a23e665d&gpp=DBABLA%7EBVQqAAAAAgA.QA&gpp_sid=7:0
[    3038ms] [ERROR] Failed to load resource: net::ERR_NAME_NOT_RESOLVED @ https://hb.yahoo.net/cksync.php?cs=1&type=58280&ovsid=60cff46a-438e-4f7f-8251-4a64a23e665d&gpp=DBABLA%7EBVQqAAAAAgA.QA&gpp_sid=7:0
[    3087ms] [ERROR] Failed to load resource: net::ERR_NAME_NOT_RESOLVED @ https://hb.yahoo.net/cksync.php?cs=1&type=58280&ovsid=60cff46a-438e-4f7f-8251-4a64a23e665d&gpp=DBABLA%7EBVQqAAAAAgA.QA&gpp_sid=7:0
[    2538ms] [ERROR] Attestation check for Shared Storage on https://www.googleadservices.com failed. @ https://www.googleadservices.com/pagead/managed/js/activeview/current/reach_worklet.html:0
[    2625ms] [ERROR] Attestation check for Shared Storage on https://www.googleadservices.com failed. @ https://www.googleadservices.com/pagead/managed/js/activeview/current/reach_worklet.html:0
[    3220ms] [ERROR] Attestation check for Shared Storage on https://www.googleadservices.com failed. @ https://www.googleadservices.com/pagead/managed/js/activeview/current/reach_worklet.html:0
[    2538ms] [ERROR] Attestation check for Shared Storage on https://www.googleadservices.com failed. @ https://www.googleadservices.com/pagead/managed/js/activeview/current/reach_worklet.html:0
[    2625ms] [ERROR] Attestation check for Shared Storage on https://www.googleadservices.com failed. @ https://www.googleadservices.com/pagead/managed/js/activeview/current/reach_worklet.html:0
[    3220ms] [ERROR] Attestation check for Shared Storage on https://www.googleadservices.com failed. @ https://www.googleadservices.com/pagead/managed/js/activeview/current/reach_worklet.html:0
[    3286ms] [ERROR] Attestation check for Shared Storage on https://www.googleadservices.com failed. @ https://www.googleadservices.com/pagead/managed/js/activeview/current/reach_worklet.html:0
[    3307ms] [ERROR] Failed to load resource: net::ERR_NAME_NOT_RESOLVED @ https://sync.search.spotxchange.com/partner?adv_id=7025&gpp=DBABLA~BVQqAAAAAgA.QA&gpp_sid=7&uid=CAESEKQcOdHZ5NKx5EidxkrL2es&google_cver=1:0
[    3311ms] [ERROR] Failed to load resource: net::ERR_NAME_NOT_RESOLVED @ https://sync.search.spotxchange.com/partner?adv_id=7025&gpp=DBABLA~BVQqAAAAAgA.QA&gpp_sid=7&redir=https%3A%2F%2Fcm.g.doubleclick.net%2Fpixel%3Fgoogle_nid%3Dspotxchange_dbm%26google_hm%3D%24SPOTX_BASE64_USER_ID:0
[    3317ms] [WARNING] [GPT] Interstitial /5185/interstitial_new not requested: Format already created on the page.
https://goo.gle/gpt-message#134 @ https://securepubads.g.doubleclick.net/pagead/managed/js/gpt/m202604080101/pubads_impl.js?cb=31097777:18
[    3319ms] [LOG] DEBUG - (ATS-DETECTION-MODULE) Detected dynamically added nodes. @ https://ats-wrapper.privacymanager.io/ats-modules/f9ffa687-133d-46ba-99cb-d9b578fb79d3/ats.js:0
[    3320ms] [WARNING] This ad's html cannot be accessed using the getHtml method on googletag.Slot. Returning the empty string instead. @ https://securepubads.g.doubleclick.net/pagead/managed/js/gpt/m202604080101/pubads_impl.js?cb=31097777:18
[    3329ms] [LOG] DEBUG - (ATS-DETECTION-MODULE) Detected dynamically added nodes. @ https://ats-wrapper.privacymanager.io/ats-modules/f9ffa687-133d-46ba-99cb-d9b578fb79d3/ats.js:0
[    3330ms] [LOG] DEBUG - (ATS-DETECTION-MODULE) Detected dynamically added nodes. @ https://ats-wrapper.privacymanager.io/ats-modules/f9ffa687-133d-46ba-99cb-d9b578fb79d3/ats.js:0
[    2538ms] [ERROR] Attestation check for Shared Storage on https://www.googleadservices.com failed. @ https://www.googleadservices.com/pagead/managed/js/activeview/current/reach_worklet.html:0
[    2625ms] [ERROR] Attestation check for Shared Storage on https://www.googleadservices.com failed. @ https://www.googleadservices.com/pagead/managed/js/activeview/current/reach_worklet.html:0
[    3220ms] [ERROR] Attestation check for Shared Storage on https://www.googleadservices.com failed. @ https://www.googleadservices.com/pagead/managed/js/activeview/current/reach_worklet.html:0
[    3286ms] [ERROR] Attestation check for Shared Storage on https://www.googleadservices.com failed. @ https://www.googleadservices.com/pagead/managed/js/activeview/current/reach_worklet.html:0
[    3385ms] [ERROR] Attestation check for Shared Storage on https://www.googleadservices.com failed. @ https://www.googleadservices.com/pagead/managed/js/activeview/current/reach_worklet.html:0
[    2947ms] [ERROR] Failed to load resource: net::ERR_NAME_NOT_RESOLVED @ https://hb.yahoo.net/cksync.php?cs=1&type=58280&ovsid=60cff46a-438e-4f7f-8251-4a64a23e665d&gpp=DBABLA%7EBVQqAAAAAgA.QA&gpp_sid=7:0
[    3038ms] [ERROR] Failed to load resource: net::ERR_NAME_NOT_RESOLVED @ https://hb.yahoo.net/cksync.php?cs=1&type=58280&ovsid=60cff46a-438e-4f7f-8251-4a64a23e665d&gpp=DBABLA%7EBVQqAAAAAgA.QA&gpp_sid=7:0
[    3087ms] [ERROR] Failed to load resource: net::ERR_NAME_NOT_RESOLVED @ https://hb.yahoo.net/cksync.php?cs=1&type=58280&ovsid=60cff46a-438e-4f7f-8251-4a64a23e665d&gpp=DBABLA%7EBVQqAAAAAgA.QA&gpp_sid=7:0
[    3648ms] [ERROR] Failed to load resource: net::ERR_NAME_NOT_RESOLVED @ https://hb.yahoo.net/cksync.php?cs=1&type=58280&ovsid=60cff46a-438e-4f7f-8251-4a64a23e665d&gpp=DBABLA%7EBVQqAAAAAgA.QA&gpp_sid=7:0
[    2538ms] [ERROR] Attestation check for Shared Storage on https://www.googleadservices.com failed. @ https://www.googleadservices.com/pagead/managed/js/activeview/current/reach_worklet.html:0
[    2625ms] [ERROR] Attestation check for Shared Storage on https://www.googleadservices.com failed. @ https://www.googleadservices.com/pagead/managed/js/activeview/current/reach_worklet.html:0
[    3220ms] [ERROR] Attestation check for Shared Storage on https://www.googleadservices.com failed. @ https://www.googleadservices.com/pagead/managed/js/activeview/current/reach_worklet.html:0
[    3286ms] [ERROR] Attestation check for Shared Storage on https://www.googleadservices.com failed. @ https://www.googleadservices.com/pagead/managed/js/activeview/current/reach_worklet.html:0
[    3385ms] [ERROR] Attestation check for Shared Storage on https://www.googleadservices.com failed. @ https://www.googleadservices.com/pagead/managed/js/activeview/current/reach_worklet.html:0
[    3732ms] [ERROR] Attestation check for Shared Storage on https://www.googleadservices.com failed. @ https://www.googleadservices.com/pagead/managed/js/activeview/current/reach_worklet.html:0
[    2538ms] [ERROR] Attestation check for Shared Storage on https://www.googleadservices.com failed. @ https://www.googleadservices.com/pagead/managed/js/activeview/current/reach_worklet.html:0
[    2625ms] [ERROR] Attestation check for Shared Storage on https://www.googleadservices.com failed. @ https://www.googleadservices.com/pagead/managed/js/activeview/current/reach_worklet.html:0
[    3220ms] [ERROR] Attestation check for Shared Storage on https://www.googleadservices.com failed. @ https://www.googleadservices.com/pagead/managed/js/activeview/current/reach_worklet.html:0
[    3286ms] [ERROR] Attestation check for Shared Storage on https://www.googleadservices.com failed. @ https://www.googleadservices.com/pagead/managed/js/activeview/current/reach_worklet.html:0
[    3385ms] [ERROR] Attestation check for Shared Storage on https://www.googleadservices.com failed. @ https://www.googleadservices.com/pagead/managed/js/activeview/current/reach_worklet.html:0
[    3732ms] [ERROR] Attestation check for Shared Storage on https://www.googleadservices.com failed. @ https://www.googleadservices.com/pagead/managed/js/activeview/current/reach_worklet.html:0
[    3885ms] [ERROR] Attestation check for Shared Storage on https://www.googleadservices.com failed. @ https://www.googleadservices.com/pagead/managed/js/activeview/current/reach_worklet.html:0
[    3985ms] [WARNING] This ad's html cannot be accessed using the getHtml method on googletag.Slot. Returning the empty string instead. @ https://securepubads.g.doubleclick.net/pagead/managed/js/gpt/m202604080101/pubads_impl.js?cb=31097777:18
[    2947ms] [ERROR] Failed to load resource: net::ERR_NAME_NOT_RESOLVED @ https://hb.yahoo.net/cksync.php?cs=1&type=58280&ovsid=60cff46a-438e-4f7f-8251-4a64a23e665d&gpp=DBABLA%7EBVQqAAAAAgA.QA&gpp_sid=7:0
[    3038ms] [ERROR] Failed to load resource: net::ERR_NAME_NOT_RESOLVED @ https://hb.yahoo.net/cksync.php?cs=1&type=58280&ovsid=60cff46a-438e-4f7f-8251-4a64a23e665d&gpp=DBABLA%7EBVQqAAAAAgA.QA&gpp_sid=7:0
[    3087ms] [ERROR] Failed to load resource: net::ERR_NAME_NOT_RESOLVED @ https://hb.yahoo.net/cksync.php?cs=1&type=58280&ovsid=60cff46a-438e-4f7f-8251-4a64a23e665d&gpp=DBABLA%7EBVQqAAAAAgA.QA&gpp_sid=7:0
[    3648ms] [ERROR] Failed to load resource: net::ERR_NAME_NOT_RESOLVED @ https://hb.yahoo.net/cksync.php?cs=1&type=58280&ovsid=60cff46a-438e-4f7f-8251-4a64a23e665d&gpp=DBABLA%7EBVQqAAAAAgA.QA&gpp_sid=7:0
[    4265ms] [ERROR] Failed to load resource: net::ERR_NAME_NOT_RESOLVED @ https://hb.yahoo.net/cksync.php?cs=1&type=58280&ovsid=60cff46a-438e-4f7f-8251-4a64a23e665d&gpp=DBABLA%7EBVQqAAAAAgA.QA&gpp_sid=7:0
[    2538ms] [ERROR] Attestation check for Shared Storage on https://www.googleadservices.com failed. @ https://www.googleadservices.com/pagead/managed/js/activeview/current/reach_worklet.html:0
[    2625ms] [ERROR] Attestation check for Shared Storage on https://www.googleadservices.com failed. @ https://www.googleadservices.com/pagead/managed/js/activeview/current/reach_worklet.html:0
[    3220ms] [ERROR] Attestation check for Shared Storage on https://www.googleadservices.com failed. @ https://www.googleadservices.com/pagead/managed/js/activeview/current/reach_worklet.html:0
[    3286ms] [ERROR] Attestation check for Shared Storage on https://www.googleadservices.com failed. @ https://www.googleadservices.com/pagead/managed/js/activeview/current/reach_worklet.html:0
[    3385ms] [ERROR] Attestation check for Shared Storage on https://www.googleadservices.com failed. @ https://www.googleadservices.com/pagead/managed/js/activeview/current/reach_worklet.html:0
[    3732ms] [ERROR] Attestation check for Shared Storage on https://www.googleadservices.com failed. @ https://www.googleadservices.com/pagead/managed/js/activeview/current/reach_worklet.html:0
[    3885ms] [ERROR] Attestation check for Shared Storage on https://www.googleadservices.com failed. @ https://www.googleadservices.com/pagead/managed/js/activeview/current/reach_worklet.html:0
[    4290ms] [ERROR] Attestation check for Shared Storage on https://www.googleadservices.com failed. @ https://www.googleadservices.com/pagead/managed/js/activeview/current/reach_worklet.html:0
[    3307ms] [ERROR] Failed to load resource: net::ERR_NAME_NOT_RESOLVED @ https://sync.search.spotxchange.com/partner?adv_id=7025&gpp=DBABLA~BVQqAAAAAgA.QA&gpp_sid=7&uid=CAESEKQcOdHZ5NKx5EidxkrL2es&google_cver=1:0
[    3311ms] [ERROR] Failed to load resource: net::ERR_NAME_NOT_RESOLVED @ https://sync.search.spotxchange.com/partner?adv_id=7025&gpp=DBABLA~BVQqAAAAAgA.QA&gpp_sid=7&redir=https%3A%2F%2Fcm.g.doubleclick.net%2Fpixel%3Fgoogle_nid%3Dspotxchange_dbm%26google_hm%3D%24SPOTX_BASE64_USER_ID:0
[    2538ms] [ERROR] Attestation check for Shared Storage on https://www.googleadservices.com failed. @ https://www.googleadservices.com/pagead/managed/js/activeview/current/reach_worklet.html:0
[    2625ms] [ERROR] Attestation check for Shared Storage on https://www.googleadservices.com failed. @ https://www.googleadservices.com/pagead/managed/js/activeview/current/reach_worklet.html:0
[    3220ms] [ERROR] Attestation check for Shared Storage on https://www.googleadservices.com failed. @ https://www.googleadservices.com/pagead/managed/js/activeview/current/reach_worklet.html:0
[    3286ms] [ERROR] Attestation check for Shared Storage on https://www.googleadservices.com failed. @ https://www.googleadservices.com/pagead/managed/js/activeview/current/reach_worklet.html:0
[    3385ms] [ERROR] Attestation check for Shared Storage on https://www.googleadservices.com failed. @ https://www.googleadservices.com/pagead/managed/js/activeview/current/reach_worklet.html:0
[    3732ms] [ERROR] Attestation check for Shared Storage on https://www.googleadservices.com failed. @ https://www.googleadservices.com/pagead/managed/js/activeview/current/reach_worklet.html:0
[    3885ms] [ERROR] Attestation check for Shared Storage on https://www.googleadservices.com failed. @ https://www.googleadservices.com/pagead/managed/js/activeview/current/reach_worklet.html:0
[    4290ms] [ERROR] Attestation check for Shared Storage on https://www.googleadservices.com failed. @ https://www.googleadservices.com/pagead/managed/js/activeview/current/reach_worklet.html:0
[    4506ms] [ERROR] Attestation check for Shared Storage on https://www.googleadservices.com failed. @ https://www.googleadservices.com/pagead/managed/js/activeview/current/reach_worklet.html:0
[    4653ms] [ERROR] Failed to load resource: net::ERR_NAME_NOT_RESOLVED @ https://tags.bluekai.com/site/2964?id=sl2Ri67q1WbBXT5:0
[    2947ms] [ERROR] Failed to load resource: net::ERR_NAME_NOT_RESOLVED @ https://hb.yahoo.net/cksync.php?cs=1&type=58280&ovsid=60cff46a-438e-4f7f-8251-4a64a23e665d&gpp=DBABLA%7EBVQqAAAAAgA.QA&gpp_sid=7:0
[    3038ms] [ERROR] Failed to load resource: net::ERR_NAME_NOT_RESOLVED @ https://hb.yahoo.net/cksync.php?cs=1&type=58280&ovsid=60cff46a-438e-4f7f-8251-4a64a23e665d&gpp=DBABLA%7EBVQqAAAAAgA.QA&gpp_sid=7:0
[    3087ms] [ERROR] Failed to load resource: net::ERR_NAME_NOT_RESOLVED @ https://hb.yahoo.net/cksync.php?cs=1&type=58280&ovsid=60cff46a-438e-4f7f-8251-4a64a23e665d&gpp=DBABLA%7EBVQqAAAAAgA.QA&gpp_sid=7:0
[    3648ms] [ERROR] Failed to load resource: net::ERR_NAME_NOT_RESOLVED @ https://hb.yahoo.net/cksync.php?cs=1&type=58280&ovsid=60cff46a-438e-4f7f-8251-4a64a23e665d&gpp=DBABLA%7EBVQqAAAAAgA.QA&gpp_sid=7:0
[    4265ms] [ERROR] Failed to load resource: net::ERR_NAME_NOT_RESOLVED @ https://hb.yahoo.net/cksync.php?cs=1&type=58280&ovsid=60cff46a-438e-4f7f-8251-4a64a23e665d&gpp=DBABLA%7EBVQqAAAAAgA.QA&gpp_sid=7:0
[    2538ms] [ERROR] Attestation check for Shared Storage on https://www.googleadservices.com failed. @ https://www.googleadservices.com/pagead/managed/js/activeview/current/reach_worklet.html:0
[    2625ms] [ERROR] Attestation check for Shared Storage on https://www.googleadservices.com failed. @ https://www.googleadservices.com/pagead/managed/js/activeview/current/reach_worklet.html:0
[    3220ms] [ERROR] Attestation check for Shared Storage on https://www.googleadservices.com failed. @ https://www.googleadservices.com/pagead/managed/js/activeview/current/reach_worklet.html:0
[    3286ms] [ERROR] Attestation check for Shared Storage on https://www.googleadservices.com failed. @ https://www.googleadservices.com/pagead/managed/js/activeview/current/reach_worklet.html:0
[    3385ms] [ERROR] Attestation check for Shared Storage on https://www.googleadservices.com failed. @ https://www.googleadservices.com/pagead/managed/js/activeview/current/reach_worklet.html:0
[    3732ms] [ERROR] Attestation check for Shared Storage on https://www.googleadservices.com failed. @ https://www.googleadservices.com/pagead/managed/js/activeview/current/reach_worklet.html:0
[    3885ms] [ERROR] Attestation check for Shared Storage on https://www.googleadservices.com failed. @ https://www.googleadservices.com/pagead/managed/js/activeview/current/reach_worklet.html:0
[    4290ms] [ERROR] Attestation check for Shared Storage on https://www.googleadservices.com failed. @ https://www.googleadservices.com/pagead/managed/js/activeview/current/reach_worklet.html:0
[    4506ms] [ERROR] Attestation check for Shared Storage on https://www.googleadservices.com failed. @ https://www.googleadservices.com/pagead/managed/js/activeview/current/reach_worklet.html:0
[    4731ms] [ERROR] Attestation check for Shared Storage on https://www.googleadservices.com failed. @ https://www.googleadservices.com/pagead/managed/js/activeview/current/reach_worklet.html:0
[    3307ms] [ERROR] Failed to load resource: net::ERR_NAME_NOT_RESOLVED @ https://sync.search.spotxchange.com/partner?adv_id=7025&gpp=DBABLA~BVQqAAAAAgA.QA&gpp_sid=7&uid=CAESEKQcOdHZ5NKx5EidxkrL2es&google_cver=1:0
[    3311ms] [ERROR] Failed to load resource: net::ERR_NAME_NOT_RESOLVED @ https://sync.search.spotxchange.com/partner?adv_id=7025&gpp=DBABLA~BVQqAAAAAgA.QA&gpp_sid=7&redir=https%3A%2F%2Fcm.g.doubleclick.net%2Fpixel%3Fgoogle_nid%3Dspotxchange_dbm%26google_hm%3D%24SPOTX_BASE64_USER_ID:0
[    2538ms] [ERROR] Attestation check for Shared Storage on https://www.googleadservices.com failed. @ https://www.googleadservices.com/pagead/managed/js/activeview/current/reach_worklet.html:0
[    2625ms] [ERROR] Attestation check for Shared Storage on https://www.googleadservices.com failed. @ https://www.googleadservices.com/pagead/managed/js/activeview/current/reach_worklet.html:0
[    3220ms] [ERROR] Attestation check for Shared Storage on https://www.googleadservices.com failed. @ https://www.googleadservices.com/pagead/managed/js/activeview/current/reach_worklet.html:0
[    3286ms] [ERROR] Attestation check for Shared Storage on https://www.googleadservices.com failed. @ https://www.googleadservices.com/pagead/managed/js/activeview/current/reach_worklet.html:0
[    3385ms] [ERROR] Attestation check for Shared Storage on https://www.googleadservices.com failed. @ https://www.googleadservices.com/pagead/managed/js/activeview/current/reach_worklet.html:0
[    3732ms] [ERROR] Attestation check for Shared Storage on https://www.googleadservices.com failed. @ https://www.googleadservices.com/pagead/managed/js/activeview/current/reach_worklet.html:0
[    3885ms] [ERROR] Attestation check for Shared Storage on https://www.googleadservices.com failed. @ https://www.googleadservices.com/pagead/managed/js/activeview/current/reach_worklet.html:0
[    4290ms] [ERROR] Attestation check for Shared Storage on https://www.googleadservices.com failed. @ https://www.googleadservices.com/pagead/managed/js/activeview/current/reach_worklet.html:0
[    4506ms] [ERROR] Attestation check for Shared Storage on https://www.googleadservices.com failed. @ https://www.googleadservices.com/pagead/managed/js/activeview/current/reach_worklet.html:0
[    4731ms] [ERROR] Attestation check for Shared Storage on https://www.googleadservices.com failed. @ https://www.googleadservices.com/pagead/managed/js/activeview/current/reach_worklet.html:0
[    4881ms] [ERROR] Failed to load resource: net::ERR_NAME_NOT_RESOLVED @ https://tags.bluekai.com/site/2981?redir=https%3A%2F%2Fcm.g.doubleclick.net%2Fpixel%3Fgoogle_nid%3Dbluekai%26google_hm%3D%24_BK_UUID_B64&gpp=DBABLA~BVQqAAAAAgA.QA&gpp_sid=7:0
[    4881ms] [ERROR] Failed to load resource: net::ERR_NAME_NOT_RESOLVED @ https://tags.bluekai.com/site/2981?id=&gpp=DBABLA~BVQqAAAAAgA.QA&gpp_sid=7&google_gid=CAESEEi5NeCl4ArdUa_hzDD3Vvg&google_cver=1:0
[    4891ms] [ERROR] Attestation check for Shared Storage on https://www.googleadservices.com failed. @ https://www.googleadservices.com/pagead/managed/js/activeview/current/reach_worklet.html:0
[    4903ms] [ERROR] Failed to load resource: the server responded with a status of 410 (Gone) @ https://ads.stickyadstv.com/user-matching?id=11:0
[    4903ms] [ERROR] Failed to load resource: the server responded with a status of 410 (Gone) @ https://ads.stickyadstv.com/user-registering?dataProviderId=141&userId=CAESEMYUVIk8I1cViQRerkpZ6l4&google_cver=1&gpp=DBABLA~BVQqAAAAAgA.QA&gpp_sid=7:0
[    4918ms] [ERROR] Failed to load resource: the server responded with a status of 404 () @ https://sync.crwdcntrl.net/qmap?c=2700&tp=UNDR&gdpr=0&gdpr_consent=&tpid=6gds8mn9o38i0lrv7wiorweyi:0
[    2538ms] [ERROR] Attestation check for Shared Storage on https://www.googleadservices.com failed. @ https://www.googleadservices.com/pagead/managed/js/activeview/current/reach_worklet.html:0
[    2625ms] [ERROR] Attestation check for Shared Storage on https://www.googleadservices.com failed. @ https://www.googleadservices.com/pagead/managed/js/activeview/current/reach_worklet.html:0
[    3220ms] [ERROR] Attestation check for Shared Storage on https://www.googleadservices.com failed. @ https://www.googleadservices.com/pagead/managed/js/activeview/current/reach_worklet.html:0
[    3286ms] [ERROR] Attestation check for Shared Storage on https://www.googleadservices.com failed. @ https://www.googleadservices.com/pagead/managed/js/activeview/current/reach_worklet.html:0
[    3385ms] [ERROR] Attestation check for Shared Storage on https://www.googleadservices.com failed. @ https://www.googleadservices.com/pagead/managed/js/activeview/current/reach_worklet.html:0
[    3732ms] [ERROR] Attestation check for Shared Storage on https://www.googleadservices.com failed. @ https://www.googleadservices.com/pagead/managed/js/activeview/current/reach_worklet.html:0
[    3885ms] [ERROR] Attestation check for Shared Storage on https://www.googleadservices.com failed. @ https://www.googleadservices.com/pagead/managed/js/activeview/current/reach_worklet.html:0
[    4290ms] [ERROR] Attestation check for Shared Storage on https://www.googleadservices.com failed. @ https://www.googleadservices.com/pagead/managed/js/activeview/current/reach_worklet.html:0
[    4506ms] [ERROR] Attestation check for Shared Storage on https://www.googleadservices.com failed. @ https://www.googleadservices.com/pagead/managed/js/activeview/current/reach_worklet.html:0
[    4731ms] [ERROR] Attestation check for Shared Storage on https://www.googleadservices.com failed. @ https://www.googleadservices.com/pagead/managed/js/activeview/current/reach_worklet.html:0
[    4891ms] [ERROR] Attestation check for Shared Storage on https://www.googleadservices.com failed. @ https://www.googleadservices.com/pagead/managed/js/activeview/current/reach_worklet.html:0
[    3307ms] [ERROR] Failed to load resource: net::ERR_NAME_NOT_RESOLVED @ https://sync.search.spotxchange.com/partner?adv_id=7025&gpp=DBABLA~BVQqAAAAAgA.QA&gpp_sid=7&uid=CAESEKQcOdHZ5NKx5EidxkrL2es&google_cver=1:0
[    3311ms] [ERROR] Failed to load resource: net::ERR_NAME_NOT_RESOLVED @ https://sync.search.spotxchange.com/partner?adv_id=7025&gpp=DBABLA~BVQqAAAAAgA.QA&gpp_sid=7&redir=https%3A%2F%2Fcm.g.doubleclick.net%2Fpixel%3Fgoogle_nid%3Dspotxchange_dbm%26google_hm%3D%24SPOTX_BASE64_USER_ID:0
[    4881ms] [ERROR] Failed to load resource: net::ERR_NAME_NOT_RESOLVED @ https://tags.bluekai.com/site/2981?redir=https%3A%2F%2Fcm.g.doubleclick.net%2Fpixel%3Fgoogle_nid%3Dbluekai%26google_hm%3D%24_BK_UUID_B64&gpp=DBABLA~BVQqAAAAAgA.QA&gpp_sid=7:0
[    4881ms] [ERROR] Failed to load resource: net::ERR_NAME_NOT_RESOLVED @ https://tags.bluekai.com/site/2981?id=&gpp=DBABLA~BVQqAAAAAgA.QA&gpp_sid=7&google_gid=CAESEEi5NeCl4ArdUa_hzDD3Vvg&google_cver=1:0
[    4903ms] [ERROR] Failed to load resource: the server responded with a status of 410 (Gone) @ https://ads.stickyadstv.com/user-matching?id=11:0
[    4903ms] [ERROR] Failed to load resource: the server responded with a status of 410 (Gone) @ https://ads.stickyadstv.com/user-registering?dataProviderId=141&userId=CAESEMYUVIk8I1cViQRerkpZ6l4&google_cver=1&gpp=DBABLA~BVQqAAAAAgA.QA&gpp_sid=7:0
[    5071ms] [ERROR] Attestation check for Shared Storage on https://www.googleadservices.com failed. @ https://www.googleadservices.com/pagead/managed/js/activeview/current/reach_worklet.html:0
[    5658ms] [ERROR] Failed to load resource: net::ERR_CONNECTION_RESET @ https://cs.admanmedia.com/e09bad714a425a93d6dea503dcf9c528.gif?redir=https%3A%2F%2Frtb-csync.smartadserver.com%2Fredir%2F%3Fissi%3D1%26partnerid%3D130%26partneruserid%3D%5BUID%5D%26gdpr%3D%5BGDPR%5D%26gdpr_consent%3D%5BGDPR_CONSENT%5D&gdpr=0&gdpr_consent=:0
[    5809ms] [ERROR] Failed to load resource: net::ERR_TOO_MANY_REDIRECTS @ https://idsync.reson8.com/sources/pixel/v1/sync?sourcekey=01EC61A11KAM4QCFG5RN38VQJZ:0
[    4918ms] [ERROR] Failed to load resource: the server responded with a status of 404 () @ https://sync.crwdcntrl.net/qmap?c=2700&tp=UNDR&gdpr=0&gdpr_consent=&tpid=6gds8mn9o38i0lrv7wiorweyi:0
[    5809ms] [ERROR] Failed to load resource: net::ERR_TOO_MANY_REDIRECTS @ https://idsync.reson8.com/sources/pixel/v1/sync?sourcekey=01EC61A11KAM4QCFG5RN38VQJZ:0
[    6703ms] [ERROR] Refused to display 'https://evt.undertone.com/' in a frame because it set 'X-Frame-Options' to 'deny'. @ chrome-error://chromewebdata/:0
[    7780ms] [LOG] DEBUG - (ATS-DETECTION-MODULE) Detected dynamically added nodes. @ https://ats-wrapper.privacymanager.io/ats-modules/f9ffa687-133d-46ba-99cb-d9b578fb79d3/ats.js:0
[    7829ms] [LOG] DEBUG - (ATS-DETECTION-MODULE) Detected dynamically added nodes. @ https://ats-wrapper.privacymanager.io/ats-modules/f9ffa687-133d-46ba-99cb-d9b578fb79d3/ats.js:0
[    7835ms] [LOG] DEBUG - (ATS-DETECTION-MODULE) Detected dynamically added nodes. @ https://ats-wrapper.privacymanager.io/ats-modules/f9ffa687-133d-46ba-99cb-d9b578fb79d3/ats.js:0
[    7836ms] [LOG] DEBUG - (ATS-DETECTION-MODULE) Detected dynamically added nodes. @ https://ats-wrapper.privacymanager.io/ats-modules/f9ffa687-133d-46ba-99cb-d9b578fb79d3/ats.js:0
[    7998ms] [LOG] DEBUG - (ATS-DETECTION-MODULE) Detected dynamically added nodes. @ https://ats-wrapper.privacymanager.io/ats-modules/f9ffa687-133d-46ba-99cb-d9b578fb79d3/ats.js:0
[    8415ms] [LOG] DEBUG - (ATS-DETECTION-MODULE) Detected dynamically added nodes. @ https://ats-wrapper.privacymanager.io/ats-modules/f9ffa687-133d-46ba-99cb-d9b578fb79d3/ats.js:0
[   19155ms] [WARNING] The resource https://media.timeout.com/images/106181069/750/562/image.jpg was preloaded using link preload but not used within a few seconds from the window's load event. Please make sure it has an appropriate `as` value and it is preloaded intentionally. @ https://www.timeout.com/barcelona/restaurants/best-restaurants-in-barcelona:0
[   21059ms] [LOG] 17.015 loop fully ran plus pause seconds @ https://s0.2mdn.net/sadbundle/13858457627453944488/banner/script.js?v=1:128
[   21189ms] [LOG] 17.211 loop fully ran plus pause seconds @ https://s0.2mdn.net/sadbundle/16479529277305568313/CapOne_SBB_Make_Your_Mark_Display_Checking_160x600/script.js?v=1:128
[   28049ms] [WARNING] The resource https://media.timeout.com/images/106181069/750/562/image.jpg was preloaded using link preload but not used within a few seconds from the window's load event. Please make sure it has an appropriate `as` value and it is preloaded intentionally. @ https://www.timeout.com/barcelona/restaurants/best-restaurants-in-barcelona:0
[   31072ms] [LOG] 27.03 seconds @ https://s0.2mdn.net/sadbundle/13858457627453944488/banner/script.js?v=1:229
[   31189ms] [LOG] 27.212 seconds @ https://s0.2mdn.net/sadbundle/16479529277305568313/CapOne_SBB_Make_Your_Mark_Display_Checking_160x600/script.js?v=1:231
[   35035ms] [LOG] --GPP region-- @ https://www.timeout.com/static/js/cmp-b32bfe5b2ee6513e4e5f.js:0
[   36839ms] [LOG] DEBUG - (ATS-DETECTION-MODULE) Detected dynamically added nodes. @ https://ats-wrapper.privacymanager.io/ats-modules/f9ffa687-133d-46ba-99cb-d9b578fb79d3/ats.js:0
[   36842ms] [LOG] DEBUG - (ATS-DETECTION-MODULE) Detected dynamically added nodes. @ https://ats-wrapper.privacymanager.io/ats-modules/f9ffa687-133d-46ba-99cb-d9b578fb79d3/ats.js:0
[   36849ms] [LOG] DEBUG - (ATS-DETECTION-MODULE) Detected dynamically added nodes. @ https://ats-wrapper.privacymanager.io/ats-modules/f9ffa687-133d-46ba-99cb-d9b578fb79d3/ats.js:0
[   36849ms] [WARNING] This ad's html cannot be accessed using the getHtml method on googletag.Slot. Returning the empty string instead. @ https://securepubads.g.doubleclick.net/pagead/managed/js/gpt/m202604080101/pubads_impl.js?cb=31097777:18
[   36868ms] [LOG] DEBUG - (ATS-DETECTION-MODULE) Detected dynamically added nodes. @ https://ats-wrapper.privacymanager.io/ats-modules/f9ffa687-133d-46ba-99cb-d9b578fb79d3/ats.js:0
[    2947ms] [ERROR] Failed to load resource: net::ERR_NAME_NOT_RESOLVED @ https://hb.yahoo.net/cksync.php?cs=1&type=58280&ovsid=60cff46a-438e-4f7f-8251-4a64a23e665d&gpp=DBABLA%7EBVQqAAAAAgA.QA&gpp_sid=7:0
[    3038ms] [ERROR] Failed to load resource: net::ERR_NAME_NOT_RESOLVED @ https://hb.yahoo.net/cksync.php?cs=1&type=58280&ovsid=60cff46a-438e-4f7f-8251-4a64a23e665d&gpp=DBABLA%7EBVQqAAAAAgA.QA&gpp_sid=7:0
[    3087ms] [ERROR] Failed to load resource: net::ERR_NAME_NOT_RESOLVED @ https://hb.yahoo.net/cksync.php?cs=1&type=58280&ovsid=60cff46a-438e-4f7f-8251-4a64a23e665d&gpp=DBABLA%7EBVQqAAAAAgA.QA&gpp_sid=7:0
[    3648ms] [ERROR] Failed to load resource: net::ERR_NAME_NOT_RESOLVED @ https://hb.yahoo.net/cksync.php?cs=1&type=58280&ovsid=60cff46a-438e-4f7f-8251-4a64a23e665d&gpp=DBABLA%7EBVQqAAAAAgA.QA&gpp_sid=7:0
[    4265ms] [ERROR] Failed to load resource: net::ERR_NAME_NOT_RESOLVED @ https://hb.yahoo.net/cksync.php?cs=1&type=58280&ovsid=60cff46a-438e-4f7f-8251-4a64a23e665d&gpp=DBABLA%7EBVQqAAAAAgA.QA&gpp_sid=7:0
[    3307ms] [ERROR] Failed to load resource: net::ERR_NAME_NOT_RESOLVED @ https://sync.search.spotxchange.com/partner?adv_id=7025&gpp=DBABLA~BVQqAAAAAgA.QA&gpp_sid=7&uid=CAESEKQcOdHZ5NKx5EidxkrL2es&google_cver=1:0
[    3311ms] [ERROR] Failed to load resource: net::ERR_NAME_NOT_RESOLVED @ https://sync.search.spotxchange.com/partner?adv_id=7025&gpp=DBABLA~BVQqAAAAAgA.QA&gpp_sid=7&redir=https%3A%2F%2Fcm.g.doubleclick.net%2Fpixel%3Fgoogle_nid%3Dspotxchange_dbm%26google_hm%3D%24SPOTX_BASE64_USER_ID:0
[    4881ms] [ERROR] Failed to load resource: net::ERR_NAME_NOT_RESOLVED @ https://tags.bluekai.com/site/2981?redir=https%3A%2F%2Fcm.g.doubleclick.net%2Fpixel%3Fgoogle_nid%3Dbluekai%26google_hm%3D%24_BK_UUID_B64&gpp=DBABLA~BVQqAAAAAgA.QA&gpp_sid=7:0
[    4881ms] [ERROR] Failed to load resource: net::ERR_NAME_NOT_RESOLVED @ https://tags.bluekai.com/site/2981?id=&gpp=DBABLA~BVQqAAAAAgA.QA&gpp_sid=7&google_gid=CAESEEi5NeCl4ArdUa_hzDD3Vvg&google_cver=1:0
[    4903ms] [ERROR] Failed to load resource: the server responded with a status of 410 (Gone) @ https://ads.stickyadstv.com/user-matching?id=11:0
[    4903ms] [ERROR] Failed to load resource: the server responded with a status of 410 (Gone) @ https://ads.stickyadstv.com/user-registering?dataProviderId=141&userId=CAESEMYUVIk8I1cViQRerkpZ6l4&google_cver=1&gpp=DBABLA~BVQqAAAAAgA.QA&gpp_sid=7:0
[    2538ms] [ERROR] Attestation check for Shared Storage on https://www.googleadservices.com failed. @ https://www.googleadservices.com/pagead/managed/js/activeview/current/reach_worklet.html:0
[    2625ms] [ERROR] Attestation check for Shared Storage on https://www.googleadservices.com failed. @ https://www.googleadservices.com/pagead/managed/js/activeview/current/reach_worklet.html:0
[    3220ms] [ERROR] Attestation check for Shared Storage on https://www.googleadservices.com failed. @ https://www.googleadservices.com/pagead/managed/js/activeview/current/reach_worklet.html:0
[    3286ms] [ERROR] Attestation check for Shared Storage on https://www.googleadservices.com failed. @ https://www.googleadservices.com/pagead/managed/js/activeview/current/reach_worklet.html:0
[    3385ms] [ERROR] Attestation check for Shared Storage on https://www.googleadservices.com failed. @ https://www.googleadservices.com/pagead/managed/js/activeview/current/reach_worklet.html:0
[    3732ms] [ERROR] Attestation check for Shared Storage on https://www.googleadservices.com failed. @ https://www.googleadservices.com/pagead/managed/js/activeview/current/reach_worklet.html:0
[    3885ms] [ERROR] Attestation check for Shared Storage on https://www.googleadservices.com failed. @ https://www.googleadservices.com/pagead/managed/js/activeview/current/reach_worklet.html:0
[    4290ms] [ERROR] Attestation check for Shared Storage on https://www.googleadservices.com failed. @ https://www.googleadservices.com/pagead/managed/js/activeview/current/reach_worklet.html:0
[    4506ms] [ERROR] Attestation check for Shared Storage on https://www.googleadservices.com failed. @ https://www.googleadservices.com/pagead/managed/js/activeview/current/reach_worklet.html:0
[    4731ms] [ERROR] Attestation check for Shared Storage on https://www.googleadservices.com failed. @ https://www.googleadservices.com/pagead/managed/js/activeview/current/reach_worklet.html:0
[    4891ms] [ERROR] Attestation check for Shared Storage on https://www.googleadservices.com failed. @ https://www.googleadservices.com/pagead/managed/js/activeview/current/reach_worklet.html:0
[    5071ms] [ERROR] Attestation check for Shared Storage on https://www.googleadservices.com failed. @ https://www.googleadservices.com/pagead/managed/js/activeview/current/reach_worklet.html:0
[   37092ms] [ERROR] Attestation check for Shared Storage on https://www.googleadservices.com failed. @ https://www.googleadservices.com/pagead/managed/js/activeview/current/reach_worklet.html:0
[   37409ms] [TIMEEND] a: 0.001953125 ms @ https://static.adsafeprotected.com/sca.17.6.4.js:31
[   38759ms] [LOG] Failed to read a named property 'document' from 'Window': Blocked a frame with origin "https://5b6d4f30a09499d034fc40816bd4dae6.safeframe.googlesyndication.com" from accessing a cross-origin frame. @ https://choices.trustarc.com/get?name=pmw2.js:0
[   38951ms] [LOG] Failed to read a named property 'document' from 'Window': Blocked a frame with origin "https://5b6d4f30a09499d034fc40816bd4dae6.safeframe.googlesyndication.com" from accessing a cross-origin frame. @ https://choices.trustarc.com/get?name=pmw2.js:0
