[    5955ms] [LOG] Could not find Google Analytics Interface. {label: file, gtag: gtag} @ https://ssl.p.jwpcdn.com/player/v/8.48.0/gapro.js:0
[    6248ms] [LOG] Could not find Google Analytics Interface. {label: file, gtag: gtag} @ https://ssl.p.jwpcdn.com/player/v/8.48.0/gapro.js:0
[    8237ms] [WARNING] [GPT] Slot.setTargeting is deprecated, use Slot.setConfig({targeting: ...}) instead.
https://goo.gle/gpt-message#171 @ https://js-agent.newrelic.com/nr-loader-spa-current.min.js:1
[    8831ms] [ERROR] Attestation check for Shared Storage on https://www.googleadservices.com failed. @ https://www.googleadservices.com/pagead/managed/js/activeview/current/reach_worklet.html:0
[    8834ms] [ERROR] Attestation check for Shared Storage on https://www.googleadservices.com failed. @ https://www.googleadservices.com/pagead/managed/js/activeview/current/reach_worklet.html:0
[    8836ms] [ERROR] Attestation check for Shared Storage on https://www.googleadservices.com failed. @ https://www.googleadservices.com/pagead/managed/js/activeview/current/reach_worklet.html:0
[    8831ms] [ERROR] Attestation check for Shared Storage on https://www.googleadservices.com failed. @ https://www.googleadservices.com/pagead/managed/js/activeview/current/reach_worklet.html:0
[    8834ms] [ERROR] Attestation check for Shared Storage on https://www.googleadservices.com failed. @ https://www.googleadservices.com/pagead/managed/js/activeview/current/reach_worklet.html:0
[    8836ms] [ERROR] Attestation check for Shared Storage on https://www.googleadservices.com failed. @ https://www.googleadservices.com/pagead/managed/js/activeview/current/reach_worklet.html:0
[    9045ms] [ERROR] Attestation check for Shared Storage on https://www.googleadservices.com failed. @ https://www.googleadservices.com/pagead/managed/js/activeview/current/reach_worklet.html:0
[    8831ms] [ERROR] Attestation check for Shared Storage on https://www.googleadservices.com failed. @ https://www.googleadservices.com/pagead/managed/js/activeview/current/reach_worklet.html:0
[    8834ms] [ERROR] Attestation check for Shared Storage on https://www.googleadservices.com failed. @ https://www.googleadservices.com/pagead/managed/js/activeview/current/reach_worklet.html:0
[    8836ms] [ERROR] Attestation check for Shared Storage on https://www.googleadservices.com failed. @ https://www.googleadservices.com/pagead/managed/js/activeview/current/reach_worklet.html:0
[    9045ms] [ERROR] Attestation check for Shared Storage on https://www.googleadservices.com failed. @ https://www.googleadservices.com/pagead/managed/js/activeview/current/reach_worklet.html:0
[    9153ms] [ERROR] Attestation check for Shared Storage on https://www.googleadservices.com failed. @ https://www.googleadservices.com/pagead/managed/js/activeview/current/reach_worklet.html:0
[   51586ms] [LOG] Could not find Google Analytics Interface. {label: file, gtag: gtag} @ https://ssl.p.jwpcdn.com/player/v/8.48.0/gapro.js:0
[   51591ms] [LOG] Could not find Google Analytics Interface. {label: file, gtag: gtag} @ https://ssl.p.jwpcdn.com/player/v/8.48.0/gapro.js:0
[   51651ms] [LOG] Could not find Google Analytics Interface. {label: file, gtag: gtag} @ https://ssl.p.jwpcdn.com/player/v/8.48.0/gapro.js:0
[   51680ms] [LOG] Could not find Google Analytics Interface. {label: file, gtag: gtag} @ https://ssl.p.jwpcdn.com/player/v/8.48.0/gapro.js:0
[   51796ms] [LOG] Could not find Google Analytics Interface. {label: file, gtag: gtag} @ https://ssl.p.jwpcdn.com/player/v/8.48.0/gapro.js:0
[   51848ms] [LOG] Could not find Google Analytics Interface. {label: file, gtag: gtag} @ https://ssl.p.jwpcdn.com/player/v/8.48.0/gapro.js:0
[   51852ms] [LOG] Could not find Google Analytics Interface. {label: file, gtag: gtag} @ https://ssl.p.jwpcdn.com/player/v/8.48.0/gapro.js:0
[   51857ms] [LOG] Could not find Google Analytics Interface. {label: file, gtag: gtag} @ https://ssl.p.jwpcdn.com/player/v/8.48.0/gapro.js:0
[   51886ms] [LOG] Could not find Google Analytics Interface. {label: file, gtag: gtag} @ https://ssl.p.jwpcdn.com/player/v/8.48.0/gapro.js:0
[   51936ms] [LOG] Could not find Google Analytics Interface. {label: file, gtag: gtag} @ https://ssl.p.jwpcdn.com/player/v/8.48.0/gapro.js:0
[   51939ms] [LOG] Could not find Google Analytics Interface. {label: file, gtag: gtag} @ https://ssl.p.jwpcdn.com/player/v/8.48.0/gapro.js:0
[   51974ms] [LOG] Could not find Google Analytics Interface. {label: file, gtag: gtag} @ https://ssl.p.jwpcdn.com/player/v/8.48.0/gapro.js:0
