[     260ms] [WARNING] document.domain mutation is ignored because the surrounding agent cluster is origin-keyed. @ https://www.nytimes.com/2011/07/17/travel/36-hours-in-bar-harbor.html:48
[     273ms] [WARNING] limitedAds is not set, defaulting to false @ https://www.nytimes.com/2011/07/17/travel/36-hours-in-bar-harbor.html:58
[     314ms] [ERROR] Failed to load resource: the server responded with a status of 404 () @ https://s.go-mpulse.net/boomerang/ATH8A-MAMN8-XPXCH-N5KAX-8D239:0
[     366ms] [ERROR] The Content Security Policy directive 'upgrade-insecure-requests' is ignored when delivered in a report-only policy. @ https://myaccount.nytimes.com/auth/prefetch-assets:0
[     368ms] [ERROR] Failed to load resource: the server responded with a status of 404 () @ https://s.go-mpulse.net/boomerang/ATH8A-MAMN8-XPXCH-N5KAX-8D239:0
[     571ms] [LOG] <!--
         0000000                         000        0000000
       111111111      11111111100          000      111111111
       00000        111111111111111111      00000      000000
       000        1111111111111111111111111100000         000
       000        1111       1111111111111111100          000
       000         11       0     1111111100              000
       000          1      00             1               000
       000               00      00       1               000
       000             000    00000       1               000
    00000            0000  00000000       1                00000
  11111            000 00    000000      000                 11111
    00000          0000      000000     00000              00000
       000        10000      000000      000              0000
       000        00000      000000       1               000
       000        000000     10000        1     0         000
       000        1000000 00              1    00         000
       000         1111111                1 0000          000
       000          1111111100           000000           000
       0000          111111111111111110000000            0000
       111111111        111111111111100000          111111111
         0000000              00000000              0000000

      NYTimes.com: All the code that's fit to window.print()!
      We're hiring: https://boards.greenhouse.io/thenewyorktimes
   --> @ https://www.nytimes.com/vi-assets/static-assets/main-6e02cfd81f1f6b2151fd.js:0
[     660ms] [WARNING] et2 snippet should only load once per page @ :49
[    1258ms] [WARNING] [GPT] PubAdsService.setTargeting is deprecated, use googletag.setConfig({targeting: ...}) instead.
https://goo.gle/gpt-message#170 @ https://securepubads.g.doubleclick.net/pagead/managed/js/gpt/m202604230101/pubads_impl.js?cb=31098092:18
[    1261ms] [WARNING] [GPT] Slot.setTargeting is deprecated, use Slot.setConfig({targeting: ...}) instead.
https://goo.gle/gpt-message#171 @ https://securepubads.g.doubleclick.net/pagead/managed/js/gpt/m202604230101/pubads_impl.js?cb=31098092:18
[    1362ms] [ERROR] Failed to load resource: the server responded with a status of 404 () @ https://s.go-mpulse.net/boomerang/ATH8A-MAMN8-XPXCH-N5KAX-8D239:0
[    1385ms] [ERROR] Failed to load resource: the server responded with a status of 404 () @ https://s.go-mpulse.net/boomerang/ATH8A-MAMN8-XPXCH-N5KAX-8D239:0
[    1538ms] [ERROR] Creating a worker from 'blob:https://myaccount.nytimes.com/f6581995-a1dd-4f04-9ec6-7b9d5fe3d007' violates the following Content Security Policy directive: "script-src 'self' 'unsafe-inline' 'unsafe-eval' *.nytimes.com *.nyt.com https://www.gstatic.com https://www.google.com https://www.googletagmanager.com https://www.google-analytics.com https://sc-static.net https://js.datadome.co https://*.go-mpulse.net". Note that 'worker-src' was not explicitly set, so 'script-src' is used as a fallback. The action has been blocked. @ https://dd.nytimes.com/tags.js:1
[    2123ms] [ERROR] Attestation check for Shared Storage on https://www.googleadservices.com failed. @ https://www.googleadservices.com/pagead/managed/js/activeview/current/reach_worklet.html:0
[    2123ms] [ERROR] Attestation check for Shared Storage on https://www.googleadservices.com failed. @ https://www.googleadservices.com/pagead/managed/js/activeview/current/reach_worklet.html:0
[    2480ms] [ERROR] Attestation check for Shared Storage on https://www.googleadservices.com failed. @ https://www.googleadservices.com/pagead/managed/js/activeview/current/reach_worklet.html:0
[    3730ms] [ERROR] Attestation check for Attribution Reporting on https://ara.paa-reporting-advertising.amazon failed. @ https://www.nytimes.com/2011/07/17/travel/36-hours-in-bar-harbor.html:0
[    3732ms] [ERROR] Attestation check for Shared Storage on https://ara.paa-reporting-advertising.amazon failed. @ https://aax-events-cell02-cf.us-east.3px.axp.amazon-adsystem.com/e/is/bb8e6d0b6c85b2b1fc673047a9802fc9/creative?b=JDnlfiEqTGa9Rbzq8yYOycoAAAGd0HsusAEAAAakAUEzcHhfdHhuX2JpZDMgICAzcHhfdHhuX2ltcDEgICBgP_dM&ct=https%3A%2F%2Fbeacon-nf.rubiconproject.com%2Fbeacon%2Fv3%2Frs%2Fiad6%2F0%2F5f8314f6-4212-4054-ab26-8edc33df9147%2F0%2FdXihH3rjRU_ZO0jG4gn-84j8xbE%2F&bi=cfv1_CFi6El43rbKY2yqpZqId5QmOGEh3CIQqzFtihVXCP1fxI4L1VpRe7Lp0nixf2jqzgvJUwZJenXjXsXMhDicszSY5TVm6GfPSOnskTWxRG2qLNdMpz09dldp-UH7PEM-na6OPAkrHn_YpIWYZsXu7AGtmHmPJb6gdbGkvOsoFcGvj6_WB-zofUFaHGtWHGowTJFYxM7L3iIpYR35Y37Y1G9oBtI2JqMEEMQOIEbAPzh09udpKjL_bviFY7gsQYoMlX1-NiSZjCpmJKqh6Ry-l2J8yhaVW830QziI_BkUDqOlhhcoqTBEoLeLz4GG2NLGbldQW8vppUdyDr6v1A-K3FcJv--VxQQI5ta8Bxv4YScIEsCk9VBb1tlruoc5UJxvkEEY31x7cx_plx2-VMImtZkpwZrvUnLo3O7UIYxo0vQcgfuZI-VwCWzszpsolOQ13ef6Yao2nuO-hTTUQWjTh0JUeSFCEm1q-eWwyZZ86qNGsFy0Fioud9jKzd1EEA4OoibYPu3dvMoM0kwachU7f6hTgbGN5SXwMMC_AYgPfeY7uci89UkBzzHQUFFLoWkO8fsbM2dv-qfeWG4yFRg:0
[    4933ms] [WARNING] The resource https://s.go-mpulse.net/boomerang/ATH8A-MAMN8-XPXCH-N5KAX-8D239 was preloaded using link preload but not used within a few seconds from the window's load event. Please make sure it has an appropriate `as` value and it is preloaded intentionally. @ https://myaccount.nytimes.com/auth/iframe/enter-email?response_type=cookie&client_id=oma&redirect_uri=https%3A%2F%2Fwww.nytimes.com%2Fsubscription%2Fonboarding-offer%3FcampaignId%3D7JFJX%26redirect_uri%3Dhttps%253A%252F%252Fwww.nytimes.com%252F2011%252F07%252F17%252Ftravel%252F36-hours-in-bar-harbor.html%26EXIT_URI%3Dhttps%253A%252F%252Fwww.nytimes.com%252F2011%252F07%252F17%252Ftravel%252F36-hours-in-bar-harbor.html&display=regiwall_lire&asset=RegiWall&application=OMA&preloaded=true#lire-ui-525920:0
[    7673ms] [WARNING] The resource https://s.go-mpulse.net/boomerang/ATH8A-MAMN8-XPXCH-N5KAX-8D239 was preloaded using link preload but not used within a few seconds from the window's load event. Please make sure it has an appropriate `as` value and it is preloaded intentionally. @ https://www.nytimes.com/2011/07/17/travel/36-hours-in-bar-harbor.html:0
[   13395ms] [ERROR] UserInfoAgentID unavailable. @ https://myaccount.nytimes.com/auth/iframe/enter-email?response_type=cookie&client_id=oma&redirect_uri=https%3A%2F%2Fwww.nytimes.com%2Fsubscription%2Fonboarding-offer%3FcampaignId%3D7JFJX%26redirect_uri%3Dhttps%253A%252F%252Fwww.nytimes.com%252F2011%252F07%252F17%252Ftravel%252F36-hours-in-bar-harbor.html%26EXIT_URI%3Dhttps%253A%252F%252Fwww.nytimes.com%252F2011%252F07%252F17%252Ftravel%252F36-hours-in-bar-harbor.html&display=regiwall_lire&asset=RegiWall&application=OMA&preloaded=true:262
