[     629ms] [LOG] trackPageView success @ https://carolinas.eater.com/_next/static/chunks/pages/_app-11b2fedfac9e2f34.js:172
[     658ms] [LOG] OPS VERSION 3.2 @ https://carolinas.eater.com/_next/static/chunks/pages/_app-11b2fedfac9e2f34.js:172
[     748ms] [WARNING] ConcertAds: (408ms) Optimera: no splitter value for slot id div-gpt-ad-mapstack_sponsorship @ https://carolinas.eater.com/_next/static/chunks/pages/_app-11b2fedfac9e2f34.js:172
[     748ms] [WARNING] ConcertAds: (408ms) Optimera: no splitter value for slot id div-gpt-ad-native_ad_linkset_link @ https://carolinas.eater.com/_next/static/chunks/pages/_app-11b2fedfac9e2f34.js:172
[     897ms] [ERROR] Attestation check for Attribution Reporting on https://www.facebook.com failed. @ https://carolinas.eater.com/maps/best-new-restaurants-asheville:0
[    1060ms] [LOG] DEBUG - (ATS-ENVELOPE-MODULE) ats-set-additional-data event set up. @ https://carolinas.eater.com/_next/static/chunks/pages/_app-11b2fedfac9e2f34.js:172
[    1060ms] [LOG] DEBUG - (ATS-ENVELOPE-MODULE) There is no google_ssp envelope in storage. @ https://carolinas.eater.com/_next/static/chunks/pages/_app-11b2fedfac9e2f34.js:172
[    1060ms] [LOG] DEBUG - (ATS-ENVELOPE-MODULE) There is no liveramp envelope in storage. @ https://carolinas.eater.com/_next/static/chunks/pages/_app-11b2fedfac9e2f34.js:172
[    1060ms] [INFO] INFO - (ATS-ENVELOPE-MODULE) (Geo location) persisted cached location data @ https://carolinas.eater.com/_next/static/chunks/pages/_app-11b2fedfac9e2f34.js:172
[    1060ms] [LOG] DEBUG - (ATS-ENVELOPE-MODULE) Consent is given, module will start! @ https://carolinas.eater.com/_next/static/chunks/pages/_app-11b2fedfac9e2f34.js:172
[    1060ms] [INFO] INFO - (ATS-ENVELOPE-MODULE) (Geo location) persisted cached location data @ https://carolinas.eater.com/_next/static/chunks/pages/_app-11b2fedfac9e2f34.js:172
[    1061ms] [LOG] DEBUG - (ATS-ENVELOPE-MODULE) LIVERAMP envelope not found in storage! New envelope will be acquired. @ https://carolinas.eater.com/_next/static/chunks/pages/_app-11b2fedfac9e2f34.js:172
[    1061ms] [INFO] INFO - (ATS-ENVELOPE-MODULE) Catching identifier configured. @ https://carolinas.eater.com/_next/static/chunks/pages/_app-11b2fedfac9e2f34.js:172
[    1061ms] [INFO] INFO - (ATS-ENVELOPE-MODULE) Envelope-module is configured. @ https://carolinas.eater.com/_next/static/chunks/pages/_app-11b2fedfac9e2f34.js:172
[    1425ms] [INFO] INFO - (ATS-DETECTION-MODULE) (Geo location) persisted cached location data @ https://carolinas.eater.com/_next/static/chunks/pages/_app-11b2fedfac9e2f34.js:172
[    1425ms] [LOG] DEBUG - (ATS-DETECTION-MODULE) Consent is given, module will start! @ https://carolinas.eater.com/_next/static/chunks/pages/_app-11b2fedfac9e2f34.js:172
[    1425ms] [INFO] INFO - (ATS-DETECTION-MODULE) (Geo location) persisted cached location data @ https://carolinas.eater.com/_next/static/chunks/pages/_app-11b2fedfac9e2f34.js:172
[    1566ms] [ERROR] Attestation check for Shared Storage on https://www.googleadservices.com failed. @ https://www.googleadservices.com/pagead/managed/js/activeview/current/reach_worklet.html:0
[    1626ms] [LOG] DEBUG - (ATS-DETECTION-MODULE) Started urlAndScrape detection! @ https://carolinas.eater.com/_next/static/chunks/pages/_app-11b2fedfac9e2f34.js:172
[    1626ms] [LOG] DEBUG - (ATS-DETECTION-MODULE) There is no such url parameter. 
 Tried to fetch: email @ https://carolinas.eater.com/_next/static/chunks/pages/_app-11b2fedfac9e2f34.js:172
[    1626ms] [LOG] DEBUG - (ATS-DETECTION-MODULE) There is no such url parameter. 
 Tried to fetch: hashedPid @ https://carolinas.eater.com/_next/static/chunks/pages/_app-11b2fedfac9e2f34.js:172
[    1626ms] [INFO] INFO - (ATS-DETECTION-MODULE) Detection started! Library is configured to detect:  [email, pidHashes] @ https://carolinas.eater.com/_next/static/chunks/pages/_app-11b2fedfac9e2f34.js:172
[    1626ms] [INFO] INFO - (ATS-DETECTION-MODULE) Detection event type is  onsubmit @ https://carolinas.eater.com/_next/static/chunks/pages/_app-11b2fedfac9e2f34.js:172
[    1669ms] [LOG] DEBUG - (ATS-DETECTION-MODULE) Detected dynamically added nodes. @ https://carolinas.eater.com/_next/static/chunks/pages/_app-11b2fedfac9e2f34.js:172
[    1685ms] [LOG] DEBUG - (ATS-DETECTION-MODULE) Detected dynamically added nodes. @ https://carolinas.eater.com/_next/static/chunks/pages/_app-11b2fedfac9e2f34.js:172
[    1702ms] [LOG] DEBUG - (ATS-DETECTION-MODULE) Detected dynamically added nodes. @ https://carolinas.eater.com/_next/static/chunks/pages/_app-11b2fedfac9e2f34.js:172
[    1719ms] [LOG] DEBUG - (ATS-DETECTION-MODULE) Detected dynamically added nodes. @ https://carolinas.eater.com/_next/static/chunks/pages/_app-11b2fedfac9e2f34.js:172
[    1735ms] [LOG] DEBUG - (ATS-DETECTION-MODULE) Detected dynamically added nodes. @ https://carolinas.eater.com/_next/static/chunks/pages/_app-11b2fedfac9e2f34.js:172
[    1752ms] [LOG] DEBUG - (ATS-DETECTION-MODULE) Detected dynamically added nodes. @ https://carolinas.eater.com/_next/static/chunks/pages/_app-11b2fedfac9e2f34.js:172
[    1768ms] [LOG] DEBUG - (ATS-DETECTION-MODULE) Detected dynamically added nodes. @ https://carolinas.eater.com/_next/static/chunks/pages/_app-11b2fedfac9e2f34.js:172
[    1785ms] [LOG] DEBUG - (ATS-DETECTION-MODULE) Detected dynamically added nodes. @ https://carolinas.eater.com/_next/static/chunks/pages/_app-11b2fedfac9e2f34.js:172
[    1802ms] [LOG] DEBUG - (ATS-DETECTION-MODULE) Detected dynamically added nodes. @ https://carolinas.eater.com/_next/static/chunks/pages/_app-11b2fedfac9e2f34.js:172
[    1818ms] [LOG] DEBUG - (ATS-DETECTION-MODULE) Detected dynamically added nodes. @ https://carolinas.eater.com/_next/static/chunks/pages/_app-11b2fedfac9e2f34.js:172
[    1835ms] [LOG] DEBUG - (ATS-DETECTION-MODULE) Detected dynamically added nodes. @ https://carolinas.eater.com/_next/static/chunks/pages/_app-11b2fedfac9e2f34.js:172
[    1853ms] [LOG] DEBUG - (ATS-DETECTION-MODULE) Detected dynamically added nodes. @ https://carolinas.eater.com/_next/static/chunks/pages/_app-11b2fedfac9e2f34.js:172
[    1566ms] [ERROR] Attestation check for Shared Storage on https://www.googleadservices.com failed. @ https://www.googleadservices.com/pagead/managed/js/activeview/current/reach_worklet.html:0
[    2042ms] [ERROR] Attestation check for Shared Storage on https://www.googleadservices.com failed. @ https://www.googleadservices.com/pagead/managed/js/activeview/current/reach_worklet.html:0
[    2062ms] [INFO] INFO - (ATS-ENVELOPE-MODULE) We have dispatched envelopeModuleReady event again! @ https://carolinas.eater.com/_next/static/chunks/pages/_app-11b2fedfac9e2f34.js:172
[    2062ms] [INFO] INFO - (ATS-ENVELOPE-MODULE) How many times we have dispatched event envelopeModuleReady:  2 @ https://carolinas.eater.com/_next/static/chunks/pages/_app-11b2fedfac9e2f34.js:172
[    2184ms] [LOG] DEBUG - (ATS-DETECTION-MODULE) Detected dynamically added nodes. @ https://carolinas.eater.com/_next/static/chunks/pages/_app-11b2fedfac9e2f34.js:172
[    2230ms] [TIMEEND] a: 0.0009765625 ms @ https://static.adsafeprotected.com/sca.17.6.4.js:31
[    3037ms] [LOG] DEBUG - (ATS-DETECTION-MODULE) Detected dynamically added nodes. @ https://carolinas.eater.com/_next/static/chunks/pages/_app-11b2fedfac9e2f34.js:172
[    3062ms] [INFO] INFO - (ATS-ENVELOPE-MODULE) We have dispatched envelopeModuleReady event again! @ https://carolinas.eater.com/_next/static/chunks/pages/_app-11b2fedfac9e2f34.js:172
[    3062ms] [INFO] INFO - (ATS-ENVELOPE-MODULE) How many times we have dispatched event envelopeModuleReady:  3 @ https://carolinas.eater.com/_next/static/chunks/pages/_app-11b2fedfac9e2f34.js:172
[    3078ms] [LOG] DEBUG - (ATS-DETECTION-MODULE) Detected dynamically added nodes. @ https://carolinas.eater.com/_next/static/chunks/pages/_app-11b2fedfac9e2f34.js:172
[    3688ms] [LOG] DEBUG - (ATS-DETECTION-MODULE) Detected dynamically added nodes. @ https://carolinas.eater.com/_next/static/chunks/pages/_app-11b2fedfac9e2f34.js:172
[    3689ms] [LOG] DEBUG - (ATS-DETECTION-MODULE) Detected dynamically added nodes. @ https://carolinas.eater.com/_next/static/chunks/pages/_app-11b2fedfac9e2f34.js:172
[    3690ms] [LOG] DEBUG - (ATS-DETECTION-MODULE) Detected dynamically added nodes. @ https://carolinas.eater.com/_next/static/chunks/pages/_app-11b2fedfac9e2f34.js:172
[    3691ms] [LOG] DEBUG - (ATS-DETECTION-MODULE) Detected dynamically added nodes. @ https://carolinas.eater.com/_next/static/chunks/pages/_app-11b2fedfac9e2f34.js:172
[    3692ms] [LOG] DEBUG - (ATS-DETECTION-MODULE) Detected dynamically added nodes. @ https://carolinas.eater.com/_next/static/chunks/pages/_app-11b2fedfac9e2f34.js:172
[    3693ms] [LOG] DEBUG - (ATS-DETECTION-MODULE) Detected dynamically added nodes. @ https://carolinas.eater.com/_next/static/chunks/pages/_app-11b2fedfac9e2f34.js:172
[    3693ms] [LOG] DEBUG - (ATS-DETECTION-MODULE) Detected dynamically added nodes. @ https://carolinas.eater.com/_next/static/chunks/pages/_app-11b2fedfac9e2f34.js:172
[    4038ms] [LOG] DEBUG - (ATS-DETECTION-MODULE) Detected dynamically added nodes. @ https://carolinas.eater.com/_next/static/chunks/pages/_app-11b2fedfac9e2f34.js:172
[    8909ms] [WARNING] The resource https://securepubads.g.doubleclick.net/tag/js/gpt.js was preloaded using link preload but not used within a few seconds from the window's load event. Please make sure it has an appropriate `as` value and it is preloaded intentionally. @ https://carolinas.eater.com/maps/best-new-restaurants-asheville:0
[   14428ms] [WARNING] The resource https://securepubads.g.doubleclick.net/tag/js/gpt.js was preloaded using link preload but not used within a few seconds from the window's load event. Please make sure it has an appropriate `as` value and it is preloaded intentionally. @ https://carolinas.eater.com/maps/best-new-restaurants-asheville:0
