[     735ms] [WARNING] document.domain mutation is ignored because the surrounding agent cluster is origin-keyed. @ https://www.nytimes.com/2011/07/17/travel/36-hours-in-bar-harbor.html:48
[     745ms] [WARNING] limitedAds is not set, defaulting to false @ https://www.nytimes.com/2011/07/17/travel/36-hours-in-bar-harbor.html:58
[     819ms] [WARNING] userinfo data unavailable @ https://www.nytimes.com/2011/07/17/travel/36-hours-in-bar-harbor.html:60
[     856ms] [ERROR] The Content Security Policy directive 'upgrade-insecure-requests' is ignored when delivered in a report-only policy. @ https://myaccount.nytimes.com/auth/prefetch-assets:0
[     954ms] [WARNING] [GPT] PubAdsService.setTargeting is deprecated, use googletag.setConfig({targeting: ...}) instead.
https://goo.gle/gpt-message#170 @ https://securepubads.g.doubleclick.net/pagead/managed/js/gpt/m202604230101/pubads_impl.js?cb=31098092:18
[     956ms] [WARNING] [GPT] Slot.setTargeting is deprecated, use Slot.setConfig({targeting: ...}) instead.
https://goo.gle/gpt-message#171 @ https://securepubads.g.doubleclick.net/pagead/managed/js/gpt/m202604230101/pubads_impl.js?cb=31098092:18
[    1068ms] [LOG] <!--
         0000000                         000        0000000
       111111111      11111111100          000      111111111
       00000        111111111111111111      00000      000000
       000        1111111111111111111111111100000         000
       000        1111       1111111111111111100          000
       000         11       0     1111111100              000
       000          1      00             1               000
       000               00      00       1               000
       000             000    00000       1               000
    00000            0000  00000000       1                00000
  11111            000 00    000000      000                 11111
    00000          0000      000000     00000              00000
       000        10000      000000      000              0000
       000        00000      000000       1               000
       000        000000     10000        1     0         000
       000        1000000 00              1    00         000
       000         1111111                1 0000          000
       000          1111111100           000000           000
       0000          111111111111111110000000            0000
       111111111        111111111111100000          111111111
         0000000              00000000              0000000

      NYTimes.com: All the code that's fit to window.print()!
      We're hiring: https://boards.greenhouse.io/thenewyorktimes
   --> @ https://www.nytimes.com/vi-assets/static-assets/main-790d5c8395dff24b0ea2.js:0
[    1169ms] [WARNING] et2 snippet should only load once per page @ :49
[    2562ms] [ERROR] Attestation check for Shared Storage on https://www.googleadservices.com failed. @ https://www.googleadservices.com/pagead/managed/js/activeview/current/reach_worklet.html:0
[    2607ms] [ERROR] Attestation check for Attribution Reporting on https://ad.doubleclick.net failed. @ https://www.nytimes.com/2011/07/17/travel/36-hours-in-bar-harbor.html:0
[    3022ms] [ERROR] Attestation check for Attribution Reporting on https://ad.doubleclick.net failed. @ https://www.nytimes.com/2011/07/17/travel/36-hours-in-bar-harbor.html:0
[   23693ms] [ERROR] Creating a worker from 'blob:https://myaccount.nytimes.com/3c85d635-7853-4791-9a58-9b4fa8860c5d' violates the following Content Security Policy directive: "script-src 'self' 'unsafe-inline' 'unsafe-eval' *.nytimes.com *.nyt.com https://www.gstatic.com https://www.google.com https://www.googletagmanager.com https://www.google-analytics.com https://sc-static.net https://js.datadome.co https://*.go-mpulse.net". Note that 'worker-src' was not explicitly set, so 'script-src' is used as a fallback. The action has been blocked. @ https://dd.nytimes.com/tags.js:1
[   23730ms] [ERROR] Failed to load resource: the server responded with a status of 404 () @ https://s.go-mpulse.net/boomerang/ATH8A-MAMN8-XPXCH-N5KAX-8D239:0
[   23761ms] [ERROR] Failed to load resource: the server responded with a status of 404 () @ https://s.go-mpulse.net/boomerang/ATH8A-MAMN8-XPXCH-N5KAX-8D239:0
[   27212ms] [WARNING] The resource https://s.go-mpulse.net/boomerang/ATH8A-MAMN8-XPXCH-N5KAX-8D239 was preloaded using link preload but not used within a few seconds from the window's load event. Please make sure it has an appropriate `as` value and it is preloaded intentionally. @ https://myaccount.nytimes.com/auth/login?response_type=cookie&client_id=vi&redirect_uri=https%3A%2F%2Fwww.nytimes.com%2F2011%2F07%2F17%2Ftravel%2F36-hours-in-bar-harbor.html:0
[   32801ms] [WARNING] The resource https://s.go-mpulse.net/boomerang/ATH8A-MAMN8-XPXCH-N5KAX-8D239 was preloaded using link preload but not used within a few seconds from the window's load event. Please make sure it has an appropriate `as` value and it is preloaded intentionally. @ https://myaccount.nytimes.com/auth/login-password?response_type=cookie&client_id=vi&redirect_uri=https%3A%2F%2Fwww.nytimes.com%2F2011%2F07%2F17%2Ftravel%2F36-hours-in-bar-harbor.html:0
[   34729ms] [ERROR] UserInfoAgentID unavailable. @ https://myaccount.nytimes.com/auth/login?response_type=cookie&client_id=vi&redirect_uri=https%3A%2F%2Fwww.nytimes.com%2F2011%2F07%2F17%2Ftravel%2F36-hours-in-bar-harbor.html:262
[   37315ms] [WARNING] The resource https://s.go-mpulse.net/boomerang/ATH8A-MAMN8-XPXCH-N5KAX-8D239 was preloaded using link preload but not used within a few seconds from the window's load event. Please make sure it has an appropriate `as` value and it is preloaded intentionally. @ https://myaccount.nytimes.com/auth/login-password?response_type=cookie&client_id=vi&redirect_uri=https%3A%2F%2Fwww.nytimes.com%2F2011%2F07%2F17%2Ftravel%2F36-hours-in-bar-harbor.html:0
[   55978ms] [WARNING] document.domain mutation is ignored because the surrounding agent cluster is origin-keyed. @ https://www.nytimes.com/2011/07/17/travel/36-hours-in-bar-harbor.html?login=email&auth=login-email:48
[   55985ms] [WARNING] limitedAds is not set, defaulting to false @ https://www.nytimes.com/2011/07/17/travel/36-hours-in-bar-harbor.html?login=email&auth=login-email:58
[   55987ms] [WARNING] userinfo data unavailable @ https://www.nytimes.com/2011/07/17/travel/36-hours-in-bar-harbor.html?login=email&auth=login-email:60
[   56064ms] [LOG] <!--
         0000000                         000        0000000
       111111111      11111111100          000      111111111
       00000        111111111111111111      00000      000000
       000        1111111111111111111111111100000         000
       000        1111       1111111111111111100          000
       000         11       0     1111111100              000
       000          1      00             1               000
       000               00      00       1               000
       000             000    00000       1               000
    00000            0000  00000000       1                00000
  11111            000 00    000000      000                 11111
    00000          0000      000000     00000              00000
       000        10000      000000      000              0000
       000        00000      000000       1               000
       000        000000     10000        1     0         000
       000        1000000 00              1    00         000
       000         1111111                1 0000          000
       000          1111111100           000000           000
       0000          111111111111111110000000            0000
       111111111        111111111111100000          111111111
         0000000              00000000              0000000

      NYTimes.com: All the code that's fit to window.print()!
      We're hiring: https://boards.greenhouse.io/thenewyorktimes
   --> @ https://www.nytimes.com/vi-assets/static-assets/main-790d5c8395dff24b0ea2.js:0
[   56069ms] [ERROR] The Content Security Policy directive 'upgrade-insecure-requests' is ignored when delivered in a report-only policy. @ https://myaccount.nytimes.com/auth/prefetch-assets:0
[   56287ms] [WARNING] et2 snippet should only load once per page @ :49
[   56711ms] [WARNING] [GPT] PubAdsService.setTargeting is deprecated, use googletag.setConfig({targeting: ...}) instead.
https://goo.gle/gpt-message#170 @ https://securepubads.g.doubleclick.net/pagead/managed/js/gpt/m202604230101/pubads_impl.js?cb=31098092:18
[   56714ms] [WARNING] [GPT] Slot.setTargeting is deprecated, use Slot.setConfig({targeting: ...}) instead.
https://goo.gle/gpt-message#171 @ https://securepubads.g.doubleclick.net/pagead/managed/js/gpt/m202604230101/pubads_impl.js?cb=31098092:18
[   57804ms] [ERROR] Attestation check for Shared Storage on https://www.googleadservices.com failed. @ https://www.googleadservices.com/pagead/managed/js/activeview/current/reach_worklet.html:0
[   57836ms] [ERROR] Attestation check for Attribution Reporting on https://ad.doubleclick.net failed. @ https://www.nytimes.com/2011/07/17/travel/36-hours-in-bar-harbor.html?login=email&auth=login-email:0
[   58285ms] [ERROR] Attestation check for Attribution Reporting on https://ad.doubleclick.net failed. @ https://www.nytimes.com/2011/07/17/travel/36-hours-in-bar-harbor.html?login=email&auth=login-email:0
[   96436ms] [WARNING] event data {} must include a subject @ https://nyt-dti-prd-staticjs.storage.googleapis.com/analytics/et2/eventtracker-snippet.js:0
[   57804ms] [ERROR] Attestation check for Shared Storage on https://www.googleadservices.com failed. @ https://www.googleadservices.com/pagead/managed/js/activeview/current/reach_worklet.html:0
[   96505ms] [ERROR] Attestation check for Shared Storage on https://www.googleadservices.com failed. @ https://www.googleadservices.com/pagead/managed/js/activeview/current/reach_worklet.html:0
[   96727ms] [LOG] reportWindowSize:  1200 @ https://907d9ff7c8f113abbb70258384f2b968.safeframe.googlesyndication.com/safeframe/1-0-45/html/container.html:45
[   96728ms] ReferenceError: VidPlaya is not defined
    at loadVideo (https://907d9ff7c8f113abbb70258384f2b968.safeframe.googlesyndication.com/safeframe/1-0-45/html/container.html:29:5)
    at reportWindowSize (https://907d9ff7c8f113abbb70258384f2b968.safeframe.googlesyndication.com/safeframe/1-0-45/html/container.html:48:53)
[   96825ms] [TIMEEND] a: 0.001220703125 ms @ https://static.adsafeprotected.com/sca.17.6.4.js:31
[   97480ms] [LOG] Delayed for 1 second. @ https://907d9ff7c8f113abbb70258384f2b968.safeframe.googlesyndication.com/safeframe/1-0-45/html/container.html:54
[   97480ms] [LOG] JSHandle@node @ https://907d9ff7c8f113abbb70258384f2b968.safeframe.googlesyndication.com/safeframe/1-0-45/html/container.html:56
[   97480ms] [LOG] reportWindowSize:  1200 @ https://907d9ff7c8f113abbb70258384f2b968.safeframe.googlesyndication.com/safeframe/1-0-45/html/container.html:45
[   97480ms] [LOG] Video already matches, skipping reload. @ https://907d9ff7c8f113abbb70258384f2b968.safeframe.googlesyndication.com/safeframe/1-0-45/html/container.html:29
