[     683ms] [WARNING] [GPT] PubAdsService.getTargeting is deprecated, use googletag.getConfig('targeting') instead.
https://goo.gle/gpt-message#200 @ https://securepubads.g.doubleclick.net/pagead/managed/js/gpt/m202604220101/pubads_impl.js:18
[     695ms] [WARNING] [GPT] Slot.updateTargetingFromMap is deprecated, use Slot.setConfig({targeting: ...}) instead.
https://goo.gle/gpt-message#171 @ https://securepubads.g.doubleclick.net/pagead/managed/js/gpt/m202604220101/pubads_impl.js:18
[     986ms] [ERROR] Failed to load resource: net::ERR_NAME_NOT_RESOLVED @ https://ssc.cntraveler.com/get_cookie_id?cookie_domain=cntraveler.com&r=1777317791354&callback=TreasureJSONPCallback0:0
[    1043ms] [WARNING] Allow attribute will take precedence over 'allowfullscreen'. @ https://player.cnevids.com/script/video/67f022fe8f02964916a38f01.js?autoplay=1&muted=1&continuousPlay=1&hasCompanion=false&hideHoverTitle=1&hidePosterTitle=1&onReady=setupInterlude1&playerType=interlude&recAlgorithm=_cne-interlude-cntraveler_6204f3d2-b15a-4b6e-eb0a-ef7f831d6bc5_text2vec1&recStrategy=text2vec1&showPlaylistBar=false&isFullBleed=false&isRightRail=false&onIframeReady=onIframeReady17773177911781&videoEmbedPosition=inlineInjected:0
[    2756ms] ReferenceError: market is not defined
    at https://96da94e1d96aec125a29f2fc0d27dd13.safeframe.googlesyndication.com/safeframe/1-0-45/html/container.html:89:3
[    2808ms] [ERROR] Attestation check for Shared Storage on https://www.googleadservices.com failed. @ https://www.googleadservices.com/pagead/managed/js/activeview/current/reach_worklet.html:0
[    2846ms] [ERROR] Attestation check for Shared Storage on https://www.googleadservices.com failed. @ https://www.googleadservices.com/pagead/managed/js/activeview/current/reach_worklet.html:0
[    3111ms] [TIMEEND] a: 0.001953125 ms @ https://static.adsafeprotected.com/sca.17.6.4.js:31
[    2808ms] [ERROR] Attestation check for Shared Storage on https://www.googleadservices.com failed. @ https://www.googleadservices.com/pagead/managed/js/activeview/current/reach_worklet.html:0
[    2846ms] [ERROR] Attestation check for Shared Storage on https://www.googleadservices.com failed. @ https://www.googleadservices.com/pagead/managed/js/activeview/current/reach_worklet.html:0
[    3310ms] TypeError: Cannot read properties of undefined (reading 'setRushSimulatedLocalEvents')
    at https://s0.2mdn.net/sadbundle/9477908826243986964/index.html?ev=01_262:220:453
[    2808ms] [ERROR] Attestation check for Shared Storage on https://www.googleadservices.com failed. @ https://www.googleadservices.com/pagead/managed/js/activeview/current/reach_worklet.html:0
[    2846ms] [ERROR] Attestation check for Shared Storage on https://www.googleadservices.com failed. @ https://www.googleadservices.com/pagead/managed/js/activeview/current/reach_worklet.html:0
[    3346ms] [ERROR] Attestation check for Shared Storage on https://www.googleadservices.com failed. @ https://www.googleadservices.com/pagead/managed/js/activeview/current/reach_worklet.html:0
[    3360ms] [ERROR] Attestation check for Shared Storage on https://www.googleadservices.com failed. @ https://www.googleadservices.com/pagead/managed/js/activeview/current/reach_worklet.html:0
[    4658ms] [ERROR] Refused to execute script from 'https://eb2.3lift.com/getuid?gpp=null&gpp_sid=null&gdpr=0&gdpr_consent=null&us_privacy=null&redir=https%3a%2f%2fcks.connatix.com%2fcks%3fpid%3d25%26ev%3d1-028569eec77348448a0e950b360cebd7%26pname%3dTripleLift%26api-tier%3d2%26uid%3d%24UID' because its MIME type ('image/gif') is not executable. @ https://cds.connatix.com/p/335477026/cnx_usync.html?et=1&pageUrl=https%3a%2f%2fwww.cntraveler.com%2fstory%2fthe-best-places-to-go-in-2026&cid=3dedaf43-333a-47db-bf83-57833112e6f9&publisherExclusionLevel=0:0
[    4659ms] [ERROR] Syncing cannot be made with  https://eb2.3lift.com/getuid?gpp=null&gpp_sid=null&gdpr=0&gdpr_consent=null&us_privacy=null&redir=https%3a%2f%2fcks.connatix.com%2fcks%3fpid%3d25%26ev%3d1-028569eec77348448a0e950b360cebd7%26pname%3dTripleLift%26api-tier%3d2%26uid%3d%24UID @ https://cds.connatix.com/p/335477026/cnx_usync.js:0
[    4677ms] [WARNING] [Audigent] cannot access to window.top: skip check and continue SecurityError: Failed to read a named property 'document' from 'Window': Blocked a frame with origin "https://cds.connatix.com" from accessing a cross-origin frame.
    at https://cdn.hadronid.net/hadron.js?url=https%3A%2F%2Fcds.connatix.com%2Fp%2F335477026%2Fcnx_usync.html%3Fet%3D1%26pageUrl%3Dhttps%253a%252f%252fwww.cntraveler.com%252fstory%252fthe-best-places-to-go-in-2026%26cid%3D3dedaf43-333a-47db-bf83-57833112e6f9%26publisherExclusionLevel%3D0&ref=https%3A%2F%2Fwww.cntraveler.com%2F&_it=tag&partner_id=800&ha=ha:1:57991
    at Module.<anonymous> (https://cdn.hadronid.net/hadron.js?url=https%3A%2F%2Fcds.connatix.com%2Fp%2F335477026%2Fcnx_usync.html%3Fet%3D1%26pageUrl%3Dhttps%253a%252f%252fwww.cntraveler.com%252fstory%252fthe-best-places-to-go-in-2026%26cid%3D3dedaf43-333a-47db-bf83-57833112e6f9%26publisherExclusionLevel%3D0&ref=https%3A%2F%2Fwww.cntraveler.com%2F&_it=tag&partner_id=800&ha=ha:1:59275)
    at n (https://cdn.hadronid.net/hadron.js?url=https%3A%2F%2Fcds.connatix.com%2Fp%2F335477026%2Fcnx_usync.html%3Fet%3D1%26pageUrl%3Dhttps%253a%252f%252fwww.cntraveler.com%252fstory%252fthe-best-places-to-go-in-2026%26cid%3D3dedaf43-333a-47db-bf83-57833112e6f9%26publisherExclusionLevel%3D0&ref=https%3A%2F%2Fwww.cntraveler.com%2F&_it=tag&partner_id=800&ha=ha:1:110)
    at https://cdn.hadronid.net/hadron.js?url=https%3A%2F%2Fcds.connatix.com%2Fp%2F335477026%2Fcnx_usync.html%3Fet%3D1%26pageUrl%3Dhttps%253a%252f%252fwww.cntraveler.com%252fstory%252fthe-best-places-to-go-in-2026%26cid%3D3dedaf43-333a-47db-bf83-57833112e6f9%26publisherExclusionLevel%3D0&ref=https%3A%2F%2Fwww.cntraveler.com%2F&_it=tag&partner_id=800&ha=ha:1:902
    at https://cdn.hadronid.net/hadron.js?url=https%3A%2F%2Fcds.connatix.com%2Fp%2F335477026%2Fcnx_usync.html%3Fet%3D1%26pageUrl%3Dhttps%253a%252f%252fwww.cntraveler.com%252fstory%252fthe-best-places-to-go-in-2026%26cid%3D3dedaf43-333a-47db-bf83-57833112e6f9%26publisherExclusionLevel%3D0&ref=https%3A%2F%2Fwww.cntraveler.com%2F&_it=tag&partner_id=800&ha=ha:1:911 @ https://cdn.hadronid.net/hadron.js?url=https%3A%2F%2Fcds.connatix.com%2Fp%2F335477026%2Fcnx_usync.html%3Fet%3D1%26pageUrl%3Dhttps%253a%252f%252fwww.cntraveler.com%252fstory%252fthe-best-places-to-go-in-2026%26cid%3D3dedaf43-333a-47db-bf83-57833112e6f9%26publisherExclusionLevel%3D0&ref=https%3A%2F%2Fwww.cntraveler.com%2F&_it=tag&partner_id=800&ha=ha:0
[    4782ms] [ERROR] Failed to load resource: the server responded with a status of 404 () @ https://hbx.media.net/https%3A%2F%2Fhbx.media.net%2Fcksync.html%3Fcs%3D8%26vsid%3D4184291312681735000V10%26type%3Dpf%26refUrl%3D%26vid%3D73177950114184291312681735000V10%26axid_e%3D%26ovsid%3D:0
[    4796ms] [ERROR] Failed to load resource: net::ERR_HTTP2_PROTOCOL_ERROR @ https://he.lijit.com/merge?pid=8105&event_type=email&lc_md5=b2fa3fe825d6c63391e1f5820013922f&lc_sha1=859b584f2a650ba6ff87b7a759de4d2988b44a10&lc_sha256=80145e37fb67f18476211bda0802606735cadde5fc29fe796b6b1d64c1490118&gdpr_consent=&gpp=&gpp_sid=&us_privacy=&gpdr=:0
[    4830ms] Uncaught SecurityError: Failed to read a named property 'atob' from 'Window': Blocked a frame with origin "https://cds.connatix.com" from accessing a frame with origin "https://www.cntraveler.com". Protocols, domains, and ports must match.
    at <anonymous> (https://a.ad.gt/api/v1/u/matches/800?_it=tag:0:9501)
    at <anonymous> (https://a.ad.gt/api/v1/u/matches/800?_it=tag:0:9505)
    at <anonymous> (https://a.ad.gt/api/v1/u/matches/800?_it=tag:0:9510)
[    9074ms] [WARNING] [GPT] Slot footer_0 rendered inside of the viewport.
https://goo.gle/gpt-message#169 @ https://securepubads.g.doubleclick.net/pagead/managed/js/gpt/m202604220101/pubads_impl.js:18
[    2808ms] [ERROR] Attestation check for Shared Storage on https://www.googleadservices.com failed. @ https://www.googleadservices.com/pagead/managed/js/activeview/current/reach_worklet.html:0
[    2846ms] [ERROR] Attestation check for Shared Storage on https://www.googleadservices.com failed. @ https://www.googleadservices.com/pagead/managed/js/activeview/current/reach_worklet.html:0
[    3346ms] [ERROR] Attestation check for Shared Storage on https://www.googleadservices.com failed. @ https://www.googleadservices.com/pagead/managed/js/activeview/current/reach_worklet.html:0
[    3360ms] [ERROR] Attestation check for Shared Storage on https://www.googleadservices.com failed. @ https://www.googleadservices.com/pagead/managed/js/activeview/current/reach_worklet.html:0
[    9136ms] [ERROR] Attestation check for Shared Storage on https://www.googleadservices.com failed. @ https://www.googleadservices.com/pagead/managed/js/activeview/current/reach_worklet.html:0
[    9232ms] TypeError: Cannot read properties of undefined (reading 'setRushSimulatedLocalEvents')
    at https://s0.2mdn.net/sadbundle/10103512734816107536/index.html?ev=01_262:220:455
[    9233ms] TypeError: Cannot read properties of undefined (reading 'setRushSimulatedLocalEvents')
    at https://s0.2mdn.net/sadbundle/10103512734816107536/index.html?ev=01_262:220:560
[    2808ms] [ERROR] Attestation check for Shared Storage on https://www.googleadservices.com failed. @ https://www.googleadservices.com/pagead/managed/js/activeview/current/reach_worklet.html:0
[    2846ms] [ERROR] Attestation check for Shared Storage on https://www.googleadservices.com failed. @ https://www.googleadservices.com/pagead/managed/js/activeview/current/reach_worklet.html:0
[    3346ms] [ERROR] Attestation check for Shared Storage on https://www.googleadservices.com failed. @ https://www.googleadservices.com/pagead/managed/js/activeview/current/reach_worklet.html:0
[    3360ms] [ERROR] Attestation check for Shared Storage on https://www.googleadservices.com failed. @ https://www.googleadservices.com/pagead/managed/js/activeview/current/reach_worklet.html:0
[    9136ms] [ERROR] Attestation check for Shared Storage on https://www.googleadservices.com failed. @ https://www.googleadservices.com/pagead/managed/js/activeview/current/reach_worklet.html:0
[    9264ms] [ERROR] Attestation check for Shared Storage on https://www.googleadservices.com failed. @ https://www.googleadservices.com/pagead/managed/js/activeview/current/reach_worklet.html:0
