[     898ms] [LOG] trackPageView success @ https://dc.eater.com/_next/static/chunks/pages/_app-3476deff7a24d56c.js:172
[     977ms] [WARNING] ConcertAds: (511ms) Optimera: no splitter value for slot id div-gpt-ad-btf_leaderboard_variable_map @ https://dc.eater.com/_next/static/chunks/pages/_app-3476deff7a24d56c.js:172
[     977ms] [WARNING] ConcertAds: (511ms) Optimera: no splitter value for slot id div-gpt-ad-athena_article @ https://dc.eater.com/_next/static/chunks/pages/_app-3476deff7a24d56c.js:172
[     978ms] [WARNING] ConcertAds: (511ms) Optimera: no splitter value for slot id div-gpt-ad-mapstack_sponsorship @ https://dc.eater.com/_next/static/chunks/pages/_app-3476deff7a24d56c.js:172
[     978ms] [WARNING] ConcertAds: (511ms) Optimera: no splitter value for slot id div-gpt-ad-in_map_16 @ https://dc.eater.com/_next/static/chunks/pages/_app-3476deff7a24d56c.js:172
[     978ms] [WARNING] ConcertAds: (511ms) Optimera: no splitter value for slot id div-gpt-ad-in_map_17 @ https://dc.eater.com/_next/static/chunks/pages/_app-3476deff7a24d56c.js:172
[     978ms] [WARNING] ConcertAds: (511ms) Optimera: no splitter value for slot id div-gpt-ad-in_map_18 @ https://dc.eater.com/_next/static/chunks/pages/_app-3476deff7a24d56c.js:172
[    1539ms] [ERROR] Attestation check for Attribution Reporting on https://www.facebook.com failed. @ https://dc.eater.com/maps/best-pittsburgh-restaurants:0
[    1585ms] [LOG] DEBUG - (ATS-ENVELOPE-MODULE) ats-set-additional-data event set up. @ https://dc.eater.com/_next/static/chunks/pages/_app-3476deff7a24d56c.js:172
[    1585ms] [LOG] DEBUG - (ATS-ENVELOPE-MODULE) There is no google_ssp envelope in storage. @ https://dc.eater.com/_next/static/chunks/pages/_app-3476deff7a24d56c.js:172
[    1586ms] [LOG] DEBUG - (ATS-ENVELOPE-MODULE) There is no liveramp envelope in storage. @ https://dc.eater.com/_next/static/chunks/pages/_app-3476deff7a24d56c.js:172
[    1699ms] [ERROR] Attestation check for Attribution Reporting on https://www.facebook.com failed. @ https://dc.eater.com/maps/best-pittsburgh-restaurants:0
[    1699ms] [ERROR] Attestation check for Attribution Reporting on https://www.facebook.com failed. @ https://dc.eater.com/maps/best-pittsburgh-restaurants:0
[    1699ms] [ERROR] Attestation check for Attribution Reporting on https://www.facebook.com failed. @ https://dc.eater.com/maps/best-pittsburgh-restaurants:0
[    1699ms] [ERROR] Attestation check for Attribution Reporting on https://www.facebook.com failed. @ https://dc.eater.com/maps/best-pittsburgh-restaurants:0
[    1708ms] [INFO] INFO - (ATS-ENVELOPE-MODULE) (Geo location) consent check not passed @ https://dc.eater.com/_next/static/chunks/pages/_app-3476deff7a24d56c.js:172
[    1708ms] [INFO] INFO - (ATS-ENVELOPE-MODULE) (Geo location) persisted cached location data @ https://dc.eater.com/_next/static/chunks/pages/_app-3476deff7a24d56c.js:172
[    1708ms] [LOG] DEBUG - (ATS-ENVELOPE-MODULE) Consent is given, module will start! @ https://dc.eater.com/_next/static/chunks/pages/_app-3476deff7a24d56c.js:172
[    1708ms] [INFO] INFO - (ATS-ENVELOPE-MODULE) (Geo location) persisted cached location data @ https://dc.eater.com/_next/static/chunks/pages/_app-3476deff7a24d56c.js:172
[    1708ms] [LOG] DEBUG - (ATS-ENVELOPE-MODULE) LIVERAMP envelope not found in storage! New envelope will be acquired. @ https://dc.eater.com/_next/static/chunks/pages/_app-3476deff7a24d56c.js:172
[    1709ms] [INFO] INFO - (ATS-ENVELOPE-MODULE) Catching identifier configured. @ https://dc.eater.com/_next/static/chunks/pages/_app-3476deff7a24d56c.js:172
[    1709ms] [INFO] INFO - (ATS-ENVELOPE-MODULE) Envelope-module is configured. @ https://dc.eater.com/_next/static/chunks/pages/_app-3476deff7a24d56c.js:172
[    1802ms] [ERROR] Access to fetch at 'https://api.rlcdn.com/api/identity/envelope?pid=1258' from origin 'https://dc.eater.com' has been blocked by CORS policy: No 'Access-Control-Allow-Origin' header is present on the requested resource. @ about:srcdoc:0
[    1802ms] [ERROR] Failed to load resource: net::ERR_FAILED @ https://api.rlcdn.com/api/identity/envelope?pid=1258:0
[    1935ms] [INFO] INFO - (ATS-DETECTION-MODULE) (Geo location) persisted cached location data @ https://dc.eater.com/_next/static/chunks/pages/_app-3476deff7a24d56c.js:172
[    1935ms] [LOG] DEBUG - (ATS-DETECTION-MODULE) Consent is given, module will start! @ https://dc.eater.com/_next/static/chunks/pages/_app-3476deff7a24d56c.js:172
[    1935ms] [INFO] INFO - (ATS-DETECTION-MODULE) (Geo location) persisted cached location data @ https://dc.eater.com/_next/static/chunks/pages/_app-3476deff7a24d56c.js:172
[    2137ms] [LOG] DEBUG - (ATS-DETECTION-MODULE) Started urlAndScrape detection! @ https://dc.eater.com/_next/static/chunks/pages/_app-3476deff7a24d56c.js:172
[    2137ms] [LOG] DEBUG - (ATS-DETECTION-MODULE) There is no such url parameter. 
 Tried to fetch: email @ https://dc.eater.com/_next/static/chunks/pages/_app-3476deff7a24d56c.js:172
[    2137ms] [LOG] DEBUG - (ATS-DETECTION-MODULE) There is no such url parameter. 
 Tried to fetch: hashedPid @ https://dc.eater.com/_next/static/chunks/pages/_app-3476deff7a24d56c.js:172
[    2137ms] [INFO] INFO - (ATS-DETECTION-MODULE) Detection started! Library is configured to detect:  [email, pidHashes] @ https://dc.eater.com/_next/static/chunks/pages/_app-3476deff7a24d56c.js:172
[    2137ms] [INFO] INFO - (ATS-DETECTION-MODULE) Detection event type is  onsubmit @ https://dc.eater.com/_next/static/chunks/pages/_app-3476deff7a24d56c.js:172
[    2345ms] [LOG] DEBUG - (ATS-DETECTION-MODULE) Detected dynamically added nodes. @ https://dc.eater.com/_next/static/chunks/pages/_app-3476deff7a24d56c.js:172
[    2459ms] [LOG] DEBUG - (ATS-DETECTION-MODULE) Detected dynamically added nodes. @ https://dc.eater.com/_next/static/chunks/pages/_app-3476deff7a24d56c.js:172
[    2460ms] [LOG] DEBUG - (ATS-DETECTION-MODULE) Detected dynamically added nodes. @ https://dc.eater.com/_next/static/chunks/pages/_app-3476deff7a24d56c.js:172
[    2710ms] [INFO] INFO - (ATS-ENVELOPE-MODULE) We have dispatched envelopeModuleReady event again! @ https://dc.eater.com/_next/static/chunks/pages/_app-3476deff7a24d56c.js:172
[    2710ms] [INFO] INFO - (ATS-ENVELOPE-MODULE) How many times we have dispatched event envelopeModuleReady:  2 @ https://dc.eater.com/_next/static/chunks/pages/_app-3476deff7a24d56c.js:172
[    2812ms] [LOG] DEBUG - (ATS-DETECTION-MODULE) Detected dynamically added nodes. @ https://dc.eater.com/_next/static/chunks/pages/_app-3476deff7a24d56c.js:172
[    2819ms] [LOG] DEBUG - (ATS-DETECTION-MODULE) Detected dynamically added nodes. @ https://dc.eater.com/_next/static/chunks/pages/_app-3476deff7a24d56c.js:172
[    3050ms] [LOG] DEBUG - (ATS-DETECTION-MODULE) Detected dynamically added nodes. @ https://dc.eater.com/_next/static/chunks/pages/_app-3476deff7a24d56c.js:172
[    3066ms] [LOG] DEBUG - (ATS-DETECTION-MODULE) Detected dynamically added nodes. @ https://dc.eater.com/_next/static/chunks/pages/_app-3476deff7a24d56c.js:172
[    3082ms] [LOG] DEBUG - (ATS-DETECTION-MODULE) Detected dynamically added nodes. @ https://dc.eater.com/_next/static/chunks/pages/_app-3476deff7a24d56c.js:172
[    3099ms] [LOG] DEBUG - (ATS-DETECTION-MODULE) Detected dynamically added nodes. @ https://dc.eater.com/_next/static/chunks/pages/_app-3476deff7a24d56c.js:172
[    3120ms] [LOG] DEBUG - (ATS-DETECTION-MODULE) Detected dynamically added nodes. @ https://dc.eater.com/_next/static/chunks/pages/_app-3476deff7a24d56c.js:172
[    3148ms] [LOG] DEBUG - (ATS-DETECTION-MODULE) Detected dynamically added nodes. @ https://dc.eater.com/_next/static/chunks/pages/_app-3476deff7a24d56c.js:172
[    3155ms] [LOG] DEBUG - (ATS-DETECTION-MODULE) Detected dynamically added nodes. @ https://dc.eater.com/_next/static/chunks/pages/_app-3476deff7a24d56c.js:172
[    3191ms] [LOG] DEBUG - (ATS-DETECTION-MODULE) Detected dynamically added nodes. @ https://dc.eater.com/_next/static/chunks/pages/_app-3476deff7a24d56c.js:172
[    3194ms] [LOG] DEBUG - (ATS-DETECTION-MODULE) Detected dynamically added nodes. @ https://dc.eater.com/_next/static/chunks/pages/_app-3476deff7a24d56c.js:172
[    3200ms] [LOG] DEBUG - (ATS-DETECTION-MODULE) Detected dynamically added nodes. @ https://dc.eater.com/_next/static/chunks/pages/_app-3476deff7a24d56c.js:172
[    3220ms] [LOG] DEBUG - (ATS-DETECTION-MODULE) Detected dynamically added nodes. @ https://dc.eater.com/_next/static/chunks/pages/_app-3476deff7a24d56c.js:172
[    3295ms] [LOG] DEBUG - (ATS-DETECTION-MODULE) Detected dynamically added nodes. @ https://dc.eater.com/_next/static/chunks/pages/_app-3476deff7a24d56c.js:172
[    3315ms] [ERROR] Attestation check for Shared Storage on https://www.googleadservices.com failed. @ https://www.googleadservices.com/pagead/managed/js/activeview/current/reach_worklet.html:0
[    3317ms] [ERROR] Attestation check for Shared Storage on https://www.googleadservices.com failed. @ https://www.googleadservices.com/pagead/managed/js/activeview/current/reach_worklet.html:0
[    3543ms] [LOG] DEBUG - (ATS-DETECTION-MODULE) Detected dynamically added nodes. @ https://dc.eater.com/_next/static/chunks/pages/_app-3476deff7a24d56c.js:172
[    3710ms] [INFO] INFO - (ATS-ENVELOPE-MODULE) We have dispatched envelopeModuleReady event again! @ https://dc.eater.com/_next/static/chunks/pages/_app-3476deff7a24d56c.js:172
[    3710ms] [INFO] INFO - (ATS-ENVELOPE-MODULE) How many times we have dispatched event envelopeModuleReady:  3 @ https://dc.eater.com/_next/static/chunks/pages/_app-3476deff7a24d56c.js:172
[    4243ms] [LOG] DEBUG - (ATS-DETECTION-MODULE) Detected dynamically added nodes. @ https://dc.eater.com/_next/static/chunks/pages/_app-3476deff7a24d56c.js:172
[    4248ms] [LOG] DEBUG - (ATS-DETECTION-MODULE) Detected dynamically added nodes. @ https://dc.eater.com/_next/static/chunks/pages/_app-3476deff7a24d56c.js:172
[    4252ms] [LOG] DEBUG - (ATS-DETECTION-MODULE) Detected dynamically added nodes. @ https://dc.eater.com/_next/static/chunks/pages/_app-3476deff7a24d56c.js:172
[    4254ms] [LOG] DEBUG - (ATS-DETECTION-MODULE) Detected dynamically added nodes. @ https://dc.eater.com/_next/static/chunks/pages/_app-3476deff7a24d56c.js:172
[    4256ms] [LOG] DEBUG - (ATS-DETECTION-MODULE) Detected dynamically added nodes. @ https://dc.eater.com/_next/static/chunks/pages/_app-3476deff7a24d56c.js:172
[    4259ms] [LOG] DEBUG - (ATS-DETECTION-MODULE) Detected dynamically added nodes. @ https://dc.eater.com/_next/static/chunks/pages/_app-3476deff7a24d56c.js:172
[    4261ms] [LOG] DEBUG - (ATS-DETECTION-MODULE) Detected dynamically added nodes. @ https://dc.eater.com/_next/static/chunks/pages/_app-3476deff7a24d56c.js:172
[    4302ms] [LOG] Ignoring gdpr_consent param, it should be a non empty value @ https://acdn.adnxs.com/prebid/universal-creative/load-cookie.html?max_sync_count=30&gdpr=0&gdpr_consent=&account=6894&source=amp:9
[    4374ms] [ERROR] Failed to load resource: net::ERR_NAME_NOT_RESOLVED @ https://sync.search.spotxchange.com/partner?adv_id=7715&uid=4858193757785939640:0
[    4412ms] [LOG] Invoking image pixel user sync for bidder: "bidgency" @ https://acdn.adnxs.com/prebid/universal-creative/load-cookie.html?max_sync_count=30&gdpr=0&gdpr_consent=&account=6894&source=amp:9
[    4550ms] [LOG] DEBUG - (ATS-DETECTION-MODULE) Detected dynamically added nodes. @ https://dc.eater.com/_next/static/chunks/pages/_app-3476deff7a24d56c.js:172
[    4618ms] [LOG] Invoking image pixel user sync for bidder: "evtech" @ https://acdn.adnxs.com/prebid/universal-creative/load-cookie.html?max_sync_count=30&gdpr=0&gdpr_consent=&account=6894&source=amp:9
[    4796ms] [ERROR] Failed to load resource: net::ERR_CERT_DATE_INVALID @ https://tracker.direct.e-volution.ai/sync?gdpr=&consent=&us_privacy=&redirect=https%3A%2F%2Fib.adnxs.com%2Fprebid%2Fsetuid%3Fbidder%3Devtech%26gdpr%3D%26gdpr_consent%3D%26gpp%3D%26gpp_sid%3D%26f%3Di%26uid%3D%7BPLL_USER_ID%7D:0
[    4796ms] [LOG] Invoking image pixel user sync for bidder: "yieldmo" @ https://acdn.adnxs.com/prebid/universal-creative/load-cookie.html?max_sync_count=30&gdpr=0&gdpr_consent=&account=6894&source=amp:9
[    4922ms] [ERROR] Failed to load resource: the server responded with a status of 400 () @ https://eb2.3lift.com/getuid?gdpr=0&gdpr_consent=&redir=https%3A%2F%2Fuser-sync.fwmrm.net%2Fad%2Fu%3Fmode%3Duser-register%26dspid%3D94%26dspuid%3D$UID%26gdpr%3D0%26gdpr_consent%3D:0
[    4986ms] [LOG] Invoking image pixel user sync for bidder: "ownadx" @ https://acdn.adnxs.com/prebid/universal-creative/load-cookie.html?max_sync_count=30&gdpr=0&gdpr_consent=&account=6894&source=amp:9
[    5139ms] [LOG] Invoking image pixel user sync for bidder: "synacormedia" @ https://acdn.adnxs.com/prebid/universal-creative/load-cookie.html?max_sync_count=30&gdpr=0&gdpr_consent=&account=6894&source=amp:9
[    5322ms] [LOG] Invoking image pixel user sync for bidder: "videobyte" @ https://acdn.adnxs.com/prebid/universal-creative/load-cookie.html?max_sync_count=30&gdpr=0&gdpr_consent=&account=6894&source=amp:9
[    5411ms] [LOG] Invoking image pixel user sync for bidder: "colossus" @ https://acdn.adnxs.com/prebid/universal-creative/load-cookie.html?max_sync_count=30&gdpr=0&gdpr_consent=&account=6894&source=amp:9
[    5696ms] [LOG] Invoking image pixel user sync for bidder: "bliink" @ https://acdn.adnxs.com/prebid/universal-creative/load-cookie.html?max_sync_count=30&gdpr=0&gdpr_consent=&account=6894&source=amp:9
[    6053ms] [LOG] Invoking image pixel user sync for bidder: "qt" @ https://acdn.adnxs.com/prebid/universal-creative/load-cookie.html?max_sync_count=30&gdpr=0&gdpr_consent=&account=6894&source=amp:9
[    6069ms] [WARNING] The resource https://securepubads.g.doubleclick.net/tag/js/gpt.js was preloaded using link preload but not used within a few seconds from the window's load event. Please make sure it has an appropriate `as` value and it is preloaded intentionally. @ https://dc.eater.com/maps/best-pittsburgh-restaurants:0
[    6175ms] [ERROR] Failed to load resource: net::ERR_CERT_COMMON_NAME_INVALID @ https://cs.qt.io/pbserver?gdpr=&gdpr_consent=&us_privacy=&gpp=&gpp_sid=&redir=https%3A%2F%2Fib.adnxs.com%2Fprebid%2Fsetuid%3Fbidder%3Dqt%26gdpr%3D%26gdpr_consent%3D%26gpp%3D%26gpp_sid%3D%26f%3Di%26uid%3D%5BUID%5D:0
[    6176ms] [LOG] Invoking image pixel user sync for bidder: "adsinteractive" @ https://acdn.adnxs.com/prebid/universal-creative/load-cookie.html?max_sync_count=30&gdpr=0&gdpr_consent=&account=6894&source=amp:9
[    6578ms] [LOG] Invoking image pixel user sync for bidder: "yahooAds" @ https://acdn.adnxs.com/prebid/universal-creative/load-cookie.html?max_sync_count=30&gdpr=0&gdpr_consent=&account=6894&source=amp:9
[    6645ms] [LOG] Invoking image pixel user sync for bidder: "pubmatic" @ https://acdn.adnxs.com/prebid/universal-creative/load-cookie.html?max_sync_count=30&gdpr=0&gdpr_consent=&account=6894&source=amp:9
[    6838ms] [LOG] Invoking image pixel user sync for bidder: "screencore" @ https://acdn.adnxs.com/prebid/universal-creative/load-cookie.html?max_sync_count=30&gdpr=0&gdpr_consent=&account=6894&source=amp:9
[   10805ms] [WARNING] The resource https://securepubads.g.doubleclick.net/tag/js/gpt.js was preloaded using link preload but not used within a few seconds from the window's load event. Please make sure it has an appropriate `as` value and it is preloaded intentionally. @ https://dc.eater.com/maps/best-pittsburgh-restaurants:0
[   15854ms] [WARNING] The resource https://securepubads.g.doubleclick.net/tag/js/gpt.js was preloaded using link preload but not used within a few seconds from the window's load event. Please make sure it has an appropriate `as` value and it is preloaded intentionally. @ https://dc.eater.com/maps/best-pittsburgh-restaurants:0
[   20008ms] [WARNING] The resource https://securepubads.g.doubleclick.net/tag/js/gpt.js was preloaded using link preload but not used within a few seconds from the window's load event. Please make sure it has an appropriate `as` value and it is preloaded intentionally. @ https://dc.eater.com/maps/best-pittsburgh-restaurants:0
[   25087ms] [WARNING] The resource https://securepubads.g.doubleclick.net/tag/js/gpt.js was preloaded using link preload but not used within a few seconds from the window's load event. Please make sure it has an appropriate `as` value and it is preloaded intentionally. @ https://dc.eater.com/maps/best-pittsburgh-restaurants:0
[   29934ms] [WARNING] The resource https://securepubads.g.doubleclick.net/tag/js/gpt.js was preloaded using link preload but not used within a few seconds from the window's load event. Please make sure it has an appropriate `as` value and it is preloaded intentionally. @ https://dc.eater.com/maps/best-pittsburgh-restaurants:0
[   35475ms] [WARNING] The resource https://securepubads.g.doubleclick.net/tag/js/gpt.js was preloaded using link preload but not used within a few seconds from the window's load event. Please make sure it has an appropriate `as` value and it is preloaded intentionally. @ https://dc.eater.com/maps/best-pittsburgh-restaurants:0
[   48687ms] [WARNING] The resource https://securepubads.g.doubleclick.net/tag/js/gpt.js was preloaded using link preload but not used within a few seconds from the window's load event. Please make sure it has an appropriate `as` value and it is preloaded intentionally. @ https://dc.eater.com/maps/best-pittsburgh-restaurants:0
[   59942ms] [WARNING] The resource https://securepubads.g.doubleclick.net/tag/js/gpt.js was preloaded using link preload but not used within a few seconds from the window's load event. Please make sure it has an appropriate `as` value and it is preloaded intentionally. @ https://dc.eater.com/maps/best-pittsburgh-restaurants:0
[   81862ms] [ERROR] Failed to load resource: net::ERR_CONNECTION_TIMED_OUT @ https://cs.screencore.io/pbserver?gdpr=&gdpr_consent=&coppa=&gpp=&gpp_sid=&redir=https%3A%2F%2Fib.adnxs.com%2Fprebid%2Fsetuid%3Fbidder%3Dscreencore%26gdpr%3D%26gdpr_consent%3D%26gpp%3D%26gpp_sid%3D%26f%3Di%26uid%3D%5BUID%5D:0
[   81866ms] [LOG] Invoking image pixel user sync for bidder: "stroeerCore" @ https://acdn.adnxs.com/prebid/universal-creative/load-cookie.html?max_sync_count=30&gdpr=0&gdpr_consent=&account=6894&source=amp:9
