[     755ms] [ERROR] Attestation check for Attribution Reporting on https://www.facebook.com failed. @ https://la.eater.com/maps/best-food-restaurants-uci-university-of-california-irvine:0
[     899ms] [LOG] trackPageView success @ https://la.eater.com/_next/static/chunks/pages/_app-00464cad4eea785f.js:144
[    1953ms] [ERROR] Attestation check for Shared Storage on https://www.googleadservices.com failed. @ https://www.googleadservices.com/pagead/managed/js/activeview/current/reach_worklet.html:0
[    1953ms] [ERROR] Attestation check for Shared Storage on https://www.googleadservices.com failed. @ https://www.googleadservices.com/pagead/managed/js/activeview/current/reach_worklet.html:0
[    2098ms] [ERROR] Attestation check for Shared Storage on https://www.googleadservices.com failed. @ https://www.googleadservices.com/pagead/managed/js/activeview/current/reach_worklet.html:0
[    2126ms] [ERROR] Refused to execute script from 'https://track.activemetering.com/pixel/v1/all/pixel.gif?cid=be741427-8927-40f8-b478-d70cd76769bd&creativeId=249269310&placementId=438906342&siteId=4222156&campaignId=35016134&adId=636177930%22width=%220%22height=%220%22' because its MIME type ('image/gif') is not executable. @ about:srcdoc:0
[    2345ms] [WARNING] Scripts "build/three.js" and "build/three.min.js" are deprecated with r150+, and will be removed with r160. Please use ES Modules or alternatives: https://threejs.org/docs/index.html#manual/en/introduction/Installation @ https://cdn.jsdelivr.net/npm/three@0.160.0/build/three.min.js:0
[    2465ms] [LOG] Card texture loaded successfully @ https://s0.2mdn.net/sadbundle/13627035187101647531/CATL_STE_STEL_Dining_LM_BAU_Jan26_RIM_300x250_DCM/main.js:136
[    2466ms] [LOG] Card initial position: We @ https://s0.2mdn.net/sadbundle/13627035187101647531/CATL_STE_STEL_Dining_LM_BAU_Jan26_RIM_300x250_DCM/main.js:185
[    2466ms] [LOG] Card initial scale: We @ https://s0.2mdn.net/sadbundle/13627035187101647531/CATL_STE_STEL_Dining_LM_BAU_Jan26_RIM_300x250_DCM/main.js:186
[    2466ms] [LOG] Card material opacity: 1 @ https://s0.2mdn.net/sadbundle/13627035187101647531/CATL_STE_STEL_Dining_LM_BAU_Jan26_RIM_300x250_DCM/main.js:187
[    3049ms] [LOG] DEBUG - (ATS-ENVELOPE-MODULE) ats-set-additional-data event set up. @ https://la.eater.com/_next/static/chunks/pages/_app-00464cad4eea785f.js:144
[    3049ms] [LOG] DEBUG - (ATS-ENVELOPE-MODULE) There is no google_ssp envelope in storage. @ https://la.eater.com/_next/static/chunks/pages/_app-00464cad4eea785f.js:144
[    3049ms] [LOG] DEBUG - (ATS-ENVELOPE-MODULE) There is no liveramp envelope in storage. @ https://la.eater.com/_next/static/chunks/pages/_app-00464cad4eea785f.js:144
[    3049ms] [INFO] INFO - (ATS-ENVELOPE-MODULE) (Geo location) persisted cached location data @ https://la.eater.com/_next/static/chunks/pages/_app-00464cad4eea785f.js:144
[    3049ms] [LOG] DEBUG - (ATS-ENVELOPE-MODULE) Consent is given, module will start! @ https://la.eater.com/_next/static/chunks/pages/_app-00464cad4eea785f.js:144
[    3049ms] [INFO] INFO - (ATS-ENVELOPE-MODULE) (Geo location) persisted cached location data @ https://la.eater.com/_next/static/chunks/pages/_app-00464cad4eea785f.js:144
[    3050ms] [LOG] DEBUG - (ATS-ENVELOPE-MODULE) LIVERAMP envelope not found in storage! New envelope will be acquired. @ https://la.eater.com/_next/static/chunks/pages/_app-00464cad4eea785f.js:144
[    3050ms] [INFO] INFO - (ATS-ENVELOPE-MODULE) Catching identifier configured. @ https://la.eater.com/_next/static/chunks/pages/_app-00464cad4eea785f.js:144
[    3050ms] [INFO] INFO - (ATS-ENVELOPE-MODULE) Envelope-module is configured. @ https://la.eater.com/_next/static/chunks/pages/_app-00464cad4eea785f.js:144
[    3296ms] [TIMEEND] a: 0.001953125 ms @ https://static.adsafeprotected.com/sca.17.6.4.js:31
[    3401ms] [INFO] INFO - (ATS-DETECTION-MODULE) (Geo location) persisted cached location data @ https://la.eater.com/_next/static/chunks/pages/_app-00464cad4eea785f.js:144
[    3401ms] [LOG] DEBUG - (ATS-DETECTION-MODULE) Consent is given, module will start! @ https://la.eater.com/_next/static/chunks/pages/_app-00464cad4eea785f.js:144
[    3401ms] [INFO] INFO - (ATS-DETECTION-MODULE) (Geo location) persisted cached location data @ https://la.eater.com/_next/static/chunks/pages/_app-00464cad4eea785f.js:144
[    3604ms] [LOG] DEBUG - (ATS-DETECTION-MODULE) Started urlAndScrape detection! @ https://la.eater.com/_next/static/chunks/pages/_app-00464cad4eea785f.js:144
[    3605ms] [LOG] DEBUG - (ATS-DETECTION-MODULE) There is no such url parameter. 
 Tried to fetch: email @ https://la.eater.com/_next/static/chunks/pages/_app-00464cad4eea785f.js:144
[    3605ms] [LOG] DEBUG - (ATS-DETECTION-MODULE) There is no such url parameter. 
 Tried to fetch: hashedPid @ https://la.eater.com/_next/static/chunks/pages/_app-00464cad4eea785f.js:144
[    3605ms] [INFO] INFO - (ATS-DETECTION-MODULE) Detection started! Library is configured to detect:  [email, pidHashes] @ https://la.eater.com/_next/static/chunks/pages/_app-00464cad4eea785f.js:144
[    3606ms] [INFO] INFO - (ATS-DETECTION-MODULE) Detection event type is  onsubmit @ https://la.eater.com/_next/static/chunks/pages/_app-00464cad4eea785f.js:144
[    3710ms] [LOG] DEBUG - (ATS-DETECTION-MODULE) Detected dynamically added nodes. @ https://la.eater.com/_next/static/chunks/pages/_app-00464cad4eea785f.js:144
[    3713ms] [LOG] DEBUG - (ATS-DETECTION-MODULE) Detected dynamically added nodes. @ https://la.eater.com/_next/static/chunks/pages/_app-00464cad4eea785f.js:144
[    3715ms] [LOG] DEBUG - (ATS-DETECTION-MODULE) Detected dynamically added nodes. @ https://la.eater.com/_next/static/chunks/pages/_app-00464cad4eea785f.js:144
[    3717ms] [LOG] DEBUG - (ATS-DETECTION-MODULE) Detected dynamically added nodes. @ https://la.eater.com/_next/static/chunks/pages/_app-00464cad4eea785f.js:144
[    3718ms] [LOG] DEBUG - (ATS-DETECTION-MODULE) Detected dynamically added nodes. @ https://la.eater.com/_next/static/chunks/pages/_app-00464cad4eea785f.js:144
[    3719ms] [LOG] DEBUG - (ATS-DETECTION-MODULE) Detected dynamically added nodes. @ https://la.eater.com/_next/static/chunks/pages/_app-00464cad4eea785f.js:144
[    3721ms] [LOG] DEBUG - (ATS-DETECTION-MODULE) Detected dynamically added nodes. @ https://la.eater.com/_next/static/chunks/pages/_app-00464cad4eea785f.js:144
[    4022ms] [LOG] DEBUG - (ATS-DETECTION-MODULE) Detected dynamically added nodes. @ https://la.eater.com/_next/static/chunks/pages/_app-00464cad4eea785f.js:144
[    4052ms] [INFO] INFO - (ATS-ENVELOPE-MODULE) We have dispatched envelopeModuleReady event again! @ https://la.eater.com/_next/static/chunks/pages/_app-00464cad4eea785f.js:144
[    4052ms] [INFO] INFO - (ATS-ENVELOPE-MODULE) How many times we have dispatched event envelopeModuleReady:  2 @ https://la.eater.com/_next/static/chunks/pages/_app-00464cad4eea785f.js:144
[    5052ms] [INFO] INFO - (ATS-ENVELOPE-MODULE) We have dispatched envelopeModuleReady event again! @ https://la.eater.com/_next/static/chunks/pages/_app-00464cad4eea785f.js:144
[    5053ms] [INFO] INFO - (ATS-ENVELOPE-MODULE) How many times we have dispatched event envelopeModuleReady:  3 @ https://la.eater.com/_next/static/chunks/pages/_app-00464cad4eea785f.js:144
[   11615ms] [WARNING] The resource https://securepubads.g.doubleclick.net/tag/js/gpt.js was preloaded using link preload but not used within a few seconds from the window's load event. Please make sure it has an appropriate `as` value and it is preloaded intentionally. @ https://la.eater.com/maps/best-food-restaurants-uci-university-of-california-irvine:0
