[    1294ms] [WARNING] [GPT] PubAdsService.setForceSafeFrame is deprecated, use googletag.setConfig({safeFrame: ...}) instead.
https://goo.gle/gpt-message#170 @ https://la.eater.com/_next/static/chunks/pages/_app-00464cad4eea785f.js:144
[    3528ms] [ERROR] Attestation check for Attribution Reporting on https://www.facebook.com failed. @ https://la.eater.com/maps/best-essential-restaurants-orange-county-california:0
[    3575ms] [LOG] trackPageView success @ https://la.eater.com/_next/static/chunks/pages/_app-00464cad4eea785f.js:144
[    3637ms] [ERROR] Failed to load resource: the server responded with a status of 400 () @ https://cm.mgid.com/m?cdsp=834149&c=90e2640e-f379-4a23-b782-b8f47200113a:0
[    4032ms] [ERROR] Attestation check for Attribution Reporting on https://www.facebook.com failed. @ https://la.eater.com/maps/best-essential-restaurants-orange-county-california:0
[    4040ms] [ERROR] Attestation check for Attribution Reporting on https://www.facebook.com failed. @ https://la.eater.com/maps/best-essential-restaurants-orange-county-california:0
[    4047ms] [ERROR] Attestation check for Attribution Reporting on https://www.facebook.com failed. @ https://la.eater.com/maps/best-essential-restaurants-orange-county-california:0
[    4092ms] [ERROR] Attestation check for Shared Storage on https://www.googleadservices.com failed. @ https://www.googleadservices.com/pagead/managed/js/activeview/current/reach_worklet.html:0
[    4441ms] [ERROR] Attestation check for Attribution Reporting on https://www.facebook.com failed. @ https://la.eater.com/maps/best-essential-restaurants-orange-county-california:0
[    4454ms] [ERROR] Attestation check for Attribution Reporting on https://www.facebook.com failed. @ https://la.eater.com/maps/best-essential-restaurants-orange-county-california:0
[    4460ms] [ERROR] Attestation check for Attribution Reporting on https://www.facebook.com failed. @ https://la.eater.com/maps/best-essential-restaurants-orange-county-california:0
[    4475ms] [ERROR] Attestation check for Attribution Reporting on https://www.facebook.com failed. @ https://la.eater.com/maps/best-essential-restaurants-orange-county-california:0
[    5958ms] [LOG] DEBUG - (ATS-ENVELOPE-MODULE) ats-set-additional-data event set up. @ https://la.eater.com/_next/static/chunks/pages/_app-00464cad4eea785f.js:144
[    5959ms] [LOG] DEBUG - (ATS-ENVELOPE-MODULE) There is no google_ssp envelope in storage. @ https://la.eater.com/_next/static/chunks/pages/_app-00464cad4eea785f.js:144
[    5959ms] [LOG] DEBUG - (ATS-ENVELOPE-MODULE) There is no liveramp envelope in storage. @ https://la.eater.com/_next/static/chunks/pages/_app-00464cad4eea785f.js:144
[    5974ms] [INFO] INFO - (ATS-ENVELOPE-MODULE) (Geo location) consent check not passed @ https://la.eater.com/_next/static/chunks/pages/_app-00464cad4eea785f.js:144
[    5974ms] [INFO] INFO - (ATS-ENVELOPE-MODULE) (Geo location) persisted cached location data @ https://la.eater.com/_next/static/chunks/pages/_app-00464cad4eea785f.js:144
[    5974ms] [LOG] DEBUG - (ATS-ENVELOPE-MODULE) Consent is given, module will start! @ https://la.eater.com/_next/static/chunks/pages/_app-00464cad4eea785f.js:144
[    5975ms] [INFO] INFO - (ATS-ENVELOPE-MODULE) (Geo location) persisted cached location data @ https://la.eater.com/_next/static/chunks/pages/_app-00464cad4eea785f.js:144
[    5975ms] [LOG] DEBUG - (ATS-ENVELOPE-MODULE) LIVERAMP envelope not found in storage! New envelope will be acquired. @ https://la.eater.com/_next/static/chunks/pages/_app-00464cad4eea785f.js:144
[    5975ms] [INFO] INFO - (ATS-ENVELOPE-MODULE) Catching identifier configured. @ https://la.eater.com/_next/static/chunks/pages/_app-00464cad4eea785f.js:144
[    5975ms] [INFO] INFO - (ATS-ENVELOPE-MODULE) Envelope-module is configured. @ https://la.eater.com/_next/static/chunks/pages/_app-00464cad4eea785f.js:144
[    6310ms] [INFO] INFO - (ATS-DETECTION-MODULE) (Geo location) persisted cached location data @ https://la.eater.com/_next/static/chunks/pages/_app-00464cad4eea785f.js:144
[    6311ms] [LOG] DEBUG - (ATS-DETECTION-MODULE) Consent is given, module will start! @ https://la.eater.com/_next/static/chunks/pages/_app-00464cad4eea785f.js:144
[    6311ms] [INFO] INFO - (ATS-DETECTION-MODULE) (Geo location) persisted cached location data @ https://la.eater.com/_next/static/chunks/pages/_app-00464cad4eea785f.js:144
[    6514ms] [LOG] DEBUG - (ATS-DETECTION-MODULE) Started urlAndScrape detection! @ https://la.eater.com/_next/static/chunks/pages/_app-00464cad4eea785f.js:144
[    6515ms] [LOG] DEBUG - (ATS-DETECTION-MODULE) There is no such url parameter. 
 Tried to fetch: email @ https://la.eater.com/_next/static/chunks/pages/_app-00464cad4eea785f.js:144
[    6516ms] [LOG] DEBUG - (ATS-DETECTION-MODULE) There is no such url parameter. 
 Tried to fetch: hashedPid @ https://la.eater.com/_next/static/chunks/pages/_app-00464cad4eea785f.js:144
[    6517ms] [INFO] INFO - (ATS-DETECTION-MODULE) Detection started! Library is configured to detect:  [email, pidHashes] @ https://la.eater.com/_next/static/chunks/pages/_app-00464cad4eea785f.js:144
[    6517ms] [INFO] INFO - (ATS-DETECTION-MODULE) Detection event type is  onsubmit @ https://la.eater.com/_next/static/chunks/pages/_app-00464cad4eea785f.js:144
[    6600ms] [LOG] DEBUG - (ATS-DETECTION-MODULE) Detected dynamically added nodes. @ https://la.eater.com/_next/static/chunks/pages/_app-00464cad4eea785f.js:144
[    6978ms] [INFO] INFO - (ATS-ENVELOPE-MODULE) We have dispatched envelopeModuleReady event again! @ https://la.eater.com/_next/static/chunks/pages/_app-00464cad4eea785f.js:144
[    6978ms] [INFO] INFO - (ATS-ENVELOPE-MODULE) How many times we have dispatched event envelopeModuleReady:  2 @ https://la.eater.com/_next/static/chunks/pages/_app-00464cad4eea785f.js:144
[    7977ms] [INFO] INFO - (ATS-ENVELOPE-MODULE) We have dispatched envelopeModuleReady event again! @ https://la.eater.com/_next/static/chunks/pages/_app-00464cad4eea785f.js:144
[    7977ms] [INFO] INFO - (ATS-ENVELOPE-MODULE) How many times we have dispatched event envelopeModuleReady:  3 @ https://la.eater.com/_next/static/chunks/pages/_app-00464cad4eea785f.js:144
