[     289ms] [ERROR] Failed to load resource: the server responded with a status of 404 () @ https://www.timeout.com/barcelona/restaurants/best-restaurants-barcelona:0
[     636ms] [ERROR] Failed to load resource: net::ERR_NAME_NOT_RESOLVED @ https://prebid-floors.timeout.com/floor:0
[     710ms] [LOG] [CP] Contentpass initialized successfully @ https://www.timeout.com/static/js/cmp-b32bfe5b2ee6513e4e5f.js:0
[     764ms] [LOG] [SPCP] Starting Sourcepoint @ https://www.timeout.com/static/js/cmp-b32bfe5b2ee6513e4e5f.js:0
[     925ms] [LOG] Messaging without detection successfully executed. @ https://cdn.privacy-mgmt.com/unified/wrapperMessagingWithoutDetection.js:0
[     944ms] [LOG] --GPP region-- @ https://www.timeout.com/static/js/cmp-b32bfe5b2ee6513e4e5f.js:0
[     944ms] [LOG] --GPP region-- @ https://www.timeout.com/static/js/cmp-b32bfe5b2ee6513e4e5f.js:0
[     944ms] [LOG] --GPP region-- @ https://www.timeout.com/static/js/cmp-b32bfe5b2ee6513e4e5f.js:0
[     944ms] [LOG] --GPP region-- @ https://www.timeout.com/static/js/cmp-b32bfe5b2ee6513e4e5f.js:0
[     944ms] [LOG] --GPP region-- @ https://www.timeout.com/static/js/cmp-b32bfe5b2ee6513e4e5f.js:0
[     944ms] [LOG] --GPP region-- @ https://www.timeout.com/static/js/cmp-b32bfe5b2ee6513e4e5f.js:0
[     944ms] [LOG] --GPP region-- @ https://www.timeout.com/static/js/cmp-b32bfe5b2ee6513e4e5f.js:0
[     951ms] [WARNING] The following functions are deprecated: googletag.pubads().setTagForChildDirectedTreatment(), googletag.pubads().clearTagForChildDirectedTreatment(), googletag.pubads().setRequestNonPersonalizedAds(), and googletag.pubads().setTagForUnderAgeOfConsent(). Please use googletag.pubads().setPrivacySettings() instead. @ https://securepubads.g.doubleclick.net/pagead/managed/js/gpt/m202604080101/pubads_impl.js?cb=31097777:18
[     956ms] [LOG] interaction complete @ https://cdn.privacy-mgmt.com/unified/wrapperMessagingWithoutDetection.js:0
[     957ms] [LOG] --GPP region-- @ https://www.timeout.com/static/js/cmp-b32bfe5b2ee6513e4e5f.js:0
[     981ms] [LOG] initial load batch triggered [Object, Object, Object, Object] @ https://www.timeout.com/static/js/init-31054309865e28e60c98.js:0
[     981ms] [LOG] --GPP region-- @ https://www.timeout.com/static/js/cmp-b32bfe5b2ee6513e4e5f.js:0
[    1189ms] [WARNING] Google Deploy of the SharedId library has been deprecated. Please select another option in the GAM UI. If you use Prebid, we suggest the Prebid.js UserId option. If you do not, you may configure GAM to allow Google to share a first party user identifier with OB and AB participants, which is either the publisherProvidedId or the __gads value when that is missing. @ https://cdn.jsdelivr.net/gh/prebid/shared-id/pubcid.js/docs/pubcid.min.js:0
[    1270ms] [WARNING] [GPT] Using deprecated googletag.encryptedSignalProviders. Please use googletag.secureSignalProviders instead.
https://goo.gle/gpt-message#155 @ https://securepubads.g.doubleclick.net/pagead/managed/js/gpt/m202604080101/pubads_impl.js?cb=31097777:18
[    1280ms] [WARNING] [GPT] Using deprecated googletag.encryptedSignalProviders. Please use googletag.secureSignalProviders instead.
https://goo.gle/gpt-message#155 @ https://securepubads.g.doubleclick.net/pagead/managed/js/gpt/m202604080101/pubads_impl.js?cb=31097777:18
[    1309ms] [LOG] DEBUG - (ATS-ENVELOPE-MODULE) ats-set-additional-data event set up. @ https://ats-wrapper.privacymanager.io/ats-modules/f9ffa687-133d-46ba-99cb-d9b578fb79d3/ats.js:2
[    1309ms] [LOG] DEBUG - (ATS-ENVELOPE-MODULE) There is no google_ssp envelope in storage. @ https://ats-wrapper.privacymanager.io/ats-modules/f9ffa687-133d-46ba-99cb-d9b578fb79d3/ats.js:2
[    1309ms] [LOG] DEBUG - (ATS-ENVELOPE-MODULE) There is no liveramp envelope in storage. @ https://ats-wrapper.privacymanager.io/ats-modules/f9ffa687-133d-46ba-99cb-d9b578fb79d3/ats.js:2
[    1380ms] [ERROR] Failed to load resource: the server responded with a status of 400 () @ https://ups.analytics.yahoo.com/ups/58813/fed?gpp=DBABLA~BVQqAAAAAgA.QA&gpp_sid=7&gdpr=false&us_privacy=1YNN&v=1&url=https%3A%2F%2Fwww.timeout.com%2Fbarcelona%2Frestaurants%2Fbest-restaurants-barcelona:0
[    1383ms] [INFO] INFO - (ATS-ENVELOPE-MODULE) (Geo location) consent check not passed @ https://ats-wrapper.privacymanager.io/ats-modules/f9ffa687-133d-46ba-99cb-d9b578fb79d3/ats.js:2
[    1384ms] [INFO] INFO - (ATS-ENVELOPE-MODULE) (Geo location) persisted cached location data @ https://ats-wrapper.privacymanager.io/ats-modules/f9ffa687-133d-46ba-99cb-d9b578fb79d3/ats.js:2
[    1384ms] [LOG] DEBUG - (ATS-ENVELOPE-MODULE) Consent is given, module will start! @ https://ats-wrapper.privacymanager.io/ats-modules/f9ffa687-133d-46ba-99cb-d9b578fb79d3/ats.js:2
[    1384ms] [INFO] INFO - (ATS-ENVELOPE-MODULE) (Geo location) persisted cached location data @ https://ats-wrapper.privacymanager.io/ats-modules/f9ffa687-133d-46ba-99cb-d9b578fb79d3/ats.js:2
[    1385ms] [LOG] DEBUG - (ATS-ENVELOPE-MODULE) LIVERAMP envelope not found in storage! New envelope will be acquired. @ https://ats-wrapper.privacymanager.io/ats-modules/f9ffa687-133d-46ba-99cb-d9b578fb79d3/ats.js:2
[    1385ms] [INFO] INFO - (ATS-ENVELOPE-MODULE) Catching identifier configured. @ https://ats-wrapper.privacymanager.io/ats-modules/f9ffa687-133d-46ba-99cb-d9b578fb79d3/ats.js:2
[    1385ms] [INFO] INFO - (ATS-ENVELOPE-MODULE) Envelope-module is configured. @ https://ats-wrapper.privacymanager.io/ats-modules/f9ffa687-133d-46ba-99cb-d9b578fb79d3/ats.js:2
[    1389ms] [WARNING] [GPT] Using deprecated googletag.encryptedSignalProviders. Please use googletag.secureSignalProviders instead.
https://goo.gle/gpt-message#155 @ https://securepubads.g.doubleclick.net/pagead/managed/js/gpt/m202604080101/pubads_impl.js?cb=31097777:18
[    1405ms] [WARNING] Mixed Content: The page at 'https://www.timeout.com/barcelona/restaurants/best-restaurants-barcelona' was loaded over HTTPS, but requested an insecure element 'http://pixel.rubiconproject.com/tag.php?v=599814'. This request was automatically upgraded to HTTPS, For more information see https://blog.chromium.org/2019/10/no-more-mixed-messages-about-https.html @ https://www.timeout.com/barcelona/restaurants/best-restaurants-barcelona:0
[    2131ms] [ERROR] Failed to load resource: the server responded with a status of 404 (Not Found) @ https://pixel.rubiconproject.com/tag.php?v=599814:0
[    2148ms] [INFO] INFO - (ATS-DETECTION-MODULE) (Geo location) persisted cached location data @ https://ats-wrapper.privacymanager.io/ats-modules/f9ffa687-133d-46ba-99cb-d9b578fb79d3/ats.js:0
[    2148ms] [LOG] DEBUG - (ATS-DETECTION-MODULE) Consent is given, module will start! @ https://ats-wrapper.privacymanager.io/ats-modules/f9ffa687-133d-46ba-99cb-d9b578fb79d3/ats.js:0
[    2148ms] [INFO] INFO - (ATS-DETECTION-MODULE) (Geo location) persisted cached location data @ https://ats-wrapper.privacymanager.io/ats-modules/f9ffa687-133d-46ba-99cb-d9b578fb79d3/ats.js:0
[    2259ms] [WARNING] [Meta Pixel] - You are attempting to send an unverified event. The event was suppressed. Go to Events Manager to learn more. @ https://connect.facebook.net/en_US/fbevents.js:181
[    2429ms] [LOG] DEBUG - (ATS-DETECTION-MODULE) Started urlAndScrape detection! @ https://ats-wrapper.privacymanager.io/ats-modules/f9ffa687-133d-46ba-99cb-d9b578fb79d3/ats.js:0
[    2429ms] [LOG] DEBUG - (ATS-DETECTION-MODULE) There is no such url parameter. 
 Tried to fetch: email @ https://ats-wrapper.privacymanager.io/ats-modules/f9ffa687-133d-46ba-99cb-d9b578fb79d3/ats.js:0
[    2429ms] [LOG] DEBUG - (ATS-DETECTION-MODULE) There is no such url parameter. 
 Tried to fetch: hashedPid @ https://ats-wrapper.privacymanager.io/ats-modules/f9ffa687-133d-46ba-99cb-d9b578fb79d3/ats.js:0
[    2430ms] [INFO] INFO - (ATS-DETECTION-MODULE) Detection started! Library is configured to detect:  [email, pidHashes] @ https://ats-wrapper.privacymanager.io/ats-modules/f9ffa687-133d-46ba-99cb-d9b578fb79d3/ats.js:0
[    2430ms] [INFO] INFO - (ATS-DETECTION-MODULE) Detection event type is  onclick @ https://ats-wrapper.privacymanager.io/ats-modules/f9ffa687-133d-46ba-99cb-d9b578fb79d3/ats.js:0
[    2431ms] [INFO] INFO - (ATS-ENVELOPE-MODULE) We have dispatched envelopeModuleReady event again! @ https://ats-wrapper.privacymanager.io/ats-modules/f9ffa687-133d-46ba-99cb-d9b578fb79d3/ats.js:2
[    2431ms] [INFO] INFO - (ATS-ENVELOPE-MODULE) How many times we have dispatched event envelopeModuleReady:  2 @ https://ats-wrapper.privacymanager.io/ats-modules/f9ffa687-133d-46ba-99cb-d9b578fb79d3/ats.js:2
[    2512ms] [LOG] DEBUG - (ATS-DETECTION-MODULE) Detected dynamically added nodes. @ https://ats-wrapper.privacymanager.io/ats-modules/f9ffa687-133d-46ba-99cb-d9b578fb79d3/ats.js:0
[    2512ms] [LOG] DEBUG - (ATS-DETECTION-MODULE) Detected dynamically added nodes. @ https://ats-wrapper.privacymanager.io/ats-modules/f9ffa687-133d-46ba-99cb-d9b578fb79d3/ats.js:0
[    2598ms] [LOG] DEBUG - (ATS-DETECTION-MODULE) Detected dynamically added nodes. @ https://ats-wrapper.privacymanager.io/ats-modules/f9ffa687-133d-46ba-99cb-d9b578fb79d3/ats.js:0
[    2729ms] [ERROR] Attestation check for Attribution Reporting on https://www.facebook.com failed. @ https://www.timeout.com/barcelona/restaurants/best-restaurants-barcelona:0
[    2803ms] [LOG] %c *  *  *  *  *  *  *  *  *  *  *  *  *  *  *  *  *  *  *  *  *  *  color: #293BFF; @ https://scripts.stay22.com/letmeallez.js:29
[    2803ms] [LOG] %c LetMeAllez font-weight: bold; font-size: 50px; color: #293BFF; text-shadow: 3px 3px 0 #2BCCCC , 6px 6px 0 #57CCFF , 9px 9px 0 #33FF57 , 12px 12px 0 #FFC300 , 15px 15px 0 #FF5733 , 18px 18px 0 #F52B9A , 21px 21px 0 #9A2BF5; @ https://scripts.stay22.com/letmeallez.js:29
[    2803ms] [LOG] [LMA] 🔖 Version: %c72ca839 color: #6B8FFF; font-weight: bold; @ https://scripts.stay22.com/letmeallez.js:29
[    2803ms] [LOG] [LMA] 🪪 Script ID: %c68f2199a8ea049886c6a510e color: #6B8FFF; font-weight: bold; @ https://scripts.stay22.com/letmeallez.js:29
[    2803ms] [LOG] [LMA] 🟢 Active: %ctrue color: #6B8FFF; font-weight: bold; @ https://scripts.stay22.com/letmeallez.js:29
[    2804ms] [LOG] [LMA] 👥 Partner ID: %ctimeout90 color: #6B8FFF; font-weight: bold; @ https://scripts.stay22.com/letmeallez.js:29
[    2804ms] [LOG] [LMA] 🔎 deepStruct: %c(none) color: #6B8FFF; font-weight: bold; @ https://scripts.stay22.com/letmeallez.js:29
[    2804ms] [LOG] [LMA] 🏕️ Campaign: %ctimeout-bestrestaurantsbarcelona color: #6B8FFF; font-weight: bold; @ https://scripts.stay22.com/letmeallez.js:29
[    2804ms] [LOG] [LMA] ⚡️ Sparklink: %cDisabled color: #FF5733; font-weight: bold; @ https://scripts.stay22.com/letmeallez.js:29
[    2804ms] [LOG] [LMA] ⛓️‍💥 Link Swap: %cDisabled color: #FF5733; font-weight: bold; @ https://scripts.stay22.com/letmeallez.js:29
[    2804ms] [LOG] [LMA] 🧱 Inline Excludes: %ctimeout.com/es/espana/viaje/destinos-donde-hacer-realidad-la-utopia-de-dormir-en-plena-naturaleza,timeout.com/211/es_ES/pages/175084?preview=true&site_id=es-spain&gp-web=true&ts=1773072844 color: #6B8FFF; font-weight: bold; @ https://scripts.stay22.com/letmeallez.js:29
[    2804ms] [LOG] [LMA] 🥡 Widgets: %cEnabled color: #6B8FFF; font-weight: bold; @ https://scripts.stay22.com/letmeallez.js:29
[    2804ms] [LOG] %c *  *  *  *  *  *  *  *  *  *  *  *  *  *  *  *  *  *  *  *  *  *  color: #293BFF; @ https://scripts.stay22.com/letmeallez.js:29
[    2826ms] [ERROR] Attestation check for Attribution Reporting on https://www.facebook.com failed. @ https://www.timeout.com/barcelona/restaurants/best-restaurants-barcelona:0
[    2826ms] [ERROR] Attestation check for Attribution Reporting on https://www.facebook.com failed. @ https://www.timeout.com/barcelona/restaurants/best-restaurants-barcelona:0
[    2826ms] [ERROR] Attestation check for Attribution Reporting on https://www.facebook.com failed. @ https://www.timeout.com/barcelona/restaurants/best-restaurants-barcelona:0
[    2826ms] [ERROR] Attestation check for Attribution Reporting on https://www.facebook.com failed. @ https://www.timeout.com/barcelona/restaurants/best-restaurants-barcelona:0
[    2826ms] [ERROR] Attestation check for Attribution Reporting on https://www.facebook.com failed. @ https://www.timeout.com/barcelona/restaurants/best-restaurants-barcelona:0
[    2873ms] [ERROR] Attestation check for Attribution Reporting on https://www.facebook.com failed. @ https://www.timeout.com/barcelona/restaurants/best-restaurants-barcelona:0
[    2891ms] [ERROR] Attestation check for Attribution Reporting on https://www.facebook.com failed. @ https://www.timeout.com/barcelona/restaurants/best-restaurants-barcelona:0
[    2903ms] [ERROR] Attestation check for Attribution Reporting on https://www.facebook.com failed. @ https://www.timeout.com/barcelona/restaurants/best-restaurants-barcelona:0
[    2909ms] [ERROR] Attestation check for Attribution Reporting on https://www.facebook.com failed. @ https://www.timeout.com/barcelona/restaurants/best-restaurants-barcelona:0
[    2911ms] [ERROR] Attestation check for Attribution Reporting on https://www.facebook.com failed. @ https://www.timeout.com/barcelona/restaurants/best-restaurants-barcelona:0
[    2918ms] [ERROR] Attestation check for Attribution Reporting on https://www.facebook.com failed. @ https://www.timeout.com/barcelona/restaurants/best-restaurants-barcelona:0
[    3001ms] [LOG] DEBUG - (ATS-DETECTION-MODULE) Detected dynamically added nodes. @ https://ats-wrapper.privacymanager.io/ats-modules/f9ffa687-133d-46ba-99cb-d9b578fb79d3/ats.js:0
[    3012ms] [LOG] DEBUG - (ATS-DETECTION-MODULE) Detected dynamically added nodes. @ https://ats-wrapper.privacymanager.io/ats-modules/f9ffa687-133d-46ba-99cb-d9b578fb79d3/ats.js:0
[    3025ms] [LOG] DEBUG - (ATS-DETECTION-MODULE) Detected dynamically added nodes. @ https://ats-wrapper.privacymanager.io/ats-modules/f9ffa687-133d-46ba-99cb-d9b578fb79d3/ats.js:0
[    3044ms] [WARNING] [GPT] Interstitial /5185/interstitial_new not requested: Format already created on the page.
https://goo.gle/gpt-message#134 @ https://securepubads.g.doubleclick.net/pagead/managed/js/gpt/m202604080101/pubads_impl.js?cb=31097777:18
[    3045ms] [WARNING] [GPT] Interstitial /5185/interstitial_new not requested: Format already created on the page.
https://goo.gle/gpt-message#134 @ https://securepubads.g.doubleclick.net/pagead/managed/js/gpt/m202604080101/pubads_impl.js?cb=31097777:18
[    3045ms] [LOG] DEBUG - (ATS-DETECTION-MODULE) Detected dynamically added nodes. @ https://ats-wrapper.privacymanager.io/ats-modules/f9ffa687-133d-46ba-99cb-d9b578fb79d3/ats.js:0
[    3053ms] [LOG] DEBUG - (ATS-DETECTION-MODULE) Detected dynamically added nodes. @ https://ats-wrapper.privacymanager.io/ats-modules/f9ffa687-133d-46ba-99cb-d9b578fb79d3/ats.js:0
[    3053ms] [WARNING] This ad's html cannot be accessed using the getHtml method on googletag.Slot. Returning the empty string instead. @ https://securepubads.g.doubleclick.net/pagead/managed/js/gpt/m202604080101/pubads_impl.js?cb=31097777:18
[    3074ms] [LOG] DEBUG - (ATS-DETECTION-MODULE) Detected dynamically added nodes. @ https://ats-wrapper.privacymanager.io/ats-modules/f9ffa687-133d-46ba-99cb-d9b578fb79d3/ats.js:0
[    3080ms] [LOG] DEBUG - (ATS-DETECTION-MODULE) Detected dynamically added nodes. @ https://ats-wrapper.privacymanager.io/ats-modules/f9ffa687-133d-46ba-99cb-d9b578fb79d3/ats.js:0
[    3081ms] [WARNING] This ad's html cannot be accessed using the getHtml method on googletag.Slot. Returning the empty string instead. @ https://securepubads.g.doubleclick.net/pagead/managed/js/gpt/m202604080101/pubads_impl.js?cb=31097777:18
[    3100ms] [LOG] DEBUG - (ATS-DETECTION-MODULE) Detected dynamically added nodes. @ https://ats-wrapper.privacymanager.io/ats-modules/f9ffa687-133d-46ba-99cb-d9b578fb79d3/ats.js:0
[    3193ms] [LOG] DEBUG - (ATS-DETECTION-MODULE) Detected dynamically added nodes. @ https://ats-wrapper.privacymanager.io/ats-modules/f9ffa687-133d-46ba-99cb-d9b578fb79d3/ats.js:0
[    3270ms] [LOG] DEBUG - (ATS-DETECTION-MODULE) Detected dynamically added nodes. @ https://ats-wrapper.privacymanager.io/ats-modules/f9ffa687-133d-46ba-99cb-d9b578fb79d3/ats.js:0
[    3320ms] [LOG] DEBUG - (ATS-DETECTION-MODULE) Detected dynamically added nodes. @ https://ats-wrapper.privacymanager.io/ats-modules/f9ffa687-133d-46ba-99cb-d9b578fb79d3/ats.js:0
[    3368ms] [ERROR] Attestation check for Shared Storage on https://www.googleadservices.com failed. @ https://www.googleadservices.com/pagead/managed/js/activeview/current/reach_worklet.html:0
[    3413ms] [INFO] INFO - (ATS-ENVELOPE-MODULE) We have dispatched envelopeModuleReady event again! @ https://ats-wrapper.privacymanager.io/ats-modules/f9ffa687-133d-46ba-99cb-d9b578fb79d3/ats.js:2
[    3413ms] [INFO] INFO - (ATS-ENVELOPE-MODULE) How many times we have dispatched event envelopeModuleReady:  3 @ https://ats-wrapper.privacymanager.io/ats-modules/f9ffa687-133d-46ba-99cb-d9b578fb79d3/ats.js:2
