[      80ms] [LOG] DEBUG - (ATS-DETECTION-MODULE) Detected dynamically added nodes. @ https://la.eater.com/_next/static/chunks/pages/_app-00464cad4eea785f.js:144
[      89ms] [LOG] DEBUG - (ATS-DETECTION-MODULE) Detected dynamically added nodes. @ https://la.eater.com/_next/static/chunks/pages/_app-00464cad4eea785f.js:144
[     900ms] [LOG] trackPageView success @ https://la.eater.com/_next/static/chunks/pages/_app-00464cad4eea785f.js:144
[    1154ms] [ERROR] Attestation check for Attribution Reporting on https://www.facebook.com failed. @ https://la.eater.com/maps/best-korean-restaurants-orange-county-garden-grove-buena-park-irvine:0
[    2364ms] [ERROR] Attestation check for Shared Storage on https://www.googleadservices.com failed. @ https://www.googleadservices.com/pagead/managed/js/activeview/current/reach_worklet.html:0
[    3281ms] [LOG] DEBUG - (ATS-ENVELOPE-MODULE) ats-set-additional-data event set up. @ https://la.eater.com/_next/static/chunks/pages/_app-00464cad4eea785f.js:144
[    3281ms] [LOG] DEBUG - (ATS-ENVELOPE-MODULE) There is no google_ssp envelope in storage. @ https://la.eater.com/_next/static/chunks/pages/_app-00464cad4eea785f.js:144
[    3281ms] [LOG] DEBUG - (ATS-ENVELOPE-MODULE) There is no liveramp envelope in storage. @ https://la.eater.com/_next/static/chunks/pages/_app-00464cad4eea785f.js:144
[    3281ms] [INFO] INFO - (ATS-ENVELOPE-MODULE) (Geo location) persisted cached location data @ https://la.eater.com/_next/static/chunks/pages/_app-00464cad4eea785f.js:144
[    3281ms] [LOG] DEBUG - (ATS-ENVELOPE-MODULE) Consent is given, module will start! @ https://la.eater.com/_next/static/chunks/pages/_app-00464cad4eea785f.js:144
[    3281ms] [INFO] INFO - (ATS-ENVELOPE-MODULE) (Geo location) persisted cached location data @ https://la.eater.com/_next/static/chunks/pages/_app-00464cad4eea785f.js:144
[    3281ms] [LOG] DEBUG - (ATS-ENVELOPE-MODULE) LIVERAMP envelope not found in storage! New envelope will be acquired. @ https://la.eater.com/_next/static/chunks/pages/_app-00464cad4eea785f.js:144
[    3281ms] [INFO] INFO - (ATS-ENVELOPE-MODULE) Catching identifier configured. @ https://la.eater.com/_next/static/chunks/pages/_app-00464cad4eea785f.js:144
[    3281ms] [INFO] INFO - (ATS-ENVELOPE-MODULE) Envelope-module is configured. @ https://la.eater.com/_next/static/chunks/pages/_app-00464cad4eea785f.js:144
[    3632ms] [INFO] INFO - (ATS-DETECTION-MODULE) (Geo location) persisted cached location data @ https://la.eater.com/_next/static/chunks/pages/_app-00464cad4eea785f.js:144
[    3632ms] [LOG] DEBUG - (ATS-DETECTION-MODULE) Consent is given, module will start! @ https://la.eater.com/_next/static/chunks/pages/_app-00464cad4eea785f.js:144
[    3633ms] [INFO] INFO - (ATS-DETECTION-MODULE) (Geo location) persisted cached location data @ https://la.eater.com/_next/static/chunks/pages/_app-00464cad4eea785f.js:144
[    3835ms] [LOG] DEBUG - (ATS-DETECTION-MODULE) Started urlAndScrape detection! @ https://la.eater.com/_next/static/chunks/pages/_app-00464cad4eea785f.js:144
[    3836ms] [LOG] DEBUG - (ATS-DETECTION-MODULE) There is no such url parameter. 
 Tried to fetch: email @ https://la.eater.com/_next/static/chunks/pages/_app-00464cad4eea785f.js:144
[    3836ms] [LOG] DEBUG - (ATS-DETECTION-MODULE) There is no such url parameter. 
 Tried to fetch: hashedPid @ https://la.eater.com/_next/static/chunks/pages/_app-00464cad4eea785f.js:144
[    3837ms] [INFO] INFO - (ATS-DETECTION-MODULE) Detection started! Library is configured to detect:  [email, pidHashes] @ https://la.eater.com/_next/static/chunks/pages/_app-00464cad4eea785f.js:144
[    3837ms] [INFO] INFO - (ATS-DETECTION-MODULE) Detection event type is  onsubmit @ https://la.eater.com/_next/static/chunks/pages/_app-00464cad4eea785f.js:144
[    3904ms] [LOG] DEBUG - (ATS-DETECTION-MODULE) Detected dynamically added nodes. @ https://la.eater.com/_next/static/chunks/pages/_app-00464cad4eea785f.js:144
[    3907ms] [LOG] DEBUG - (ATS-DETECTION-MODULE) Detected dynamically added nodes. @ https://la.eater.com/_next/static/chunks/pages/_app-00464cad4eea785f.js:144
[    3907ms] [LOG] DEBUG - (ATS-DETECTION-MODULE) Detected dynamically added nodes. @ https://la.eater.com/_next/static/chunks/pages/_app-00464cad4eea785f.js:144
[    3908ms] [LOG] DEBUG - (ATS-DETECTION-MODULE) Detected dynamically added nodes. @ https://la.eater.com/_next/static/chunks/pages/_app-00464cad4eea785f.js:144
[    3909ms] [LOG] DEBUG - (ATS-DETECTION-MODULE) Detected dynamically added nodes. @ https://la.eater.com/_next/static/chunks/pages/_app-00464cad4eea785f.js:144
[    3909ms] [LOG] DEBUG - (ATS-DETECTION-MODULE) Detected dynamically added nodes. @ https://la.eater.com/_next/static/chunks/pages/_app-00464cad4eea785f.js:144
[    3910ms] [LOG] DEBUG - (ATS-DETECTION-MODULE) Detected dynamically added nodes. @ https://la.eater.com/_next/static/chunks/pages/_app-00464cad4eea785f.js:144
[    4283ms] [INFO] INFO - (ATS-ENVELOPE-MODULE) We have dispatched envelopeModuleReady event again! @ https://la.eater.com/_next/static/chunks/pages/_app-00464cad4eea785f.js:144
[    4283ms] [INFO] INFO - (ATS-ENVELOPE-MODULE) How many times we have dispatched event envelopeModuleReady:  2 @ https://la.eater.com/_next/static/chunks/pages/_app-00464cad4eea785f.js:144
[    4339ms] [LOG] DEBUG - (ATS-DETECTION-MODULE) Detected dynamically added nodes. @ https://la.eater.com/_next/static/chunks/pages/_app-00464cad4eea785f.js:144
[    5283ms] [INFO] INFO - (ATS-ENVELOPE-MODULE) We have dispatched envelopeModuleReady event again! @ https://la.eater.com/_next/static/chunks/pages/_app-00464cad4eea785f.js:144
[    5283ms] [INFO] INFO - (ATS-ENVELOPE-MODULE) How many times we have dispatched event envelopeModuleReady:  3 @ https://la.eater.com/_next/static/chunks/pages/_app-00464cad4eea785f.js:144
[   10365ms] [WARNING] The resource https://securepubads.g.doubleclick.net/tag/js/gpt.js was preloaded using link preload but not used within a few seconds from the window's load event. Please make sure it has an appropriate `as` value and it is preloaded intentionally. @ https://la.eater.com/maps/best-korean-restaurants-orange-county-garden-grove-buena-park-irvine:0
[   16144ms] [WARNING] The resource https://securepubads.g.doubleclick.net/tag/js/gpt.js was preloaded using link preload but not used within a few seconds from the window's load event. Please make sure it has an appropriate `as` value and it is preloaded intentionally. @ https://la.eater.com/maps/best-korean-restaurants-orange-county-garden-grove-buena-park-irvine:0
