[     579ms] [LOG] Error: Fides Wrapper: No valid GPP string value was found. GPP CMP will not be loaded.
    at p (https://www.nytimes.com/interactive/2023/05/04/travel/things-to-do-asheville.html:35:1830)
    at r (https://www.nytimes.com/interactive/2023/05/04/travel/things-to-do-asheville.html:35:873)
    at https://www.nytimes.com/interactive/2023/05/04/travel/things-to-do-asheville.html:35:2126
    at https://www.nytimes.com/interactive/2023/05/04/travel/things-to-do-asheville.html:35:2344 @ https://www.nytimes.com/interactive/2023/05/04/travel/things-to-do-asheville.html:34
[     582ms] [WARNING] document.domain mutation is ignored because the surrounding agent cluster is origin-keyed. @ https://www.nytimes.com/interactive/2023/05/04/travel/things-to-do-asheville.html:48
[     590ms] [WARNING] A preload for 'https://static01.nytimes.com/newsgraphics/2023-04-12-36hours-asheville/b9c28afc82a68334244dc53b1a50ee5586a5bfd5/_assets/build/js/main.js' is found, but is not used because the request credentials mode does not match. Consider taking a look at crossorigin attribute. @ :0
[     590ms] [WARNING] A preload for 'https://static01.nytimes.com/newsgraphics/2023-04-12-36hours-asheville/b9c28afc82a68334244dc53b1a50ee5586a5bfd5/_assets/build/js/freebird.js' is found, but is not used because the request credentials mode does not match. Consider taking a look at crossorigin attribute. @ :0
[     623ms] [WARNING] limitedAds is not set, defaulting to false @ https://www.nytimes.com/interactive/2023/05/04/travel/things-to-do-asheville.html:1334
[     922ms] [WARNING] et2 snippet should only load once per page @ :37
[     959ms] [WARNING]   WARN  [Statsig] Creating multiple Statsig clients with the same SDK key can lead to unexpected behavior. Multi-instance support requires different SDK keys. @ https://www.nytimes.com/vi-assets/static-assets/vendor-interactive-5e1b44267fc04a24d1a6.js:103
[    1003ms] [WARNING]   WARN  [Statsig] Creating multiple Statsig clients with the same SDK key can lead to unexpected behavior. Multi-instance support requires different SDK keys. @ https://www.nytimes.com/vi-assets/static-assets/vendor-interactive-5e1b44267fc04a24d1a6.js:103
[   10005ms] [LOG] Service Worker: content is cached @ https://www.nytimes.com/vi-assets/static-assets/interactive-48d2a086963705c14cfe.js:6
[   10447ms] [WARNING] The resource https://static01.nytimes.com/newsgraphics/2023-04-12-36hours-asheville/b9c28afc82a68334244dc53b1a50ee5586a5bfd5/_assets/build/js/main.js was preloaded using link preload but not used within a few seconds from the window's load event. Please make sure it has an appropriate `as` value and it is preloaded intentionally. @ https://www.nytimes.com/interactive/2023/05/04/travel/things-to-do-asheville.html:0
[   10447ms] [WARNING] The resource https://static01.nytimes.com/newsgraphics/2023-04-12-36hours-asheville/b9c28afc82a68334244dc53b1a50ee5586a5bfd5/_assets/build/js/freebird.js was preloaded using link preload but not used within a few seconds from the window's load event. Please make sure it has an appropriate `as` value and it is preloaded intentionally. @ https://www.nytimes.com/interactive/2023/05/04/travel/things-to-do-asheville.html:0
[   12352ms] [ERROR] UserInfoAgentID unavailable. @ https://www.datadoghq-browser-agent.com/us1/v6/datadog-rum.js:0
[   24729ms] [WARNING] The resource https://static01.nytimes.com/newsgraphics/2023-04-12-36hours-asheville/b9c28afc82a68334244dc53b1a50ee5586a5bfd5/_assets/build/js/main.js was preloaded using link preload but not used within a few seconds from the window's load event. Please make sure it has an appropriate `as` value and it is preloaded intentionally. @ https://www.nytimes.com/interactive/2023/05/04/travel/things-to-do-asheville.html:0
[   24729ms] [WARNING] The resource https://static01.nytimes.com/newsgraphics/2023-04-12-36hours-asheville/b9c28afc82a68334244dc53b1a50ee5586a5bfd5/_assets/build/js/freebird.js was preloaded using link preload but not used within a few seconds from the window's load event. Please make sure it has an appropriate `as` value and it is preloaded intentionally. @ https://www.nytimes.com/interactive/2023/05/04/travel/things-to-do-asheville.html:0
[   28987ms] [WARNING] The resource https://static01.nytimes.com/newsgraphics/2023-04-12-36hours-asheville/b9c28afc82a68334244dc53b1a50ee5586a5bfd5/_assets/build/js/main.js was preloaded using link preload but not used within a few seconds from the window's load event. Please make sure it has an appropriate `as` value and it is preloaded intentionally. @ https://www.nytimes.com/interactive/2023/05/04/travel/things-to-do-asheville.html:0
[   28987ms] [WARNING] The resource https://static01.nytimes.com/newsgraphics/2023-04-12-36hours-asheville/b9c28afc82a68334244dc53b1a50ee5586a5bfd5/_assets/build/js/freebird.js was preloaded using link preload but not used within a few seconds from the window's load event. Please make sure it has an appropriate `as` value and it is preloaded intentionally. @ https://www.nytimes.com/interactive/2023/05/04/travel/things-to-do-asheville.html:0
[   34541ms] [WARNING] The resource https://static01.nytimes.com/newsgraphics/2023-04-12-36hours-asheville/b9c28afc82a68334244dc53b1a50ee5586a5bfd5/_assets/build/js/main.js was preloaded using link preload but not used within a few seconds from the window's load event. Please make sure it has an appropriate `as` value and it is preloaded intentionally. @ https://www.nytimes.com/interactive/2023/05/04/travel/things-to-do-asheville.html:0
[   34542ms] [WARNING] The resource https://static01.nytimes.com/newsgraphics/2023-04-12-36hours-asheville/b9c28afc82a68334244dc53b1a50ee5586a5bfd5/_assets/build/js/freebird.js was preloaded using link preload but not used within a few seconds from the window's load event. Please make sure it has an appropriate `as` value and it is preloaded intentionally. @ https://www.nytimes.com/interactive/2023/05/04/travel/things-to-do-asheville.html:0
[   43979ms] [WARNING] The resource https://static01.nytimes.com/newsgraphics/2023-04-12-36hours-asheville/b9c28afc82a68334244dc53b1a50ee5586a5bfd5/_assets/build/js/main.js was preloaded using link preload but not used within a few seconds from the window's load event. Please make sure it has an appropriate `as` value and it is preloaded intentionally. @ https://www.nytimes.com/interactive/2023/05/04/travel/things-to-do-asheville.html:0
[   43979ms] [WARNING] The resource https://static01.nytimes.com/newsgraphics/2023-04-12-36hours-asheville/b9c28afc82a68334244dc53b1a50ee5586a5bfd5/_assets/build/js/freebird.js was preloaded using link preload but not used within a few seconds from the window's load event. Please make sure it has an appropriate `as` value and it is preloaded intentionally. @ https://www.nytimes.com/interactive/2023/05/04/travel/things-to-do-asheville.html:0
